2025-07-24 20:38:26,377 - INFO - 开始创建AData MySQL数据库和表结构...
2025-07-24 20:38:26,392 - INFO - ✓ 数据库 adata 创建成功
2025-07-24 20:38:26,456 - INFO - ✓ 股票基本信息表(stock_info)创建成功
2025-07-24 20:38:26,514 - INFO - ✓ 股票日K线数据表(stock_market_daily)创建成功
2025-07-24 20:38:26,569 - INFO - ✓ 股票实时行情表(stock_market_current)创建成功
2025-07-24 20:38:26,627 - INFO - ✓ 概念板块信息表(concept_info)创建成功
2025-07-24 20:38:26,688 - INFO - ✓ 股票概念关系表(stock_concepts)创建成功
2025-07-24 20:38:26,779 - INFO - ✓ 交易日历表(trade_calendar)创建成功
2025-07-24 20:38:26,933 - INFO - ✓ 指数信息表(index_info)创建成功
2025-07-24 20:38:27,068 - INFO - ✓ 指数日K线数据表(index_market_daily)创建成功
2025-07-24 20:38:27,069 - INFO - ✓ 所有数据表创建成功
2025-07-24 20:38:27,095 - INFO - === 数据库中的表 ===
2025-07-24 20:38:27,099 - INFO - 表名: concept_info, 记录数: 0
2025-07-24 20:38:27,100 - INFO - 表名: index_info, 记录数: 0
2025-07-24 20:38:27,101 - INFO - 表名: index_market_daily, 记录数: 0
2025-07-24 20:38:27,102 - INFO - 表名: stock_concepts, 记录数: 0
2025-07-24 20:38:27,102 - INFO - 表名: stock_info, 记录数: 0
2025-07-24 20:38:27,105 - INFO - 表名: stock_market_current, 记录数: 0
2025-07-24 20:38:27,106 - INFO - 表名: stock_market_daily, 记录数: 0
2025-07-24 20:38:27,107 - INFO - 表名: trade_calendar, 记录数: 0
2025-07-24 20:38:27,107 - INFO - 🎉 数据库和表结构创建完成！
2025-07-24 20:38:27,108 - INFO - 您现在可以运行数据采集脚本了。
2025-07-24 22:08:13,347 - INFO - 开始创建AData MySQL数据库和表结构...
2025-07-24 22:08:13,361 - INFO - ✓ 数据库 adata 创建成功
2025-07-24 22:08:13,414 - INFO - ✓ 股票基本信息表(stock_info)创建成功
2025-07-24 22:08:13,476 - INFO - ✓ 股票日K线数据表(stock_market_daily)创建成功
2025-07-24 22:08:13,532 - INFO - ✓ 股票实时行情表(stock_market_current)创建成功
2025-07-24 22:08:13,588 - INFO - ✓ 概念板块信息表(concept_info)创建成功
2025-07-24 22:08:13,649 - INFO - ✓ 股票概念关系表(stock_concepts)创建成功
2025-07-24 22:08:13,711 - INFO - ✓ 交易日历表(trade_calendar)创建成功
2025-07-24 22:08:13,798 - INFO - ✓ 指数信息表(index_info)创建成功
2025-07-24 22:08:13,911 - INFO - ✓ 指数日K线数据表(index_market_daily)创建成功
2025-07-24 22:08:13,912 - INFO - ✓ 所有数据表创建成功
2025-07-24 22:08:13,943 - INFO - === 数据库中的表 ===
2025-07-24 22:08:13,951 - INFO - 表名: concept_info, 记录数: 0
2025-07-24 22:08:13,952 - INFO - 表名: index_info, 记录数: 0
2025-07-24 22:08:13,954 - INFO - 表名: index_market_daily, 记录数: 0
2025-07-24 22:08:13,954 - INFO - 表名: stock_concepts, 记录数: 0
2025-07-24 22:08:13,955 - INFO - 表名: stock_info, 记录数: 0
2025-07-24 22:08:13,956 - INFO - 表名: stock_market_current, 记录数: 0
2025-07-24 22:08:13,957 - INFO - 表名: stock_market_daily, 记录数: 0
2025-07-24 22:08:13,958 - INFO - 表名: trade_calendar, 记录数: 0
2025-07-24 22:08:13,958 - INFO - 🎉 数据库和表结构创建完成！
2025-07-24 22:08:13,959 - INFO - 您现在可以运行数据采集脚本了。
2025-07-24 22:11:51,281 - INFO - 开始创建AData MySQL数据库和表结构...
2025-07-24 22:11:51,294 - INFO - ✓ 数据库 adata 创建成功
2025-07-24 22:11:51,347 - INFO - ✓ 股票基本信息表(stock_info)创建成功
2025-07-24 22:11:51,410 - INFO - ✓ 股票日K线数据表(stock_market_daily)创建成功
2025-07-24 22:11:51,464 - INFO - ✓ 股票实时行情表(stock_market_current)创建成功
2025-07-24 22:11:51,525 - INFO - ✓ 概念板块信息表(concept_info)创建成功
2025-07-24 22:11:51,667 - INFO - ✓ 股票概念关系表(stock_concepts)创建成功
2025-07-24 22:11:51,791 - INFO - ✓ 交易日历表(trade_calendar)创建成功
2025-07-24 22:11:51,866 - INFO - ✓ 指数信息表(index_info)创建成功
2025-07-24 22:11:51,928 - INFO - ✓ 指数日K线数据表(index_market_daily)创建成功
2025-07-24 22:11:51,928 - INFO - ✓ 所有数据表创建成功
2025-07-24 22:11:51,931 - INFO - === 数据库中的表 ===
2025-07-24 22:11:51,932 - INFO - 表名: concept_info, 记录数: 0
2025-07-24 22:11:51,932 - INFO - 表名: index_info, 记录数: 0
2025-07-24 22:11:51,933 - INFO - 表名: index_market_daily, 记录数: 0
2025-07-24 22:11:51,934 - INFO - 表名: stock_concepts, 记录数: 0
2025-07-24 22:11:51,935 - INFO - 表名: stock_info, 记录数: 0
2025-07-24 22:11:51,936 - INFO - 表名: stock_market_current, 记录数: 0
2025-07-24 22:11:51,937 - INFO - 表名: stock_market_daily, 记录数: 0
2025-07-24 22:11:51,937 - INFO - 表名: trade_calendar, 记录数: 0
2025-07-24 22:11:51,938 - INFO - 🎉 数据库和表结构创建完成！
2025-07-24 22:11:51,938 - INFO - 您现在可以运行数据采集脚本了。
2025-07-27 15:13:18,291 - INFO - 开始创建AData MySQL数据库和表结构...
2025-07-27 15:13:18,324 - INFO - ✓ 数据库 adata 创建成功
2025-07-27 15:13:18,384 - INFO - ✓ 股票基本信息表(stock_info)创建成功
2025-07-27 15:13:18,441 - INFO - ✓ 股票日K线数据表(stock_market_daily)创建成功
2025-07-27 15:13:18,501 - INFO - ✓ 股票实时行情表(stock_market_current)创建成功
2025-07-27 15:13:18,567 - INFO - ✓ 概念板块信息表(concept_info)创建成功
2025-07-27 15:13:18,658 - INFO - ✓ 股票概念关系表(stock_concepts)创建成功
2025-07-27 15:13:18,814 - INFO - ✓ 交易日历表(trade_calendar)创建成功
2025-07-27 15:13:18,943 - INFO - ✓ 指数信息表(index_info)创建成功
2025-07-27 15:13:19,000 - INFO - ✓ 指数日K线数据表(index_market_daily)创建成功
2025-07-27 15:13:19,000 - INFO - ✓ 所有数据表创建成功
2025-07-27 15:13:19,000 - INFO - === 数据库中的表 ===
2025-07-27 15:13:19,016 - INFO - 表名: concept_info, 记录数: 0
2025-07-27 15:13:19,017 - INFO - 表名: index_info, 记录数: 0
2025-07-27 15:13:19,018 - INFO - 表名: index_market_daily, 记录数: 0
2025-07-27 15:13:19,019 - INFO - 表名: stock_concepts, 记录数: 0
2025-07-27 15:13:19,020 - INFO - 表名: stock_info, 记录数: 0
2025-07-27 15:13:19,021 - INFO - 表名: stock_market_current, 记录数: 0
2025-07-27 15:13:19,022 - INFO - 表名: stock_market_daily, 记录数: 0
2025-07-27 15:13:19,022 - INFO - 表名: trade_calendar, 记录数: 0
2025-07-27 15:13:19,022 - INFO - 🎉 数据库和表结构创建完成！
2025-07-27 15:13:19,022 - INFO - 您现在可以运行数据采集脚本了。
