2025-08-25 21:50:58,595 - INFO - 🌟 每周数据更新程序启动
2025-08-25 21:50:58,606 - INFO - 🚀 开始每周数据更新...
2025-08-25 21:50:58,606 - INFO - ============================================================
2025-08-25 21:50:58,619 - INFO - ✅ 成功连接到MySQL数据库
2025-08-25 21:50:58,619 - INFO - 清空国证指数信息表...
2025-08-25 21:50:58,755 - INFO - 🚀 开始获取国证指数信息表...
2025-08-25 21:50:59,065 - INFO - 📊 获取到 1363 只国证指数信息
2025-08-25 21:50:59,095 - ERROR - ✗ 插入国证指数信息: 'stock_code'
2025-08-25 21:50:59,100 - INFO - ============================================================
2025-08-25 21:50:59,101 - INFO - 📊 本周数据更新统计
2025-08-25 21:50:59,101 - INFO - ============================================================
2025-08-25 21:50:59,101 - INFO - ⏱️  更新耗时: 0:00:00.494107
2025-08-25 21:50:59,101 - INFO - ✅ 无错误
2025-08-25 21:50:59,101 - INFO - ============================================================
2025-08-25 21:50:59,105 - INFO - 🎉 本周数据更新完成！
2025-08-25 21:50:59,105 - INFO - 数据库连接已关闭
2025-08-25 21:50:59,105 - INFO - ✅ 每周数据更新成功完成
2025-08-25 21:54:15,073 - INFO - 🌟 每周数据更新程序启动
2025-08-25 21:54:15,073 - INFO - 🚀 开始每周数据更新...
2025-08-25 21:54:15,074 - INFO - ============================================================
2025-08-25 21:54:15,081 - INFO - ✅ 成功连接到MySQL数据库
2025-08-25 21:54:15,081 - INFO - 清空国证指数信息表...
2025-08-25 21:54:15,166 - INFO - 🚀 开始获取国证指数信息表...
2025-08-25 21:54:15,530 - INFO - 📊 获取到 1363 只国证指数信息
2025-08-25 21:54:15,550 - WARNING - 国证指数信息更新失败: (1264, "Out of range value for column 'pe_roll' at row 38")
2025-08-25 21:54:15,561 - WARNING - 国证指数信息更新失败: (1264, "Out of range value for column 'pe_roll' at row 38")
2025-08-25 21:54:15,567 - WARNING - 国证指数信息更新失败: (1264, "Out of range value for column 'pe_roll' at row 38")
2025-08-25 21:54:15,570 - WARNING - 国证指数信息更新失败: (1264, "Out of range value for column 'pe_roll' at row 38")
2025-08-25 21:54:15,570 - WARNING - 国证指数信息更新失败: (1264, "Out of range value for column 'pe_roll' at row 38")
2025-08-25 21:54:15,579 - WARNING - 国证指数信息更新失败: (1264, "Out of range value for column 'pe_roll' at row 38")
2025-08-25 21:54:15,584 - WARNING - 国证指数信息更新失败: (1264, "Out of range value for column 'pe_roll' at row 38")
2025-08-25 21:54:15,586 - WARNING - 国证指数信息更新失败: (1264, "Out of range value for column 'pe_roll' at row 38")
2025-08-25 21:54:15,590 - WARNING - 国证指数信息更新失败: (1264, "Out of range value for column 'pe_roll' at row 38")
2025-08-25 21:54:15,596 - WARNING - 国证指数信息更新失败: (1264, "Out of range value for column 'pe_roll' at row 38")
2025-08-25 21:54:15,600 - WARNING - 国证指数信息更新失败: (1264, "Out of range value for column 'pe_roll' at row 38")
2025-08-25 21:54:15,600 - WARNING - 国证指数信息更新失败: (1264, "Out of range value for column 'pe_roll' at row 38")
2025-08-25 21:54:15,600 - WARNING - 国证指数信息更新失败: (1264, "Out of range value for column 'pe_roll' at row 38")
2025-08-25 21:54:15,612 - WARNING - 国证指数信息更新失败: (1264, "Out of range value for column 'pe_roll' at row 38")
2025-08-25 21:54:15,614 - WARNING - 国证指数信息更新失败: (1264, "Out of range value for column 'pe_roll' at row 38")
2025-08-25 21:54:15,620 - WARNING - 国证指数信息更新失败: (1264, "Out of range value for column 'pe_roll' at row 38")
2025-08-25 21:54:15,625 - WARNING - 国证指数信息更新失败: (1264, "Out of range value for column 'pe_roll' at row 38")
2025-08-25 21:54:15,630 - WARNING - 国证指数信息更新失败: (1264, "Out of range value for column 'pe_roll' at row 38")
2025-08-25 21:54:15,634 - WARNING - 国证指数信息更新失败: (1264, "Out of range value for column 'pe_roll' at row 38")
2025-08-25 21:54:15,636 - WARNING - 国证指数信息更新失败: (1264, "Out of range value for column 'pe_roll' at row 38")
2025-08-25 21:54:15,640 - WARNING - 国证指数信息更新失败: (1264, "Out of range value for column 'pe_roll' at row 38")
2025-08-25 21:54:15,647 - WARNING - 国证指数信息更新失败: (1264, "Out of range value for column 'pe_roll' at row 38")
2025-08-25 21:54:15,651 - WARNING - 国证指数信息更新失败: (1264, "Out of range value for column 'pe_roll' at row 38")
2025-08-25 21:54:15,656 - WARNING - 国证指数信息更新失败: (1264, "Out of range value for column 'pe_roll' at row 38")
2025-08-25 21:54:15,660 - WARNING - 国证指数信息更新失败: (1264, "Out of range value for column 'pe_roll' at row 38")
2025-08-25 21:54:15,665 - WARNING - 国证指数信息更新失败: (1264, "Out of range value for column 'pe_roll' at row 38")
2025-08-25 21:54:15,670 - WARNING - 国证指数信息更新失败: (1264, "Out of range value for column 'pe_roll' at row 38")
2025-08-25 21:54:15,674 - WARNING - 国证指数信息更新失败: (1264, "Out of range value for column 'pe_roll' at row 38")
2025-08-25 21:54:15,680 - WARNING - 国证指数信息更新失败: (1264, "Out of range value for column 'pe_roll' at row 38")
2025-08-25 21:54:15,688 - WARNING - 国证指数信息更新失败: (1264, "Out of range value for column 'pe_roll' at row 38")
2025-08-25 21:54:15,696 - WARNING - 国证指数信息更新失败: (1264, "Out of range value for column 'pe_roll' at row 38")
2025-08-25 21:54:15,700 - WARNING - 国证指数信息更新失败: (1264, "Out of range value for column 'pe_roll' at row 38")
2025-08-25 21:54:15,707 - WARNING - 国证指数信息更新失败: (1264, "Out of range value for column 'pe_roll' at row 38")
2025-08-25 21:54:15,711 - WARNING - 国证指数信息更新失败: (1264, "Out of range value for column 'pe_roll' at row 38")
2025-08-25 21:54:15,716 - WARNING - 国证指数信息更新失败: (1264, "Out of range value for column 'pe_roll' at row 38")
2025-08-25 21:54:15,720 - WARNING - 国证指数信息更新失败: (1264, "Out of range value for column 'pe_roll' at row 38")
2025-08-25 21:54:15,725 - WARNING - 国证指数信息更新失败: (1264, "Out of range value for column 'pe_roll' at row 38")
2025-08-25 21:54:15,730 - WARNING - 国证指数信息更新失败: (1264, "Out of range value for column 'pe_roll' at row 38")
2025-08-25 21:54:15,735 - WARNING - 国证指数信息更新失败: (1264, "Out of range value for column 'pe_roll' at row 38")
2025-08-25 21:54:15,740 - WARNING - 国证指数信息更新失败: (1264, "Out of range value for column 'pe_roll' at row 38")
2025-08-25 21:54:15,745 - WARNING - 国证指数信息更新失败: (1264, "Out of range value for column 'pe_roll' at row 38")
2025-08-25 21:54:15,750 - WARNING - 国证指数信息更新失败: (1264, "Out of range value for column 'pe_roll' at row 38")
2025-08-25 21:54:15,755 - WARNING - 国证指数信息更新失败: (1264, "Out of range value for column 'pe_roll' at row 38")
2025-08-25 21:54:15,760 - WARNING - 国证指数信息更新失败: (1264, "Out of range value for column 'pe_roll' at row 38")
2025-08-25 21:54:15,765 - WARNING - 国证指数信息更新失败: (1264, "Out of range value for column 'pe_roll' at row 38")
2025-08-25 21:54:15,770 - WARNING - 国证指数信息更新失败: (1264, "Out of range value for column 'pe_roll' at row 38")
2025-08-25 21:54:15,775 - WARNING - 国证指数信息更新失败: (1264, "Out of range value for column 'pe_roll' at row 38")
2025-08-25 21:54:15,780 - WARNING - 国证指数信息更新失败: (1264, "Out of range value for column 'pe_roll' at row 38")
2025-08-25 21:54:15,785 - WARNING - 国证指数信息更新失败: (1264, "Out of range value for column 'pe_roll' at row 38")
2025-08-25 21:54:15,790 - WARNING - 国证指数信息更新失败: (1264, "Out of range value for column 'pe_roll' at row 38")
2025-08-25 21:54:15,796 - WARNING - 国证指数信息更新失败: (1264, "Out of range value for column 'pe_roll' at row 38")
2025-08-25 21:54:15,801 - WARNING - 国证指数信息更新失败: (1264, "Out of range value for column 'pe_roll' at row 38")
2025-08-25 21:54:15,803 - WARNING - 国证指数信息更新失败: (1264, "Out of range value for column 'pe_roll' at row 38")
2025-08-25 21:54:15,812 - WARNING - 国证指数信息更新失败: (1264, "Out of range value for column 'pe_roll' at row 38")
2025-08-25 21:54:15,812 - WARNING - 国证指数信息更新失败: (1264, "Out of range value for column 'pe_roll' at row 38")
2025-08-25 21:54:15,822 - WARNING - 国证指数信息更新失败: (1264, "Out of range value for column 'pe_roll' at row 38")
2025-08-25 21:54:15,827 - WARNING - 国证指数信息更新失败: (1264, "Out of range value for column 'pe_roll' at row 38")
2025-08-25 21:54:15,833 - WARNING - 国证指数信息更新失败: (1264, "Out of range value for column 'pe_roll' at row 38")
2025-08-25 21:54:15,834 - WARNING - 国证指数信息更新失败: (1264, "Out of range value for column 'pe_roll' at row 38")
2025-08-25 21:54:15,842 - WARNING - 国证指数信息更新失败: (1264, "Out of range value for column 'pe_roll' at row 38")
2025-08-25 21:54:15,850 - WARNING - 国证指数信息更新失败: (1264, "Out of range value for column 'pe_roll' at row 38")
2025-08-25 21:54:15,856 - WARNING - 国证指数信息更新失败: (1264, "Out of range value for column 'pe_roll' at row 38")
2025-08-25 21:54:15,861 - WARNING - 国证指数信息更新失败: (1264, "Out of range value for column 'pe_roll' at row 38")
2025-08-25 21:54:15,866 - WARNING - 国证指数信息更新失败: (1264, "Out of range value for column 'pe_roll' at row 38")
2025-08-25 21:54:15,870 - WARNING - 国证指数信息更新失败: (1264, "Out of range value for column 'pe_roll' at row 38")
2025-08-25 21:54:15,877 - WARNING - 国证指数信息更新失败: (1264, "Out of range value for column 'pe_roll' at row 38")
2025-08-25 21:54:15,880 - WARNING - 国证指数信息更新失败: (1264, "Out of range value for column 'pe_roll' at row 38")
2025-08-25 21:54:15,888 - WARNING - 国证指数信息更新失败: (1264, "Out of range value for column 'pe_roll' at row 38")
2025-08-25 21:54:15,894 - WARNING - 国证指数信息更新失败: (1264, "Out of range value for column 'pe_roll' at row 38")
2025-08-25 21:54:15,900 - WARNING - 国证指数信息更新失败: (1264, "Out of range value for column 'pe_roll' at row 38")
2025-08-25 21:54:15,905 - WARNING - 国证指数信息更新失败: (1264, "Out of range value for column 'pe_roll' at row 38")
2025-08-25 21:54:15,910 - WARNING - 国证指数信息更新失败: (1264, "Out of range value for column 'pe_roll' at row 38")
2025-08-25 21:54:15,916 - WARNING - 国证指数信息更新失败: (1264, "Out of range value for column 'pe_roll' at row 38")
2025-08-25 21:54:15,920 - WARNING - 国证指数信息更新失败: (1264, "Out of range value for column 'pe_roll' at row 38")
2025-08-25 21:54:15,927 - WARNING - 国证指数信息更新失败: (1264, "Out of range value for column 'pe_roll' at row 38")
2025-08-25 21:54:15,930 - WARNING - 国证指数信息更新失败: (1264, "Out of range value for column 'pe_roll' at row 38")
2025-08-25 21:54:15,938 - WARNING - 国证指数信息更新失败: (1264, "Out of range value for column 'pe_roll' at row 38")
2025-08-25 21:54:15,945 - WARNING - 国证指数信息更新失败: (1264, "Out of range value for column 'pe_roll' at row 38")
2025-08-25 21:54:15,950 - WARNING - 国证指数信息更新失败: (1264, "Out of range value for column 'pe_roll' at row 38")
2025-08-25 21:54:15,956 - WARNING - 国证指数信息更新失败: (1264, "Out of range value for column 'pe_roll' at row 38")
2025-08-25 21:54:15,961 - WARNING - 国证指数信息更新失败: (1264, "Out of range value for column 'pe_roll' at row 38")
2025-08-25 21:54:15,968 - WARNING - 国证指数信息更新失败: (1264, "Out of range value for column 'pe_roll' at row 38")
2025-08-25 21:54:15,971 - WARNING - 国证指数信息更新失败: (1264, "Out of range value for column 'pe_roll' at row 38")
2025-08-25 21:54:15,979 - WARNING - 国证指数信息更新失败: (1264, "Out of range value for column 'pe_roll' at row 38")
2025-08-25 21:54:15,980 - WARNING - 国证指数信息更新失败: (1264, "Out of range value for column 'pe_roll' at row 38")
2025-08-25 21:54:15,990 - WARNING - 国证指数信息更新失败: (1264, "Out of range value for column 'pe_roll' at row 38")
2025-08-25 21:54:15,994 - WARNING - 国证指数信息更新失败: (1264, "Out of range value for column 'pe_roll' at row 38")
2025-08-25 21:54:16,002 - WARNING - 国证指数信息更新失败: (1264, "Out of range value for column 'pe_roll' at row 38")
2025-08-25 21:54:16,003 - WARNING - 国证指数信息更新失败: (1264, "Out of range value for column 'pe_roll' at row 38")
2025-08-25 21:54:16,014 - WARNING - 国证指数信息更新失败: (1264, "Out of range value for column 'pe_roll' at row 38")
2025-08-25 21:54:16,019 - WARNING - 国证指数信息更新失败: (1264, "Out of range value for column 'pe_roll' at row 38")
2025-08-25 21:54:16,050 - WARNING - 国证指数信息更新失败: (1264, "Out of range value for column 'pe_roll' at row 38")
2025-08-25 21:54:16,060 - WARNING - 国证指数信息更新失败: (1264, "Out of range value for column 'pe_roll' at row 38")
2025-08-25 21:54:16,066 - WARNING - 国证指数信息更新失败: (1264, "Out of range value for column 'pe_roll' at row 38")
2025-08-25 21:54:16,079 - WARNING - 国证指数信息更新失败: (1264, "Out of range value for column 'pe_roll' at row 38")
2025-08-25 21:54:16,086 - WARNING - 国证指数信息更新失败: (1264, "Out of range value for column 'pe_roll' at row 38")
2025-08-25 21:54:16,092 - WARNING - 国证指数信息更新失败: (1264, "Out of range value for column 'pe_roll' at row 38")
2025-08-25 21:54:16,099 - WARNING - 国证指数信息更新失败: (1264, "Out of range value for column 'pe_roll' at row 38")
2025-08-25 21:54:16,101 - WARNING - 国证指数信息更新失败: (1264, "Out of range value for column 'pe_roll' at row 38")
2025-08-25 21:54:16,111 - WARNING - 国证指数信息更新失败: (1264, "Out of range value for column 'pe_roll' at row 38")
2025-08-25 21:54:16,117 - WARNING - 国证指数信息更新失败: (1264, "Out of range value for column 'pe_roll' at row 38")
2025-08-25 21:54:16,120 - WARNING - 国证指数信息更新失败: (1264, "Out of range value for column 'pe_roll' at row 38")
2025-08-25 21:54:16,130 - WARNING - 国证指数信息更新失败: (1264, "Out of range value for column 'pe_roll' at row 38")
2025-08-25 21:54:16,130 - WARNING - 国证指数信息更新失败: (1264, "Out of range value for column 'pe_roll' at row 38")
2025-08-25 21:54:16,142 - WARNING - 国证指数信息更新失败: (1264, "Out of range value for column 'pe_roll' at row 38")
2025-08-25 21:54:16,146 - WARNING - 国证指数信息更新失败: (1264, "Out of range value for column 'pe_roll' at row 38")
2025-08-25 21:54:16,154 - WARNING - 国证指数信息更新失败: (1264, "Out of range value for column 'pe_roll' at row 38")
2025-08-25 21:54:16,160 - WARNING - 国证指数信息更新失败: (1264, "Out of range value for column 'pe_roll' at row 38")
2025-08-25 21:54:16,167 - WARNING - 国证指数信息更新失败: (1264, "Out of range value for column 'pe_roll' at row 38")
2025-08-25 21:54:16,173 - WARNING - 国证指数信息更新失败: (1264, "Out of range value for column 'pe_roll' at row 38")
2025-08-25 21:54:16,180 - WARNING - 国证指数信息更新失败: (1264, "Out of range value for column 'pe_roll' at row 38")
2025-08-25 21:54:16,186 - WARNING - 国证指数信息更新失败: (1264, "Out of range value for column 'pe_roll' at row 38")
2025-08-25 21:54:16,190 - WARNING - 国证指数信息更新失败: (1264, "Out of range value for column 'pe_roll' at row 38")
2025-08-25 21:54:16,199 - WARNING - 国证指数信息更新失败: (1264, "Out of range value for column 'pe_roll' at row 38")
2025-08-25 21:54:16,205 - WARNING - 国证指数信息更新失败: (1264, "Out of range value for column 'pe_roll' at row 38")
2025-08-25 21:54:16,212 - WARNING - 国证指数信息更新失败: (1264, "Out of range value for column 'pe_roll' at row 38")
2025-08-25 21:54:16,217 - WARNING - 国证指数信息更新失败: (1264, "Out of range value for column 'pe_roll' at row 38")
2025-08-25 21:54:16,224 - WARNING - 国证指数信息更新失败: (1264, "Out of range value for column 'pe_roll' at row 38")
2025-08-25 21:54:16,230 - WARNING - 国证指数信息更新失败: (1264, "Out of range value for column 'pe_roll' at row 38")
2025-08-25 21:54:16,237 - WARNING - 国证指数信息更新失败: (1264, "Out of range value for column 'pe_roll' at row 38")
2025-08-25 21:54:16,243 - WARNING - 国证指数信息更新失败: (1264, "Out of range value for column 'pe_roll' at row 38")
2025-08-25 21:54:16,250 - WARNING - 国证指数信息更新失败: (1264, "Out of range value for column 'pe_roll' at row 38")
2025-08-25 21:54:16,256 - WARNING - 国证指数信息更新失败: (1264, "Out of range value for column 'pe_roll' at row 38")
2025-08-25 21:54:16,261 - WARNING - 国证指数信息更新失败: (1264, "Out of range value for column 'pe_roll' at row 38")
2025-08-25 21:54:16,270 - WARNING - 国证指数信息更新失败: (1264, "Out of range value for column 'pe_roll' at row 38")
2025-08-25 21:54:16,278 - WARNING - 国证指数信息更新失败: (1264, "Out of range value for column 'pe_roll' at row 38")
2025-08-25 21:54:16,283 - WARNING - 国证指数信息更新失败: (1264, "Out of range value for column 'pe_roll' at row 38")
2025-08-25 21:54:16,294 - WARNING - 国证指数信息更新失败: (1264, "Out of range value for column 'pe_roll' at row 38")
2025-08-25 21:54:16,300 - WARNING - 国证指数信息更新失败: (1264, "Out of range value for column 'pe_roll' at row 38")
2025-08-25 21:54:16,306 - WARNING - 国证指数信息更新失败: (1264, "Out of range value for column 'pe_roll' at row 38")
2025-08-25 21:54:16,311 - WARNING - 国证指数信息更新失败: (1264, "Out of range value for column 'pe_roll' at row 38")
2025-08-25 21:54:16,319 - WARNING - 国证指数信息更新失败: (1264, "Out of range value for column 'pe_roll' at row 38")
2025-08-25 21:54:16,321 - WARNING - 国证指数信息更新失败: (1264, "Out of range value for column 'pe_roll' at row 38")
2025-08-25 21:54:16,333 - WARNING - 国证指数信息更新失败: (1264, "Out of range value for column 'pe_roll' at row 38")
2025-08-25 21:54:16,340 - WARNING - 国证指数信息更新失败: (1264, "Out of range value for column 'pe_roll' at row 38")
2025-08-25 21:54:16,344 - WARNING - 国证指数信息更新失败: (1264, "Out of range value for column 'pe_roll' at row 38")
2025-08-25 21:54:16,353 - WARNING - 国证指数信息更新失败: (1264, "Out of range value for column 'pe_roll' at row 38")
2025-08-25 21:54:16,361 - WARNING - 国证指数信息更新失败: (1264, "Out of range value for column 'pe_roll' at row 38")
2025-08-25 21:54:16,366 - WARNING - 国证指数信息更新失败: (1264, "Out of range value for column 'pe_roll' at row 38")
2025-08-25 21:54:16,374 - WARNING - 国证指数信息更新失败: (1264, "Out of range value for column 'pe_roll' at row 38")
2025-08-25 21:54:16,380 - WARNING - 国证指数信息更新失败: (1264, "Out of range value for column 'pe_roll' at row 38")
2025-08-25 21:54:16,392 - WARNING - 国证指数信息更新失败: (1264, "Out of range value for column 'pe_roll' at row 38")
2025-08-25 21:54:16,400 - WARNING - 国证指数信息更新失败: (1264, "Out of range value for column 'pe_roll' at row 38")
2025-08-25 21:54:16,409 - WARNING - 国证指数信息更新失败: (1264, "Out of range value for column 'pe_roll' at row 38")
2025-08-25 21:54:16,411 - WARNING - 国证指数信息更新失败: (1264, "Out of range value for column 'pe_roll' at row 38")
2025-08-25 21:54:16,424 - WARNING - 国证指数信息更新失败: (1264, "Out of range value for column 'pe_roll' at row 38")
2025-08-25 21:54:16,430 - WARNING - 国证指数信息更新失败: (1264, "Out of range value for column 'pe_roll' at row 38")
2025-08-25 21:54:16,440 - WARNING - 国证指数信息更新失败: (1264, "Out of range value for column 'pe_roll' at row 38")
2025-08-25 21:54:16,445 - WARNING - 国证指数信息更新失败: (1264, "Out of range value for column 'pe_roll' at row 38")
2025-08-25 21:54:16,454 - WARNING - 国证指数信息更新失败: (1264, "Out of range value for column 'pe_roll' at row 38")
2025-08-25 21:54:16,463 - WARNING - 国证指数信息更新失败: (1264, "Out of range value for column 'pe_roll' at row 38")
2025-08-25 21:54:16,467 - WARNING - 国证指数信息更新失败: (1264, "Out of range value for column 'pe_roll' at row 38")
2025-08-25 21:54:16,476 - WARNING - 国证指数信息更新失败: (1264, "Out of range value for column 'pe_roll' at row 38")
2025-08-25 21:54:16,480 - WARNING - 国证指数信息更新失败: (1264, "Out of range value for column 'pe_roll' at row 38")
2025-08-25 21:54:16,490 - WARNING - 国证指数信息更新失败: (1264, "Out of range value for column 'pe_roll' at row 38")
2025-08-25 21:54:16,495 - WARNING - 国证指数信息更新失败: (1264, "Out of range value for column 'pe_roll' at row 38")
2025-08-25 21:54:16,504 - WARNING - 国证指数信息更新失败: (1264, "Out of range value for column 'pe_roll' at row 38")
2025-08-25 21:54:16,512 - WARNING - 国证指数信息更新失败: (1264, "Out of range value for column 'pe_roll' at row 38")
2025-08-25 21:54:16,516 - WARNING - 国证指数信息更新失败: (1264, "Out of range value for column 'pe_roll' at row 38")
2025-08-25 21:54:16,527 - WARNING - 国证指数信息更新失败: (1264, "Out of range value for column 'pe_roll' at row 38")
2025-08-25 21:54:16,530 - WARNING - 国证指数信息更新失败: (1264, "Out of range value for column 'pe_roll' at row 38")
2025-08-25 21:54:16,541 - WARNING - 国证指数信息更新失败: (1264, "Out of range value for column 'pe_roll' at row 38")
2025-08-25 21:54:16,545 - WARNING - 国证指数信息更新失败: (1264, "Out of range value for column 'pe_roll' at row 38")
2025-08-25 21:54:16,555 - WARNING - 国证指数信息更新失败: (1264, "Out of range value for column 'pe_roll' at row 38")
2025-08-25 21:54:16,561 - WARNING - 国证指数信息更新失败: (1264, "Out of range value for column 'pe_roll' at row 38")
2025-08-25 21:54:16,570 - WARNING - 国证指数信息更新失败: (1264, "Out of range value for column 'pe_roll' at row 38")
2025-08-25 21:54:16,579 - WARNING - 国证指数信息更新失败: (1264, "Out of range value for column 'pe_roll' at row 38")
2025-08-25 21:54:16,584 - WARNING - 国证指数信息更新失败: (1264, "Out of range value for column 'pe_roll' at row 38")
2025-08-25 21:54:16,592 - WARNING - 国证指数信息更新失败: (1264, "Out of range value for column 'pe_roll' at row 38")
2025-08-25 21:54:16,600 - WARNING - 国证指数信息更新失败: (1264, "Out of range value for column 'pe_roll' at row 38")
2025-08-25 21:54:16,607 - WARNING - 国证指数信息更新失败: (1264, "Out of range value for column 'pe_roll' at row 38")
2025-08-25 21:54:16,611 - WARNING - 国证指数信息更新失败: (1264, "Out of range value for column 'pe_roll' at row 38")
2025-08-25 21:54:16,625 - WARNING - 国证指数信息更新失败: (1264, "Out of range value for column 'pe_roll' at row 38")
2025-08-25 21:54:16,630 - WARNING - 国证指数信息更新失败: (1264, "Out of range value for column 'pe_roll' at row 38")
2025-08-25 21:54:16,641 - WARNING - 国证指数信息更新失败: (1264, "Out of range value for column 'pe_roll' at row 38")
2025-08-25 21:54:16,650 - WARNING - 国证指数信息更新失败: (1264, "Out of range value for column 'pe_roll' at row 38")
2025-08-25 21:54:16,657 - WARNING - 国证指数信息更新失败: (1264, "Out of range value for column 'pe_roll' at row 38")
2025-08-25 21:54:16,665 - WARNING - 国证指数信息更新失败: (1264, "Out of range value for column 'pe_roll' at row 38")
2025-08-25 21:54:16,672 - WARNING - 国证指数信息更新失败: (1264, "Out of range value for column 'pe_roll' at row 38")
2025-08-25 21:54:16,682 - WARNING - 国证指数信息更新失败: (1264, "Out of range value for column 'pe_roll' at row 38")
2025-08-25 21:54:16,686 - WARNING - 国证指数信息更新失败: (1264, "Out of range value for column 'pe_roll' at row 38")
2025-08-25 21:54:16,696 - WARNING - 国证指数信息更新失败: (1264, "Out of range value for column 'pe_roll' at row 38")
2025-08-25 21:54:16,700 - WARNING - 国证指数信息更新失败: (1264, "Out of range value for column 'pe_roll' at row 38")
2025-08-25 21:54:16,710 - WARNING - 国证指数信息更新失败: (1264, "Out of range value for column 'pe_roll' at row 38")
2025-08-25 21:54:16,710 - WARNING - 国证指数信息更新失败: (1264, "Out of range value for column 'pe_roll' at row 38")
2025-08-25 21:54:16,728 - WARNING - 国证指数信息更新失败: (1264, "Out of range value for column 'pe_roll' at row 38")
2025-08-25 21:54:16,730 - WARNING - 国证指数信息更新失败: (1264, "Out of range value for column 'pe_roll' at row 38")
2025-08-25 21:54:16,742 - WARNING - 国证指数信息更新失败: (1264, "Out of range value for column 'pe_roll' at row 38")
2025-08-25 21:54:16,750 - WARNING - 国证指数信息更新失败: (1264, "Out of range value for column 'pe_roll' at row 38")
2025-08-25 21:54:16,757 - WARNING - 国证指数信息更新失败: (1264, "Out of range value for column 'pe_roll' at row 38")
2025-08-25 21:54:16,762 - WARNING - 国证指数信息更新失败: (1264, "Out of range value for column 'pe_roll' at row 38")
2025-08-25 21:54:16,773 - WARNING - 国证指数信息更新失败: (1264, "Out of range value for column 'pe_roll' at row 38")
2025-08-25 21:54:16,780 - WARNING - 国证指数信息更新失败: (1264, "Out of range value for column 'pe_roll' at row 38")
2025-08-25 21:54:16,790 - WARNING - 国证指数信息更新失败: (1264, "Out of range value for column 'pe_roll' at row 38")
2025-08-25 21:54:16,800 - WARNING - 国证指数信息更新失败: (1264, "Out of range value for column 'pe_roll' at row 38")
2025-08-25 21:54:16,806 - WARNING - 国证指数信息更新失败: (1264, "Out of range value for column 'pe_roll' at row 38")
2025-08-25 21:54:16,812 - WARNING - 国证指数信息更新失败: (1264, "Out of range value for column 'pe_roll' at row 38")
2025-08-25 21:54:16,824 - WARNING - 国证指数信息更新失败: (1264, "Out of range value for column 'pe_roll' at row 38")
2025-08-25 21:54:16,830 - WARNING - 国证指数信息更新失败: (1264, "Out of range value for column 'pe_roll' at row 38")
2025-08-25 21:54:16,840 - WARNING - 国证指数信息更新失败: (1264, "Out of range value for column 'pe_roll' at row 38")
2025-08-25 21:54:16,850 - WARNING - 国证指数信息更新失败: (1264, "Out of range value for column 'pe_roll' at row 38")
2025-08-25 21:54:16,856 - WARNING - 国证指数信息更新失败: (1264, "Out of range value for column 'pe_roll' at row 38")
2025-08-25 21:54:16,861 - WARNING - 国证指数信息更新失败: (1264, "Out of range value for column 'pe_roll' at row 38")
2025-08-25 21:54:16,876 - WARNING - 国证指数信息更新失败: (1264, "Out of range value for column 'pe_roll' at row 38")
2025-08-25 21:54:16,885 - WARNING - 国证指数信息更新失败: (1264, "Out of range value for column 'pe_roll' at row 38")
2025-08-25 21:54:16,894 - WARNING - 国证指数信息更新失败: (1264, "Out of range value for column 'pe_roll' at row 38")
2025-08-25 21:54:16,900 - WARNING - 国证指数信息更新失败: (1264, "Out of range value for column 'pe_roll' at row 38")
2025-08-25 21:54:16,910 - WARNING - 国证指数信息更新失败: (1264, "Out of range value for column 'pe_roll' at row 38")
2025-08-25 21:54:16,911 - WARNING - 国证指数信息更新失败: (1264, "Out of range value for column 'pe_roll' at row 38")
2025-08-25 21:54:16,927 - WARNING - 国证指数信息更新失败: (1264, "Out of range value for column 'pe_roll' at row 38")
2025-08-25 21:54:16,930 - WARNING - 国证指数信息更新失败: (1264, "Out of range value for column 'pe_roll' at row 38")
2025-08-25 21:54:16,943 - WARNING - 国证指数信息更新失败: (1264, "Out of range value for column 'pe_roll' at row 38")
2025-08-25 21:54:16,950 - WARNING - 国证指数信息更新失败: (1264, "Out of range value for column 'pe_roll' at row 38")
2025-08-25 21:54:16,960 - WARNING - 国证指数信息更新失败: (1264, "Out of range value for column 'pe_roll' at row 38")
2025-08-25 21:54:16,961 - WARNING - 国证指数信息更新失败: (1264, "Out of range value for column 'pe_roll' at row 38")
2025-08-25 21:54:16,977 - WARNING - 国证指数信息更新失败: (1264, "Out of range value for column 'pe_roll' at row 38")
2025-08-25 21:54:16,980 - WARNING - 国证指数信息更新失败: (1264, "Out of range value for column 'pe_roll' at row 38")
2025-08-25 21:54:16,994 - WARNING - 国证指数信息更新失败: (1264, "Out of range value for column 'pe_roll' at row 38")
2025-08-25 21:54:17,000 - WARNING - 国证指数信息更新失败: (1264, "Out of range value for column 'pe_roll' at row 38")
2025-08-25 21:54:17,010 - WARNING - 国证指数信息更新失败: (1264, "Out of range value for column 'pe_roll' at row 38")
2025-08-25 21:54:17,018 - WARNING - 国证指数信息更新失败: (1264, "Out of range value for column 'pe_roll' at row 38")
2025-08-25 21:54:17,028 - WARNING - 国证指数信息更新失败: (1264, "Out of range value for column 'pe_roll' at row 38")
2025-08-25 21:54:17,033 - WARNING - 国证指数信息更新失败: (1264, "Out of range value for column 'pe_roll' at row 38")
2025-08-25 21:54:17,044 - WARNING - 国证指数信息更新失败: (1264, "Out of range value for column 'pe_roll' at row 38")
2025-08-25 21:54:17,050 - WARNING - 国证指数信息更新失败: (1264, "Out of range value for column 'pe_roll' at row 38")
2025-08-25 21:54:17,061 - WARNING - 国证指数信息更新失败: (1264, "Out of range value for column 'pe_roll' at row 38")
2025-08-25 21:54:17,070 - WARNING - 国证指数信息更新失败: (1264, "Out of range value for column 'pe_roll' at row 38")
2025-08-25 21:54:17,080 - WARNING - 国证指数信息更新失败: (1264, "Out of range value for column 'pe_roll' at row 38")
2025-08-25 21:54:17,083 - WARNING - 国证指数信息更新失败: (1264, "Out of range value for column 'pe_roll' at row 38")
2025-08-25 21:54:17,095 - WARNING - 国证指数信息更新失败: (1264, "Out of range value for column 'pe_roll' at row 38")
2025-08-25 21:54:17,100 - WARNING - 国证指数信息更新失败: (1264, "Out of range value for column 'pe_roll' at row 38")
2025-08-25 21:54:17,117 - WARNING - 国证指数信息更新失败: (1264, "Out of range value for column 'pe_roll' at row 38")
2025-08-25 21:54:17,127 - WARNING - 国证指数信息更新失败: (1264, "Out of range value for column 'pe_roll' at row 38")
2025-08-25 21:54:17,135 - WARNING - 国证指数信息更新失败: (1264, "Out of range value for column 'pe_roll' at row 38")
2025-08-25 21:54:17,143 - WARNING - 国证指数信息更新失败: (1264, "Out of range value for column 'pe_roll' at row 38")
2025-08-25 21:54:17,154 - WARNING - 国证指数信息更新失败: (1264, "Out of range value for column 'pe_roll' at row 38")
2025-08-25 21:54:17,160 - WARNING - 国证指数信息更新失败: (1264, "Out of range value for column 'pe_roll' at row 38")
2025-08-25 21:54:17,177 - WARNING - 国证指数信息更新失败: (1264, "Out of range value for column 'pe_roll' at row 38")
2025-08-25 21:54:17,186 - WARNING - 国证指数信息更新失败: (1264, "Out of range value for column 'pe_roll' at row 38")
2025-08-25 21:54:17,197 - WARNING - 国证指数信息更新失败: (1264, "Out of range value for column 'pe_roll' at row 38")
2025-08-25 21:54:17,200 - WARNING - 国证指数信息更新失败: (1264, "Out of range value for column 'pe_roll' at row 38")
2025-08-25 21:54:17,213 - WARNING - 国证指数信息更新失败: (1264, "Out of range value for column 'pe_roll' at row 38")
2025-08-25 21:54:17,228 - WARNING - 国证指数信息更新失败: (1264, "Out of range value for column 'pe_roll' at row 38")
2025-08-25 21:54:17,230 - WARNING - 国证指数信息更新失败: (1264, "Out of range value for column 'pe_roll' at row 38")
2025-08-25 21:54:17,243 - WARNING - 国证指数信息更新失败: (1264, "Out of range value for column 'pe_roll' at row 38")
2025-08-25 21:54:17,250 - WARNING - 国证指数信息更新失败: (1264, "Out of range value for column 'pe_roll' at row 38")
2025-08-25 21:54:17,261 - WARNING - 国证指数信息更新失败: (1264, "Out of range value for column 'pe_roll' at row 38")
2025-08-25 21:54:17,276 - WARNING - 国证指数信息更新失败: (1264, "Out of range value for column 'pe_roll' at row 38")
2025-08-25 21:54:17,280 - WARNING - 国证指数信息更新失败: (1264, "Out of range value for column 'pe_roll' at row 38")
2025-08-25 21:54:17,294 - WARNING - 国证指数信息更新失败: (1264, "Out of range value for column 'pe_roll' at row 38")
2025-08-25 21:54:17,300 - WARNING - 国证指数信息更新失败: (1264, "Out of range value for column 'pe_roll' at row 38")
2025-08-25 21:54:17,315 - WARNING - 国证指数信息更新失败: (1264, "Out of range value for column 'pe_roll' at row 38")
2025-08-25 21:54:17,326 - WARNING - 国证指数信息更新失败: (1264, "Out of range value for column 'pe_roll' at row 38")
2025-08-25 21:54:17,330 - WARNING - 国证指数信息更新失败: (1264, "Out of range value for column 'pe_roll' at row 38")
2025-08-25 21:54:17,344 - WARNING - 国证指数信息更新失败: (1264, "Out of range value for column 'pe_roll' at row 38")
2025-08-25 21:54:17,350 - WARNING - 国证指数信息更新失败: (1264, "Out of range value for column 'pe_roll' at row 38")
2025-08-25 21:54:17,361 - WARNING - 国证指数信息更新失败: (1264, "Out of range value for column 'pe_roll' at row 38")
2025-08-25 21:54:17,370 - WARNING - 国证指数信息更新失败: (1264, "Out of range value for column 'pe_roll' at row 38")
2025-08-25 21:54:17,382 - WARNING - 国证指数信息更新失败: (1264, "Out of range value for column 'pe_roll' at row 38")
2025-08-25 21:54:17,390 - WARNING - 国证指数信息更新失败: (1264, "Out of range value for column 'pe_roll' at row 38")
2025-08-25 21:54:17,400 - WARNING - 国证指数信息更新失败: (1264, "Out of range value for column 'pe_roll' at row 38")
2025-08-25 21:54:17,410 - WARNING - 国证指数信息更新失败: (1264, "Out of range value for column 'pe_roll' at row 38")
2025-08-25 21:54:17,411 - WARNING - 国证指数信息更新失败: (1264, "Out of range value for column 'pe_roll' at row 38")
2025-08-25 21:54:17,427 - WARNING - 国证指数信息更新失败: (1264, "Out of range value for column 'pe_roll' at row 38")
2025-08-25 21:54:17,437 - WARNING - 国证指数信息更新失败: (1264, "Out of range value for column 'pe_roll' at row 38")
2025-08-25 21:54:17,448 - WARNING - 国证指数信息更新失败: (1264, "Out of range value for column 'pe_roll' at row 38")
2025-08-25 21:54:17,450 - WARNING - 国证指数信息更新失败: (1264, "Out of range value for column 'pe_roll' at row 38")
2025-08-25 21:54:17,460 - WARNING - 国证指数信息更新失败: (1264, "Out of range value for column 'pe_roll' at row 38")
2025-08-25 21:54:17,477 - WARNING - 国证指数信息更新失败: (1264, "Out of range value for column 'pe_roll' at row 38")
2025-08-25 21:54:17,483 - WARNING - 国证指数信息更新失败: (1264, "Out of range value for column 'pe_roll' at row 38")
2025-08-25 21:54:17,494 - WARNING - 国证指数信息更新失败: (1264, "Out of range value for column 'pe_roll' at row 38")
2025-08-25 21:54:17,505 - WARNING - 国证指数信息更新失败: (1264, "Out of range value for column 'pe_roll' at row 38")
2025-08-25 21:54:17,512 - WARNING - 国证指数信息更新失败: (1264, "Out of range value for column 'pe_roll' at row 38")
2025-08-25 21:54:17,522 - WARNING - 国证指数信息更新失败: (1264, "Out of range value for column 'pe_roll' at row 38")
2025-08-25 21:54:17,530 - WARNING - 国证指数信息更新失败: (1264, "Out of range value for column 'pe_roll' at row 38")
2025-08-25 21:54:17,544 - WARNING - 国证指数信息更新失败: (1264, "Out of range value for column 'pe_roll' at row 38")
2025-08-25 21:54:17,550 - WARNING - 国证指数信息更新失败: (1264, "Out of range value for column 'pe_roll' at row 38")
2025-08-25 21:54:17,561 - WARNING - 国证指数信息更新失败: (1264, "Out of range value for column 'pe_roll' at row 38")
2025-08-25 21:54:17,572 - WARNING - 国证指数信息更新失败: (1264, "Out of range value for column 'pe_roll' at row 38")
2025-08-25 21:54:17,580 - WARNING - 国证指数信息更新失败: (1264, "Out of range value for column 'pe_roll' at row 38")
2025-08-25 21:54:17,594 - WARNING - 国证指数信息更新失败: (1264, "Out of range value for column 'pe_roll' at row 38")
2025-08-25 21:54:17,600 - WARNING - 国证指数信息更新失败: (1264, "Out of range value for column 'pe_roll' at row 38")
2025-08-25 21:54:17,611 - WARNING - 国证指数信息更新失败: (1264, "Out of range value for column 'pe_roll' at row 38")
2025-08-25 21:54:17,621 - WARNING - 国证指数信息更新失败: (1264, "Out of range value for column 'pe_roll' at row 38")
2025-08-25 21:54:17,630 - WARNING - 国证指数信息更新失败: (1264, "Out of range value for column 'pe_roll' at row 38")
2025-08-25 21:54:17,644 - WARNING - 国证指数信息更新失败: (1264, "Out of range value for column 'pe_roll' at row 38")
2025-08-25 21:54:17,650 - WARNING - 国证指数信息更新失败: (1264, "Out of range value for column 'pe_roll' at row 38")
2025-08-25 21:54:17,661 - WARNING - 国证指数信息更新失败: (1264, "Out of range value for column 'pe_roll' at row 38")
2025-08-25 21:54:17,672 - WARNING - 国证指数信息更新失败: (1264, "Out of range value for column 'pe_roll' at row 38")
2025-08-25 21:54:17,680 - WARNING - 国证指数信息更新失败: (1264, "Out of range value for column 'pe_roll' at row 38")
2025-08-25 21:54:17,692 - WARNING - 国证指数信息更新失败: (1264, "Out of range value for column 'pe_roll' at row 38")
2025-08-25 21:54:17,700 - WARNING - 国证指数信息更新失败: (1264, "Out of range value for column 'pe_roll' at row 38")
2025-08-25 21:54:17,710 - WARNING - 国证指数信息更新失败: (1264, "Out of range value for column 'pe_roll' at row 38")
2025-08-25 21:54:17,720 - WARNING - 国证指数信息更新失败: (1264, "Out of range value for column 'pe_roll' at row 38")
2025-08-25 21:54:17,733 - WARNING - 国证指数信息更新失败: (1264, "Out of range value for column 'pe_roll' at row 38")
2025-08-25 21:54:17,744 - WARNING - 国证指数信息更新失败: (1264, "Out of range value for column 'pe_roll' at row 38")
2025-08-25 21:54:17,750 - WARNING - 国证指数信息更新失败: (1264, "Out of range value for column 'pe_roll' at row 38")
2025-08-25 21:54:17,761 - WARNING - 国证指数信息更新失败: (1264, "Out of range value for column 'pe_roll' at row 38")
2025-08-25 21:54:17,771 - WARNING - 国证指数信息更新失败: (1264, "Out of range value for column 'pe_roll' at row 38")
2025-08-25 21:54:17,780 - WARNING - 国证指数信息更新失败: (1264, "Out of range value for column 'pe_roll' at row 38")
2025-08-25 21:54:17,794 - WARNING - 国证指数信息更新失败: (1264, "Out of range value for column 'pe_roll' at row 38")
2025-08-25 21:54:17,800 - WARNING - 国证指数信息更新失败: (1264, "Out of range value for column 'pe_roll' at row 38")
2025-08-25 21:54:17,811 - WARNING - 国证指数信息更新失败: (1264, "Out of range value for column 'pe_roll' at row 38")
2025-08-25 21:54:17,822 - WARNING - 国证指数信息更新失败: (1264, "Out of range value for column 'pe_roll' at row 38")
2025-08-25 21:54:17,830 - WARNING - 国证指数信息更新失败: (1264, "Out of range value for column 'pe_roll' at row 38")
2025-08-25 21:54:17,844 - WARNING - 国证指数信息更新失败: (1264, "Out of range value for column 'pe_roll' at row 38")
2025-08-25 21:54:17,855 - WARNING - 国证指数信息更新失败: (1264, "Out of range value for column 'pe_roll' at row 38")
2025-08-25 21:54:17,862 - WARNING - 国证指数信息更新失败: (1264, "Out of range value for column 'pe_roll' at row 38")
2025-08-25 21:54:17,877 - WARNING - 国证指数信息更新失败: (1264, "Out of range value for column 'pe_roll' at row 38")
2025-08-25 21:54:17,885 - INFO - 数据库连接已关闭
2025-08-25 21:55:33,958 - INFO - 🌟 每周数据更新程序启动
2025-08-25 21:55:33,958 - INFO - 🚀 开始每周数据更新...
2025-08-25 21:55:33,958 - INFO - ============================================================
2025-08-25 21:55:33,970 - INFO - ✅ 成功连接到MySQL数据库
2025-08-25 21:55:33,970 - INFO - 清空国证指数信息表...
2025-08-25 21:55:34,071 - INFO - 🚀 开始获取国证指数信息表...
2025-08-25 21:55:34,353 - INFO - 📊 获取到 1363 只国证指数信息
2025-08-25 21:55:34,383 - INFO - 📈 已插入 100 只国证指数信息
2025-08-25 21:55:34,423 - INFO - 📈 已插入 200 只国证指数信息
2025-08-25 21:55:34,468 - INFO - 📈 已插入 300 只国证指数信息
2025-08-25 21:55:34,499 - INFO - 📈 已插入 400 只国证指数信息
2025-08-25 21:55:34,518 - INFO - 📈 已插入 500 只国证指数信息
2025-08-25 21:55:34,543 - INFO - 📈 已插入 600 只国证指数信息
2025-08-25 21:55:34,568 - INFO - 📈 已插入 700 只国证指数信息
2025-08-25 21:55:34,596 - INFO - 📈 已插入 800 只国证指数信息
2025-08-25 21:55:34,612 - INFO - 📈 已插入 900 只国证指数信息
2025-08-25 21:55:34,638 - INFO - 📈 已插入 1000 只国证指数信息
2025-08-25 21:55:34,668 - INFO - 📈 已插入 1100 只国证指数信息
2025-08-25 21:55:34,693 - INFO - 📈 已插入 1200 只国证指数信息
2025-08-25 21:55:34,711 - INFO - 📈 已插入 1300 只国证指数信息
2025-08-25 21:55:34,729 - INFO - ✅ 成功插入 1363 只国证指数信息
2025-08-25 21:55:34,729 - INFO - ============================================================
2025-08-25 21:55:34,729 - INFO - 📊 本周数据更新统计
2025-08-25 21:55:34,731 - INFO - ============================================================
2025-08-25 21:55:34,731 - INFO - ⏱️  更新耗时: 0:00:00.771544
2025-08-25 21:55:34,731 - INFO - ✅ 无错误
2025-08-25 21:55:34,731 - INFO - ============================================================
2025-08-25 21:55:34,736 - INFO - 🎉 本周数据更新完成！
2025-08-25 21:55:34,736 - INFO - 数据库连接已关闭
2025-08-25 21:55:34,736 - INFO - ✅ 每周数据更新成功完成
