2025-08-13 20:29:51,854 - INFO - 🌟 每周数据更新程序启动
2025-08-13 20:29:51,854 - INFO - 🚀 开始每周数据更新...
2025-08-13 20:29:51,854 - INFO - ============================================================
2025-08-13 20:29:51,884 - INFO - ✅ 成功连接到MySQL数据库
2025-08-13 20:29:51,884 - INFO - 清空股票基本信息...
2025-08-13 20:29:52,044 - INFO - 🚀 开始获取ADATA所有股票基本信息...
2025-08-13 20:30:07,815 - INFO - 📊 获取到 5844 只股票信息
2025-08-13 20:30:07,849 - INFO - 📈 已插入 100 只股票信息
2025-08-13 20:30:07,860 - INFO - 📈 已插入 200 只股票信息
2025-08-13 20:30:07,878 - INFO - 📈 已插入 300 只股票信息
2025-08-13 20:30:07,899 - INFO - 📈 已插入 400 只股票信息
2025-08-13 20:30:07,915 - INFO - 📈 已插入 500 只股票信息
2025-08-13 20:30:07,929 - INFO - 📈 已插入 600 只股票信息
2025-08-13 20:30:07,946 - INFO - 📈 已插入 700 只股票信息
2025-08-13 20:30:07,960 - INFO - 📈 已插入 800 只股票信息
2025-08-13 20:30:07,979 - INFO - 📈 已插入 900 只股票信息
2025-08-13 20:30:07,994 - INFO - 📈 已插入 1000 只股票信息
2025-08-13 20:30:08,011 - INFO - 📈 已插入 1100 只股票信息
2025-08-13 20:30:08,031 - INFO - 📈 已插入 1200 只股票信息
2025-08-13 20:30:08,044 - INFO - 📈 已插入 1300 只股票信息
2025-08-13 20:30:08,063 - INFO - 📈 已插入 1400 只股票信息
2025-08-13 20:30:08,093 - INFO - 📈 已插入 1500 只股票信息
2025-08-13 20:30:08,100 - INFO - 📈 已插入 1600 只股票信息
2025-08-13 20:30:08,128 - INFO - 📈 已插入 1700 只股票信息
2025-08-13 20:30:08,145 - INFO - 📈 已插入 1800 只股票信息
2025-08-13 20:30:08,164 - INFO - 📈 已插入 1900 只股票信息
2025-08-13 20:30:08,177 - INFO - 📈 已插入 2000 只股票信息
2025-08-13 20:30:08,177 - INFO - 📈 已插入 2100 只股票信息
2025-08-13 20:30:08,198 - INFO - 📈 已插入 2200 只股票信息
2025-08-13 20:30:08,215 - INFO - 📈 已插入 2300 只股票信息
2025-08-13 20:30:08,231 - INFO - 📈 已插入 2400 只股票信息
2025-08-13 20:30:08,246 - INFO - 📈 已插入 2500 只股票信息
2025-08-13 20:30:08,262 - INFO - 📈 已插入 2600 只股票信息
2025-08-13 20:30:08,279 - INFO - 📈 已插入 2700 只股票信息
2025-08-13 20:30:08,294 - INFO - 📈 已插入 2800 只股票信息
2025-08-13 20:30:08,315 - INFO - 📈 已插入 2900 只股票信息
2025-08-13 20:30:08,328 - INFO - 📈 已插入 3000 只股票信息
2025-08-13 20:30:08,353 - INFO - 📈 已插入 3100 只股票信息
2025-08-13 20:30:08,363 - INFO - 📈 已插入 3200 只股票信息
2025-08-13 20:30:08,387 - INFO - 📈 已插入 3300 只股票信息
2025-08-13 20:30:08,396 - INFO - 📈 已插入 3400 只股票信息
2025-08-13 20:30:08,425 - INFO - 📈 已插入 3500 只股票信息
2025-08-13 20:30:08,426 - INFO - 📈 已插入 3600 只股票信息
2025-08-13 20:30:08,477 - INFO - 📈 已插入 3700 只股票信息
2025-08-13 20:30:08,501 - INFO - 📈 已插入 3800 只股票信息
2025-08-13 20:30:08,534 - INFO - 📈 已插入 3900 只股票信息
2025-08-13 20:30:08,560 - INFO - 📈 已插入 4000 只股票信息
2025-08-13 20:30:08,582 - INFO - 📈 已插入 4100 只股票信息
2025-08-13 20:30:08,613 - INFO - 📈 已插入 4200 只股票信息
2025-08-13 20:30:08,631 - INFO - 📈 已插入 4300 只股票信息
2025-08-13 20:30:08,644 - INFO - 📈 已插入 4400 只股票信息
2025-08-13 20:30:08,663 - INFO - 📈 已插入 4500 只股票信息
2025-08-13 20:30:08,667 - INFO - 📈 已插入 4600 只股票信息
2025-08-13 20:30:08,681 - INFO - 📈 已插入 4700 只股票信息
2025-08-13 20:30:08,699 - INFO - 📈 已插入 4800 只股票信息
2025-08-13 20:30:08,716 - INFO - 📈 已插入 4900 只股票信息
2025-08-13 20:30:08,728 - INFO - 📈 已插入 5000 只股票信息
2025-08-13 20:30:08,743 - INFO - 📈 已插入 5100 只股票信息
2025-08-13 20:30:08,762 - INFO - 📈 已插入 5200 只股票信息
2025-08-13 20:30:08,780 - INFO - 📈 已插入 5300 只股票信息
2025-08-13 20:30:08,794 - INFO - 📈 已插入 5400 只股票信息
2025-08-13 20:30:08,816 - INFO - 📈 已插入 5500 只股票信息
2025-08-13 20:30:08,848 - INFO - 📈 已插入 5600 只股票信息
2025-08-13 20:30:08,866 - INFO - 📈 已插入 5700 只股票信息
2025-08-13 20:30:08,882 - INFO - 📈 已插入 5800 只股票信息
2025-08-13 20:30:08,896 - INFO - ✅ 成功插入 5844 只股票基本信息
2025-08-13 20:30:08,896 - INFO - 📊 开始更新近7个自然日K线数据）...
2025-08-13 20:30:08,933 - INFO - 📊 准备更新 5844 只股票的近7个自然日K线数据
2025-08-13 20:30:25,748 - INFO - 📈 已处理 50/5844 只股票，成功 38 只
2025-08-13 20:30:45,262 - INFO - 📈 已处理 100/5844 只股票，成功 81 只
2025-08-13 20:31:00,646 - INFO - 📈 已处理 150/5844 只股票，成功 122 只
2025-08-13 20:31:17,190 - INFO - 📈 已处理 200/5844 只股票，成功 161 只
2025-08-13 20:31:33,723 - INFO - 📈 已处理 250/5844 只股票，成功 199 只
2025-08-13 20:31:51,247 - INFO - 📈 已处理 300/5844 只股票，成功 240 只
2025-08-13 20:32:08,821 - INFO - 📈 已处理 350/5844 只股票，成功 281 只
2025-08-13 20:32:42,276 - INFO - 📈 已处理 450/5844 只股票，成功 370 只
2025-08-13 20:33:00,332 - INFO - 📈 已处理 500/5844 只股票，成功 413 只
2025-08-13 20:33:19,408 - INFO - 📈 已处理 550/5844 只股票，成功 462 只
2025-08-13 20:33:40,064 - INFO - 📈 已处理 600/5844 只股票，成功 512 只
2025-08-13 20:34:03,287 - INFO - 📈 已处理 650/5844 只股票，成功 559 只
2025-08-13 20:34:22,329 - INFO - 📈 已处理 700/5844 只股票，成功 605 只
2025-08-13 20:34:40,350 - INFO - 📈 已处理 750/5844 只股票，成功 653 只
2025-08-13 20:34:58,942 - INFO - 📈 已处理 800/5844 只股票，成功 701 只
2025-08-13 20:35:20,031 - INFO - 📈 已处理 850/5844 只股票，成功 750 只
2025-08-13 20:35:37,962 - INFO - 📈 已处理 900/5844 只股票，成功 797 只
2025-08-13 20:35:53,428 - INFO - 📈 已处理 950/5844 只股票，成功 843 只
2025-08-13 20:36:11,302 - INFO - 📈 已处理 1000/5844 只股票，成功 892 只
2025-08-13 20:36:28,491 - INFO - 📈 已处理 1050/5844 只股票，成功 938 只
2025-08-13 20:36:45,901 - INFO - 📈 已处理 1100/5844 只股票，成功 983 只
2025-08-13 20:37:05,286 - INFO - 📈 已处理 1150/5844 只股票，成功 1027 只
2025-08-13 20:37:21,442 - INFO - 📈 已处理 1200/5844 只股票，成功 1077 只
2025-08-13 20:37:41,152 - INFO - 📈 已处理 1250/5844 只股票，成功 1122 只
2025-08-13 20:37:57,423 - INFO - 📈 已处理 1300/5844 只股票，成功 1169 只
2025-08-13 20:38:17,826 - INFO - 📈 已处理 1350/5844 只股票，成功 1216 只
2025-08-13 20:38:35,340 - INFO - 📈 已处理 1400/5844 只股票，成功 1261 只
2025-08-13 20:38:54,410 - INFO - 📈 已处理 1450/5844 只股票，成功 1311 只
2025-08-13 20:39:12,642 - INFO - 📈 已处理 1500/5844 只股票，成功 1361 只
2025-08-13 20:39:31,824 - INFO - 📈 已处理 1550/5844 只股票，成功 1411 只
2025-08-13 20:39:52,590 - INFO - 📈 已处理 1600/5844 只股票，成功 1461 只
2025-08-13 20:40:22,882 - INFO - 📈 已处理 1700/5844 只股票，成功 1502 只
2025-08-13 20:40:40,979 - INFO - 📈 已处理 1750/5844 只股票，成功 1548 只
2025-08-13 20:40:58,668 - INFO - 📈 已处理 1800/5844 只股票，成功 1592 只
2025-08-13 20:41:17,385 - INFO - 📈 已处理 1850/5844 只股票，成功 1641 只
2025-08-13 20:41:35,110 - INFO - 📈 已处理 1900/5844 只股票，成功 1686 只
2025-08-13 20:41:53,876 - INFO - 📈 已处理 1950/5844 只股票，成功 1735 只
2025-08-13 20:42:12,741 - INFO - 📈 已处理 2000/5844 只股票，成功 1779 只
2025-08-13 20:42:30,511 - INFO - 📈 已处理 2050/5844 只股票，成功 1823 只
2025-08-13 20:42:49,007 - INFO - 📈 已处理 2100/5844 只股票，成功 1871 只
2025-08-13 20:43:07,535 - INFO - 📈 已处理 2150/5844 只股票，成功 1920 只
2025-08-13 20:43:25,146 - INFO - 📈 已处理 2200/5844 只股票，成功 1969 只
2025-08-13 20:43:43,727 - INFO - 📈 已处理 2250/5844 只股票，成功 2018 只
2025-08-13 20:44:07,346 - INFO - 📈 已处理 2300/5844 只股票，成功 2068 只
2025-08-13 20:44:24,684 - INFO - 📈 已处理 2350/5844 只股票，成功 2117 只
2025-08-13 20:44:43,030 - INFO - 📈 已处理 2400/5844 只股票，成功 2167 只
2025-08-13 20:45:02,766 - INFO - 📈 已处理 2450/5844 只股票，成功 2216 只
2025-08-13 20:45:22,144 - INFO - 📈 已处理 2500/5844 只股票，成功 2265 只
2025-08-13 20:45:39,263 - INFO - 📈 已处理 2550/5844 只股票，成功 2315 只
2025-08-13 20:45:57,611 - INFO - 📈 已处理 2600/5844 只股票，成功 2365 只
2025-08-13 20:46:15,115 - INFO - 📈 已处理 2650/5844 只股票，成功 2415 只
2025-08-13 20:46:34,148 - INFO - 📈 已处理 2700/5844 只股票，成功 2465 只
2025-08-13 20:46:49,448 - INFO - 📈 已处理 2750/5844 只股票，成功 2515 只
2025-08-13 20:47:06,027 - INFO - 📈 已处理 2800/5844 只股票，成功 2565 只
2025-08-13 20:47:25,218 - INFO - 📈 已处理 2850/5844 只股票，成功 2615 只
2025-08-13 20:47:41,678 - INFO - 📈 已处理 2900/5844 只股票，成功 2665 只
2025-08-13 20:48:03,123 - INFO - 📈 已处理 2950/5844 只股票，成功 2715 只
2025-08-13 20:48:20,790 - INFO - 📈 已处理 3000/5844 只股票，成功 2765 只
2025-08-13 20:48:38,017 - INFO - 📈 已处理 3050/5844 只股票，成功 2815 只
2025-08-13 20:48:56,108 - INFO - 📈 已处理 3100/5844 只股票，成功 2865 只
2025-08-13 20:49:12,754 - INFO - 📈 已处理 3150/5844 只股票，成功 2911 只
2025-08-13 20:49:46,725 - INFO - 📈 已处理 3250/5844 只股票，成功 2992 只
2025-08-13 20:50:04,361 - INFO - 📈 已处理 3300/5844 只股票，成功 3039 只
2025-08-13 20:50:22,503 - INFO - 📈 已处理 3350/5844 只股票，成功 3080 只
2025-08-13 20:50:40,519 - INFO - 📈 已处理 3400/5844 只股票，成功 3118 只
2025-08-13 20:51:00,040 - INFO - 📈 已处理 3450/5844 只股票，成功 3165 只
2025-08-13 20:51:18,220 - INFO - 📈 已处理 3500/5844 只股票，成功 3210 只
2025-08-13 20:51:34,345 - INFO - 📈 已处理 3550/5844 只股票，成功 3256 只
2025-08-13 20:51:55,335 - INFO - 📈 已处理 3600/5844 只股票，成功 3302 只
2025-08-13 20:52:16,679 - INFO - 📈 已处理 3650/5844 只股票，成功 3349 只
2025-08-13 20:52:32,429 - INFO - 📈 已处理 3700/5844 只股票，成功 3389 只
2025-08-13 20:52:51,666 - INFO - 📈 已处理 3750/5844 只股票，成功 3428 只
2025-08-13 20:53:13,127 - INFO - 📈 已处理 3800/5844 只股票，成功 3472 只
2025-08-13 20:53:30,425 - INFO - 📈 已处理 3850/5844 只股票，成功 3513 只
2025-08-13 20:53:47,989 - INFO - 📈 已处理 3900/5844 只股票，成功 3555 只
2025-08-13 20:54:05,886 - INFO - 📈 已处理 3950/5844 只股票，成功 3598 只
2025-08-13 20:54:23,101 - INFO - 📈 已处理 4000/5844 只股票，成功 3646 只
2025-08-13 20:54:38,839 - INFO - 📈 已处理 4050/5844 只股票，成功 3694 只
2025-08-13 20:54:57,901 - INFO - 📈 已处理 4100/5844 只股票，成功 3741 只
2025-08-13 20:55:19,039 - INFO - 📈 已处理 4150/5844 只股票，成功 3790 只
2025-08-13 20:55:41,184 - INFO - 📈 已处理 4200/5844 只股票，成功 3840 只
2025-08-13 20:55:58,669 - INFO - 📈 已处理 4250/5844 只股票，成功 3889 只
2025-08-13 20:56:16,958 - INFO - 📈 已处理 4300/5844 只股票，成功 3939 只
2025-08-13 20:56:32,387 - INFO - 📈 已处理 4350/5844 只股票，成功 3988 只
2025-08-13 20:56:50,089 - INFO - 📈 已处理 4400/5844 只股票，成功 4037 只
2025-08-13 20:57:09,838 - INFO - 📈 已处理 4450/5844 只股票，成功 4087 只
2025-08-13 20:57:29,866 - INFO - 📈 已处理 4500/5844 只股票，成功 4137 只
2025-08-13 20:57:49,372 - INFO - 📈 已处理 4550/5844 只股票，成功 4186 只
2025-08-13 20:58:08,505 - INFO - 📈 已处理 4600/5844 只股票，成功 4235 只
2025-08-13 20:58:24,521 - INFO - 📈 已处理 4650/5844 只股票，成功 4284 只
2025-08-13 20:58:41,974 - INFO - 📈 已处理 4700/5844 只股票，成功 4334 只
2025-08-13 20:58:57,887 - INFO - 📈 已处理 4750/5844 只股票，成功 4384 只
2025-08-13 20:59:15,280 - INFO - 📈 已处理 4800/5844 只股票，成功 4434 只
2025-08-13 20:59:31,335 - INFO - 📈 已处理 4850/5844 只股票，成功 4482 只
2025-08-13 20:59:49,374 - INFO - 📈 已处理 4900/5844 只股票，成功 4532 只
2025-08-13 21:00:28,066 - INFO - 📈 已处理 4950/5844 只股票，成功 4582 只
2025-08-13 21:01:28,410 - INFO - 📈 已处理 5000/5844 只股票，成功 4632 只
2025-08-13 21:01:46,657 - INFO - 📈 已处理 5050/5844 只股票，成功 4682 只
2025-08-13 21:02:09,383 - INFO - 📈 已处理 5100/5844 只股票，成功 4732 只
2025-08-13 21:02:29,627 - INFO - 📈 已处理 5150/5844 只股票，成功 4782 只
2025-08-13 21:02:46,635 - INFO - 📈 已处理 5200/5844 只股票，成功 4832 只
2025-08-13 21:03:06,228 - INFO - 📈 已处理 5250/5844 只股票，成功 4882 只
2025-08-13 21:03:24,606 - INFO - 📈 已处理 5300/5844 只股票，成功 4932 只
2025-08-13 21:03:44,544 - INFO - 📈 已处理 5350/5844 只股票，成功 4982 只
2025-08-13 21:04:03,790 - INFO - 📈 已处理 5400/5844 只股票，成功 5032 只
2025-08-13 21:04:20,080 - INFO - 📈 已处理 5450/5844 只股票，成功 5082 只
2025-08-13 21:04:57,455 - INFO - 📈 已处理 5500/5844 只股票，成功 5132 只
2025-08-13 21:05:17,325 - INFO - 📈 已处理 5550/5844 只股票，成功 5182 只
2025-08-13 21:05:35,764 - INFO - 📈 已处理 5600/5844 只股票，成功 5232 只
2025-08-13 21:05:54,476 - INFO - 📈 已处理 5650/5844 只股票，成功 5282 只
2025-08-13 21:06:14,128 - INFO - 📈 已处理 5700/5844 只股票，成功 5332 只
2025-08-13 21:06:32,243 - INFO - 📈 已处理 5750/5844 只股票，成功 5382 只
2025-08-13 21:07:04,277 - INFO - ✅ 本周K线更新完成: 5420 条记录
2025-08-13 21:07:04,277 - INFO - 清空同花顺的概念代码信息...
2025-08-13 21:07:04,349 - INFO - 🚀 开始获取ADATA所有同花顺的概念代码信息...
2025-08-13 21:07:05,230 - INFO - 📊 获取到 391 只概念代码信息
2025-08-13 21:07:05,251 - INFO - 📈 已插入 100 只概念代码信息
2025-08-13 21:07:05,263 - INFO - 📈 已插入 200 只概念代码信息
2025-08-13 21:07:05,283 - INFO - 📈 已插入 300 只概念代码信息
2025-08-13 21:07:05,299 - INFO - ✅ 成功插入 391 只概念代码信息
2025-08-13 21:07:05,299 - INFO - 清空同花顺股票概念关系...
2025-08-13 21:07:05,381 - INFO - 🚀 开始获取ADATA同花顺股票概念关系...
2025-08-13 21:07:05,381 - INFO - 获取概念代码，开始处理
2025-08-13 21:07:06,062 - INFO - 获取ADATA概念相关股票，开始处理
2025-08-13 21:07:06,980 - INFO - 获取ADATA概念相关股票，开始处理
2025-08-13 21:07:07,737 - INFO - 获取ADATA概念相关股票，开始处理
2025-08-13 21:07:11,853 - INFO - 获取ADATA概念相关股票，开始处理
2025-08-13 21:07:13,446 - INFO - 获取ADATA概念相关股票，开始处理
2025-08-13 21:07:14,141 - INFO - 获取ADATA概念相关股票，开始处理
2025-08-13 21:07:14,842 - INFO - 获取ADATA概念相关股票，开始处理
2025-08-13 21:07:15,605 - INFO - 获取ADATA概念相关股票，开始处理
2025-08-13 21:07:16,324 - INFO - 获取ADATA概念相关股票，开始处理
2025-08-13 21:07:17,065 - INFO - 获取ADATA概念相关股票，开始处理
2025-08-13 21:07:17,937 - INFO - 获取ADATA概念相关股票，开始处理
2025-08-13 21:07:18,774 - INFO - 获取ADATA概念相关股票，开始处理
2025-08-13 21:07:19,486 - INFO - 获取ADATA概念相关股票，开始处理
2025-08-13 21:07:20,299 - INFO - 获取ADATA概念相关股票，开始处理
2025-08-13 21:07:21,053 - INFO - 获取ADATA概念相关股票，开始处理
2025-08-13 21:07:21,792 - INFO - 获取ADATA概念相关股票，开始处理
2025-08-13 21:07:22,300 - INFO - 获取ADATA概念相关股票，开始处理
2025-08-13 21:07:23,199 - INFO - 获取ADATA概念相关股票，开始处理
2025-08-13 21:07:24,053 - INFO - 获取ADATA概念相关股票，开始处理
2025-08-13 21:07:25,066 - INFO - 获取ADATA概念相关股票，开始处理
2025-08-13 21:07:25,955 - INFO - 获取ADATA概念相关股票，开始处理
2025-08-13 21:07:26,667 - INFO - 获取ADATA概念相关股票，开始处理
2025-08-13 21:07:27,446 - INFO - 获取ADATA概念相关股票，开始处理
2025-08-13 21:07:31,356 - INFO - 获取ADATA概念相关股票，开始处理
2025-08-13 21:07:32,115 - INFO - 获取ADATA概念相关股票，开始处理
2025-08-13 21:07:32,895 - INFO - 获取ADATA概念相关股票，开始处理
2025-08-13 21:07:33,954 - INFO - 获取ADATA概念相关股票，开始处理
2025-08-13 21:07:34,768 - INFO - 获取ADATA概念相关股票，开始处理
2025-08-13 21:07:35,533 - INFO - 获取ADATA概念相关股票，开始处理
2025-08-13 21:07:36,350 - INFO - 获取ADATA概念相关股票，开始处理
2025-08-13 21:07:37,099 - INFO - 获取ADATA概念相关股票，开始处理
2025-08-13 21:07:37,890 - INFO - 获取ADATA概念相关股票，开始处理
2025-08-13 21:07:38,750 - INFO - 获取ADATA概念相关股票，开始处理
2025-08-13 21:07:39,481 - INFO - 获取ADATA概念相关股票，开始处理
2025-08-13 21:07:40,276 - INFO - 获取ADATA概念相关股票，开始处理
2025-08-13 21:07:41,019 - INFO - 获取ADATA概念相关股票，开始处理
2025-08-13 21:07:41,796 - INFO - 获取ADATA概念相关股票，开始处理
2025-08-13 21:07:42,594 - INFO - 获取ADATA概念相关股票，开始处理
2025-08-13 21:07:43,192 - INFO - 获取ADATA概念相关股票，开始处理
2025-08-13 21:07:43,651 - INFO - 获取ADATA概念相关股票，开始处理
2025-08-13 21:07:44,338 - INFO - 获取ADATA概念相关股票，开始处理
2025-08-13 21:07:45,280 - INFO - 获取ADATA概念相关股票，开始处理
2025-08-13 21:07:46,200 - INFO - 获取ADATA概念相关股票，开始处理
2025-08-13 21:07:46,957 - INFO - 获取ADATA概念相关股票，开始处理
2025-08-13 21:07:47,693 - INFO - 获取ADATA概念相关股票，开始处理
2025-08-13 21:07:48,375 - INFO - 获取ADATA概念相关股票，开始处理
2025-08-13 21:07:49,175 - INFO - 获取ADATA概念相关股票，开始处理
2025-08-13 21:07:50,259 - INFO - 获取ADATA概念相关股票，开始处理
2025-08-13 21:07:51,595 - INFO - 获取ADATA概念相关股票，开始处理
2025-08-13 21:07:52,759 - INFO - 获取ADATA概念相关股票，开始处理
2025-08-13 21:07:52,847 - INFO - 📈 已处理 50/6 只概念，成功 50 只
2025-08-13 21:07:53,579 - INFO - 获取ADATA概念相关股票，开始处理
2025-08-13 21:07:54,284 - INFO - 获取ADATA概念相关股票，开始处理
2025-08-13 21:07:55,830 - INFO - 获取ADATA概念相关股票，开始处理
2025-08-13 21:07:57,836 - INFO - 获取ADATA概念相关股票，开始处理
2025-08-13 21:07:58,671 - INFO - 获取ADATA概念相关股票，开始处理
2025-08-13 21:07:59,515 - INFO - 获取ADATA概念相关股票，开始处理
2025-08-13 21:08:02,233 - INFO - 获取ADATA概念相关股票，开始处理
2025-08-13 21:08:03,053 - INFO - 获取ADATA概念相关股票，开始处理
2025-08-13 21:08:03,864 - INFO - 获取ADATA概念相关股票，开始处理
2025-08-13 21:08:04,658 - INFO - 获取ADATA概念相关股票，开始处理
2025-08-13 21:08:05,370 - INFO - 获取ADATA概念相关股票，开始处理
2025-08-13 21:08:06,055 - INFO - 获取ADATA概念相关股票，开始处理
2025-08-13 21:08:06,913 - INFO - 获取ADATA概念相关股票，开始处理
2025-08-13 21:08:07,749 - INFO - 获取ADATA概念相关股票，开始处理
2025-08-13 21:08:09,610 - INFO - 获取ADATA概念相关股票，开始处理
2025-08-13 21:08:10,407 - INFO - 获取ADATA概念相关股票，开始处理
2025-08-13 21:08:11,118 - INFO - 获取ADATA概念相关股票，开始处理
2025-08-13 21:08:11,913 - INFO - 获取ADATA概念相关股票，开始处理
2025-08-13 21:08:12,730 - INFO - 获取ADATA概念相关股票，开始处理
2025-08-13 21:08:13,444 - INFO - 获取ADATA概念相关股票，开始处理
2025-08-13 21:08:14,197 - INFO - 获取ADATA概念相关股票，开始处理
2025-08-13 21:08:14,945 - INFO - 获取ADATA概念相关股票，开始处理
2025-08-13 21:08:15,732 - INFO - 获取ADATA概念相关股票，开始处理
2025-08-13 21:08:16,507 - INFO - 获取ADATA概念相关股票，开始处理
2025-08-13 21:08:17,182 - INFO - 获取ADATA概念相关股票，开始处理
2025-08-13 21:08:17,732 - INFO - 获取ADATA概念相关股票，开始处理
2025-08-13 21:08:18,582 - INFO - 获取ADATA概念相关股票，开始处理
2025-08-13 21:08:21,454 - INFO - 获取ADATA概念相关股票，开始处理
2025-08-13 21:08:22,173 - INFO - 获取ADATA概念相关股票，开始处理
2025-08-13 21:08:22,976 - INFO - 获取ADATA概念相关股票，开始处理
2025-08-13 21:08:23,759 - INFO - 获取ADATA概念相关股票，开始处理
2025-08-13 21:08:24,492 - INFO - 获取ADATA概念相关股票，开始处理
2025-08-13 21:08:25,246 - INFO - 获取ADATA概念相关股票，开始处理
2025-08-13 21:08:25,957 - INFO - 获取ADATA概念相关股票，开始处理
2025-08-13 21:08:26,649 - INFO - 获取ADATA概念相关股票，开始处理
2025-08-13 21:08:27,343 - INFO - 获取ADATA概念相关股票，开始处理
2025-08-13 21:08:28,016 - INFO - 获取ADATA概念相关股票，开始处理
2025-08-13 21:08:28,857 - INFO - 获取ADATA概念相关股票，开始处理
2025-08-13 21:08:29,682 - INFO - 获取ADATA概念相关股票，开始处理
2025-08-13 21:08:30,413 - INFO - 获取ADATA概念相关股票，开始处理
2025-08-13 21:08:31,589 - INFO - 获取ADATA概念相关股票，开始处理
2025-08-13 21:08:32,332 - INFO - 获取ADATA概念相关股票，开始处理
2025-08-13 21:08:33,180 - INFO - 获取ADATA概念相关股票，开始处理
2025-08-13 21:08:34,022 - INFO - 获取ADATA概念相关股票，开始处理
2025-08-13 21:08:34,865 - INFO - 获取ADATA概念相关股票，开始处理
2025-08-13 21:08:35,599 - INFO - 获取ADATA概念相关股票，开始处理
2025-08-13 21:08:36,925 - INFO - 获取ADATA概念相关股票，开始处理
2025-08-13 21:08:37,893 - INFO - 获取ADATA概念相关股票，开始处理
2025-08-13 21:08:39,230 - INFO - 获取ADATA概念相关股票，开始处理
2025-08-13 21:08:40,181 - INFO - 获取ADATA概念相关股票，开始处理
2025-08-13 21:08:40,300 - INFO - 📈 已处理 100/6 只概念，成功 100 只
2025-08-13 21:08:42,215 - INFO - 获取ADATA概念相关股票，开始处理
2025-08-13 21:08:42,973 - INFO - 获取ADATA概念相关股票，开始处理
2025-08-13 21:08:43,779 - INFO - 获取ADATA概念相关股票，开始处理
2025-08-13 21:08:44,770 - INFO - 获取ADATA概念相关股票，开始处理
2025-08-13 21:08:46,004 - INFO - 获取ADATA概念相关股票，开始处理
2025-08-13 21:08:46,903 - INFO - 获取ADATA概念相关股票，开始处理
2025-08-13 21:08:47,585 - INFO - 获取ADATA概念相关股票，开始处理
2025-08-13 21:08:48,292 - INFO - 获取ADATA概念相关股票，开始处理
2025-08-13 21:08:49,164 - INFO - 获取ADATA概念相关股票，开始处理
2025-08-13 21:08:49,890 - INFO - 获取ADATA概念相关股票，开始处理
2025-08-13 21:08:50,631 - INFO - 获取ADATA概念相关股票，开始处理
2025-08-13 21:08:51,502 - INFO - 获取ADATA概念相关股票，开始处理
2025-08-13 21:08:52,261 - INFO - 获取ADATA概念相关股票，开始处理
2025-08-13 21:08:53,044 - INFO - 获取ADATA概念相关股票，开始处理
2025-08-13 21:08:53,723 - INFO - 获取ADATA概念相关股票，开始处理
2025-08-13 21:08:54,533 - INFO - 获取ADATA概念相关股票，开始处理
2025-08-13 21:08:55,345 - INFO - 获取ADATA概念相关股票，开始处理
2025-08-13 21:08:55,969 - INFO - 获取ADATA概念相关股票，开始处理
2025-08-13 21:08:56,539 - INFO - 获取ADATA概念相关股票，开始处理
2025-08-13 21:08:57,253 - INFO - 获取ADATA概念相关股票，开始处理
2025-08-13 21:08:57,939 - INFO - 获取ADATA概念相关股票，开始处理
2025-08-13 21:08:58,575 - INFO - 获取ADATA概念相关股票，开始处理
2025-08-13 21:08:59,622 - INFO - 获取ADATA概念相关股票，开始处理
2025-08-13 21:09:00,523 - INFO - 获取ADATA概念相关股票，开始处理
2025-08-13 21:09:01,272 - INFO - 获取ADATA概念相关股票，开始处理
2025-08-13 21:09:01,966 - INFO - 获取ADATA概念相关股票，开始处理
2025-08-13 21:09:02,686 - INFO - 获取ADATA概念相关股票，开始处理
2025-08-13 21:09:03,364 - INFO - 获取ADATA概念相关股票，开始处理
2025-08-13 21:09:04,034 - INFO - 获取ADATA概念相关股票，开始处理
2025-08-13 21:09:04,711 - INFO - 获取ADATA概念相关股票，开始处理
2025-08-13 21:09:05,395 - INFO - 获取ADATA概念相关股票，开始处理
2025-08-13 21:09:06,070 - INFO - 获取ADATA概念相关股票，开始处理
2025-08-13 21:09:08,945 - INFO - 获取ADATA概念相关股票，开始处理
2025-08-13 21:09:09,647 - INFO - 获取ADATA概念相关股票，开始处理
2025-08-13 21:09:10,326 - INFO - 获取ADATA概念相关股票，开始处理
2025-08-13 21:09:11,022 - INFO - 获取ADATA概念相关股票，开始处理
2025-08-13 21:09:11,761 - INFO - 获取ADATA概念相关股票，开始处理
2025-08-13 21:09:12,556 - INFO - 获取ADATA概念相关股票，开始处理
2025-08-13 21:09:13,323 - INFO - 获取ADATA概念相关股票，开始处理
2025-08-13 21:09:13,979 - INFO - 获取ADATA概念相关股票，开始处理
2025-08-13 21:09:14,635 - INFO - 获取ADATA概念相关股票，开始处理
2025-08-13 21:09:15,487 - INFO - 获取ADATA概念相关股票，开始处理
2025-08-13 21:09:16,408 - INFO - 获取ADATA概念相关股票，开始处理
2025-08-13 21:09:17,150 - INFO - 获取ADATA概念相关股票，开始处理
2025-08-13 21:09:17,844 - INFO - 获取ADATA概念相关股票，开始处理
2025-08-13 21:09:18,601 - INFO - 获取ADATA概念相关股票，开始处理
2025-08-13 21:09:19,366 - INFO - 获取ADATA概念相关股票，开始处理
2025-08-13 21:09:19,918 - INFO - 获取ADATA概念相关股票，开始处理
2025-08-13 21:09:20,563 - INFO - 获取ADATA概念相关股票，开始处理
2025-08-13 21:09:21,332 - INFO - 获取ADATA概念相关股票，开始处理
2025-08-13 21:09:21,386 - INFO - 📈 已处理 150/6 只概念，成功 150 只
2025-08-13 21:09:22,246 - INFO - 获取ADATA概念相关股票，开始处理
2025-08-13 21:09:22,909 - INFO - 获取ADATA概念相关股票，开始处理
2025-08-13 21:09:24,079 - INFO - 获取ADATA概念相关股票，开始处理
2025-08-13 21:09:24,902 - INFO - 获取ADATA概念相关股票，开始处理
2025-08-13 21:09:25,666 - INFO - 获取ADATA概念相关股票，开始处理
2025-08-13 21:09:26,214 - INFO - 获取ADATA概念相关股票，开始处理
2025-08-13 21:09:26,875 - INFO - 获取ADATA概念相关股票，开始处理
2025-08-13 21:09:27,794 - INFO - 获取ADATA概念相关股票，开始处理
2025-08-13 21:09:28,497 - INFO - 获取ADATA概念相关股票，开始处理
2025-08-13 21:09:29,173 - INFO - 获取ADATA概念相关股票，开始处理
2025-08-13 21:09:29,851 - INFO - 获取ADATA概念相关股票，开始处理
2025-08-13 21:09:30,601 - INFO - 获取ADATA概念相关股票，开始处理
2025-08-13 21:09:31,481 - INFO - 获取ADATA概念相关股票，开始处理
2025-08-13 21:09:32,270 - INFO - 获取ADATA概念相关股票，开始处理
2025-08-13 21:09:32,944 - INFO - 获取ADATA概念相关股票，开始处理
2025-08-13 21:09:33,544 - INFO - 获取ADATA概念相关股票，开始处理
2025-08-13 21:09:34,277 - INFO - 获取ADATA概念相关股票，开始处理
2025-08-13 21:09:35,060 - INFO - 获取ADATA概念相关股票，开始处理
2025-08-13 21:09:35,894 - INFO - 获取ADATA概念相关股票，开始处理
2025-08-13 21:09:36,622 - INFO - 获取ADATA概念相关股票，开始处理
2025-08-13 21:09:37,333 - INFO - 获取ADATA概念相关股票，开始处理
2025-08-13 21:09:38,312 - INFO - 获取ADATA概念相关股票，开始处理
2025-08-13 21:09:39,092 - INFO - 获取ADATA概念相关股票，开始处理
2025-08-13 21:09:39,789 - INFO - 获取ADATA概念相关股票，开始处理
2025-08-13 21:09:40,470 - INFO - 获取ADATA概念相关股票，开始处理
2025-08-13 21:09:41,157 - INFO - 获取ADATA概念相关股票，开始处理
2025-08-13 21:09:41,858 - INFO - 获取ADATA概念相关股票，开始处理
2025-08-13 21:09:42,524 - INFO - 获取ADATA概念相关股票，开始处理
2025-08-13 21:09:43,843 - INFO - 获取ADATA概念相关股票，开始处理
2025-08-13 21:09:44,407 - INFO - 获取ADATA概念相关股票，开始处理
2025-08-13 21:09:45,105 - INFO - 获取ADATA概念相关股票，开始处理
2025-08-13 21:09:45,878 - INFO - 获取ADATA概念相关股票，开始处理
2025-08-13 21:09:46,476 - INFO - 获取ADATA概念相关股票，开始处理
2025-08-13 21:09:47,142 - INFO - 获取ADATA概念相关股票，开始处理
2025-08-13 21:09:47,834 - INFO - 获取ADATA概念相关股票，开始处理
2025-08-13 21:09:48,529 - INFO - 获取ADATA概念相关股票，开始处理
2025-08-13 21:09:49,275 - INFO - 获取ADATA概念相关股票，开始处理
2025-08-13 21:09:49,942 - INFO - 获取ADATA概念相关股票，开始处理
2025-08-13 21:09:50,621 - INFO - 获取ADATA概念相关股票，开始处理
2025-08-13 21:09:51,306 - INFO - 获取ADATA概念相关股票，开始处理
2025-08-13 21:09:52,007 - INFO - 获取ADATA概念相关股票，开始处理
2025-08-13 21:09:52,695 - INFO - 获取ADATA概念相关股票，开始处理
2025-08-13 21:09:53,388 - INFO - 获取ADATA概念相关股票，开始处理
2025-08-13 21:09:54,046 - INFO - 获取ADATA概念相关股票，开始处理
2025-08-13 21:09:54,790 - INFO - 获取ADATA概念相关股票，开始处理
2025-08-13 21:09:55,519 - INFO - 获取ADATA概念相关股票，开始处理
2025-08-13 21:09:56,219 - INFO - 获取ADATA概念相关股票，开始处理
2025-08-13 21:09:56,897 - INFO - 获取ADATA概念相关股票，开始处理
2025-08-13 21:09:57,650 - INFO - 获取ADATA概念相关股票，开始处理
2025-08-13 21:09:58,399 - INFO - 获取ADATA概念相关股票，开始处理
2025-08-13 21:09:58,413 - INFO - 📈 已处理 200/6 只概念，成功 200 只
2025-08-13 21:10:01,411 - INFO - 获取ADATA概念相关股票，开始处理
2025-08-13 21:10:02,215 - INFO - 获取ADATA概念相关股票，开始处理
2025-08-13 21:10:02,934 - INFO - 获取ADATA概念相关股票，开始处理
2025-08-13 21:10:03,624 - INFO - 获取ADATA概念相关股票，开始处理
2025-08-13 21:10:04,320 - INFO - 获取ADATA概念相关股票，开始处理
2025-08-13 21:10:05,017 - INFO - 获取ADATA概念相关股票，开始处理
2025-08-13 21:10:05,716 - INFO - 获取ADATA概念相关股票，开始处理
2025-08-13 21:10:06,476 - INFO - 获取ADATA概念相关股票，开始处理
2025-08-13 21:10:07,141 - INFO - 获取ADATA概念相关股票，开始处理
2025-08-13 21:10:07,817 - INFO - 获取ADATA概念相关股票，开始处理
2025-08-13 21:10:08,494 - INFO - 获取ADATA概念相关股票，开始处理
2025-08-13 21:10:09,172 - INFO - 获取ADATA概念相关股票，开始处理
2025-08-13 21:10:09,909 - INFO - 获取ADATA概念相关股票，开始处理
2025-08-13 21:10:12,668 - INFO - 获取ADATA概念相关股票，开始处理
2025-08-13 21:10:13,247 - INFO - 获取ADATA概念相关股票，开始处理
2025-08-13 21:10:14,031 - INFO - 获取ADATA概念相关股票，开始处理
2025-08-13 21:10:14,738 - INFO - 获取ADATA概念相关股票，开始处理
2025-08-13 21:10:15,501 - INFO - 获取ADATA概念相关股票，开始处理
2025-08-13 21:10:16,201 - INFO - 获取ADATA概念相关股票，开始处理
2025-08-13 21:10:16,882 - INFO - 获取ADATA概念相关股票，开始处理
2025-08-13 21:10:17,553 - INFO - 获取ADATA概念相关股票，开始处理
2025-08-13 21:10:18,320 - INFO - 获取ADATA概念相关股票，开始处理
2025-08-13 21:10:19,022 - INFO - 获取ADATA概念相关股票，开始处理
2025-08-13 21:10:19,703 - INFO - 获取ADATA概念相关股票，开始处理
2025-08-13 21:10:20,450 - INFO - 获取ADATA概念相关股票，开始处理
2025-08-13 21:10:21,214 - INFO - 获取ADATA概念相关股票，开始处理
2025-08-13 21:10:22,165 - INFO - 获取ADATA概念相关股票，开始处理
2025-08-13 21:10:22,915 - INFO - 获取ADATA概念相关股票，开始处理
2025-08-13 21:10:23,697 - INFO - 获取ADATA概念相关股票，开始处理
2025-08-13 21:10:24,510 - INFO - 获取ADATA概念相关股票，开始处理
2025-08-13 21:10:25,214 - INFO - 获取ADATA概念相关股票，开始处理
2025-08-13 21:10:25,902 - INFO - 获取ADATA概念相关股票，开始处理
2025-08-13 21:10:26,574 - INFO - 获取ADATA概念相关股票，开始处理
2025-08-13 21:10:27,298 - INFO - 获取ADATA概念相关股票，开始处理
2025-08-13 21:10:28,492 - INFO - 获取ADATA概念相关股票，开始处理
2025-08-13 21:10:29,345 - INFO - 获取ADATA概念相关股票，开始处理
2025-08-13 21:10:30,042 - INFO - 获取ADATA概念相关股票，开始处理
2025-08-13 21:10:30,741 - INFO - 获取ADATA概念相关股票，开始处理
2025-08-13 21:10:31,550 - INFO - 获取ADATA概念相关股票，开始处理
2025-08-13 21:10:32,280 - INFO - 获取ADATA概念相关股票，开始处理
2025-08-13 21:10:33,155 - INFO - 获取ADATA概念相关股票，开始处理
2025-08-13 21:10:33,879 - INFO - 获取ADATA概念相关股票，开始处理
2025-08-13 21:10:34,540 - INFO - 获取ADATA概念相关股票，开始处理
2025-08-13 21:10:35,238 - INFO - 获取ADATA概念相关股票，开始处理
2025-08-13 21:10:35,966 - INFO - 获取ADATA概念相关股票，开始处理
2025-08-13 21:10:36,723 - INFO - 获取ADATA概念相关股票，开始处理
2025-08-13 21:10:37,403 - INFO - 获取ADATA概念相关股票，开始处理
2025-08-13 21:10:38,079 - INFO - 获取ADATA概念相关股票，开始处理
2025-08-13 21:10:38,824 - INFO - 获取ADATA概念相关股票，开始处理
2025-08-13 21:10:39,629 - INFO - 获取ADATA概念相关股票，开始处理
2025-08-13 21:10:39,682 - INFO - 📈 已处理 250/6 只概念，成功 250 只
2025-08-13 21:10:42,083 - INFO - 获取ADATA概念相关股票，开始处理
2025-08-13 21:10:42,799 - INFO - 获取ADATA概念相关股票，开始处理
2025-08-13 21:10:43,532 - INFO - 获取ADATA概念相关股票，开始处理
2025-08-13 21:10:44,297 - INFO - 获取ADATA概念相关股票，开始处理
2025-08-13 21:10:44,970 - INFO - 获取ADATA概念相关股票，开始处理
2025-08-13 21:10:45,681 - INFO - 获取ADATA概念相关股票，开始处理
2025-08-13 21:10:46,373 - INFO - 获取ADATA概念相关股票，开始处理
2025-08-13 21:10:47,129 - INFO - 获取ADATA概念相关股票，开始处理
2025-08-13 21:10:48,015 - INFO - 获取ADATA概念相关股票，开始处理
2025-08-13 21:10:48,740 - INFO - 获取ADATA概念相关股票，开始处理
2025-08-13 21:10:49,479 - INFO - 获取ADATA概念相关股票，开始处理
2025-08-13 21:10:50,175 - INFO - 获取ADATA概念相关股票，开始处理
2025-08-13 21:10:50,911 - INFO - 获取ADATA概念相关股票，开始处理
2025-08-13 21:10:51,607 - INFO - 获取ADATA概念相关股票，开始处理
2025-08-13 21:10:52,361 - INFO - 获取ADATA概念相关股票，开始处理
2025-08-13 21:10:53,061 - INFO - 获取ADATA概念相关股票，开始处理
2025-08-13 21:10:53,776 - INFO - 获取ADATA概念相关股票，开始处理
2025-08-13 21:10:55,052 - INFO - 获取ADATA概念相关股票，开始处理
2025-08-13 21:10:55,794 - INFO - 获取ADATA概念相关股票，开始处理
2025-08-13 21:10:56,454 - INFO - 获取ADATA概念相关股票，开始处理
2025-08-13 21:10:57,150 - INFO - 获取ADATA概念相关股票，开始处理
2025-08-13 21:10:57,838 - INFO - 获取ADATA概念相关股票，开始处理
2025-08-13 21:10:58,495 - INFO - 获取ADATA概念相关股票，开始处理
2025-08-13 21:10:59,175 - INFO - 获取ADATA概念相关股票，开始处理
2025-08-13 21:10:59,869 - INFO - 获取ADATA概念相关股票，开始处理
2025-08-13 21:11:00,609 - INFO - 获取ADATA概念相关股票，开始处理
2025-08-13 21:11:01,272 - INFO - 获取ADATA概念相关股票，开始处理
2025-08-13 21:11:02,127 - INFO - 获取ADATA概念相关股票，开始处理
2025-08-13 21:11:02,917 - INFO - 获取ADATA概念相关股票，开始处理
2025-08-13 21:11:03,668 - INFO - 获取ADATA概念相关股票，开始处理
2025-08-13 21:11:04,356 - INFO - 获取ADATA概念相关股票，开始处理
2025-08-13 21:11:05,077 - INFO - 获取ADATA概念相关股票，开始处理
2025-08-13 21:11:05,732 - INFO - 获取ADATA概念相关股票，开始处理
2025-08-13 21:11:06,435 - INFO - 获取ADATA概念相关股票，开始处理
2025-08-13 21:11:07,142 - INFO - 获取ADATA概念相关股票，开始处理
2025-08-13 21:11:07,901 - INFO - 获取ADATA概念相关股票，开始处理
2025-08-13 21:11:08,607 - INFO - 获取ADATA概念相关股票，开始处理
2025-08-13 21:11:09,327 - INFO - 获取ADATA概念相关股票，开始处理
2025-08-13 21:11:10,078 - INFO - 获取ADATA概念相关股票，开始处理
2025-08-13 21:11:10,800 - INFO - 获取ADATA概念相关股票，开始处理
2025-08-13 21:11:11,493 - INFO - 获取ADATA概念相关股票，开始处理
2025-08-13 21:11:12,205 - INFO - 获取ADATA概念相关股票，开始处理
2025-08-13 21:11:13,203 - INFO - 获取ADATA概念相关股票，开始处理
2025-08-13 21:11:13,968 - INFO - 获取ADATA概念相关股票，开始处理
2025-08-13 21:11:14,692 - INFO - 获取ADATA概念相关股票，开始处理
2025-08-13 21:11:15,385 - INFO - 获取ADATA概念相关股票，开始处理
2025-08-13 21:11:16,132 - INFO - 获取ADATA概念相关股票，开始处理
2025-08-13 21:11:16,927 - INFO - 获取ADATA概念相关股票，开始处理
2025-08-13 21:11:17,642 - INFO - 获取ADATA概念相关股票，开始处理
2025-08-13 21:11:18,356 - INFO - 获取ADATA概念相关股票，开始处理
2025-08-13 21:11:18,383 - INFO - 📈 已处理 300/6 只概念，成功 300 只
2025-08-13 21:11:19,041 - INFO - 获取ADATA概念相关股票，开始处理
2025-08-13 21:11:19,703 - INFO - 获取ADATA概念相关股票，开始处理
2025-08-13 21:11:20,405 - INFO - 获取ADATA概念相关股票，开始处理
2025-08-13 21:11:21,140 - INFO - 获取ADATA概念相关股票，开始处理
2025-08-13 21:11:21,878 - INFO - 获取ADATA概念相关股票，开始处理
2025-08-13 21:11:22,671 - INFO - 获取ADATA概念相关股票，开始处理
2025-08-13 21:11:23,342 - INFO - 获取ADATA概念相关股票，开始处理
2025-08-13 21:11:24,051 - INFO - 获取ADATA概念相关股票，开始处理
2025-08-13 21:11:24,882 - INFO - 获取ADATA概念相关股票，开始处理
2025-08-13 21:11:25,713 - INFO - 获取ADATA概念相关股票，开始处理
2025-08-13 21:11:26,319 - INFO - 获取ADATA概念相关股票，开始处理
2025-08-13 21:11:27,058 - INFO - 获取ADATA概念相关股票，开始处理
2025-08-13 21:11:27,626 - INFO - 获取ADATA概念相关股票，开始处理
2025-08-13 21:11:28,386 - INFO - 获取ADATA概念相关股票，开始处理
2025-08-13 21:11:29,079 - INFO - 获取ADATA概念相关股票，开始处理
2025-08-13 21:11:31,214 - INFO - 获取ADATA概念相关股票，开始处理
2025-08-13 21:11:32,105 - INFO - 获取ADATA概念相关股票，开始处理
2025-08-13 21:11:32,762 - INFO - 获取ADATA概念相关股票，开始处理
2025-08-13 21:11:33,560 - INFO - 获取ADATA概念相关股票，开始处理
2025-08-13 21:11:34,216 - INFO - 获取ADATA概念相关股票，开始处理
2025-08-13 21:11:35,029 - INFO - 获取ADATA概念相关股票，开始处理
2025-08-13 21:11:35,827 - INFO - 获取ADATA概念相关股票，开始处理
2025-08-13 21:11:36,542 - INFO - 获取ADATA概念相关股票，开始处理
2025-08-13 21:11:38,951 - INFO - 获取ADATA概念相关股票，开始处理
2025-08-13 21:11:39,671 - INFO - 获取ADATA概念相关股票，开始处理
2025-08-13 21:11:40,376 - INFO - 获取ADATA概念相关股票，开始处理
2025-08-13 21:11:41,059 - INFO - 获取ADATA概念相关股票，开始处理
2025-08-13 21:11:41,756 - INFO - 获取ADATA概念相关股票，开始处理
2025-08-13 21:11:42,458 - INFO - 获取ADATA概念相关股票，开始处理
2025-08-13 21:11:43,164 - INFO - 获取ADATA概念相关股票，开始处理
2025-08-13 21:11:44,009 - INFO - 获取ADATA概念相关股票，开始处理
2025-08-13 21:11:44,760 - INFO - 获取ADATA概念相关股票，开始处理
2025-08-13 21:11:45,432 - INFO - 获取ADATA概念相关股票，开始处理
2025-08-13 21:11:46,136 - INFO - 获取ADATA概念相关股票，开始处理
2025-08-13 21:11:46,824 - INFO - 获取ADATA概念相关股票，开始处理
2025-08-13 21:11:47,516 - INFO - 获取ADATA概念相关股票，开始处理
2025-08-13 21:11:48,155 - INFO - 获取ADATA概念相关股票，开始处理
2025-08-13 21:11:48,825 - INFO - 获取ADATA概念相关股票，开始处理
2025-08-13 21:11:49,516 - INFO - 获取ADATA概念相关股票，开始处理
2025-08-13 21:11:50,304 - INFO - 获取ADATA概念相关股票，开始处理
2025-08-13 21:11:51,006 - INFO - 获取ADATA概念相关股票，开始处理
2025-08-13 21:11:51,673 - INFO - 获取ADATA概念相关股票，开始处理
2025-08-13 21:11:52,314 - INFO - 获取ADATA概念相关股票，开始处理
2025-08-13 21:11:52,990 - INFO - 获取ADATA概念相关股票，开始处理
2025-08-13 21:11:53,710 - INFO - 获取ADATA概念相关股票，开始处理
2025-08-13 21:11:54,386 - INFO - 获取ADATA概念相关股票，开始处理
2025-08-13 21:11:55,137 - INFO - 获取ADATA概念相关股票，开始处理
2025-08-13 21:11:55,882 - INFO - 获取ADATA概念相关股票，开始处理
2025-08-13 21:11:56,635 - INFO - 获取ADATA概念相关股票，开始处理
2025-08-13 21:11:57,350 - INFO - 获取ADATA概念相关股票，开始处理
2025-08-13 21:11:57,377 - INFO - 📈 已处理 350/6 只概念，成功 350 只
2025-08-13 21:11:58,117 - INFO - 获取ADATA概念相关股票，开始处理
2025-08-13 21:11:58,862 - INFO - 获取ADATA概念相关股票，开始处理
2025-08-13 21:11:59,522 - INFO - 获取ADATA概念相关股票，开始处理
2025-08-13 21:12:00,235 - INFO - 获取ADATA概念相关股票，开始处理
2025-08-13 21:12:00,910 - INFO - 获取ADATA概念相关股票，开始处理
2025-08-13 21:12:02,626 - INFO - 获取ADATA概念相关股票，开始处理
2025-08-13 21:12:04,556 - INFO - 获取ADATA概念相关股票，开始处理
2025-08-13 21:12:05,292 - INFO - 获取ADATA概念相关股票，开始处理
2025-08-13 21:12:06,879 - INFO - 获取ADATA概念相关股票，开始处理
2025-08-13 21:12:07,567 - INFO - 获取ADATA概念相关股票，开始处理
2025-08-13 21:12:08,271 - INFO - 获取ADATA概念相关股票，开始处理
2025-08-13 21:12:09,135 - INFO - 获取ADATA概念相关股票，开始处理
2025-08-13 21:12:09,844 - INFO - 获取ADATA概念相关股票，开始处理
2025-08-13 21:12:10,522 - INFO - 获取ADATA概念相关股票，开始处理
2025-08-13 21:12:11,204 - INFO - 获取ADATA概念相关股票，开始处理
2025-08-13 21:12:11,894 - INFO - 获取ADATA概念相关股票，开始处理
2025-08-13 21:12:12,642 - INFO - 获取ADATA概念相关股票，开始处理
2025-08-13 21:12:13,430 - INFO - 获取ADATA概念相关股票，开始处理
2025-08-13 21:12:14,165 - INFO - 获取ADATA概念相关股票，开始处理
2025-08-13 21:12:14,846 - INFO - 获取ADATA概念相关股票，开始处理
2025-08-13 21:12:15,553 - INFO - 获取ADATA概念相关股票，开始处理
2025-08-13 21:12:16,215 - INFO - 获取ADATA概念相关股票，开始处理
2025-08-13 21:12:16,965 - INFO - 获取ADATA概念相关股票，开始处理
2025-08-13 21:12:17,916 - INFO - 获取ADATA概念相关股票，开始处理
2025-08-13 21:12:18,703 - INFO - 获取ADATA概念相关股票，开始处理
2025-08-13 21:12:19,513 - INFO - 获取ADATA概念相关股票，开始处理
2025-08-13 21:12:20,290 - INFO - 获取ADATA概念相关股票，开始处理
2025-08-13 21:12:20,985 - INFO - 获取ADATA概念相关股票，开始处理
2025-08-13 21:12:21,688 - INFO - 获取ADATA概念相关股票，开始处理
2025-08-13 21:12:22,353 - INFO - 获取ADATA概念相关股票，开始处理
2025-08-13 21:12:23,157 - INFO - 获取ADATA概念相关股票，开始处理
2025-08-13 21:12:23,930 - INFO - 获取ADATA概念相关股票，开始处理
2025-08-13 21:12:24,604 - INFO - 获取ADATA概念相关股票，开始处理
2025-08-13 21:12:25,506 - INFO - 获取ADATA概念相关股票，开始处理
2025-08-13 21:12:28,722 - INFO - 获取ADATA概念相关股票，开始处理
2025-08-13 21:12:29,292 - INFO - 获取ADATA概念相关股票，开始处理
2025-08-13 21:12:29,987 - INFO - 获取ADATA概念相关股票，开始处理
2025-08-13 21:12:30,744 - INFO - 获取ADATA概念相关股票，开始处理
2025-08-13 21:12:31,619 - INFO - 获取ADATA概念相关股票，开始处理
2025-08-13 21:12:34,155 - INFO - 获取ADATA概念相关股票，开始处理
2025-08-13 21:12:34,453 - WARNING - ⚠️ nan WiFi 6同花顺股票概念关系: substring not found
2025-08-13 21:12:34,454 - INFO - ✅ 本周同花顺股票概念关系更新完成: 390 条记录
2025-08-13 21:12:34,455 - INFO - 📊 开始更新近7个自然日日度资金流）...
2025-08-13 21:12:34,489 - INFO - 📊 准备更新 5844 只股票的近7个自然日日度资金流
2025-08-13 21:12:56,217 - INFO - 📈 已处理 50/5844 只股票，成功 38 只
2025-08-13 21:13:16,108 - INFO - 📈 已处理 100/5844 只股票，成功 81 只
2025-08-13 21:13:38,620 - INFO - 📈 已处理 150/5844 只股票，成功 122 只
2025-08-13 21:14:04,663 - WARNING - ⚠️ 000551 创元科技 日度资金流向更新失败: HTTPSConnectionPool(host='push2his.eastmoney.com', port=443): Max retries exceeded with url: /api/qt/stock/fflow/daykline/get?lmt=0&klt=101&fields1=f1,f2,f3,f7&fields2=f51,f52,f53,f54,f55,f56,f57,f58,f59,f60,f61&secid=0.000551 (Caused by ConnectTimeoutError(<urllib3.connection.HTTPSConnection object at 0x0000023CBD155810>, 'Connection to push2his.eastmoney.com timed out. (connect timeout=None)'))
2025-08-13 21:14:38,206 - WARNING - ⚠️ 000591 太阳能 日度资金流向更新失败: HTTPSConnectionPool(host='push2his.eastmoney.com', port=443): Max retries exceeded with url: /api/qt/stock/fflow/daykline/get?lmt=0&klt=101&fields1=f1,f2,f3,f7&fields2=f51,f52,f53,f54,f55,f56,f57,f58,f59,f60,f61&secid=0.000591 (Caused by ConnectTimeoutError(<urllib3.connection.HTTPSConnection object at 0x0000023CBD157910>, 'Connection to push2his.eastmoney.com timed out. (connect timeout=None)'))
2025-08-13 21:14:41,586 - INFO - 📈 已处理 200/5844 只股票，成功 159 只
2025-08-13 21:15:10,053 - WARNING - ⚠️ 000616 *ST海投 日度资金流向更新失败: HTTPSConnectionPool(host='push2his.eastmoney.com', port=443): Max retries exceeded with url: /api/qt/stock/fflow/daykline/get?lmt=0&klt=101&fields1=f1,f2,f3,f7&fields2=f51,f52,f53,f54,f55,f56,f57,f58,f59,f60,f61&secid=0.000616 (Caused by ConnectTimeoutError(<urllib3.connection.HTTPSConnection object at 0x0000023CBD156230>, 'Connection to push2his.eastmoney.com timed out. (connect timeout=None)'))
2025-08-13 21:15:28,824 - INFO - 📈 已处理 250/5844 只股票，成功 197 只
2025-08-13 21:15:50,117 - INFO - 📈 已处理 300/5844 只股票，成功 238 只
2025-08-13 21:16:12,117 - INFO - 📈 已处理 350/5844 只股票，成功 279 只
2025-08-13 21:16:53,919 - INFO - 📈 已处理 450/5844 只股票，成功 368 只
2025-08-13 21:17:20,300 - INFO - 📈 已处理 500/5844 只股票，成功 411 只
2025-08-13 21:17:44,241 - INFO - 📈 已处理 550/5844 只股票，成功 460 只
2025-08-13 21:18:07,841 - INFO - 📈 已处理 600/5844 只股票，成功 510 只
2025-08-13 21:18:31,024 - INFO - 📈 已处理 650/5844 只股票，成功 557 只
2025-08-13 21:18:53,763 - INFO - 📈 已处理 700/5844 只股票，成功 603 只
2025-08-13 21:19:17,425 - INFO - 📈 已处理 750/5844 只股票，成功 651 只
2025-08-13 21:19:37,291 - INFO - 📈 已处理 800/5844 只股票，成功 699 只
2025-08-13 21:19:58,467 - INFO - 📈 已处理 850/5844 只股票，成功 748 只
2025-08-13 21:20:24,384 - INFO - 📈 已处理 900/5844 只股票，成功 795 只
2025-08-13 21:20:43,804 - INFO - 📈 已处理 950/5844 只股票，成功 841 只
2025-08-13 21:21:15,700 - INFO - 📈 已处理 1000/5844 只股票，成功 890 只
2025-08-13 21:21:48,138 - INFO - 📈 已处理 1050/5844 只股票，成功 936 只
2025-08-13 21:22:06,528 - INFO - 📈 已处理 1100/5844 只股票，成功 981 只
2025-08-13 21:22:22,418 - INFO - 📈 已处理 1150/5844 只股票，成功 1025 只
2025-08-13 21:22:38,823 - INFO - 📈 已处理 1200/5844 只股票，成功 1075 只
2025-08-13 21:23:13,077 - WARNING - ⚠️ 002636 金安国纪 日度资金流向更新失败: HTTPSConnectionPool(host='push2his.eastmoney.com', port=443): Max retries exceeded with url: /api/qt/stock/fflow/daykline/get?lmt=0&klt=101&fields1=f1,f2,f3,f7&fields2=f51,f52,f53,f54,f55,f56,f57,f58,f59,f60,f61&secid=0.002636 (Caused by ConnectTimeoutError(<urllib3.connection.HTTPSConnection object at 0x0000023CBF7BEEF0>, 'Connection to push2his.eastmoney.com timed out. (connect timeout=None)'))
2025-08-13 21:23:15,332 - INFO - 📈 已处理 1250/5844 只股票，成功 1119 只
2025-08-13 21:23:31,498 - INFO - 📈 已处理 1300/5844 只股票，成功 1166 只
2025-08-13 21:23:47,737 - INFO - 📈 已处理 1350/5844 只股票，成功 1213 只
2025-08-13 21:24:04,300 - INFO - 📈 已处理 1400/5844 只股票，成功 1258 只
2025-08-13 21:24:21,072 - INFO - 📈 已处理 1450/5844 只股票，成功 1308 只
2025-08-13 21:24:37,813 - INFO - 📈 已处理 1500/5844 只股票，成功 1358 只
2025-08-13 21:24:54,304 - INFO - 📈 已处理 1550/5844 只股票，成功 1408 只
2025-08-13 21:25:11,663 - INFO - 📈 已处理 1600/5844 只股票，成功 1458 只
2025-08-13 21:25:42,549 - INFO - 📈 已处理 1700/5844 只股票，成功 1538 只
2025-08-13 21:25:58,513 - INFO - 📈 已处理 1750/5844 只股票，成功 1584 只
2025-08-13 21:26:14,447 - INFO - 📈 已处理 1800/5844 只股票，成功 1628 只
2025-08-13 21:26:30,872 - INFO - 📈 已处理 1850/5844 只股票，成功 1677 只
2025-08-13 21:26:46,768 - INFO - 📈 已处理 1900/5844 只股票，成功 1722 只
2025-08-13 21:27:03,278 - INFO - 📈 已处理 1950/5844 只股票，成功 1771 只
2025-08-13 21:27:19,123 - INFO - 📈 已处理 2000/5844 只股票，成功 1815 只
2025-08-13 21:27:35,004 - INFO - 📈 已处理 2050/5844 只股票，成功 1859 只
2025-08-13 21:28:06,887 - WARNING - ⚠️ 300404 博济医药 日度资金流向更新失败: HTTPSConnectionPool(host='push2his.eastmoney.com', port=443): Max retries exceeded with url: /api/qt/stock/fflow/daykline/get?lmt=0&klt=101&fields1=f1,f2,f3,f7&fields2=f51,f52,f53,f54,f55,f56,f57,f58,f59,f60,f61&secid=0.300404 (Caused by ConnectTimeoutError(<urllib3.connection.HTTPSConnection object at 0x0000023CBD1560E0>, 'Connection to push2his.eastmoney.com timed out. (connect timeout=None)'))
2025-08-13 21:28:12,027 - INFO - 📈 已处理 2100/5844 只股票，成功 1906 只
2025-08-13 21:28:28,587 - INFO - 📈 已处理 2150/5844 只股票，成功 1955 只
2025-08-13 21:28:45,191 - INFO - 📈 已处理 2200/5844 只股票，成功 2004 只
2025-08-13 21:29:14,473 - WARNING - ⚠️ 300548 长芯博创 日度资金流向更新失败: HTTPSConnectionPool(host='push2his.eastmoney.com', port=443): Max retries exceeded with url: /api/qt/stock/fflow/daykline/get?lmt=0&klt=101&fields1=f1,f2,f3,f7&fields2=f51,f52,f53,f54,f55,f56,f57,f58,f59,f60,f61&secid=0.300548 (Caused by ConnectTimeoutError(<urllib3.connection.HTTPSConnection object at 0x0000023CBF7A7520>, 'Connection to push2his.eastmoney.com timed out. (connect timeout=None)'))
2025-08-13 21:29:22,489 - INFO - 📈 已处理 2250/5844 只股票，成功 2052 只
2025-08-13 21:29:39,238 - INFO - 📈 已处理 2300/5844 只股票，成功 2102 只
2025-08-13 21:29:55,870 - INFO - 📈 已处理 2350/5844 只股票，成功 2151 只
2025-08-13 21:30:12,358 - INFO - 📈 已处理 2400/5844 只股票，成功 2201 只
2025-08-13 21:30:28,788 - INFO - 📈 已处理 2450/5844 只股票，成功 2250 只
2025-08-13 21:30:42,353 - INFO - 📈 已处理 2500/5844 只股票，成功 2299 只
2025-08-13 21:30:54,319 - INFO - 📈 已处理 2550/5844 只股票，成功 2349 只
2025-08-13 21:31:06,624 - INFO - 📈 已处理 2600/5844 只股票，成功 2399 只
2025-08-13 21:31:18,896 - INFO - 📈 已处理 2650/5844 只股票，成功 2449 只
2025-08-13 21:31:31,130 - INFO - 📈 已处理 2700/5844 只股票，成功 2499 只
2025-08-13 21:31:43,460 - INFO - 📈 已处理 2750/5844 只股票，成功 2549 只
2025-08-13 21:31:55,217 - INFO - 📈 已处理 2800/5844 只股票，成功 2599 只
2025-08-13 21:32:06,975 - INFO - 📈 已处理 2850/5844 只股票，成功 2649 只
2025-08-13 21:32:18,699 - INFO - 📈 已处理 2900/5844 只股票，成功 2699 只
2025-08-13 21:32:30,705 - INFO - 📈 已处理 2950/5844 只股票，成功 2749 只
2025-08-13 21:32:42,720 - INFO - 📈 已处理 3000/5844 只股票，成功 2799 只
2025-08-13 21:32:54,541 - INFO - 📈 已处理 3050/5844 只股票，成功 2849 只
2025-08-13 21:33:06,515 - INFO - 📈 已处理 3100/5844 只股票，成功 2899 只
2025-08-13 21:33:17,896 - INFO - 📈 已处理 3150/5844 只股票，成功 2945 只
2025-08-13 21:33:39,687 - INFO - 📈 已处理 3250/5844 只股票，成功 3026 只
2025-08-13 21:33:51,388 - INFO - 📈 已处理 3300/5844 只股票，成功 3073 只
2025-08-13 21:34:02,224 - INFO - 📈 已处理 3350/5844 只股票，成功 3114 只
2025-08-13 21:34:13,147 - INFO - 📈 已处理 3400/5844 只股票，成功 3152 只
2025-08-13 21:34:24,995 - INFO - 📈 已处理 3450/5844 只股票，成功 3199 只
2025-08-13 21:34:36,265 - INFO - 📈 已处理 3500/5844 只股票，成功 3244 只
2025-08-13 21:34:47,626 - INFO - 📈 已处理 3550/5844 只股票，成功 3290 只
2025-08-13 21:34:58,922 - INFO - 📈 已处理 3600/5844 只股票，成功 3336 只
2025-08-13 21:35:10,492 - INFO - 📈 已处理 3650/5844 只股票，成功 3383 只
2025-08-13 21:35:21,282 - INFO - 📈 已处理 3700/5844 只股票，成功 3423 只
2025-08-13 21:35:31,805 - INFO - 📈 已处理 3750/5844 只股票，成功 3462 只
2025-08-13 21:35:43,007 - INFO - 📈 已处理 3800/5844 只股票，成功 3506 只
2025-08-13 21:35:53,748 - INFO - 📈 已处理 3850/5844 只股票，成功 3547 只
2025-08-13 21:36:04,780 - INFO - 📈 已处理 3900/5844 只股票，成功 3589 只
2025-08-13 21:36:15,611 - INFO - 📈 已处理 3950/5844 只股票，成功 3632 只
2025-08-13 21:36:27,103 - INFO - 📈 已处理 4000/5844 只股票，成功 3680 只
2025-08-13 21:36:38,584 - INFO - 📈 已处理 4050/5844 只股票，成功 3728 只
2025-08-13 21:36:50,164 - INFO - 📈 已处理 4100/5844 只股票，成功 3775 只
2025-08-13 21:37:02,039 - INFO - 📈 已处理 4150/5844 只股票，成功 3824 只
2025-08-13 21:37:13,691 - INFO - 📈 已处理 4200/5844 只股票，成功 3874 只
2025-08-13 21:37:25,251 - INFO - 📈 已处理 4250/5844 只股票，成功 3923 只
2025-08-13 21:37:36,995 - INFO - 📈 已处理 4300/5844 只股票，成功 3973 只
2025-08-13 21:37:48,757 - INFO - 📈 已处理 4350/5844 只股票，成功 4022 只
2025-08-13 21:38:00,337 - INFO - 📈 已处理 4400/5844 只股票，成功 4071 只
2025-08-13 21:38:11,932 - INFO - 📈 已处理 4450/5844 只股票，成功 4121 只
2025-08-13 21:38:23,802 - INFO - 📈 已处理 4500/5844 只股票，成功 4171 只
2025-08-13 21:38:35,499 - INFO - 📈 已处理 4550/5844 只股票，成功 4220 只
2025-08-13 21:38:46,926 - INFO - 📈 已处理 4600/5844 只股票，成功 4269 只
2025-08-13 21:38:58,649 - INFO - 📈 已处理 4650/5844 只股票，成功 4318 只
2025-08-13 21:39:10,268 - INFO - 📈 已处理 4700/5844 只股票，成功 4368 只
2025-08-13 21:39:22,205 - INFO - 📈 已处理 4750/5844 只股票，成功 4418 只
2025-08-13 21:39:33,988 - INFO - 📈 已处理 4800/5844 只股票，成功 4468 只
2025-08-13 21:39:45,565 - INFO - 📈 已处理 4850/5844 只股票，成功 4516 只
2025-08-13 21:39:57,329 - INFO - 📈 已处理 4900/5844 只股票，成功 4566 只
2025-08-13 21:40:09,044 - INFO - 📈 已处理 4950/5844 只股票，成功 4616 只
2025-08-13 21:40:21,015 - INFO - 📈 已处理 5000/5844 只股票，成功 4666 只
2025-08-13 21:40:33,205 - INFO - 📈 已处理 5050/5844 只股票，成功 4716 只
2025-08-13 21:40:45,255 - INFO - 📈 已处理 5100/5844 只股票，成功 4766 只
2025-08-13 21:40:57,308 - INFO - 📈 已处理 5150/5844 只股票，成功 4816 只
2025-08-13 21:41:09,314 - INFO - 📈 已处理 5200/5844 只股票，成功 4866 只
2025-08-13 21:41:21,327 - INFO - 📈 已处理 5250/5844 只股票，成功 4916 只
2025-08-13 21:41:33,467 - INFO - 📈 已处理 5300/5844 只股票，成功 4966 只
2025-08-13 21:41:45,507 - INFO - 📈 已处理 5350/5844 只股票，成功 5016 只
2025-08-13 21:41:57,620 - INFO - 📈 已处理 5400/5844 只股票，成功 5066 只
2025-08-13 21:42:09,505 - INFO - 📈 已处理 5450/5844 只股票，成功 5116 只
2025-08-13 21:42:21,653 - INFO - 📈 已处理 5500/5844 只股票，成功 5166 只
2025-08-13 21:42:33,797 - INFO - 📈 已处理 5550/5844 只股票，成功 5216 只
2025-08-13 21:42:45,936 - INFO - 📈 已处理 5600/5844 只股票，成功 5266 只
2025-08-13 21:42:58,148 - INFO - 📈 已处理 5650/5844 只股票，成功 5316 只
2025-08-13 21:43:10,671 - INFO - 📈 已处理 5700/5844 只股票，成功 5366 只
2025-08-13 21:43:22,973 - INFO - 📈 已处理 5750/5844 只股票，成功 5416 只
2025-08-13 21:43:38,796 - INFO - ✅ 本周日度资金更新完成: 5454 条记录
2025-08-13 21:43:38,796 - INFO - 📊 开始初始化概念行情数据...
2025-08-13 21:43:38,890 - INFO - 📊 准备初始化 391 只概念行情数据
2025-08-13 21:44:16,243 - INFO - 📈 已处理 50/6 只概念，成功 50 只
2025-08-13 21:44:45,705 - WARNING - ⚠️ 885661 医药电商 概念行情更新失败: 7 columns passed, passed data had 1 columns
2025-08-13 21:44:51,365 - INFO - 📈 已处理 100/6 只概念，成功 99 只
2025-08-13 21:45:28,971 - INFO - 📈 已处理 150/6 只概念，成功 149 只
2025-08-13 21:46:01,035 - INFO - 📈 已处理 200/6 只概念，成功 199 只
2025-08-13 21:46:26,919 - INFO - 📈 已处理 250/6 只概念，成功 249 只
2025-08-13 21:46:49,344 - INFO - 📈 已处理 300/6 只概念，成功 299 只
2025-08-13 21:47:08,393 - INFO - 📈 已处理 350/6 只概念，成功 349 只
2025-08-13 21:47:19,899 - WARNING - ⚠️ nan WiFi 6 概念行情更新失败: index_code错误，是8开头的指数代码,
2025-08-13 21:47:19,900 - INFO - ✅ 本周概念行情更新完成: 389 条记录
2025-08-13 21:47:19,900 - INFO - 📊 开始更新近7个自然日融资融券余额数据...
2025-08-13 21:47:20,122 - INFO - ✅ 本周融资融券余额数据更新完成
2025-08-13 21:47:20,122 - INFO - ============================================================
2025-08-13 21:47:20,122 - INFO - 📊 本周数据更新统计
2025-08-13 21:47:20,123 - INFO - ============================================================
2025-08-13 21:47:20,123 - INFO - ⏱️  更新耗时: 1:17:28.267672
2025-08-13 21:47:20,123 - INFO - 📈 实时行情: 0 条
2025-08-13 21:47:20,123 - INFO - 📊 本周K线: 389 条
2025-08-13 21:47:20,123 - INFO - 📅 交易日历: 0 条
2025-08-13 21:47:20,123 - INFO - ✅ 无错误
2025-08-13 21:47:20,123 - INFO - ============================================================
2025-08-13 21:47:20,131 - INFO - 🎉 本周数据更新完成！
2025-08-13 21:47:20,131 - INFO - 数据库连接已关闭
2025-08-13 21:47:20,131 - INFO - ✅ 每周数据更新成功完成
