2025-08-02 07:01:07,061 - INFO - 🌟 每日数据更新程序启动
2025-08-02 07:01:07,067 - INFO - 🚀 开始每日数据更新...
2025-08-02 07:01:07,067 - INFO - ============================================================
2025-08-02 07:01:07,088 - INFO - ✅ 成功连接到MySQL数据库
2025-08-02 07:01:07,088 - INFO - 清空同花顺的概念代码信息...
2025-08-02 07:01:07,093 - INFO - 🚀 开始获取ADATA所有同花顺的概念代码信息...
2025-08-02 07:01:07,992 - INFO - 📊 获取到 399 只概念代码信息
2025-08-02 07:01:08,000 - WARNING - 处理只概念代码信息粮食概念 失败: (1062, "Duplicate entry 'nan-同花顺' for key 'ths_concept_info.uk_concept_source'")
2025-08-02 07:01:08,004 - WARNING - 处理只概念代码信息猴痘概念 失败: (1062, "Duplicate entry 'nan-同花顺' for key 'ths_concept_info.uk_concept_source'")
2025-08-02 07:01:08,006 - WARNING - 处理只概念代码信息噪声防治 失败: (1062, "Duplicate entry 'nan-同花顺' for key 'ths_concept_info.uk_concept_source'")
2025-08-02 07:01:08,008 - WARNING - 处理只概念代码信息新型城镇化 失败: (1062, "Duplicate entry 'nan-同花顺' for key 'ths_concept_info.uk_concept_source'")
2025-08-02 07:01:08,010 - WARNING - 处理只概念代码信息露营经济 失败: (1062, "Duplicate entry 'nan-同花顺' for key 'ths_concept_info.uk_concept_source'")
2025-08-02 07:01:08,012 - WARNING - 处理只概念代码信息肝炎概念 失败: (1062, "Duplicate entry 'nan-同花顺' for key 'ths_concept_info.uk_concept_source'")
2025-08-02 07:01:08,014 - WARNING - 处理只概念代码信息统一大市场 失败: (1062, "Duplicate entry 'nan-同花顺' for key 'ths_concept_info.uk_concept_source'")
2025-08-02 07:01:08,015 - WARNING - 处理只概念代码信息MicroLED概念 失败: (1062, "Duplicate entry 'nan-同花顺' for key 'ths_concept_info.uk_concept_source'")
2025-08-02 07:01:08,018 - WARNING - 处理只概念代码信息碳交易 失败: (1062, "Duplicate entry 'nan-同花顺' for key 'ths_concept_info.uk_concept_source'")
2025-08-02 07:01:08,020 - WARNING - 处理只概念代码信息毛发医疗 失败: (1062, "Duplicate entry 'nan-同花顺' for key 'ths_concept_info.uk_concept_source'")
2025-08-02 07:01:08,022 - WARNING - 处理只概念代码信息华为欧拉 失败: (1062, "Duplicate entry 'nan-同花顺' for key 'ths_concept_info.uk_concept_source'")
2025-08-02 07:01:08,024 - WARNING - 处理只概念代码信息家庭医生 失败: (1062, "Duplicate entry 'nan-同花顺' for key 'ths_concept_info.uk_concept_source'")
2025-08-02 07:01:08,026 - WARNING - 处理只概念代码信息华为鲲鹏 失败: (1062, "Duplicate entry 'nan-同花顺' for key 'ths_concept_info.uk_concept_source'")
2025-08-02 07:01:08,028 - WARNING - 处理只概念代码信息低辐射玻璃(Low-E) 失败: (1062, "Duplicate entry 'nan-同花顺' for key 'ths_concept_info.uk_concept_source'")
2025-08-02 07:01:08,030 - WARNING - 处理只概念代码信息国资云 失败: (1062, "Duplicate entry 'nan-同花顺' for key 'ths_concept_info.uk_concept_source'")
2025-08-02 07:01:08,031 - WARNING - 处理只概念代码信息数字经济 失败: (1062, "Duplicate entry 'nan-同花顺' for key 'ths_concept_info.uk_concept_source'")
2025-08-02 07:01:08,033 - WARNING - 处理只概念代码信息电子身份证 失败: (1062, "Duplicate entry 'nan-同花顺' for key 'ths_concept_info.uk_concept_source'")
2025-08-02 07:01:08,035 - WARNING - 处理只概念代码信息两轮车 失败: (1062, "Duplicate entry 'nan-同花顺' for key 'ths_concept_info.uk_concept_source'")
2025-08-02 07:01:08,038 - WARNING - 处理只概念代码信息金属铜 失败: (1062, "Duplicate entry 'nan-同花顺' for key 'ths_concept_info.uk_concept_source'")
2025-08-02 07:01:08,040 - WARNING - 处理只概念代码信息金属回收 失败: (1062, "Duplicate entry 'nan-同花顺' for key 'ths_concept_info.uk_concept_source'")
2025-08-02 07:01:08,042 - WARNING - 处理只概念代码信息金属铅 失败: (1062, "Duplicate entry 'nan-同花顺' for key 'ths_concept_info.uk_concept_source'")
2025-08-02 07:01:08,044 - WARNING - 处理只概念代码信息金属锌 失败: (1062, "Duplicate entry 'nan-同花顺' for key 'ths_concept_info.uk_concept_source'")
2025-08-02 07:01:08,046 - WARNING - 处理只概念代码信息金属镍 失败: (1062, "Duplicate entry 'nan-同花顺' for key 'ths_concept_info.uk_concept_source'")
2025-08-02 07:01:08,048 - WARNING - 处理只概念代码信息托育服务 失败: (1062, "Duplicate entry 'nan-同花顺' for key 'ths_concept_info.uk_concept_source'")
2025-08-02 07:01:08,050 - WARNING - 处理只概念代码信息化肥 失败: (1062, "Duplicate entry 'nan-同花顺' for key 'ths_concept_info.uk_concept_source'")
2025-08-02 07:01:08,052 - WARNING - 处理只概念代码信息跨境支付(CIPS) 失败: (1062, "Duplicate entry 'nan-同花顺' for key 'ths_concept_info.uk_concept_source'")
2025-08-02 07:01:08,054 - WARNING - 处理只概念代码信息中俄贸易概念 失败: (1062, "Duplicate entry 'nan-同花顺' for key 'ths_concept_info.uk_concept_source'")
2025-08-02 07:01:08,056 - WARNING - 处理只概念代码信息俄乌冲突概念 失败: (1062, "Duplicate entry 'nan-同花顺' for key 'ths_concept_info.uk_concept_source'")
2025-08-02 07:01:08,058 - WARNING - 处理只概念代码信息智慧灯杆 失败: (1062, "Duplicate entry 'nan-同花顺' for key 'ths_concept_info.uk_concept_source'")
2025-08-02 07:01:08,060 - WARNING - 处理只概念代码信息土壤修复 失败: (1062, "Duplicate entry 'nan-同花顺' for key 'ths_concept_info.uk_concept_source'")
2025-08-02 07:01:08,062 - WARNING - 处理只概念代码信息净水概念 失败: (1062, "Duplicate entry 'nan-同花顺' for key 'ths_concept_info.uk_concept_source'")
2025-08-02 07:01:08,064 - WARNING - 处理只概念代码信息民爆概念 失败: (1062, "Duplicate entry 'nan-同花顺' for key 'ths_concept_info.uk_concept_source'")
2025-08-02 07:01:08,066 - WARNING - 处理只概念代码信息PCB概念 失败: (1062, "Duplicate entry 'nan-同花顺' for key 'ths_concept_info.uk_concept_source'")
2025-08-02 07:01:08,069 - WARNING - 处理只概念代码信息硅能源 失败: (1062, "Duplicate entry 'nan-同花顺' for key 'ths_concept_info.uk_concept_source'")
2025-08-02 07:01:08,072 - WARNING - 处理只概念代码信息东数西算(算力) 失败: (1062, "Duplicate entry 'nan-同花顺' for key 'ths_concept_info.uk_concept_source'")
2025-08-02 07:01:08,075 - WARNING - 处理只概念代码信息智慧政务 失败: (1062, "Duplicate entry 'nan-同花顺' for key 'ths_concept_info.uk_concept_source'")
2025-08-02 07:01:08,077 - WARNING - 处理只概念代码信息重组蛋白 失败: (1062, "Duplicate entry 'nan-同花顺' for key 'ths_concept_info.uk_concept_source'")
2025-08-02 07:01:08,079 - WARNING - 处理只概念代码信息电子纸 失败: (1062, "Duplicate entry 'nan-同花顺' for key 'ths_concept_info.uk_concept_source'")
2025-08-02 07:01:08,081 - WARNING - 处理只概念代码信息幽门螺杆菌概念 失败: (1062, "Duplicate entry 'nan-同花顺' for key 'ths_concept_info.uk_concept_source'")
2025-08-02 07:01:08,083 - WARNING - 处理只概念代码信息预制菜 失败: (1062, "Duplicate entry 'nan-同花顺' for key 'ths_concept_info.uk_concept_source'")
2025-08-02 07:01:08,086 - WARNING - 处理只概念代码信息虚拟数字人 失败: (1062, "Duplicate entry 'nan-同花顺' for key 'ths_concept_info.uk_concept_source'")
2025-08-02 07:01:08,089 - WARNING - 处理只概念代码信息柔性直流输电 失败: (1062, "Duplicate entry 'nan-同花顺' for key 'ths_concept_info.uk_concept_source'")
2025-08-02 07:01:08,091 - WARNING - 处理只概念代码信息DRG/DIP 失败: (1062, "Duplicate entry 'nan-同花顺' for key 'ths_concept_info.uk_concept_source'")
2025-08-02 07:01:08,093 - WARNING - 处理只概念代码信息传感器 失败: (1062, "Duplicate entry 'nan-同花顺' for key 'ths_concept_info.uk_concept_source'")
2025-08-02 07:01:08,095 - WARNING - 处理只概念代码信息汽车芯片 失败: (1062, "Duplicate entry 'nan-同花顺' for key 'ths_concept_info.uk_concept_source'")
2025-08-02 07:01:08,097 - WARNING - 处理只概念代码信息动力电池回收 失败: (1062, "Duplicate entry 'nan-同花顺' for key 'ths_concept_info.uk_concept_source'")
2025-08-02 07:01:08,099 - WARNING - 处理只概念代码信息EDR概念 失败: (1062, "Duplicate entry 'nan-同花顺' for key 'ths_concept_info.uk_concept_source'")
2025-08-02 07:01:08,102 - WARNING - 处理只概念代码信息数据安全 失败: (1062, "Duplicate entry 'nan-同花顺' for key 'ths_concept_info.uk_concept_source'")
2025-08-02 07:01:08,105 - WARNING - 处理只概念代码信息WiFi6 失败: (1062, "Duplicate entry 'nan-同花顺' for key 'ths_concept_info.uk_concept_source'")
2025-08-02 07:01:08,107 - WARNING - 处理只概念代码信息海峡两岸 失败: (1062, "Duplicate entry 'nan-同花顺' for key 'ths_concept_info.uk_concept_source'")
2025-08-02 07:01:08,109 - WARNING - 处理只概念代码信息换电概念 失败: (1062, "Duplicate entry 'nan-同花顺' for key 'ths_concept_info.uk_concept_source'")
2025-08-02 07:01:08,111 - WARNING - 处理只概念代码信息培育钻石 失败: (1062, "Duplicate entry 'nan-同花顺' for key 'ths_concept_info.uk_concept_source'")
2025-08-02 07:01:08,113 - WARNING - 处理只概念代码信息绿色电力 失败: (1062, "Duplicate entry 'nan-同花顺' for key 'ths_concept_info.uk_concept_source'")
2025-08-02 07:01:08,116 - WARNING - 处理只概念代码信息抽水蓄能 失败: (1062, "Duplicate entry 'nan-同花顺' for key 'ths_concept_info.uk_concept_source'")
2025-08-02 07:01:08,119 - WARNING - 处理只概念代码信息元宇宙 失败: (1062, "Duplicate entry 'nan-同花顺' for key 'ths_concept_info.uk_concept_source'")
2025-08-02 07:01:08,122 - WARNING - 处理只概念代码信息NFT概念 失败: (1062, "Duplicate entry 'nan-同花顺' for key 'ths_concept_info.uk_concept_source'")
2025-08-02 07:01:08,124 - WARNING - 处理只概念代码信息PVDF概念 失败: (1062, "Duplicate entry 'nan-同花顺' for key 'ths_concept_info.uk_concept_source'")
2025-08-02 07:01:08,126 - WARNING - 处理只概念代码信息工业母机 失败: (1062, "Duplicate entry 'nan-同花顺' for key 'ths_concept_info.uk_concept_source'")
2025-08-02 07:01:08,128 - WARNING - 处理只概念代码信息专精特新 失败: (1062, "Duplicate entry 'nan-同花顺' for key 'ths_concept_info.uk_concept_source'")
2025-08-02 07:01:08,131 - WARNING - 处理只概念代码信息钠离子电池 失败: (1062, "Duplicate entry 'nan-同花顺' for key 'ths_concept_info.uk_concept_source'")
2025-08-02 07:01:08,133 - WARNING - 处理只概念代码信息CRO概念 失败: (1062, "Duplicate entry 'nan-同花顺' for key 'ths_concept_info.uk_concept_source'")
2025-08-02 07:01:08,136 - WARNING - 处理只概念代码信息牙科医疗 失败: (1062, "Duplicate entry 'nan-同花顺' for key 'ths_concept_info.uk_concept_source'")
2025-08-02 07:01:08,138 - WARNING - 处理只概念代码信息MCU芯片 失败: (1062, "Duplicate entry 'nan-同花顺' for key 'ths_concept_info.uk_concept_source'")
2025-08-02 07:01:08,141 - WARNING - 处理只概念代码信息共同富裕示范区 失败: (1062, "Duplicate entry 'nan-同花顺' for key 'ths_concept_info.uk_concept_source'")
2025-08-02 07:01:08,143 - WARNING - 处理只概念代码信息鸿蒙概念 失败: (1062, "Duplicate entry 'nan-同花顺' for key 'ths_concept_info.uk_concept_source'")
2025-08-02 07:01:08,145 - WARNING - 处理只概念代码信息盐湖提锂 失败: (1062, "Duplicate entry 'nan-同花顺' for key 'ths_concept_info.uk_concept_source'")
2025-08-02 07:01:08,148 - WARNING - 处理只概念代码信息储能 失败: (1062, "Duplicate entry 'nan-同花顺' for key 'ths_concept_info.uk_concept_source'")
2025-08-02 07:01:08,150 - WARNING - 处理只概念代码信息光伏建筑一体化 失败: (1062, "Duplicate entry 'nan-同花顺' for key 'ths_concept_info.uk_concept_source'")
2025-08-02 07:01:08,153 - WARNING - 处理只概念代码信息碳中和 失败: (1062, "Duplicate entry 'nan-同花顺' for key 'ths_concept_info.uk_concept_source'")
2025-08-02 07:01:08,156 - WARNING - 处理只概念代码信息快手概念 失败: (1062, "Duplicate entry 'nan-同花顺' for key 'ths_concept_info.uk_concept_source'")
2025-08-02 07:01:08,158 - WARNING - 处理只概念代码信息同花顺漂亮100 失败: (1062, "Duplicate entry 'nan-同花顺' for key 'ths_concept_info.uk_concept_source'")
2025-08-02 07:01:08,161 - WARNING - 处理只概念代码信息物业管理 失败: (1062, "Duplicate entry 'nan-同花顺' for key 'ths_concept_info.uk_concept_source'")
2025-08-02 07:01:08,164 - WARNING - 处理只概念代码信息煤炭概念 失败: (1062, "Duplicate entry 'nan-同花顺' for key 'ths_concept_info.uk_concept_source'")
2025-08-02 07:01:08,166 - WARNING - 处理只概念代码信息医美概念 失败: (1062, "Duplicate entry 'nan-同花顺' for key 'ths_concept_info.uk_concept_source'")
2025-08-02 07:01:08,169 - WARNING - 处理只概念代码信息有机硅概念 失败: (1062, "Duplicate entry 'nan-同花顺' for key 'ths_concept_info.uk_concept_source'")
2025-08-02 07:01:08,172 - WARNING - 处理只概念代码信息社区团购 失败: (1062, "Duplicate entry 'nan-同花顺' for key 'ths_concept_info.uk_concept_source'")
2025-08-02 07:01:08,174 - WARNING - 处理只概念代码信息拼多多概念 失败: (1062, "Duplicate entry 'nan-同花顺' for key 'ths_concept_info.uk_concept_source'")
2025-08-02 07:01:08,177 - WARNING - 处理只概念代码信息辅助生殖 失败: (1062, "Duplicate entry 'nan-同花顺' for key 'ths_concept_info.uk_concept_source'")
2025-08-02 07:01:08,180 - WARNING - 处理只概念代码信息第三代半导体 失败: (1062, "Duplicate entry 'nan-同花顺' for key 'ths_concept_info.uk_concept_source'")
2025-08-02 07:01:08,183 - WARNING - 处理只概念代码信息科创次新股 失败: (1062, "Duplicate entry 'nan-同花顺' for key 'ths_concept_info.uk_concept_source'")
2025-08-02 07:01:08,185 - WARNING - 处理只概念代码信息注册制次新股 失败: (1062, "Duplicate entry 'nan-同花顺' for key 'ths_concept_info.uk_concept_source'")
2025-08-02 07:01:08,188 - WARNING - 处理只概念代码信息代糖概念 失败: (1062, "Duplicate entry 'nan-同花顺' for key 'ths_concept_info.uk_concept_source'")
2025-08-02 07:01:08,191 - WARNING - 处理只概念代码信息环氧丙烷 失败: (1062, "Duplicate entry 'nan-同花顺' for key 'ths_concept_info.uk_concept_source'")
2025-08-02 07:01:08,194 - WARNING - 处理只概念代码信息汽车拆解概念 失败: (1062, "Duplicate entry 'nan-同花顺' for key 'ths_concept_info.uk_concept_source'")
2025-08-02 07:01:08,197 - WARNING - 处理只概念代码信息可降解塑料 失败: (1062, "Duplicate entry 'nan-同花顺' for key 'ths_concept_info.uk_concept_source'")
2025-08-02 07:01:08,199 - WARNING - 处理只概念代码信息NMN概念 失败: (1062, "Duplicate entry 'nan-同花顺' for key 'ths_concept_info.uk_concept_source'")
2025-08-02 07:01:08,203 - WARNING - 处理只概念代码信息新型烟草(电子烟) 失败: (1062, "Duplicate entry 'nan-同花顺' for key 'ths_concept_info.uk_concept_source'")
2025-08-02 07:01:08,206 - WARNING - 处理只概念代码信息免税店 失败: (1062, "Duplicate entry 'nan-同花顺' for key 'ths_concept_info.uk_concept_source'")
2025-08-02 07:01:08,210 - WARNING - 处理只概念代码信息中芯国际概念 失败: (1062, "Duplicate entry 'nan-同花顺' for key 'ths_concept_info.uk_concept_source'")
2025-08-02 07:01:08,213 - WARNING - 处理只概念代码信息海南自贸区 失败: (1062, "Duplicate entry 'nan-同花顺' for key 'ths_concept_info.uk_concept_source'")
2025-08-02 07:01:08,215 - WARNING - 处理只概念代码信息国家大基金持股 失败: (1062, "Duplicate entry 'nan-同花顺' for key 'ths_concept_info.uk_concept_source'")
2025-08-02 07:01:08,218 - WARNING - 处理只概念代码信息抖音概念(字节概念) 失败: (1062, "Duplicate entry 'nan-同花顺' for key 'ths_concept_info.uk_concept_source'")
2025-08-02 07:01:08,221 - WARNING - 处理只概念代码信息C2M概念 失败: (1062, "Duplicate entry 'nan-同花顺' for key 'ths_concept_info.uk_concept_source'")
2025-08-02 07:01:08,224 - WARNING - 处理只概念代码信息数据中心 失败: (1062, "Duplicate entry 'nan-同花顺' for key 'ths_concept_info.uk_concept_source'")
2025-08-02 07:01:08,227 - WARNING - 处理只概念代码信息超级电容 失败: (1062, "Duplicate entry 'nan-同花顺' for key 'ths_concept_info.uk_concept_source'")
2025-08-02 07:01:08,230 - WARNING - 处理只概念代码信息航空发动机 失败: (1062, "Duplicate entry 'nan-同花顺' for key 'ths_concept_info.uk_concept_source'")
2025-08-02 07:01:08,233 - WARNING - 处理只概念代码信息医疗废物处理 失败: (1062, "Duplicate entry 'nan-同花顺' for key 'ths_concept_info.uk_concept_source'")
2025-08-02 07:01:08,236 - WARNING - 处理只概念代码信息消毒剂 失败: (1062, "Duplicate entry 'nan-同花顺' for key 'ths_concept_info.uk_concept_source'")
2025-08-02 07:01:08,239 - WARNING - 处理只概念代码信息云办公 失败: (1062, "Duplicate entry 'nan-同花顺' for key 'ths_concept_info.uk_concept_source'")
2025-08-02 07:01:08,242 - WARNING - 处理只概念代码信息流感 失败: (1062, "Duplicate entry 'nan-同花顺' for key 'ths_concept_info.uk_concept_source'")
2025-08-02 07:01:08,245 - WARNING - 处理只概念代码信息HJT电池 失败: (1062, "Duplicate entry 'nan-同花顺' for key 'ths_concept_info.uk_concept_source'")
2025-08-02 07:01:08,248 - WARNING - 处理只概念代码信息转基因 失败: (1062, "Duplicate entry 'nan-同花顺' for key 'ths_concept_info.uk_concept_source'")
2025-08-02 07:01:08,251 - WARNING - 处理只概念代码信息网红经济 失败: (1062, "Duplicate entry 'nan-同花顺' for key 'ths_concept_info.uk_concept_source'")
2025-08-02 07:01:08,255 - WARNING - 处理只概念代码信息MiniLED 失败: (1062, "Duplicate entry 'nan-同花顺' for key 'ths_concept_info.uk_concept_source'")
2025-08-02 07:01:08,258 - WARNING - 处理只概念代码信息云游戏 失败: (1062, "Duplicate entry 'nan-同花顺' for key 'ths_concept_info.uk_concept_source'")
2025-08-02 07:01:08,261 - WARNING - 处理只概念代码信息分拆上市意愿 失败: (1062, "Duplicate entry 'nan-同花顺' for key 'ths_concept_info.uk_concept_source'")
2025-08-02 07:01:08,264 - WARNING - 处理只概念代码信息无线耳机 失败: (1062, "Duplicate entry 'nan-同花顺' for key 'ths_concept_info.uk_concept_source'")
2025-08-02 07:01:08,267 - WARNING - 处理只概念代码信息数字货币 失败: (1062, "Duplicate entry 'nan-同花顺' for key 'ths_concept_info.uk_concept_source'")
2025-08-02 07:01:08,270 - WARNING - 处理只概念代码信息金属钴 失败: (1062, "Duplicate entry 'nan-同花顺' for key 'ths_concept_info.uk_concept_source'")
2025-08-02 07:01:08,273 - WARNING - 处理只概念代码信息光刻胶 失败: (1062, "Duplicate entry 'nan-同花顺' for key 'ths_concept_info.uk_concept_source'")
2025-08-02 07:01:08,276 - WARNING - 处理只概念代码信息磷化工 失败: (1062, "Duplicate entry 'nan-同花顺' for key 'ths_concept_info.uk_concept_source'")
2025-08-02 07:01:08,279 - WARNING - 处理只概念代码信息ETC 失败: (1062, "Duplicate entry 'nan-同花顺' for key 'ths_concept_info.uk_concept_source'")
2025-08-02 07:01:08,282 - WARNING - 处理只概念代码信息中船系 失败: (1062, "Duplicate entry 'nan-同花顺' for key 'ths_concept_info.uk_concept_source'")
2025-08-02 07:01:08,284 - WARNING - 处理只概念代码信息仿制药一致性评价 失败: (1062, "Duplicate entry 'nan-同花顺' for key 'ths_concept_info.uk_concept_source'")
2025-08-02 07:01:08,288 - WARNING - 处理只概念代码信息垃圾分类 失败: (1062, "Duplicate entry 'nan-同花顺' for key 'ths_concept_info.uk_concept_source'")
2025-08-02 07:01:08,291 - WARNING - 处理只概念代码信息青蒿素 失败: (1062, "Duplicate entry 'nan-同花顺' for key 'ths_concept_info.uk_concept_source'")
2025-08-02 07:01:08,293 - WARNING - 处理只概念代码信息烟草 失败: (1062, "Duplicate entry 'nan-同花顺' for key 'ths_concept_info.uk_concept_source'")
2025-08-02 07:01:08,296 - WARNING - 处理只概念代码信息黑龙江自贸区 失败: (1062, "Duplicate entry 'nan-同花顺' for key 'ths_concept_info.uk_concept_source'")
2025-08-02 07:01:08,299 - WARNING - 处理只概念代码信息动物疫苗 失败: (1062, "Duplicate entry 'nan-同花顺' for key 'ths_concept_info.uk_concept_source'")
2025-08-02 07:01:08,303 - WARNING - 处理只概念代码信息生物疫苗 失败: (1062, "Duplicate entry 'nan-同花顺' for key 'ths_concept_info.uk_concept_source'")
2025-08-02 07:01:08,306 - WARNING - 处理只概念代码信息国产操作系统 失败: (1062, "Duplicate entry 'nan-同花顺' for key 'ths_concept_info.uk_concept_source'")
2025-08-02 07:01:08,309 - WARNING - 处理只概念代码信息华为海思概念股 失败: (1062, "Duplicate entry 'nan-同花顺' for key 'ths_concept_info.uk_concept_source'")
2025-08-02 07:01:08,312 - WARNING - 处理只概念代码信息数字乡村 失败: (1062, "Duplicate entry 'nan-同花顺' for key 'ths_concept_info.uk_concept_source'")
2025-08-02 07:01:08,315 - WARNING - 处理只概念代码信息人民币贬值受益 失败: (1062, "Duplicate entry 'nan-同花顺' for key 'ths_concept_info.uk_concept_source'")
2025-08-02 07:01:08,318 - WARNING - 处理只概念代码信息人造肉 失败: (1062, "Duplicate entry 'nan-同花顺' for key 'ths_concept_info.uk_concept_source'")
2025-08-02 07:01:08,322 - WARNING - 处理只概念代码信息眼科医疗 失败: (1062, "Duplicate entry 'nan-同花顺' for key 'ths_concept_info.uk_concept_source'")
2025-08-02 07:01:08,325 - WARNING - 处理只概念代码信息参股银行 失败: (1062, "Duplicate entry 'nan-同花顺' for key 'ths_concept_info.uk_concept_source'")
2025-08-02 07:01:08,328 - WARNING - 处理只概念代码信息华为汽车 失败: (1062, "Duplicate entry 'nan-同花顺' for key 'ths_concept_info.uk_concept_source'")
2025-08-02 07:01:08,331 - WARNING - 处理只概念代码信息长三角一体化 失败: (1062, "Duplicate entry 'nan-同花顺' for key 'ths_concept_info.uk_concept_source'")
2025-08-02 07:01:08,335 - WARNING - 处理只概念代码信息丙烯酸 失败: (1062, "Duplicate entry 'nan-同花顺' for key 'ths_concept_info.uk_concept_source'")
2025-08-02 07:01:08,338 - WARNING - 处理只概念代码信息横琴新区 失败: (1062, "Duplicate entry 'nan-同花顺' for key 'ths_concept_info.uk_concept_source'")
2025-08-02 07:01:08,341 - WARNING - 处理只概念代码信息冰雪产业 失败: (1062, "Duplicate entry 'nan-同花顺' for key 'ths_concept_info.uk_concept_source'")
2025-08-02 07:01:08,344 - WARNING - 处理只概念代码信息氢能源 失败: (1062, "Duplicate entry 'nan-同花顺' for key 'ths_concept_info.uk_concept_source'")
2025-08-02 07:01:08,347 - WARNING - 处理只概念代码信息数字孪生 失败: (1062, "Duplicate entry 'nan-同花顺' for key 'ths_concept_info.uk_concept_source'")
2025-08-02 07:01:08,350 - WARNING - 处理只概念代码信息电力物联网 失败: (1062, "Duplicate entry 'nan-同花顺' for key 'ths_concept_info.uk_concept_source'")
2025-08-02 07:01:08,354 - WARNING - 处理只概念代码信息工业大麻 失败: (1062, "Duplicate entry 'nan-同花顺' for key 'ths_concept_info.uk_concept_source'")
2025-08-02 07:01:08,357 - WARNING - 处理只概念代码信息信托概念 失败: (1062, "Duplicate entry 'nan-同花顺' for key 'ths_concept_info.uk_concept_source'")
2025-08-02 07:01:08,360 - WARNING - 处理只概念代码信息农业种植 失败: (1062, "Duplicate entry 'nan-同花顺' for key 'ths_concept_info.uk_concept_source'")
2025-08-02 07:01:08,363 - WARNING - 处理只概念代码信息玉米 失败: (1062, "Duplicate entry 'nan-同花顺' for key 'ths_concept_info.uk_concept_source'")
2025-08-02 07:01:08,366 - WARNING - 处理只概念代码信息大豆 失败: (1062, "Duplicate entry 'nan-同花顺' for key 'ths_concept_info.uk_concept_source'")
2025-08-02 07:01:08,370 - WARNING - 处理只概念代码信息柔性屏(折叠屏) 失败: (1062, "Duplicate entry 'nan-同花顺' for key 'ths_concept_info.uk_concept_source'")
2025-08-02 07:01:08,374 - WARNING - 处理只概念代码信息养鸡 失败: (1062, "Duplicate entry 'nan-同花顺' for key 'ths_concept_info.uk_concept_source'")
2025-08-02 07:01:08,377 - WARNING - 处理只概念代码信息华为概念 失败: (1062, "Duplicate entry 'nan-同花顺' for key 'ths_concept_info.uk_concept_source'")
2025-08-02 07:01:08,380 - WARNING - 处理只概念代码信息芬太尼 失败: (1062, "Duplicate entry 'nan-同花顺' for key 'ths_concept_info.uk_concept_source'")
2025-08-02 07:01:08,384 - WARNING - 处理只概念代码信息消费电子概念 失败: (1062, "Duplicate entry 'nan-同花顺' for key 'ths_concept_info.uk_concept_source'")
2025-08-02 07:01:08,388 - WARNING - 处理只概念代码信息百度概念 失败: (1062, "Duplicate entry 'nan-同花顺' for key 'ths_concept_info.uk_concept_source'")
2025-08-02 07:01:08,392 - WARNING - 处理只概念代码信息国产航母 失败: (1062, "Duplicate entry 'nan-同花顺' for key 'ths_concept_info.uk_concept_source'")
2025-08-02 07:01:08,395 - WARNING - 处理只概念代码信息赛马概念 失败: (1062, "Duplicate entry 'nan-同花顺' for key 'ths_concept_info.uk_concept_source'")
2025-08-02 07:01:08,398 - WARNING - 处理只概念代码信息知识产权保护 失败: (1062, "Duplicate entry 'nan-同花顺' for key 'ths_concept_info.uk_concept_source'")
2025-08-02 07:01:08,402 - WARNING - 处理只概念代码信息宁德时代概念 失败: (1062, "Duplicate entry 'nan-同花顺' for key 'ths_concept_info.uk_concept_source'")
2025-08-02 07:01:08,405 - WARNING - 处理只概念代码信息网络直播 失败: (1062, "Duplicate entry 'nan-同花顺' for key 'ths_concept_info.uk_concept_source'")
2025-08-02 07:01:08,410 - WARNING - 处理只概念代码信息独角兽概念 失败: (1062, "Duplicate entry 'nan-同花顺' for key 'ths_concept_info.uk_concept_source'")
2025-08-02 07:01:08,413 - WARNING - 处理只概念代码信息富士康概念 失败: (1062, "Duplicate entry 'nan-同花顺' for key 'ths_concept_info.uk_concept_source'")
2025-08-02 07:01:08,416 - WARNING - 处理只概念代码信息小米概念 失败: (1062, "Duplicate entry 'nan-同花顺' for key 'ths_concept_info.uk_concept_source'")
2025-08-02 07:01:08,420 - WARNING - 处理只概念代码信息工业互联网 失败: (1062, "Duplicate entry 'nan-同花顺' for key 'ths_concept_info.uk_concept_source'")
2025-08-02 07:01:08,424 - WARNING - 处理只概念代码信息水泥概念 失败: (1062, "Duplicate entry 'nan-同花顺' for key 'ths_concept_info.uk_concept_source'")
2025-08-02 07:01:08,428 - WARNING - 处理只概念代码信息石墨电极 失败: (1062, "Duplicate entry 'nan-同花顺' for key 'ths_concept_info.uk_concept_source'")
2025-08-02 07:01:08,431 - WARNING - 处理只概念代码信息啤酒概念 失败: (1062, "Duplicate entry 'nan-同花顺' for key 'ths_concept_info.uk_concept_source'")
2025-08-02 07:01:08,435 - WARNING - 处理只概念代码信息腾讯概念 失败: (1062, "Duplicate entry 'nan-同花顺' for key 'ths_concept_info.uk_concept_source'")
2025-08-02 07:01:08,439 - WARNING - 处理只概念代码信息燃料电池 失败: (1062, "Duplicate entry 'nan-同花顺' for key 'ths_concept_info.uk_concept_source'")
2025-08-02 07:01:08,442 - WARNING - 处理只概念代码信息无线充电 失败: (1062, "Duplicate entry 'nan-同花顺' for key 'ths_concept_info.uk_concept_source'")
2025-08-02 07:01:08,445 - WARNING - 处理只概念代码信息语音技术 失败: (1062, "Duplicate entry 'nan-同花顺' for key 'ths_concept_info.uk_concept_source'")
2025-08-02 07:01:08,449 - WARNING - 处理只概念代码信息智能音箱 失败: (1062, "Duplicate entry 'nan-同花顺' for key 'ths_concept_info.uk_concept_source'")
2025-08-02 07:01:08,453 - WARNING - 处理只概念代码信息智能物流 失败: (1062, "Duplicate entry 'nan-同花顺' for key 'ths_concept_info.uk_concept_source'")
2025-08-02 07:01:08,457 - WARNING - 处理只概念代码信息细胞免疫治疗 失败: (1062, "Duplicate entry 'nan-同花顺' for key 'ths_concept_info.uk_concept_source'")
2025-08-02 07:01:08,460 - WARNING - 处理只概念代码信息无人零售 失败: (1062, "Duplicate entry 'nan-同花顺' for key 'ths_concept_info.uk_concept_source'")
2025-08-02 07:01:08,464 - WARNING - 处理只概念代码信息互联网保险 失败: (1062, "Duplicate entry 'nan-同花顺' for key 'ths_concept_info.uk_concept_source'")
2025-08-02 07:01:08,467 - WARNING - 处理只概念代码信息智能交通 失败: (1062, "Duplicate entry 'nan-同花顺' for key 'ths_concept_info.uk_concept_source'")
2025-08-02 07:01:08,471 - WARNING - 处理只概念代码信息互联网医疗 失败: (1062, "Duplicate entry 'nan-同花顺' for key 'ths_concept_info.uk_concept_source'")
2025-08-02 07:01:08,474 - WARNING - 处理只概念代码信息自由贸易港 失败: (1062, "Duplicate entry 'nan-同花顺' for key 'ths_concept_info.uk_concept_source'")
2025-08-02 07:01:08,478 - WARNING - 处理只概念代码信息超级品牌 失败: (1062, "Duplicate entry 'nan-同花顺' for key 'ths_concept_info.uk_concept_source'")
2025-08-02 07:01:08,481 - WARNING - 处理只概念代码信息装配式建筑 失败: (1062, "Duplicate entry 'nan-同花顺' for key 'ths_concept_info.uk_concept_source'")
2025-08-02 07:01:08,485 - WARNING - 处理只概念代码信息人脸识别 失败: (1062, "Duplicate entry 'nan-同花顺' for key 'ths_concept_info.uk_concept_source'")
2025-08-02 07:01:08,488 - WARNING - 处理只概念代码信息租售同权 失败: (1062, "Duplicate entry 'nan-同花顺' for key 'ths_concept_info.uk_concept_source'")
2025-08-02 07:01:08,492 - WARNING - 处理只概念代码信息区块链 失败: (1062, "Duplicate entry 'nan-同花顺' for key 'ths_concept_info.uk_concept_source'")
2025-08-02 07:01:08,495 - WARNING - 处理只概念代码信息芯片概念 失败: (1062, "Duplicate entry 'nan-同花顺' for key 'ths_concept_info.uk_concept_source'")
2025-08-02 07:01:08,498 - WARNING - 处理只概念代码信息网约车 失败: (1062, "Duplicate entry 'nan-同花顺' for key 'ths_concept_info.uk_concept_source'")
2025-08-02 07:01:08,503 - WARNING - 处理只概念代码信息特色小镇 失败: (1062, "Duplicate entry 'nan-同花顺' for key 'ths_concept_info.uk_concept_source'")
2025-08-02 07:01:08,506 - WARNING - 处理只概念代码信息蚂蚁金服概念 失败: (1062, "Duplicate entry 'nan-同花顺' for key 'ths_concept_info.uk_concept_source'")
2025-08-02 07:01:08,510 - WARNING - 处理只概念代码信息可燃冰 失败: (1062, "Duplicate entry 'nan-同花顺' for key 'ths_concept_info.uk_concept_source'")
2025-08-02 07:01:08,513 - WARNING - 处理只概念代码信息共享单车 失败: (1062, "Duplicate entry 'nan-同花顺' for key 'ths_concept_info.uk_concept_source'")
2025-08-02 07:01:08,517 - WARNING - 处理只概念代码信息雄安新区 失败: (1062, "Duplicate entry 'nan-同花顺' for key 'ths_concept_info.uk_concept_source'")
2025-08-02 07:01:08,521 - WARNING - 处理只概念代码信息军民融合 失败: (1062, "Duplicate entry 'nan-同花顺' for key 'ths_concept_info.uk_concept_source'")
2025-08-02 07:01:08,524 - WARNING - 处理只概念代码信息摘帽 失败: (1062, "Duplicate entry 'nan-同花顺' for key 'ths_concept_info.uk_concept_source'")
2025-08-02 07:01:08,528 - WARNING - 处理只概念代码信息中字头股票 失败: (1062, "Duplicate entry 'nan-同花顺' for key 'ths_concept_info.uk_concept_source'")
2025-08-02 07:01:08,532 - WARNING - 处理只概念代码信息化债概念(AMC概念) 失败: (1062, "Duplicate entry 'nan-同花顺' for key 'ths_concept_info.uk_concept_source'")
2025-08-02 07:01:08,535 - WARNING - 处理只概念代码信息股权转让(并购重组) 失败: (1062, "Duplicate entry 'nan-同花顺' for key 'ths_concept_info.uk_concept_source'")
2025-08-02 07:01:08,539 - WARNING - 处理只概念代码信息OLED 失败: (1062, "Duplicate entry 'nan-同花顺' for key 'ths_concept_info.uk_concept_source'")
2025-08-02 07:01:08,543 - WARNING - 处理只概念代码信息电子竞技 失败: (1062, "Duplicate entry 'nan-同花顺' for key 'ths_concept_info.uk_concept_source'")
2025-08-02 07:01:08,546 - WARNING - 处理只概念代码信息无人驾驶 失败: (1062, "Duplicate entry 'nan-同花顺' for key 'ths_concept_info.uk_concept_source'")
2025-08-02 07:01:08,550 - WARNING - 处理只概念代码信息广东自贸区 失败: (1062, "Duplicate entry 'nan-同花顺' for key 'ths_concept_info.uk_concept_source'")
2025-08-02 07:01:08,554 - WARNING - 处理只概念代码信息航运概念 失败: (1062, "Duplicate entry 'nan-同花顺' for key 'ths_concept_info.uk_concept_source'")
2025-08-02 07:01:08,558 - WARNING - 处理只概念代码信息量子科技 失败: (1062, "Duplicate entry 'nan-同花顺' for key 'ths_concept_info.uk_concept_source'")
2025-08-02 07:01:08,562 - WARNING - 处理只概念代码信息人工智能 失败: (1062, "Duplicate entry 'nan-同花顺' for key 'ths_concept_info.uk_concept_source'")
2025-08-02 07:01:08,565 - WARNING - 处理只概念代码信息锂电池概念 失败: (1062, "Duplicate entry 'nan-同花顺' for key 'ths_concept_info.uk_concept_source'")
2025-08-02 07:01:08,569 - WARNING - 处理只概念代码信息虚拟现实 失败: (1062, "Duplicate entry 'nan-同花顺' for key 'ths_concept_info.uk_concept_source'")
2025-08-02 07:01:08,573 - WARNING - 处理只概念代码信息农机 失败: (1062, "Duplicate entry 'nan-同花顺' for key 'ths_concept_info.uk_concept_source'")
2025-08-02 07:01:08,577 - WARNING - 处理只概念代码信息乡村振兴 失败: (1062, "Duplicate entry 'nan-同花顺' for key 'ths_concept_info.uk_concept_source'")
2025-08-02 07:01:08,580 - WARNING - 处理只概念代码信息军工 失败: (1062, "Duplicate entry 'nan-同花顺' for key 'ths_concept_info.uk_concept_source'")
2025-08-02 07:01:08,584 - WARNING - 处理只概念代码信息ST板块 失败: (1062, "Duplicate entry 'nan-同花顺' for key 'ths_concept_info.uk_concept_source'")
2025-08-02 07:01:08,588 - WARNING - 处理只概念代码信息深圳国企改革 失败: (1062, "Duplicate entry 'nan-同花顺' for key 'ths_concept_info.uk_concept_source'")
2025-08-02 07:01:08,591 - WARNING - 处理只概念代码信息深股通 失败: (1062, "Duplicate entry 'nan-同花顺' for key 'ths_concept_info.uk_concept_source'")
2025-08-02 07:01:08,595 - WARNING - 处理只概念代码信息地下管网 失败: (1062, "Duplicate entry 'nan-同花顺' for key 'ths_concept_info.uk_concept_source'")
2025-08-02 07:01:08,599 - WARNING - 处理只概念代码信息PPP概念 失败: (1062, "Duplicate entry 'nan-同花顺' for key 'ths_concept_info.uk_concept_source'")
2025-08-02 07:01:08,604 - WARNING - 处理只概念代码信息证金持股 失败: (1062, "Duplicate entry 'nan-同花顺' for key 'ths_concept_info.uk_concept_source'")
2025-08-02 07:01:08,608 - WARNING - 处理只概念代码信息车联网(车路协同) 失败: (1062, "Duplicate entry 'nan-同花顺' for key 'ths_concept_info.uk_concept_source'")
2025-08-02 07:01:08,612 - WARNING - 处理只概念代码信息医药电商 失败: (1062, "Duplicate entry 'nan-同花顺' for key 'ths_concept_info.uk_concept_source'")
2025-08-02 07:01:08,615 - WARNING - 处理只概念代码信息钛白粉概念 失败: (1062, "Duplicate entry 'nan-同花顺' for key 'ths_concept_info.uk_concept_source'")
2025-08-02 07:01:08,620 - WARNING - 处理只概念代码信息碳纤维 失败: (1062, "Duplicate entry 'nan-同花顺' for key 'ths_concept_info.uk_concept_source'")
2025-08-02 07:01:08,623 - WARNING - 处理只概念代码信息跨境电商 失败: (1062, "Duplicate entry 'nan-同花顺' for key 'ths_concept_info.uk_concept_source'")
2025-08-02 07:01:08,627 - WARNING - 处理只概念代码信息风电 失败: (1062, "Duplicate entry 'nan-同花顺' for key 'ths_concept_info.uk_concept_source'")
2025-08-02 07:01:08,642 - WARNING - 处理只概念代码信息草甘膦 失败: (1062, "Duplicate entry 'nan-同花顺' for key 'ths_concept_info.uk_concept_source'")
2025-08-02 07:01:08,646 - WARNING - 处理只概念代码信息染料 失败: (1062, "Duplicate entry 'nan-同花顺' for key 'ths_concept_info.uk_concept_source'")
2025-08-02 07:01:08,650 - WARNING - 处理只概念代码信息农村电商 失败: (1062, "Duplicate entry 'nan-同花顺' for key 'ths_concept_info.uk_concept_source'")
2025-08-02 07:01:08,655 - WARNING - 处理只概念代码信息参股保险 失败: (1062, "Duplicate entry 'nan-同花顺' for key 'ths_concept_info.uk_concept_source'")
2025-08-02 07:01:08,659 - WARNING - 处理只概念代码信息参股券商 失败: (1062, "Duplicate entry 'nan-同花顺' for key 'ths_concept_info.uk_concept_source'")
2025-08-02 07:01:08,663 - WARNING - 处理只概念代码信息福建自贸区 失败: (1062, "Duplicate entry 'nan-同花顺' for key 'ths_concept_info.uk_concept_source'")
2025-08-02 07:01:08,668 - WARNING - 处理只概念代码信息体育产业 失败: (1062, "Duplicate entry 'nan-同花顺' for key 'ths_concept_info.uk_concept_source'")
2025-08-02 07:01:08,672 - WARNING - 处理只概念代码信息阿里巴巴概念 失败: (1062, "Duplicate entry 'nan-同花顺' for key 'ths_concept_info.uk_concept_source'")
2025-08-02 07:01:08,676 - WARNING - 处理只概念代码信息网络游戏 失败: (1062, "Duplicate entry 'nan-同花顺' for key 'ths_concept_info.uk_concept_source'")
2025-08-02 07:01:08,680 - WARNING - 处理只概念代码信息新股与次新股 失败: (1062, "Duplicate entry 'nan-同花顺' for key 'ths_concept_info.uk_concept_source'")
2025-08-02 07:01:08,685 - WARNING - 处理只概念代码信息央企国企改革 失败: (1062, "Duplicate entry 'nan-同花顺' for key 'ths_concept_info.uk_concept_source'")
2025-08-02 07:01:08,689 - WARNING - 处理只概念代码信息中韩自贸区 失败: (1062, "Duplicate entry 'nan-同花顺' for key 'ths_concept_info.uk_concept_source'")
2025-08-02 07:01:08,693 - WARNING - 处理只概念代码信息举牌 失败: (1062, "Duplicate entry 'nan-同花顺' for key 'ths_concept_info.uk_concept_source'")
2025-08-02 07:01:08,697 - WARNING - 处理只概念代码信息职业教育 失败: (1062, "Duplicate entry 'nan-同花顺' for key 'ths_concept_info.uk_concept_source'")
2025-08-02 07:01:08,702 - WARNING - 处理只概念代码信息足球概念 失败: (1062, "Duplicate entry 'nan-同花顺' for key 'ths_concept_info.uk_concept_source'")
2025-08-02 07:01:08,707 - WARNING - 处理只概念代码信息基因测序 失败: (1062, "Duplicate entry 'nan-同花顺' for key 'ths_concept_info.uk_concept_source'")
2025-08-02 07:01:08,711 - WARNING - 处理只概念代码信息卫星导航 失败: (1062, "Duplicate entry 'nan-同花顺' for key 'ths_concept_info.uk_concept_source'")
2025-08-02 07:01:08,715 - WARNING - 处理只概念代码信息猪肉 失败: (1062, "Duplicate entry 'nan-同花顺' for key 'ths_concept_info.uk_concept_source'")
2025-08-02 07:01:08,720 - WARNING - 处理只概念代码信息水利 失败: (1062, "Duplicate entry 'nan-同花顺' for key 'ths_concept_info.uk_concept_source'")
2025-08-02 07:01:08,724 - WARNING - 处理只概念代码信息核电 失败: (1062, "Duplicate entry 'nan-同花顺' for key 'ths_concept_info.uk_concept_source'")
2025-08-02 07:01:08,728 - WARNING - 处理只概念代码信息期货概念 失败: (1062, "Duplicate entry 'nan-同花顺' for key 'ths_concept_info.uk_concept_source'")
2025-08-02 07:01:08,732 - WARNING - 处理只概念代码信息大飞机 失败: (1062, "Duplicate entry 'nan-同花顺' for key 'ths_concept_info.uk_concept_source'")
2025-08-02 07:01:08,737 - WARNING - 处理只概念代码信息无人机 失败: (1062, "Duplicate entry 'nan-同花顺' for key 'ths_concept_info.uk_concept_source'")
2025-08-02 07:01:08,741 - WARNING - 处理只概念代码信息节能环保 失败: (1062, "Duplicate entry 'nan-同花顺' for key 'ths_concept_info.uk_concept_source'")
2025-08-02 07:01:08,745 - WARNING - 处理只概念代码信息高铁 失败: (1062, "Duplicate entry 'nan-同花顺' for key 'ths_concept_info.uk_concept_source'")
2025-08-02 07:01:08,749 - WARNING - 处理只概念代码信息5G 失败: (1062, "Duplicate entry 'nan-同花顺' for key 'ths_concept_info.uk_concept_source'")
2025-08-02 07:01:08,753 - WARNING - 处理只概念代码信息PM2.5 失败: (1062, "Duplicate entry 'nan-同花顺' for key 'ths_concept_info.uk_concept_source'")
2025-08-02 07:01:08,758 - WARNING - 处理只概念代码信息小金属概念 失败: (1062, "Duplicate entry 'nan-同花顺' for key 'ths_concept_info.uk_concept_source'")
2025-08-02 07:01:08,762 - WARNING - 处理只概念代码信息氟化工概念 失败: (1062, "Duplicate entry 'nan-同花顺' for key 'ths_concept_info.uk_concept_source'")
2025-08-02 07:01:08,766 - WARNING - 处理只概念代码信息汽车电子 失败: (1062, "Duplicate entry 'nan-同花顺' for key 'ths_concept_info.uk_concept_source'")
2025-08-02 07:01:08,771 - WARNING - 处理只概念代码信息家用电器 失败: (1062, "Duplicate entry 'nan-同花顺' for key 'ths_concept_info.uk_concept_source'")
2025-08-02 07:01:08,775 - WARNING - 处理只概念代码信息三胎概念 失败: (1062, "Duplicate entry 'nan-同花顺' for key 'ths_concept_info.uk_concept_source'")
2025-08-02 07:01:08,779 - WARNING - 处理只概念代码信息医疗器械概念 失败: (1062, "Duplicate entry 'nan-同花顺' for key 'ths_concept_info.uk_concept_source'")
2025-08-02 07:01:08,783 - WARNING - 处理只概念代码信息3D打印 失败: (1062, "Duplicate entry 'nan-同花顺' for key 'ths_concept_info.uk_concept_source'")
2025-08-02 07:01:08,788 - WARNING - 处理只概念代码信息光伏概念 失败: (1062, "Duplicate entry 'nan-同花顺' for key 'ths_concept_info.uk_concept_source'")
2025-08-02 07:01:08,792 - WARNING - 处理只概念代码信息黄金概念 失败: (1062, "Duplicate entry 'nan-同花顺' for key 'ths_concept_info.uk_concept_source'")
2025-08-02 07:01:08,796 - WARNING - 处理只概念代码信息白酒概念 失败: (1062, "Duplicate entry 'nan-同花顺' for key 'ths_concept_info.uk_concept_source'")
2025-08-02 07:01:08,801 - WARNING - 处理只概念代码信息养老概念 失败: (1062, "Duplicate entry 'nan-同花顺' for key 'ths_concept_info.uk_concept_source'")
2025-08-02 07:01:08,805 - WARNING - 处理只概念代码信息粤港澳大湾区 失败: (1062, "Duplicate entry 'nan-同花顺' for key 'ths_concept_info.uk_concept_source'")
2025-08-02 07:01:08,809 - WARNING - 处理只概念代码信息沪股通 失败: (1062, "Duplicate entry 'nan-同花顺' for key 'ths_concept_info.uk_concept_source'")
2025-08-02 07:01:08,814 - WARNING - 处理只概念代码信息机器人概念 失败: (1062, "Duplicate entry 'nan-同花顺' for key 'ths_concept_info.uk_concept_source'")
2025-08-02 07:01:08,819 - WARNING - 处理只概念代码信息京津冀一体化 失败: (1062, "Duplicate entry 'nan-同花顺' for key 'ths_concept_info.uk_concept_source'")
2025-08-02 07:01:08,823 - WARNING - 处理只概念代码信息禽流感 失败: (1062, "Duplicate entry 'nan-同花顺' for key 'ths_concept_info.uk_concept_source'")
2025-08-02 07:01:08,827 - WARNING - 处理只概念代码信息生态农业 失败: (1062, "Duplicate entry 'nan-同花顺' for key 'ths_concept_info.uk_concept_source'")
2025-08-02 07:01:08,832 - WARNING - 处理只概念代码信息冷链物流 失败: (1062, "Duplicate entry 'nan-同花顺' for key 'ths_concept_info.uk_concept_source'")
2025-08-02 07:01:08,837 - WARNING - 处理只概念代码信息旅游概念 失败: (1062, "Duplicate entry 'nan-同花顺' for key 'ths_concept_info.uk_concept_source'")
2025-08-02 07:01:08,841 - WARNING - 处理只概念代码信息一带一路 失败: (1062, "Duplicate entry 'nan-同花顺' for key 'ths_concept_info.uk_concept_source'")
2025-08-02 07:01:08,846 - WARNING - 处理只概念代码信息上海国企改革 失败: (1062, "Duplicate entry 'nan-同花顺' for key 'ths_concept_info.uk_concept_source'")
2025-08-02 07:01:08,850 - WARNING - 处理只概念代码信息民营医院 失败: (1062, "Duplicate entry 'nan-同花顺' for key 'ths_concept_info.uk_concept_source'")
2025-08-02 07:01:08,855 - WARNING - 处理只概念代码信息天津自贸区 失败: (1062, "Duplicate entry 'nan-同花顺' for key 'ths_concept_info.uk_concept_source'")
2025-08-02 07:01:08,860 - WARNING - 处理只概念代码信息在线教育 失败: (1062, "Duplicate entry 'nan-同花顺' for key 'ths_concept_info.uk_concept_source'")
2025-08-02 07:01:08,864 - WARNING - 处理只概念代码信息智能家居 失败: (1062, "Duplicate entry 'nan-同花顺' for key 'ths_concept_info.uk_concept_source'")
2025-08-02 07:01:08,869 - WARNING - 处理只概念代码信息上海自贸区 失败: (1062, "Duplicate entry 'nan-同花顺' for key 'ths_concept_info.uk_concept_source'")
2025-08-02 07:01:08,874 - WARNING - 处理只概念代码信息特斯拉概念 失败: (1062, "Duplicate entry 'nan-同花顺' for key 'ths_concept_info.uk_concept_source'")
2025-08-02 07:01:08,878 - WARNING - 处理只概念代码信息乳业 失败: (1062, "Duplicate entry 'nan-同花顺' for key 'ths_concept_info.uk_concept_source'")
2025-08-02 07:01:08,883 - WARNING - 处理只概念代码信息充电桩 失败: (1062, "Duplicate entry 'nan-同花顺' for key 'ths_concept_info.uk_concept_source'")
2025-08-02 07:01:08,887 - WARNING - 处理只概念代码信息网络安全 失败: (1062, "Duplicate entry 'nan-同花顺' for key 'ths_concept_info.uk_concept_source'")
2025-08-02 07:01:08,892 - WARNING - 处理只概念代码信息手机游戏 失败: (1062, "Duplicate entry 'nan-同花顺' for key 'ths_concept_info.uk_concept_source'")
2025-08-02 07:01:08,897 - WARNING - 处理只概念代码信息互联网金融 失败: (1062, "Duplicate entry 'nan-同花顺' for key 'ths_concept_info.uk_concept_source'")
2025-08-02 07:01:08,902 - WARNING - 处理只概念代码信息智能穿戴 失败: (1062, "Duplicate entry 'nan-同花顺' for key 'ths_concept_info.uk_concept_source'")
2025-08-02 07:01:08,906 - WARNING - 处理只概念代码信息土地流转 失败: (1062, "Duplicate entry 'nan-同花顺' for key 'ths_concept_info.uk_concept_source'")
2025-08-02 07:01:08,911 - WARNING - 处理只概念代码信息新能源汽车 失败: (1062, "Duplicate entry 'nan-同花顺' for key 'ths_concept_info.uk_concept_source'")
2025-08-02 07:01:08,915 - WARNING - 处理只概念代码信息天然气 失败: (1062, "Duplicate entry 'nan-同花顺' for key 'ths_concept_info.uk_concept_source'")
2025-08-02 07:01:08,920 - WARNING - 处理只概念代码信息特钢概念 失败: (1062, "Duplicate entry 'nan-同花顺' for key 'ths_concept_info.uk_concept_source'")
2025-08-02 07:01:08,925 - WARNING - 处理只概念代码信息高端装备 失败: (1062, "Duplicate entry 'nan-同花顺' for key 'ths_concept_info.uk_concept_source'")
2025-08-02 07:01:08,929 - WARNING - 处理只概念代码信息海工装备 失败: (1062, "Duplicate entry 'nan-同花顺' for key 'ths_concept_info.uk_concept_source'")
2025-08-02 07:01:08,934 - WARNING - 处理只概念代码信息特高压 失败: (1062, "Duplicate entry 'nan-同花顺' for key 'ths_concept_info.uk_concept_source'")
2025-08-02 07:01:08,939 - WARNING - 处理只概念代码信息安防 失败: (1062, "Duplicate entry 'nan-同花顺' for key 'ths_concept_info.uk_concept_source'")
2025-08-02 07:01:08,944 - WARNING - 处理只概念代码信息电子商务 失败: (1062, "Duplicate entry 'nan-同花顺' for key 'ths_concept_info.uk_concept_source'")
2025-08-02 07:01:08,948 - WARNING - 处理只概念代码信息文化传媒概念 失败: (1062, "Duplicate entry 'nan-同花顺' for key 'ths_concept_info.uk_concept_source'")
2025-08-02 07:01:08,953 - WARNING - 处理只概念代码信息创投 失败: (1062, "Duplicate entry 'nan-同花顺' for key 'ths_concept_info.uk_concept_source'")
2025-08-02 07:01:08,958 - WARNING - 处理只概念代码信息污水处理 失败: (1062, "Duplicate entry 'nan-同花顺' for key 'ths_concept_info.uk_concept_source'")
2025-08-02 07:01:08,962 - WARNING - 处理只概念代码信息固废处理 失败: (1062, "Duplicate entry 'nan-同花顺' for key 'ths_concept_info.uk_concept_source'")
2025-08-02 07:01:08,967 - WARNING - 处理只概念代码信息食品安全 失败: (1062, "Duplicate entry 'nan-同花顺' for key 'ths_concept_info.uk_concept_source'")
2025-08-02 07:01:08,972 - WARNING - 处理只概念代码信息智能医疗 失败: (1062, "Duplicate entry 'nan-同花顺' for key 'ths_concept_info.uk_concept_source'")
2025-08-02 07:01:08,977 - WARNING - 处理只概念代码信息煤化工概念 失败: (1062, "Duplicate entry 'nan-同花顺' for key 'ths_concept_info.uk_concept_source'")
2025-08-02 07:01:08,982 - WARNING - 处理只概念代码信息建筑节能 失败: (1062, "Duplicate entry 'nan-同花顺' for key 'ths_concept_info.uk_concept_source'")
2025-08-02 07:01:08,988 - WARNING - 处理只概念代码信息智慧城市 失败: (1062, "Duplicate entry 'nan-同花顺' for key 'ths_concept_info.uk_concept_source'")
2025-08-02 07:01:08,993 - WARNING - 处理只概念代码信息苹果概念 失败: (1062, "Duplicate entry 'nan-同花顺' for key 'ths_concept_info.uk_concept_source'")
2025-08-02 07:01:08,998 - WARNING - 处理只概念代码信息页岩气 失败: (1062, "Duplicate entry 'nan-同花顺' for key 'ths_concept_info.uk_concept_source'")
2025-08-02 07:01:09,004 - WARNING - 处理只概念代码信息云计算 失败: (1062, "Duplicate entry 'nan-同花顺' for key 'ths_concept_info.uk_concept_source'")
2025-08-02 07:01:09,010 - WARNING - 处理只概念代码信息石墨烯 失败: (1062, "Duplicate entry 'nan-同花顺' for key 'ths_concept_info.uk_concept_source'")
2025-08-02 07:01:09,015 - WARNING - 处理只概念代码信息新疆振兴 失败: (1062, "Duplicate entry 'nan-同花顺' for key 'ths_concept_info.uk_concept_source'")
2025-08-02 07:01:09,021 - WARNING - 处理只概念代码信息稀土永磁 失败: (1062, "Duplicate entry 'nan-同花顺' for key 'ths_concept_info.uk_concept_source'")
2025-08-02 07:01:09,027 - WARNING - 处理只概念代码信息融资融券 失败: (1062, "Duplicate entry 'nan-同花顺' for key 'ths_concept_info.uk_concept_source'")
2025-08-02 07:01:09,031 - WARNING - 处理只概念代码信息移动支付 失败: (1062, "Duplicate entry 'nan-同花顺' for key 'ths_concept_info.uk_concept_source'")
2025-08-02 07:01:09,037 - WARNING - 处理只概念代码信息物联网 失败: (1062, "Duplicate entry 'nan-同花顺' for key 'ths_concept_info.uk_concept_source'")
2025-08-02 07:01:09,041 - WARNING - 处理只概念代码信息智能电网 失败: (1062, "Duplicate entry 'nan-同花顺' for key 'ths_concept_info.uk_concept_source'")
2025-08-02 07:01:09,046 - WARNING - 处理只概念代码信息WiFi 6 失败: (1062, "Duplicate entry 'nan-同花顺' for key 'ths_concept_info.uk_concept_source'")
2025-08-02 07:01:09,051 - ERROR - ✗ 插入概念代码信息失败: (1062, "Duplicate entry 'nan-同花顺' for key 'ths_concept_info.uk_concept_source'")
2025-08-02 07:01:09,058 - INFO - ============================================================
2025-08-02 07:01:09,058 - INFO - 📊 每日数据更新统计
2025-08-02 07:01:09,058 - INFO - ============================================================
2025-08-02 07:01:09,058 - INFO - ⏱️  更新耗时: 0:00:01.990996
2025-08-02 07:01:09,058 - INFO - 📈 实时行情: 0 条
2025-08-02 07:01:09,059 - INFO - 📊 今日K线: 0 条
2025-08-02 07:01:09,059 - INFO - 📅 交易日历: 0 条
2025-08-02 07:01:09,059 - INFO - ✅ 无错误
2025-08-02 07:01:09,059 - INFO - ============================================================
2025-08-02 07:01:09,065 - INFO - 🎉 每日数据更新完成！
2025-08-02 07:01:09,066 - INFO - 数据库连接已关闭
2025-08-02 07:01:09,066 - INFO - ✅ 每日数据更新成功完成
2025-08-02 07:03:16,033 - INFO - 🌟 每日数据更新程序启动
2025-08-02 07:03:16,033 - INFO - 🚀 开始每日数据更新...
2025-08-02 07:03:16,034 - INFO - ============================================================
2025-08-02 07:03:16,037 - INFO - ✅ 成功连接到MySQL数据库
2025-08-02 07:03:16,037 - INFO - 清空同花顺的概念代码信息...
2025-08-02 07:03:16,039 - INFO - 🚀 开始获取ADATA所有同花顺的概念代码信息...
2025-08-02 07:03:16,895 - INFO - 📊 获取到 399 只概念代码信息
2025-08-02 07:03:16,915 - INFO - 📈 已插入 100 只概念代码信息
2025-08-02 07:03:16,927 - INFO - 📈 已插入 200 只概念代码信息
2025-08-02 07:03:16,942 - INFO - 📈 已插入 300 只概念代码信息
2025-08-02 07:03:16,960 - INFO - ✅ 成功插入 399 只概念代码信息
2025-08-02 07:03:16,960 - INFO - ============================================================
2025-08-02 07:03:16,960 - INFO - 📊 每日数据更新统计
2025-08-02 07:03:16,961 - INFO - ============================================================
2025-08-02 07:03:16,961 - INFO - ⏱️  更新耗时: 0:00:00.926378
2025-08-02 07:03:16,961 - INFO - 📈 实时行情: 0 条
2025-08-02 07:03:16,961 - INFO - 📊 今日K线: 0 条
2025-08-02 07:03:16,961 - INFO - 📅 交易日历: 0 条
2025-08-02 07:03:16,961 - INFO - ✅ 无错误
2025-08-02 07:03:16,962 - INFO - ============================================================
2025-08-02 07:03:16,968 - INFO - 🎉 每日数据更新完成！
2025-08-02 07:03:16,968 - INFO - 数据库连接已关闭
2025-08-02 07:03:16,969 - INFO - ✅ 每日数据更新成功完成
