2025-09-07 11:55:20,617 - INFO - 🌟 每周数据更新程序启动
2025-09-07 11:55:20,618 - INFO - 🚀 开始每周数据更新...
2025-09-07 11:55:20,618 - INFO - ============================================================
2025-09-07 11:55:20,639 - INFO - ✅ 成功连接到MySQL数据库
2025-09-07 11:55:20,639 - INFO - 清空债券收益率信息表...
2025-09-07 11:55:20,715 - INFO - 🚀 开始获取债券收益率信息...
2025-09-07 11:55:23,050 - INFO - 📊 获取到 9073条债券收益率数据
2025-09-07 11:55:23,085 - INFO - 📈 已插入 100条债券收益率数据
2025-09-07 11:55:23,101 - INFO - 📈 已插入 200条债券收益率数据
2025-09-07 11:55:23,128 - INFO - 📈 已插入 300条债券收益率数据
2025-09-07 11:55:23,145 - INFO - 📈 已插入 400条债券收益率数据
2025-09-07 11:55:23,165 - INFO - 📈 已插入 500条债券收益率数据
2025-09-07 11:55:23,175 - INFO - 📈 已插入 600条债券收益率数据
2025-09-07 11:55:23,195 - INFO - 📈 已插入 700条债券收益率数据
2025-09-07 11:55:23,215 - INFO - 📈 已插入 800条债券收益率数据
2025-09-07 11:55:23,245 - INFO - 📈 已插入 900条债券收益率数据
2025-09-07 11:55:23,275 - INFO - 📈 已插入 1000条债券收益率数据
2025-09-07 11:55:23,295 - INFO - 📈 已插入 1100条债券收益率数据
2025-09-07 11:55:23,305 - INFO - 📈 已插入 1200条债券收益率数据
2025-09-07 11:55:23,325 - INFO - 📈 已插入 1300条债券收益率数据
2025-09-07 11:55:23,356 - INFO - 📈 已插入 1400条债券收益率数据
2025-09-07 11:55:23,371 - INFO - 📈 已插入 1500条债券收益率数据
2025-09-07 11:55:23,393 - INFO - 📈 已插入 1600条债券收益率数据
2025-09-07 11:55:23,405 - INFO - 📈 已插入 1700条债券收益率数据
2025-09-07 11:55:23,456 - INFO - 📈 已插入 1800条债券收益率数据
2025-09-07 11:55:23,488 - INFO - 📈 已插入 1900条债券收益率数据
2025-09-07 11:55:23,506 - INFO - 📈 已插入 2000条债券收益率数据
2025-09-07 11:55:23,523 - INFO - 📈 已插入 2100条债券收益率数据
2025-09-07 11:55:23,546 - INFO - 📈 已插入 2200条债券收益率数据
2025-09-07 11:55:23,564 - INFO - 📈 已插入 2300条债券收益率数据
2025-09-07 11:55:23,580 - INFO - 📈 已插入 2400条债券收益率数据
2025-09-07 11:55:23,597 - INFO - 📈 已插入 2500条债券收益率数据
2025-09-07 11:55:23,614 - INFO - 📈 已插入 2600条债券收益率数据
2025-09-07 11:55:23,630 - INFO - 📈 已插入 2700条债券收益率数据
2025-09-07 11:55:23,647 - INFO - 📈 已插入 2800条债券收益率数据
2025-09-07 11:55:23,667 - INFO - 📈 已插入 2900条债券收益率数据
2025-09-07 11:55:23,688 - INFO - 📈 已插入 3000条债券收益率数据
2025-09-07 11:55:23,712 - INFO - 📈 已插入 3100条债券收益率数据
2025-09-07 11:55:23,735 - INFO - 📈 已插入 3200条债券收益率数据
2025-09-07 11:55:23,752 - INFO - 📈 已插入 3300条债券收益率数据
2025-09-07 11:55:23,773 - INFO - 📈 已插入 3400条债券收益率数据
2025-09-07 11:55:23,791 - INFO - 📈 已插入 3500条债券收益率数据
2025-09-07 11:55:23,814 - INFO - 📈 已插入 3600条债券收益率数据
2025-09-07 11:55:23,830 - INFO - 📈 已插入 3700条债券收益率数据
2025-09-07 11:55:23,847 - INFO - 📈 已插入 3800条债券收益率数据
2025-09-07 11:55:23,864 - INFO - 📈 已插入 3900条债券收益率数据
2025-09-07 11:55:23,908 - INFO - 📈 已插入 4000条债券收益率数据
2025-09-07 11:55:23,927 - INFO - 📈 已插入 4100条债券收益率数据
2025-09-07 11:55:23,945 - INFO - 📈 已插入 4200条债券收益率数据
2025-09-07 11:55:23,964 - INFO - 📈 已插入 4300条债券收益率数据
2025-09-07 11:55:23,989 - INFO - 📈 已插入 4400条债券收益率数据
2025-09-07 11:55:24,013 - INFO - 📈 已插入 4500条债券收益率数据
2025-09-07 11:55:24,029 - INFO - 📈 已插入 4600条债券收益率数据
2025-09-07 11:55:24,049 - INFO - 📈 已插入 4700条债券收益率数据
2025-09-07 11:55:24,065 - INFO - 📈 已插入 4800条债券收益率数据
2025-09-07 11:55:24,091 - INFO - 📈 已插入 4900条债券收益率数据
2025-09-07 11:55:24,106 - INFO - 📈 已插入 5000条债券收益率数据
2025-09-07 11:55:24,127 - INFO - 📈 已插入 5100条债券收益率数据
2025-09-07 11:55:24,145 - INFO - 📈 已插入 5200条债券收益率数据
2025-09-07 11:55:24,165 - INFO - 📈 已插入 5300条债券收益率数据
2025-09-07 11:55:24,185 - INFO - 📈 已插入 5400条债券收益率数据
2025-09-07 11:55:24,215 - INFO - 📈 已插入 5500条债券收益率数据
2025-09-07 11:55:24,235 - INFO - 📈 已插入 5600条债券收益率数据
2025-09-07 11:55:24,255 - INFO - 📈 已插入 5700条债券收益率数据
2025-09-07 11:55:24,277 - INFO - 📈 已插入 5800条债券收益率数据
2025-09-07 11:55:24,295 - INFO - 📈 已插入 5900条债券收益率数据
2025-09-07 11:55:24,315 - INFO - 📈 已插入 6000条债券收益率数据
2025-09-07 11:55:24,341 - INFO - 📈 已插入 6100条债券收益率数据
2025-09-07 11:55:24,365 - INFO - 📈 已插入 6200条债券收益率数据
2025-09-07 11:55:24,375 - INFO - 📈 已插入 6300条债券收益率数据
2025-09-07 11:55:24,407 - INFO - 📈 已插入 6400条债券收益率数据
2025-09-07 11:55:24,426 - INFO - 📈 已插入 6500条债券收益率数据
2025-09-07 11:55:24,785 - INFO - 📈 已插入 6600条债券收益率数据
2025-09-07 11:55:24,808 - INFO - 📈 已插入 6700条债券收益率数据
2025-09-07 11:55:24,823 - INFO - 📈 已插入 6800条债券收益率数据
2025-09-07 11:55:24,840 - INFO - 📈 已插入 6900条债券收益率数据
2025-09-07 11:55:24,855 - INFO - 📈 已插入 7000条债券收益率数据
2025-09-07 11:55:24,875 - INFO - 📈 已插入 7100条债券收益率数据
2025-09-07 11:55:24,888 - INFO - 📈 已插入 7200条债券收益率数据
2025-09-07 11:55:24,908 - INFO - 📈 已插入 7300条债券收益率数据
2025-09-07 11:55:24,927 - INFO - 📈 已插入 7400条债券收益率数据
2025-09-07 11:55:24,945 - INFO - 📈 已插入 7500条债券收益率数据
2025-09-07 11:55:24,973 - INFO - 📈 已插入 7600条债券收益率数据
2025-09-07 11:55:24,989 - INFO - 📈 已插入 7700条债券收益率数据
2025-09-07 11:55:25,005 - INFO - 📈 已插入 7800条债券收益率数据
2025-09-07 11:55:25,025 - INFO - 📈 已插入 7900条债券收益率数据
2025-09-07 11:55:25,053 - INFO - 📈 已插入 8000条债券收益率数据
2025-09-07 11:55:25,072 - INFO - 📈 已插入 8100条债券收益率数据
2025-09-07 11:55:25,088 - INFO - 📈 已插入 8200条债券收益率数据
2025-09-07 11:55:25,108 - INFO - 📈 已插入 8300条债券收益率数据
2025-09-07 11:55:25,123 - INFO - 📈 已插入 8400条债券收益率数据
2025-09-07 11:55:25,141 - INFO - 📈 已插入 8500条债券收益率数据
2025-09-07 11:55:25,159 - INFO - 📈 已插入 8600条债券收益率数据
2025-09-07 11:55:25,175 - INFO - 📈 已插入 8700条债券收益率数据
2025-09-07 11:55:25,195 - INFO - 📈 已插入 8800条债券收益率数据
2025-09-07 11:55:25,215 - INFO - 📈 已插入 8900条债券收益率数据
2025-09-07 11:55:25,225 - INFO - 📈 已插入 9000条债券收益率数据
2025-09-07 11:55:25,245 - INFO - ✅ 成功插入 9073 条债券收益率数据
2025-09-07 11:55:25,250 - INFO - ============================================================
2025-09-07 11:55:25,250 - INFO - 📊 本周数据更新统计
2025-09-07 11:55:25,250 - INFO - ============================================================
2025-09-07 11:55:25,250 - INFO - ⏱️  更新耗时: 0:00:04.632281
2025-09-07 11:55:25,250 - INFO - ✅ 无错误
2025-09-07 11:55:25,250 - INFO - ============================================================
2025-09-07 11:55:25,251 - INFO - 🎉 本周数据更新完成！
2025-09-07 11:55:25,251 - INFO - 数据库连接已关闭
2025-09-07 11:55:25,251 - INFO - ✅ 每周数据更新成功完成
