2025-08-08 20:33:06,440 - INFO - 🌟 每周数据更新程序启动
2025-08-08 20:33:06,440 - INFO - 🚀 开始每周数据更新...
2025-08-08 20:33:06,440 - INFO - ============================================================
2025-08-08 20:33:06,462 - INFO - ✅ 成功连接到MySQL数据库
2025-08-08 20:33:06,462 - INFO - 清空股票基本信息...
2025-08-08 20:33:06,603 - INFO - 🚀 开始获取ADATA所有股票基本信息...
2025-08-08 20:33:24,803 - INFO - 📊 获取到 5842 只股票信息
2025-08-08 20:33:24,825 - INFO - 📈 已插入 100 只股票信息
2025-08-08 20:33:24,838 - INFO - 📈 已插入 200 只股票信息
2025-08-08 20:33:24,850 - INFO - 📈 已插入 300 只股票信息
2025-08-08 20:33:24,860 - INFO - 📈 已插入 400 只股票信息
2025-08-08 20:33:24,880 - INFO - 📈 已插入 500 只股票信息
2025-08-08 20:33:24,889 - INFO - 📈 已插入 600 只股票信息
2025-08-08 20:33:24,904 - INFO - 📈 已插入 700 只股票信息
2025-08-08 20:33:24,914 - INFO - 📈 已插入 800 只股票信息
2025-08-08 20:33:24,923 - INFO - 📈 已插入 900 只股票信息
2025-08-08 20:33:24,954 - INFO - 📈 已插入 1000 只股票信息
2025-08-08 20:33:24,974 - INFO - 📈 已插入 1100 只股票信息
2025-08-08 20:33:24,999 - INFO - 📈 已插入 1200 只股票信息
2025-08-08 20:33:25,014 - INFO - 📈 已插入 1300 只股票信息
2025-08-08 20:33:25,029 - INFO - 📈 已插入 1400 只股票信息
2025-08-08 20:33:25,039 - INFO - 📈 已插入 1500 只股票信息
2025-08-08 20:33:25,062 - INFO - 📈 已插入 1600 只股票信息
2025-08-08 20:33:25,079 - INFO - 📈 已插入 1700 只股票信息
2025-08-08 20:33:25,089 - INFO - 📈 已插入 1800 只股票信息
2025-08-08 20:33:25,104 - INFO - 📈 已插入 1900 只股票信息
2025-08-08 20:33:25,121 - INFO - 📈 已插入 2000 只股票信息
2025-08-08 20:33:25,129 - INFO - 📈 已插入 2100 只股票信息
2025-08-08 20:33:25,139 - INFO - 📈 已插入 2200 只股票信息
2025-08-08 20:33:25,165 - INFO - 📈 已插入 2300 只股票信息
2025-08-08 20:33:25,179 - INFO - 📈 已插入 2400 只股票信息
2025-08-08 20:33:25,199 - INFO - 📈 已插入 2500 只股票信息
2025-08-08 20:33:25,209 - INFO - 📈 已插入 2600 只股票信息
2025-08-08 20:33:25,221 - INFO - 📈 已插入 2700 只股票信息
2025-08-08 20:33:25,239 - INFO - 📈 已插入 2800 只股票信息
2025-08-08 20:33:25,255 - INFO - 📈 已插入 2900 只股票信息
2025-08-08 20:33:25,260 - INFO - 📈 已插入 3000 只股票信息
2025-08-08 20:33:25,289 - INFO - 📈 已插入 3100 只股票信息
2025-08-08 20:33:25,305 - INFO - 📈 已插入 3200 只股票信息
2025-08-08 20:33:25,321 - INFO - 📈 已插入 3300 只股票信息
2025-08-08 20:33:25,329 - INFO - 📈 已插入 3400 只股票信息
2025-08-08 20:33:25,339 - INFO - 📈 已插入 3500 只股票信息
2025-08-08 20:33:25,359 - INFO - 📈 已插入 3600 只股票信息
2025-08-08 20:33:25,379 - INFO - 📈 已插入 3700 只股票信息
2025-08-08 20:33:25,389 - INFO - 📈 已插入 3800 只股票信息
2025-08-08 20:33:25,404 - INFO - 📈 已插入 3900 只股票信息
2025-08-08 20:33:25,422 - INFO - 📈 已插入 4000 只股票信息
2025-08-08 20:33:25,437 - INFO - 📈 已插入 4100 只股票信息
2025-08-08 20:33:25,449 - INFO - 📈 已插入 4200 只股票信息
2025-08-08 20:33:25,459 - INFO - 📈 已插入 4300 只股票信息
2025-08-08 20:33:25,479 - INFO - 📈 已插入 4400 只股票信息
2025-08-08 20:33:25,490 - INFO - 📈 已插入 4500 只股票信息
2025-08-08 20:33:25,510 - INFO - 📈 已插入 4600 只股票信息
2025-08-08 20:33:25,529 - INFO - 📈 已插入 4700 只股票信息
2025-08-08 20:33:25,539 - INFO - 📈 已插入 4800 只股票信息
2025-08-08 20:33:25,560 - INFO - 📈 已插入 4900 只股票信息
2025-08-08 20:33:25,579 - INFO - 📈 已插入 5000 只股票信息
2025-08-08 20:33:25,589 - INFO - 📈 已插入 5100 只股票信息
2025-08-08 20:33:25,615 - INFO - 📈 已插入 5200 只股票信息
2025-08-08 20:33:25,642 - INFO - 📈 已插入 5300 只股票信息
2025-08-08 20:33:25,670 - INFO - 📈 已插入 5400 只股票信息
2025-08-08 20:33:25,706 - INFO - 📈 已插入 5500 只股票信息
2025-08-08 20:33:25,744 - INFO - 📈 已插入 5600 只股票信息
2025-08-08 20:33:25,772 - INFO - 📈 已插入 5700 只股票信息
2025-08-08 20:33:25,799 - INFO - 📈 已插入 5800 只股票信息
2025-08-08 20:33:25,815 - INFO - ✅ 成功插入 5842 只股票基本信息
2025-08-08 20:33:25,815 - INFO - 📊 开始更新近7个自然日K线数据）...
2025-08-08 20:33:25,849 - INFO - 📊 准备更新 5842 只股票的近7个自然日K线数据
2025-08-08 20:33:39,839 - INFO - 📈 已处理 50/5842 只股票，成功 38 只
2025-08-08 20:33:55,990 - INFO - 📈 已处理 100/5842 只股票，成功 81 只
2025-08-08 20:34:10,421 - INFO - 📈 已处理 150/5842 只股票，成功 122 只
2025-08-08 20:34:27,248 - INFO - 📈 已处理 200/5842 只股票，成功 161 只
2025-08-08 20:34:44,136 - INFO - 📈 已处理 250/5842 只股票，成功 199 只
2025-08-08 20:35:03,784 - INFO - 📈 已处理 300/5842 只股票，成功 240 只
2025-08-08 20:35:19,852 - INFO - 📈 已处理 350/5842 只股票，成功 281 只
2025-08-08 20:35:50,546 - INFO - 📈 已处理 450/5842 只股票，成功 370 只
2025-08-08 20:36:07,056 - INFO - 📈 已处理 500/5842 只股票，成功 413 只
2025-08-08 20:36:26,225 - INFO - 📈 已处理 550/5842 只股票，成功 462 只
2025-08-08 20:36:43,767 - INFO - 📈 已处理 600/5842 只股票，成功 512 只
2025-08-08 20:37:02,909 - INFO - 📈 已处理 650/5842 只股票，成功 559 只
2025-08-08 20:37:19,815 - INFO - 📈 已处理 700/5842 只股票，成功 605 只
2025-08-08 20:37:36,734 - INFO - 📈 已处理 750/5842 只股票，成功 653 只
2025-08-08 20:37:52,803 - INFO - 📈 已处理 800/5842 只股票，成功 701 只
2025-08-08 20:38:10,839 - INFO - 📈 已处理 850/5842 只股票，成功 750 只
2025-08-08 20:38:28,400 - INFO - 📈 已处理 900/5842 只股票，成功 797 只
2025-08-08 20:38:44,803 - INFO - 📈 已处理 950/5842 只股票，成功 843 只
2025-08-08 20:39:01,636 - INFO - 📈 已处理 1000/5842 只股票，成功 892 只
2025-08-08 20:39:19,406 - INFO - 📈 已处理 1050/5842 只股票，成功 938 只
2025-08-08 20:39:35,814 - INFO - 📈 已处理 1100/5842 只股票，成功 983 只
2025-08-08 20:39:51,753 - INFO - 📈 已处理 1150/5842 只股票，成功 1027 只
2025-08-08 20:40:07,900 - INFO - 📈 已处理 1200/5842 只股票，成功 1077 只
2025-08-08 20:40:25,619 - INFO - 📈 已处理 1250/5842 只股票，成功 1122 只
2025-08-08 20:40:42,163 - INFO - 📈 已处理 1300/5842 只股票，成功 1169 只
2025-08-08 20:40:58,271 - INFO - 📈 已处理 1350/5842 只股票，成功 1216 只
2025-08-08 20:41:17,970 - INFO - 📈 已处理 1400/5842 只股票，成功 1261 只
2025-08-08 20:41:36,467 - INFO - 📈 已处理 1450/5842 只股票，成功 1311 只
2025-08-08 20:41:55,141 - INFO - 📈 已处理 1500/5842 只股票，成功 1361 只
2025-08-08 20:42:13,355 - INFO - 📈 已处理 1550/5842 只股票，成功 1411 只
2025-08-08 20:42:33,537 - INFO - 📈 已处理 1600/5842 只股票，成功 1461 只
2025-08-08 20:43:00,543 - INFO - 📈 已处理 1700/5842 只股票，成功 1502 只
2025-08-08 20:43:18,415 - INFO - 📈 已处理 1750/5842 只股票，成功 1548 只
2025-08-08 20:43:35,307 - INFO - 📈 已处理 1800/5842 只股票，成功 1592 只
2025-08-08 20:43:52,321 - INFO - 📈 已处理 1850/5842 只股票，成功 1641 只
2025-08-08 20:44:09,407 - INFO - 📈 已处理 1900/5842 只股票，成功 1686 只
2025-08-08 20:44:28,784 - INFO - 📈 已处理 1950/5842 只股票，成功 1735 只
2025-08-08 20:44:46,903 - INFO - 📈 已处理 2000/5842 只股票，成功 1779 只
2025-08-08 20:45:02,672 - INFO - 📈 已处理 2050/5842 只股票，成功 1823 只
2025-08-08 20:45:20,138 - INFO - 📈 已处理 2100/5842 只股票，成功 1871 只
2025-08-08 20:45:38,077 - INFO - 📈 已处理 2150/5842 只股票，成功 1920 只
2025-08-08 20:45:55,012 - INFO - 📈 已处理 2200/5842 只股票，成功 1969 只
2025-08-08 20:46:13,411 - INFO - 📈 已处理 2250/5842 只股票，成功 2018 只
2025-08-08 20:46:30,311 - INFO - 📈 已处理 2300/5842 只股票，成功 2067 只
2025-08-08 20:47:08,490 - INFO - 📈 已处理 2350/5842 只股票，成功 2116 只
2025-08-08 20:48:08,649 - INFO - 📈 已处理 2400/5842 只股票，成功 2166 只
2025-08-08 20:48:45,999 - INFO - 📈 已处理 2450/5842 只股票，成功 2215 只
2025-08-08 20:49:26,527 - INFO - 📈 已处理 2500/5842 只股票，成功 2264 只
2025-08-08 20:50:05,526 - INFO - 📈 已处理 2550/5842 只股票，成功 2314 只
2025-08-08 20:50:22,832 - INFO - 📈 已处理 2600/5842 只股票，成功 2364 只
2025-08-08 20:50:42,308 - INFO - 📈 已处理 2650/5842 只股票，成功 2414 只
2025-08-08 20:50:59,645 - INFO - 📈 已处理 2700/5842 只股票，成功 2464 只
2025-08-08 20:51:16,780 - INFO - 📈 已处理 2750/5842 只股票，成功 2514 只
2025-08-08 20:51:33,205 - INFO - 📈 已处理 2800/5842 只股票，成功 2564 只
2025-08-08 20:51:52,848 - INFO - 📈 已处理 2850/5842 只股票，成功 2614 只
2025-08-08 20:52:09,683 - INFO - 📈 已处理 2900/5842 只股票，成功 2664 只
2025-08-08 20:52:26,399 - INFO - 📈 已处理 2950/5842 只股票，成功 2714 只
2025-08-08 20:52:46,112 - INFO - 📈 已处理 3000/5842 只股票，成功 2764 只
2025-08-08 20:53:05,182 - INFO - 📈 已处理 3050/5842 只股票，成功 2814 只
2025-08-08 20:53:22,248 - INFO - 📈 已处理 3100/5842 只股票，成功 2864 只
2025-08-08 20:53:38,941 - INFO - 📈 已处理 3150/5842 只股票，成功 2910 只
2025-08-08 20:53:55,810 - INFO - 📈 已处理 3200/5842 只股票，成功 2947 只
2025-08-08 20:54:14,533 - INFO - 📈 已处理 3250/5842 只股票，成功 2991 只
2025-08-08 20:55:03,939 - INFO - 📈 已处理 3400/5842 只股票，成功 3116 只
2025-08-08 20:55:23,188 - INFO - 📈 已处理 3450/5842 只股票，成功 3163 只
2025-08-08 20:55:40,380 - INFO - 📈 已处理 3500/5842 只股票，成功 3208 只
2025-08-08 20:55:59,071 - INFO - 📈 已处理 3550/5842 只股票，成功 3254 只
2025-08-08 20:56:15,405 - INFO - 📈 已处理 3600/5842 只股票，成功 3300 只
2025-08-08 20:56:30,961 - INFO - 📈 已处理 3650/5842 只股票，成功 3347 只
2025-08-08 20:57:00,216 - INFO - 📈 已处理 3750/5842 只股票，成功 3426 只
2025-08-08 20:57:17,141 - INFO - 📈 已处理 3800/5842 只股票，成功 3470 只
2025-08-08 20:57:32,883 - INFO - 📈 已处理 3850/5842 只股票，成功 3511 只
2025-08-08 20:58:05,506 - INFO - 📈 已处理 3950/5842 只股票，成功 3596 只
2025-08-08 20:58:22,019 - INFO - 📈 已处理 4000/5842 只股票，成功 3644 只
2025-08-08 20:58:38,990 - INFO - 📈 已处理 4050/5842 只股票，成功 3693 只
2025-08-08 20:58:59,157 - INFO - 📈 已处理 4100/5842 只股票，成功 3740 只
2025-08-08 20:59:14,870 - INFO - 📈 已处理 4150/5842 只股票，成功 3789 只
2025-08-08 20:59:52,565 - INFO - 📈 已处理 4200/5842 只股票，成功 3839 只
2025-08-08 21:00:09,979 - INFO - 📈 已处理 4250/5842 只股票，成功 3888 只
2025-08-08 21:00:25,830 - INFO - 📈 已处理 4300/5842 只股票，成功 3938 只
2025-08-08 21:01:03,800 - INFO - 📈 已处理 4350/5842 只股票，成功 3987 只
2025-08-08 21:01:20,305 - INFO - 📈 已处理 4400/5842 只股票，成功 4036 只
2025-08-08 21:01:39,565 - INFO - 📈 已处理 4450/5842 只股票，成功 4086 只
2025-08-08 21:01:58,522 - INFO - 📈 已处理 4500/5842 只股票，成功 4136 只
2025-08-08 21:02:17,163 - INFO - 📈 已处理 4550/5842 只股票，成功 4185 只
2025-08-08 21:02:34,012 - INFO - 📈 已处理 4600/5842 只股票，成功 4234 只
2025-08-08 21:02:51,421 - INFO - 📈 已处理 4650/5842 只股票，成功 4283 只
2025-08-08 21:03:09,330 - INFO - 📈 已处理 4700/5842 只股票，成功 4333 只
2025-08-08 21:03:28,359 - INFO - 📈 已处理 4750/5842 只股票，成功 4383 只
2025-08-08 21:03:45,552 - INFO - 📈 已处理 4800/5842 只股票，成功 4433 只
2025-08-08 21:04:07,286 - INFO - 📈 已处理 4850/5842 只股票，成功 4481 只
2025-08-08 21:04:24,893 - INFO - 📈 已处理 4900/5842 只股票，成功 4531 只
2025-08-08 21:04:45,059 - INFO - 📈 已处理 4950/5842 只股票，成功 4581 只
2025-08-08 21:05:03,138 - INFO - 📈 已处理 5000/5842 只股票，成功 4631 只
2025-08-08 21:05:20,667 - INFO - 📈 已处理 5050/5842 只股票，成功 4681 只
2025-08-08 21:05:37,867 - INFO - 📈 已处理 5100/5842 只股票，成功 4731 只
2025-08-08 21:05:53,796 - INFO - 📈 已处理 5150/5842 只股票，成功 4781 只
2025-08-08 21:06:09,586 - INFO - 📈 已处理 5200/5842 只股票，成功 4830 只
2025-08-08 21:06:27,728 - INFO - 📈 已处理 5250/5842 只股票，成功 4880 只
2025-08-08 21:07:06,584 - INFO - 📈 已处理 5300/5842 只股票，成功 4930 只
2025-08-08 21:08:26,256 - INFO - 📈 已处理 5350/5842 只股票，成功 4980 只
2025-08-08 21:09:24,432 - INFO - 📈 已处理 5400/5842 只股票，成功 5030 只
2025-08-08 21:10:24,340 - INFO - 📈 已处理 5450/5842 只股票，成功 5080 只
2025-08-08 21:10:41,458 - INFO - 📈 已处理 5500/5842 只股票，成功 5130 只
2025-08-08 21:10:58,620 - INFO - 📈 已处理 5550/5842 只股票，成功 5180 只
2025-08-08 21:11:14,939 - INFO - 📈 已处理 5600/5842 只股票，成功 5230 只
2025-08-08 21:11:32,811 - INFO - 📈 已处理 5650/5842 只股票，成功 5280 只
2025-08-08 21:11:49,303 - INFO - 📈 已处理 5700/5842 只股票，成功 5330 只
2025-08-08 21:12:05,600 - INFO - 📈 已处理 5750/5842 只股票，成功 5380 只
2025-08-08 21:12:28,819 - INFO - ✅ 本周K线更新完成: 5417 条记录
2025-08-08 21:12:28,819 - INFO - 清空股票股本信息...
2025-08-08 21:12:28,915 - INFO - 🚀 开始获取ADATA所有股票股本信息...
2025-08-08 21:12:42,882 - INFO - 📈 已处理 50/5842 只股票，成功 50 只
2025-08-08 21:12:55,882 - INFO - 📈 已处理 100/5842 只股票，成功 100 只
2025-08-08 21:13:08,900 - INFO - 📈 已处理 150/5842 只股票，成功 150 只
2025-08-08 21:13:22,460 - INFO - 📈 已处理 200/5842 只股票，成功 200 只
2025-08-08 21:13:34,833 - INFO - 📈 已处理 250/5842 只股票，成功 250 只
2025-08-08 21:13:48,413 - INFO - 📈 已处理 300/5842 只股票，成功 300 只
2025-08-08 21:14:01,962 - INFO - 📈 已处理 350/5842 只股票，成功 350 只
2025-08-08 21:14:15,555 - INFO - 📈 已处理 400/5842 只股票，成功 400 只
2025-08-08 21:14:28,114 - INFO - 📈 已处理 450/5842 只股票，成功 450 只
2025-08-08 21:14:41,076 - INFO - 📈 已处理 500/5842 只股票，成功 500 只
2025-08-08 21:14:53,429 - INFO - 📈 已处理 550/5842 只股票，成功 550 只
2025-08-08 21:15:05,283 - INFO - 📈 已处理 600/5842 只股票，成功 600 只
2025-08-08 21:15:18,423 - INFO - 📈 已处理 650/5842 只股票，成功 650 只
2025-08-08 21:15:32,343 - INFO - 📈 已处理 700/5842 只股票，成功 700 只
2025-08-08 21:15:45,733 - INFO - 📈 已处理 750/5842 只股票，成功 750 只
2025-08-08 21:15:59,572 - INFO - 📈 已处理 800/5842 只股票，成功 800 只
2025-08-08 21:16:13,069 - INFO - 📈 已处理 850/5842 只股票，成功 850 只
2025-08-08 21:16:26,144 - INFO - 📈 已处理 900/5842 只股票，成功 900 只
2025-08-08 21:16:39,056 - INFO - 📈 已处理 950/5842 只股票，成功 950 只
2025-08-08 21:16:51,571 - INFO - 📈 已处理 1000/5842 只股票，成功 1000 只
2025-08-08 21:17:04,411 - INFO - 📈 已处理 1050/5842 只股票，成功 1050 只
2025-08-08 21:17:17,379 - INFO - 📈 已处理 1100/5842 只股票，成功 1100 只
2025-08-08 21:17:30,411 - INFO - 📈 已处理 1150/5842 只股票，成功 1150 只
2025-08-08 21:17:44,011 - INFO - 📈 已处理 1200/5842 只股票，成功 1200 只
2025-08-08 21:17:57,310 - INFO - 📈 已处理 1250/5842 只股票，成功 1250 只
2025-08-08 21:18:10,652 - INFO - 📈 已处理 1300/5842 只股票，成功 1300 只
2025-08-08 21:18:23,818 - INFO - 📈 已处理 1350/5842 只股票，成功 1350 只
2025-08-08 21:18:36,680 - INFO - 📈 已处理 1400/5842 只股票，成功 1400 只
2025-08-08 21:18:49,528 - INFO - 📈 已处理 1450/5842 只股票，成功 1450 只
2025-08-08 21:19:02,900 - INFO - 📈 已处理 1500/5842 只股票，成功 1500 只
2025-08-08 21:19:15,377 - INFO - 📈 已处理 1550/5842 只股票，成功 1550 只
2025-08-08 21:19:27,715 - INFO - 📈 已处理 1600/5842 只股票，成功 1600 只
2025-08-08 21:19:39,544 - INFO - 📈 已处理 1650/5842 只股票，成功 1650 只
2025-08-08 21:19:52,223 - INFO - 📈 已处理 1700/5842 只股票，成功 1700 只
2025-08-08 21:20:05,172 - INFO - 📈 已处理 1750/5842 只股票，成功 1750 只
2025-08-08 21:20:18,099 - INFO - 📈 已处理 1800/5842 只股票，成功 1800 只
2025-08-08 21:20:32,177 - INFO - 📈 已处理 1850/5842 只股票，成功 1850 只
2025-08-08 21:20:44,331 - INFO - 📈 已处理 1900/5842 只股票，成功 1900 只
2025-08-08 21:20:57,080 - INFO - 📈 已处理 1950/5842 只股票，成功 1950 只
2025-08-08 21:21:10,435 - INFO - 📈 已处理 2000/5842 只股票，成功 2000 只
2025-08-08 21:21:25,136 - INFO - 📈 已处理 2050/5842 只股票，成功 2050 只
2025-08-08 21:21:37,956 - INFO - 📈 已处理 2100/5842 只股票，成功 2100 只
2025-08-08 21:21:50,140 - INFO - 📈 已处理 2150/5842 只股票，成功 2150 只
2025-08-08 21:22:03,830 - INFO - 📈 已处理 2200/5842 只股票，成功 2200 只
2025-08-08 21:22:16,431 - INFO - 📈 已处理 2250/5842 只股票，成功 2250 只
2025-08-08 21:22:28,938 - INFO - 📈 已处理 2300/5842 只股票，成功 2300 只
2025-08-08 21:22:41,069 - INFO - 📈 已处理 2350/5842 只股票，成功 2350 只
2025-08-08 21:22:53,061 - INFO - 📈 已处理 2400/5842 只股票，成功 2400 只
2025-08-08 21:23:05,276 - INFO - 📈 已处理 2450/5842 只股票，成功 2450 只
2025-08-08 21:23:17,460 - INFO - 📈 已处理 2500/5842 只股票，成功 2500 只
2025-08-08 21:23:29,213 - INFO - 📈 已处理 2550/5842 只股票，成功 2550 只
2025-08-08 21:23:40,897 - INFO - 📈 已处理 2600/5842 只股票，成功 2600 只
2025-08-08 21:23:53,034 - INFO - 📈 已处理 2650/5842 只股票，成功 2650 只
2025-08-08 21:24:05,727 - INFO - 📈 已处理 2700/5842 只股票，成功 2700 只
2025-08-08 21:24:18,306 - INFO - 📈 已处理 2750/5842 只股票，成功 2750 只
2025-08-08 21:24:30,075 - INFO - 📈 已处理 2800/5842 只股票，成功 2800 只
2025-08-08 21:24:42,224 - INFO - 📈 已处理 2850/5842 只股票，成功 2850 只
2025-08-08 21:24:54,912 - INFO - 📈 已处理 2900/5842 只股票，成功 2900 只
2025-08-08 21:25:06,429 - INFO - 📈 已处理 2950/5842 只股票，成功 2950 只
2025-08-08 21:25:18,344 - INFO - 📈 已处理 3000/5842 只股票，成功 3000 只
2025-08-08 21:25:31,236 - INFO - 📈 已处理 3050/5842 只股票，成功 3050 只
2025-08-08 21:25:42,862 - INFO - 📈 已处理 3100/5842 只股票，成功 3100 只
2025-08-08 21:25:56,865 - INFO - 📈 已处理 3150/5842 只股票，成功 3150 只
2025-08-08 21:26:09,537 - INFO - 📈 已处理 3200/5842 只股票，成功 3200 只
2025-08-08 21:26:22,536 - INFO - 📈 已处理 3250/5842 只股票，成功 3250 只
2025-08-08 21:26:34,953 - INFO - 📈 已处理 3300/5842 只股票，成功 3300 只
2025-08-08 21:26:50,337 - INFO - 📈 已处理 3350/5842 只股票，成功 3350 只
2025-08-08 21:27:02,642 - INFO - 📈 已处理 3400/5842 只股票，成功 3400 只
2025-08-08 21:27:14,579 - INFO - 📈 已处理 3450/5842 只股票，成功 3450 只
2025-08-08 21:27:28,223 - INFO - 📈 已处理 3500/5842 只股票，成功 3500 只
2025-08-08 21:27:39,966 - INFO - 📈 已处理 3550/5842 只股票，成功 3550 只
2025-08-08 21:27:51,643 - INFO - 📈 已处理 3600/5842 只股票，成功 3600 只
2025-08-08 21:28:04,756 - INFO - 📈 已处理 3650/5842 只股票，成功 3650 只
2025-08-08 21:28:18,155 - INFO - 📈 已处理 3700/5842 只股票，成功 3700 只
2025-08-08 21:28:30,710 - INFO - 📈 已处理 3750/5842 只股票，成功 3750 只
2025-08-08 21:28:43,243 - INFO - 📈 已处理 3800/5842 只股票，成功 3800 只
2025-08-08 21:28:55,125 - INFO - 📈 已处理 3850/5842 只股票，成功 3850 只
2025-08-08 21:29:07,511 - INFO - 📈 已处理 3900/5842 只股票，成功 3900 只
2025-08-08 21:29:20,275 - INFO - 📈 已处理 3950/5842 只股票，成功 3950 只
2025-08-08 21:29:33,158 - INFO - 📈 已处理 4000/5842 只股票，成功 4000 只
2025-08-08 21:29:46,487 - INFO - 📈 已处理 4050/5842 只股票，成功 4050 只
2025-08-08 21:29:58,247 - INFO - 📈 已处理 4100/5842 只股票，成功 4100 只
2025-08-08 21:30:10,571 - INFO - 📈 已处理 4150/5842 只股票，成功 4150 只
2025-08-08 21:30:22,871 - INFO - 📈 已处理 4200/5842 只股票，成功 4200 只
2025-08-08 21:30:35,534 - INFO - 📈 已处理 4250/5842 只股票，成功 4250 只
2025-08-08 21:30:47,758 - INFO - 📈 已处理 4300/5842 只股票，成功 4300 只
2025-08-08 21:31:00,046 - INFO - 📈 已处理 4350/5842 只股票，成功 4350 只
2025-08-08 21:31:12,034 - INFO - 📈 已处理 4400/5842 只股票，成功 4400 只
2025-08-08 21:31:24,178 - INFO - 📈 已处理 4450/5842 只股票，成功 4450 只
2025-08-08 21:31:36,055 - INFO - 📈 已处理 4500/5842 只股票，成功 4500 只
2025-08-08 21:31:48,154 - INFO - 📈 已处理 4550/5842 只股票，成功 4550 只
2025-08-08 21:32:00,113 - INFO - 📈 已处理 4600/5842 只股票，成功 4600 只
2025-08-08 21:32:12,826 - INFO - 📈 已处理 4650/5842 只股票，成功 4650 只
2025-08-08 21:32:24,889 - INFO - 📈 已处理 4700/5842 只股票，成功 4700 只
2025-08-08 21:32:37,193 - INFO - 📈 已处理 4750/5842 只股票，成功 4750 只
2025-08-08 21:32:49,318 - INFO - 📈 已处理 4800/5842 只股票，成功 4800 只
2025-08-08 21:33:01,329 - INFO - 📈 已处理 4850/5842 只股票，成功 4850 只
2025-08-08 21:33:13,597 - INFO - 📈 已处理 4900/5842 只股票，成功 4900 只
2025-08-08 21:33:26,037 - INFO - 📈 已处理 4950/5842 只股票，成功 4950 只
2025-08-08 21:33:37,636 - INFO - 📈 已处理 5000/5842 只股票，成功 5000 只
2025-08-08 21:33:49,541 - INFO - 📈 已处理 5050/5842 只股票，成功 5050 只
2025-08-08 21:34:02,689 - INFO - 📈 已处理 5100/5842 只股票，成功 5100 只
2025-08-08 21:34:14,655 - INFO - 📈 已处理 5150/5842 只股票，成功 5150 只
2025-08-08 21:34:26,983 - INFO - 📈 已处理 5200/5842 只股票，成功 5200 只
2025-08-08 21:34:38,703 - INFO - 📈 已处理 5250/5842 只股票，成功 5250 只
2025-08-08 21:34:51,575 - INFO - 📈 已处理 5300/5842 只股票，成功 5300 只
2025-08-08 21:35:03,768 - INFO - 📈 已处理 5350/5842 只股票，成功 5350 只
2025-08-08 21:35:16,289 - INFO - 📈 已处理 5400/5842 只股票，成功 5400 只
2025-08-08 21:35:29,454 - INFO - 📈 已处理 5450/5842 只股票，成功 5450 只
2025-08-08 21:35:41,998 - INFO - 📈 已处理 5500/5842 只股票，成功 5500 只
2025-08-08 21:35:55,617 - INFO - 📈 已处理 5550/5842 只股票，成功 5550 只
2025-08-08 21:36:09,103 - INFO - 📈 已处理 5600/5842 只股票，成功 5600 只
2025-08-08 21:36:21,776 - INFO - 📈 已处理 5650/5842 只股票，成功 5650 只
2025-08-08 21:36:34,233 - INFO - 📈 已处理 5700/5842 只股票，成功 5700 只
2025-08-08 21:36:47,046 - INFO - 📈 已处理 5750/5842 只股票，成功 5750 只
2025-08-08 21:37:00,632 - INFO - 📈 已处理 5800/5842 只股票，成功 5800 只
2025-08-08 21:37:11,262 - INFO - ✅ 本周股本信息更新完成: 5842 条记录
2025-08-08 21:37:11,268 - INFO - 清空同花顺的概念代码信息...
2025-08-08 21:37:11,354 - INFO - 🚀 开始获取ADATA所有同花顺的概念代码信息...
2025-08-08 21:37:12,222 - INFO - 📊 获取到 395 只概念代码信息
2025-08-08 21:37:12,238 - INFO - 📈 已插入 100 只概念代码信息
2025-08-08 21:37:12,250 - INFO - 📈 已插入 200 只概念代码信息
2025-08-08 21:37:12,274 - INFO - 📈 已插入 300 只概念代码信息
2025-08-08 21:37:12,291 - INFO - ✅ 成功插入 395 只概念代码信息
2025-08-08 21:37:12,291 - INFO - 清空同花顺股票概念关系...
2025-08-08 21:37:12,367 - INFO - 🚀 开始获取ADATA同花顺股票概念关系...
2025-08-08 21:37:12,371 - INFO - 获取概念代码，开始处理
2025-08-08 21:37:13,019 - INFO - 获取ADATA概念相关股票，开始处理
2025-08-08 21:37:13,948 - INFO - 获取ADATA概念相关股票，开始处理
2025-08-08 21:37:14,737 - INFO - 获取ADATA概念相关股票，开始处理
2025-08-08 21:37:17,583 - INFO - 获取ADATA概念相关股票，开始处理
2025-08-08 21:37:19,188 - INFO - 获取ADATA概念相关股票，开始处理
2025-08-08 21:37:22,947 - INFO - 获取ADATA概念相关股票，开始处理
2025-08-08 21:37:24,461 - INFO - 获取ADATA概念相关股票，开始处理
2025-08-08 21:37:26,288 - INFO - 获取ADATA概念相关股票，开始处理
2025-08-08 21:37:27,050 - INFO - 获取ADATA概念相关股票，开始处理
2025-08-08 21:37:27,804 - INFO - 获取ADATA概念相关股票，开始处理
2025-08-08 21:37:28,757 - INFO - 获取ADATA概念相关股票，开始处理
2025-08-08 21:37:31,270 - INFO - 获取ADATA概念相关股票，开始处理
2025-08-08 21:37:32,004 - INFO - 获取ADATA概念相关股票，开始处理
2025-08-08 21:37:35,910 - INFO - 获取ADATA概念相关股票，开始处理
2025-08-08 21:37:36,645 - INFO - 获取ADATA概念相关股票，开始处理
2025-08-08 21:37:37,442 - INFO - 获取ADATA概念相关股票，开始处理
2025-08-08 21:37:38,225 - INFO - 获取ADATA概念相关股票，开始处理
2025-08-08 21:37:39,142 - INFO - 获取ADATA概念相关股票，开始处理
2025-08-08 21:37:39,974 - INFO - 获取ADATA概念相关股票，开始处理
2025-08-08 21:37:41,048 - INFO - 获取ADATA概念相关股票，开始处理
2025-08-08 21:37:41,940 - INFO - 获取ADATA概念相关股票，开始处理
2025-08-08 21:37:42,665 - INFO - 获取ADATA概念相关股票，开始处理
2025-08-08 21:37:43,471 - INFO - 获取ADATA概念相关股票，开始处理
2025-08-08 21:37:44,326 - INFO - 获取ADATA概念相关股票，开始处理
2025-08-08 21:37:45,072 - INFO - 获取ADATA概念相关股票，开始处理
2025-08-08 21:37:45,838 - INFO - 获取ADATA概念相关股票，开始处理
2025-08-08 21:37:49,100 - INFO - 获取ADATA概念相关股票，开始处理
2025-08-08 21:37:49,947 - INFO - 获取ADATA概念相关股票，开始处理
2025-08-08 21:37:50,741 - INFO - 获取ADATA概念相关股票，开始处理
2025-08-08 21:37:51,539 - INFO - 获取ADATA概念相关股票，开始处理
2025-08-08 21:37:52,290 - INFO - 获取ADATA概念相关股票，开始处理
2025-08-08 21:37:53,082 - INFO - 获取ADATA概念相关股票，开始处理
2025-08-08 21:37:53,971 - INFO - 获取ADATA概念相关股票，开始处理
2025-08-08 21:37:54,752 - INFO - 获取ADATA概念相关股票，开始处理
2025-08-08 21:37:55,491 - INFO - 获取ADATA概念相关股票，开始处理
2025-08-08 21:37:56,194 - INFO - 获取ADATA概念相关股票，开始处理
2025-08-08 21:37:57,018 - INFO - 获取ADATA概念相关股票，开始处理
2025-08-08 21:37:57,818 - INFO - 获取ADATA概念相关股票，开始处理
2025-08-08 21:37:58,403 - INFO - 获取ADATA概念相关股票，开始处理
2025-08-08 21:37:59,104 - INFO - 获取ADATA概念相关股票，开始处理
2025-08-08 21:38:00,611 - INFO - 获取ADATA概念相关股票，开始处理
2025-08-08 21:38:01,609 - INFO - 获取ADATA概念相关股票，开始处理
2025-08-08 21:38:02,507 - INFO - 获取ADATA概念相关股票，开始处理
2025-08-08 21:38:03,249 - INFO - 获取ADATA概念相关股票，开始处理
2025-08-08 21:38:03,942 - INFO - 获取ADATA概念相关股票，开始处理
2025-08-08 21:38:04,687 - INFO - 获取ADATA概念相关股票，开始处理
2025-08-08 21:38:05,491 - INFO - 获取ADATA概念相关股票，开始处理
2025-08-08 21:38:08,828 - INFO - 获取ADATA概念相关股票，开始处理
2025-08-08 21:38:10,381 - INFO - 获取ADATA概念相关股票，开始处理
2025-08-08 21:38:11,543 - INFO - 获取ADATA概念相关股票，开始处理
2025-08-08 21:38:11,632 - INFO - 📈 已处理 50/6 只概念，成功 50 只
2025-08-08 21:38:12,406 - INFO - 获取ADATA概念相关股票，开始处理
2025-08-08 21:38:13,121 - INFO - 获取ADATA概念相关股票，开始处理
2025-08-08 21:38:13,771 - INFO - 获取ADATA概念相关股票，开始处理
2025-08-08 21:38:14,740 - INFO - 获取ADATA概念相关股票，开始处理
2025-08-08 21:38:15,554 - INFO - 获取ADATA概念相关股票，开始处理
2025-08-08 21:38:18,450 - INFO - 获取ADATA概念相关股票，开始处理
2025-08-08 21:38:20,275 - INFO - 获取ADATA概念相关股票，开始处理
2025-08-08 21:38:21,067 - INFO - 获取ADATA概念相关股票，开始处理
2025-08-08 21:38:21,924 - INFO - 获取ADATA概念相关股票，开始处理
2025-08-08 21:38:22,677 - INFO - 获取ADATA概念相关股票，开始处理
2025-08-08 21:38:23,403 - INFO - 获取ADATA概念相关股票，开始处理
2025-08-08 21:38:24,099 - INFO - 获取ADATA概念相关股票，开始处理
2025-08-08 21:38:24,981 - INFO - 获取ADATA概念相关股票，开始处理
2025-08-08 21:38:25,843 - INFO - 获取ADATA概念相关股票，开始处理
2025-08-08 21:38:26,727 - INFO - 获取ADATA概念相关股票，开始处理
2025-08-08 21:38:27,641 - INFO - 获取ADATA概念相关股票，开始处理
2025-08-08 21:38:28,443 - INFO - 获取ADATA概念相关股票，开始处理
2025-08-08 21:38:29,188 - INFO - 获取ADATA概念相关股票，开始处理
2025-08-08 21:38:32,091 - INFO - 获取ADATA概念相关股票，开始处理
2025-08-08 21:38:32,924 - INFO - 获取ADATA概念相关股票，开始处理
2025-08-08 21:38:33,679 - INFO - 获取ADATA概念相关股票，开始处理
2025-08-08 21:38:34,503 - INFO - 获取ADATA概念相关股票，开始处理
2025-08-08 21:38:35,220 - INFO - 获取ADATA概念相关股票，开始处理
2025-08-08 21:38:36,632 - INFO - 获取ADATA概念相关股票，开始处理
2025-08-08 21:38:37,371 - INFO - 获取ADATA概念相关股票，开始处理
2025-08-08 21:38:38,120 - INFO - 获取ADATA概念相关股票，开始处理
2025-08-08 21:38:38,704 - INFO - 获取ADATA概念相关股票，开始处理
2025-08-08 21:38:39,619 - INFO - 获取ADATA概念相关股票，开始处理
2025-08-08 21:38:40,507 - INFO - 获取ADATA概念相关股票，开始处理
2025-08-08 21:38:41,280 - INFO - 获取ADATA概念相关股票，开始处理
2025-08-08 21:38:42,090 - INFO - 获取ADATA概念相关股票，开始处理
2025-08-08 21:38:44,914 - INFO - 获取ADATA概念相关股票，开始处理
2025-08-08 21:38:45,669 - INFO - 获取ADATA概念相关股票，开始处理
2025-08-08 21:38:46,402 - INFO - 获取ADATA概念相关股票，开始处理
2025-08-08 21:38:47,086 - INFO - 获取ADATA概念相关股票，开始处理
2025-08-08 21:38:47,777 - INFO - 获取ADATA概念相关股票，开始处理
2025-08-08 21:38:48,469 - INFO - 获取ADATA概念相关股票，开始处理
2025-08-08 21:38:49,140 - INFO - 获取ADATA概念相关股票，开始处理
2025-08-08 21:38:50,035 - INFO - 获取ADATA概念相关股票，开始处理
2025-08-08 21:38:50,933 - INFO - 获取ADATA概念相关股票，开始处理
2025-08-08 21:38:51,643 - INFO - 获取ADATA概念相关股票，开始处理
2025-08-08 21:38:52,213 - INFO - 获取ADATA概念相关股票，开始处理
2025-08-08 21:38:52,938 - INFO - 获取ADATA概念相关股票，开始处理
2025-08-08 21:38:53,791 - INFO - 获取ADATA概念相关股票，开始处理
2025-08-08 21:38:54,612 - INFO - 获取ADATA概念相关股票，开始处理
2025-08-08 21:38:55,406 - INFO - 获取ADATA概念相关股票，开始处理
2025-08-08 21:38:56,115 - INFO - 获取ADATA概念相关股票，开始处理
2025-08-08 21:38:57,573 - INFO - 获取ADATA概念相关股票，开始处理
2025-08-08 21:38:58,534 - INFO - 获取ADATA概念相关股票，开始处理
2025-08-08 21:38:59,271 - INFO - 获取ADATA概念相关股票，开始处理
2025-08-08 21:38:59,316 - INFO - 📈 已处理 100/6 只概念，成功 100 只
2025-08-08 21:39:03,464 - INFO - 获取ADATA概念相关股票，开始处理
2025-08-08 21:39:04,483 - INFO - 获取ADATA概念相关股票，开始处理
2025-08-08 21:39:05,260 - INFO - 获取ADATA概念相关股票，开始处理
2025-08-08 21:39:06,102 - INFO - 获取ADATA概念相关股票，开始处理
2025-08-08 21:39:07,153 - INFO - 获取ADATA概念相关股票，开始处理
2025-08-08 21:39:08,372 - INFO - 获取ADATA概念相关股票，开始处理
2025-08-08 21:39:12,248 - INFO - 获取ADATA概念相关股票，开始处理
2025-08-08 21:39:12,981 - INFO - 获取ADATA概念相关股票，开始处理
2025-08-08 21:39:13,707 - INFO - 获取ADATA概念相关股票，开始处理
2025-08-08 21:39:14,551 - INFO - 获取ADATA概念相关股票，开始处理
2025-08-08 21:39:15,283 - INFO - 获取ADATA概念相关股票，开始处理
2025-08-08 21:39:16,038 - INFO - 获取ADATA概念相关股票，开始处理
2025-08-08 21:39:17,920 - INFO - 获取ADATA概念相关股票，开始处理
2025-08-08 21:39:18,708 - INFO - 获取ADATA概念相关股票，开始处理
2025-08-08 21:39:19,457 - INFO - 获取ADATA概念相关股票，开始处理
2025-08-08 21:39:20,130 - INFO - 获取ADATA概念相关股票，开始处理
2025-08-08 21:39:20,934 - INFO - 获取ADATA概念相关股票，开始处理
2025-08-08 21:39:21,759 - INFO - 获取ADATA概念相关股票，开始处理
2025-08-08 21:39:22,325 - INFO - 获取ADATA概念相关股票，开始处理
2025-08-08 21:39:22,901 - INFO - 获取ADATA概念相关股票，开始处理
2025-08-08 21:39:23,587 - INFO - 获取ADATA概念相关股票，开始处理
2025-08-08 21:39:24,282 - INFO - 获取ADATA概念相关股票，开始处理
2025-08-08 21:39:25,038 - INFO - 获取ADATA概念相关股票，开始处理
2025-08-08 21:39:26,089 - INFO - 获取ADATA概念相关股票，开始处理
2025-08-08 21:39:27,156 - INFO - 获取ADATA概念相关股票，开始处理
2025-08-08 21:39:27,857 - INFO - 获取ADATA概念相关股票，开始处理
2025-08-08 21:39:28,557 - INFO - 获取ADATA概念相关股票，开始处理
2025-08-08 21:39:29,280 - INFO - 获取ADATA概念相关股票，开始处理
2025-08-08 21:39:29,971 - INFO - 获取ADATA概念相关股票，开始处理
2025-08-08 21:39:30,659 - INFO - 获取ADATA概念相关股票，开始处理
2025-08-08 21:39:31,424 - INFO - 获取ADATA概念相关股票，开始处理
2025-08-08 21:39:32,206 - INFO - 获取ADATA概念相关股票，开始处理
2025-08-08 21:39:32,882 - INFO - 获取ADATA概念相关股票，开始处理
2025-08-08 21:39:33,541 - INFO - 获取ADATA概念相关股票，开始处理
2025-08-08 21:39:34,203 - INFO - 获取ADATA概念相关股票，开始处理
2025-08-08 21:39:34,958 - INFO - 获取ADATA概念相关股票，开始处理
2025-08-08 21:39:35,663 - INFO - 获取ADATA概念相关股票，开始处理
2025-08-08 21:39:36,345 - INFO - 获取ADATA概念相关股票，开始处理
2025-08-08 21:39:37,021 - INFO - 获取ADATA概念相关股票，开始处理
2025-08-08 21:39:37,781 - INFO - 获取ADATA概念相关股票，开始处理
2025-08-08 21:39:38,601 - INFO - 获取ADATA概念相关股票，开始处理
2025-08-08 21:39:39,356 - INFO - 获取ADATA概念相关股票，开始处理
2025-08-08 21:39:40,014 - INFO - 获取ADATA概念相关股票，开始处理
2025-08-08 21:39:40,683 - INFO - 获取ADATA概念相关股票，开始处理
2025-08-08 21:39:41,615 - INFO - 获取ADATA概念相关股票，开始处理
2025-08-08 21:39:42,580 - INFO - 获取ADATA概念相关股票，开始处理
2025-08-08 21:39:43,364 - INFO - 获取ADATA概念相关股票，开始处理
2025-08-08 21:39:45,099 - INFO - 获取ADATA概念相关股票，开始处理
2025-08-08 21:39:45,992 - INFO - 获取ADATA概念相关股票，开始处理
2025-08-08 21:39:46,934 - INFO - 获取ADATA概念相关股票，开始处理
2025-08-08 21:39:47,004 - INFO - 📈 已处理 150/6 只概念，成功 150 只
2025-08-08 21:39:48,370 - INFO - 获取ADATA概念相关股票，开始处理
2025-08-08 21:39:48,944 - INFO - 获取ADATA概念相关股票，开始处理
2025-08-08 21:39:49,616 - INFO - 获取ADATA概念相关股票，开始处理
2025-08-08 21:39:50,408 - INFO - 获取ADATA概念相关股票，开始处理
2025-08-08 21:39:51,373 - INFO - 获取ADATA概念相关股票，开始处理
2025-08-08 21:39:51,993 - INFO - 获取ADATA概念相关股票，开始处理
2025-08-08 21:39:53,213 - INFO - 获取ADATA概念相关股票，开始处理
2025-08-08 21:39:54,085 - INFO - 获取ADATA概念相关股票，开始处理
2025-08-08 21:39:54,817 - INFO - 获取ADATA概念相关股票，开始处理
2025-08-08 21:39:55,409 - INFO - 获取ADATA概念相关股票，开始处理
2025-08-08 21:39:56,101 - INFO - 获取ADATA概念相关股票，开始处理
2025-08-08 21:39:56,758 - INFO - 获取ADATA概念相关股票，开始处理
2025-08-08 21:39:57,448 - INFO - 获取ADATA概念相关股票，开始处理
2025-08-08 21:39:58,117 - INFO - 获取ADATA概念相关股票，开始处理
2025-08-08 21:39:58,798 - INFO - 获取ADATA概念相关股票，开始处理
2025-08-08 21:39:59,544 - INFO - 获取ADATA概念相关股票，开始处理
2025-08-08 21:40:00,387 - INFO - 获取ADATA概念相关股票，开始处理
2025-08-08 21:40:01,106 - INFO - 获取ADATA概念相关股票，开始处理
2025-08-08 21:40:01,807 - INFO - 获取ADATA概念相关股票，开始处理
2025-08-08 21:40:02,397 - INFO - 获取ADATA概念相关股票，开始处理
2025-08-08 21:40:04,130 - INFO - 获取ADATA概念相关股票，开始处理
2025-08-08 21:40:04,914 - INFO - 获取ADATA概念相关股票，开始处理
2025-08-08 21:40:06,708 - INFO - 获取ADATA概念相关股票，开始处理
2025-08-08 21:40:07,412 - INFO - 获取ADATA概念相关股票，开始处理
2025-08-08 21:40:08,084 - INFO - 获取ADATA概念相关股票，开始处理
2025-08-08 21:40:09,045 - INFO - 获取ADATA概念相关股票，开始处理
2025-08-08 21:40:09,868 - INFO - 获取ADATA概念相关股票，开始处理
2025-08-08 21:40:10,608 - INFO - 获取ADATA概念相关股票，开始处理
2025-08-08 21:40:11,296 - INFO - 获取ADATA概念相关股票，开始处理
2025-08-08 21:40:11,994 - INFO - 获取ADATA概念相关股票，开始处理
2025-08-08 21:40:12,642 - INFO - 获取ADATA概念相关股票，开始处理
2025-08-08 21:40:13,362 - INFO - 获取ADATA概念相关股票，开始处理
2025-08-08 21:40:14,114 - INFO - 获取ADATA概念相关股票，开始处理
2025-08-08 21:40:14,676 - INFO - 获取ADATA概念相关股票，开始处理
2025-08-08 21:40:15,383 - INFO - 获取ADATA概念相关股票，开始处理
2025-08-08 21:40:16,105 - INFO - 获取ADATA概念相关股票，开始处理
2025-08-08 21:40:16,703 - INFO - 获取ADATA概念相关股票，开始处理
2025-08-08 21:40:17,362 - INFO - 获取ADATA概念相关股票，开始处理
2025-08-08 21:40:18,052 - INFO - 获取ADATA概念相关股票，开始处理
2025-08-08 21:40:18,719 - INFO - 获取ADATA概念相关股票，开始处理
2025-08-08 21:40:19,390 - INFO - 获取ADATA概念相关股票，开始处理
2025-08-08 21:40:20,115 - INFO - 获取ADATA概念相关股票，开始处理
2025-08-08 21:40:20,834 - INFO - 获取ADATA概念相关股票，开始处理
2025-08-08 21:40:21,536 - INFO - 获取ADATA概念相关股票，开始处理
2025-08-08 21:40:22,242 - INFO - 获取ADATA概念相关股票，开始处理
2025-08-08 21:40:22,946 - INFO - 获取ADATA概念相关股票，开始处理
2025-08-08 21:40:24,398 - INFO - 获取ADATA概念相关股票，开始处理
2025-08-08 21:40:25,081 - INFO - 获取ADATA概念相关股票，开始处理
2025-08-08 21:40:25,919 - INFO - 获取ADATA概念相关股票，开始处理
2025-08-08 21:40:26,623 - INFO - 获取ADATA概念相关股票，开始处理
2025-08-08 21:40:26,649 - INFO - 📈 已处理 200/6 只概念，成功 200 只
2025-08-08 21:40:27,292 - INFO - 获取ADATA概念相关股票，开始处理
2025-08-08 21:40:27,955 - INFO - 获取ADATA概念相关股票，开始处理
2025-08-08 21:40:28,691 - INFO - 获取ADATA概念相关股票，开始处理
2025-08-08 21:40:29,405 - INFO - 获取ADATA概念相关股票，开始处理
2025-08-08 21:40:30,282 - INFO - 获取ADATA概念相关股票，开始处理
2025-08-08 21:40:31,047 - INFO - 获取ADATA概念相关股票，开始处理
2025-08-08 21:40:31,786 - INFO - 获取ADATA概念相关股票，开始处理
2025-08-08 21:40:32,488 - INFO - 获取ADATA概念相关股票，开始处理
2025-08-08 21:40:33,223 - INFO - 获取ADATA概念相关股票，开始处理
2025-08-08 21:40:33,938 - INFO - 获取ADATA概念相关股票，开始处理
2025-08-08 21:40:34,656 - INFO - 获取ADATA概念相关股票，开始处理
2025-08-08 21:40:35,317 - INFO - 获取ADATA概念相关股票，开始处理
2025-08-08 21:40:35,979 - INFO - 获取ADATA概念相关股票，开始处理
2025-08-08 21:40:36,715 - INFO - 获取ADATA概念相关股票，开始处理
2025-08-08 21:40:37,386 - INFO - 获取ADATA概念相关股票，开始处理
2025-08-08 21:40:38,046 - INFO - 获取ADATA概念相关股票，开始处理
2025-08-08 21:40:38,689 - INFO - 获取ADATA概念相关股票，开始处理
2025-08-08 21:40:39,353 - INFO - 获取ADATA概念相关股票，开始处理
2025-08-08 21:40:39,928 - INFO - 获取ADATA概念相关股票，开始处理
2025-08-08 21:40:40,663 - INFO - 获取ADATA概念相关股票，开始处理
2025-08-08 21:40:41,365 - INFO - 获取ADATA概念相关股票，开始处理
2025-08-08 21:40:42,080 - INFO - 获取ADATA概念相关股票，开始处理
2025-08-08 21:40:42,794 - INFO - 获取ADATA概念相关股票，开始处理
2025-08-08 21:40:43,513 - INFO - 获取ADATA概念相关股票，开始处理
2025-08-08 21:40:44,197 - INFO - 获取ADATA概念相关股票，开始处理
2025-08-08 21:40:44,964 - INFO - 获取ADATA概念相关股票，开始处理
2025-08-08 21:40:45,689 - INFO - 获取ADATA概念相关股票，开始处理
2025-08-08 21:40:46,404 - INFO - 获取ADATA概念相关股票，开始处理
2025-08-08 21:40:47,296 - INFO - 获取ADATA概念相关股票，开始处理
2025-08-08 21:40:48,080 - INFO - 获取ADATA概念相关股票，开始处理
2025-08-08 21:40:49,115 - INFO - 获取ADATA概念相关股票，开始处理
2025-08-08 21:40:49,895 - INFO - 获取ADATA概念相关股票，开始处理
2025-08-08 21:40:50,695 - INFO - 获取ADATA概念相关股票，开始处理
2025-08-08 21:40:51,454 - INFO - 获取ADATA概念相关股票，开始处理
2025-08-08 21:40:52,184 - INFO - 获取ADATA概念相关股票，开始处理
2025-08-08 21:40:52,908 - INFO - 获取ADATA概念相关股票，开始处理
2025-08-08 21:40:53,582 - INFO - 获取ADATA概念相关股票，开始处理
2025-08-08 21:40:54,341 - INFO - 获取ADATA概念相关股票，开始处理
2025-08-08 21:40:55,384 - INFO - 获取ADATA概念相关股票，开始处理
2025-08-08 21:40:56,351 - INFO - 获取ADATA概念相关股票，开始处理
2025-08-08 21:40:57,012 - INFO - 获取ADATA概念相关股票，开始处理
2025-08-08 21:40:57,690 - INFO - 获取ADATA概念相关股票，开始处理
2025-08-08 21:40:58,515 - INFO - 获取ADATA概念相关股票，开始处理
2025-08-08 21:41:04,229 - INFO - 获取ADATA概念相关股票，开始处理
2025-08-08 21:41:05,059 - INFO - 获取ADATA概念相关股票，开始处理
2025-08-08 21:41:05,783 - INFO - 获取ADATA概念相关股票，开始处理
2025-08-08 21:41:06,479 - INFO - 获取ADATA概念相关股票，开始处理
2025-08-08 21:41:07,223 - INFO - 获取ADATA概念相关股票，开始处理
2025-08-08 21:41:07,897 - INFO - 获取ADATA概念相关股票，开始处理
2025-08-08 21:41:08,628 - INFO - 获取ADATA概念相关股票，开始处理
2025-08-08 21:41:08,671 - INFO - 📈 已处理 250/6 只概念，成功 250 只
2025-08-08 21:41:09,314 - INFO - 获取ADATA概念相关股票，开始处理
2025-08-08 21:41:10,029 - INFO - 获取ADATA概念相关股票，开始处理
2025-08-08 21:41:10,790 - INFO - 获取ADATA概念相关股票，开始处理
2025-08-08 21:41:11,601 - INFO - 获取ADATA概念相关股票，开始处理
2025-08-08 21:41:12,332 - INFO - 获取ADATA概念相关股票，开始处理
2025-08-08 21:41:13,004 - INFO - 获取ADATA概念相关股票，开始处理
2025-08-08 21:41:13,784 - INFO - 获取ADATA概念相关股票，开始处理
2025-08-08 21:41:14,528 - INFO - 获取ADATA概念相关股票，开始处理
2025-08-08 21:41:15,211 - INFO - 获取ADATA概念相关股票，开始处理
2025-08-08 21:41:15,903 - INFO - 获取ADATA概念相关股票，开始处理
2025-08-08 21:41:16,605 - INFO - 获取ADATA概念相关股票，开始处理
2025-08-08 21:41:17,362 - INFO - 获取ADATA概念相关股票，开始处理
2025-08-08 21:41:18,219 - INFO - 获取ADATA概念相关股票，开始处理
2025-08-08 21:41:18,922 - INFO - 获取ADATA概念相关股票，开始处理
2025-08-08 21:41:19,731 - INFO - 获取ADATA概念相关股票，开始处理
2025-08-08 21:41:20,414 - INFO - 获取ADATA概念相关股票，开始处理
2025-08-08 21:41:21,095 - INFO - 获取ADATA概念相关股票，开始处理
2025-08-08 21:41:21,787 - INFO - 获取ADATA概念相关股票，开始处理
2025-08-08 21:41:22,451 - INFO - 获取ADATA概念相关股票，开始处理
2025-08-08 21:41:23,164 - INFO - 获取ADATA概念相关股票，开始处理
2025-08-08 21:41:23,945 - INFO - 获取ADATA概念相关股票，开始处理
2025-08-08 21:41:24,642 - INFO - 获取ADATA概念相关股票，开始处理
2025-08-08 21:41:25,313 - INFO - 获取ADATA概念相关股票，开始处理
2025-08-08 21:41:25,982 - INFO - 获取ADATA概念相关股票，开始处理
2025-08-08 21:41:26,631 - INFO - 获取ADATA概念相关股票，开始处理
2025-08-08 21:41:27,286 - INFO - 获取ADATA概念相关股票，开始处理
2025-08-08 21:41:27,994 - INFO - 获取ADATA概念相关股票，开始处理
2025-08-08 21:41:28,661 - INFO - 获取ADATA概念相关股票，开始处理
2025-08-08 21:41:29,336 - INFO - 获取ADATA概念相关股票，开始处理
2025-08-08 21:41:30,081 - INFO - 获取ADATA概念相关股票，开始处理
2025-08-08 21:41:30,768 - INFO - 获取ADATA概念相关股票，开始处理
2025-08-08 21:41:31,682 - INFO - 获取ADATA概念相关股票，开始处理
2025-08-08 21:41:32,426 - INFO - 获取ADATA概念相关股票，开始处理
2025-08-08 21:41:33,150 - INFO - 获取ADATA概念相关股票，开始处理
2025-08-08 21:41:33,838 - INFO - 获取ADATA概念相关股票，开始处理
2025-08-08 21:41:34,513 - INFO - 获取ADATA概念相关股票，开始处理
2025-08-08 21:41:35,176 - INFO - 获取ADATA概念相关股票，开始处理
2025-08-08 21:41:36,747 - INFO - 获取ADATA概念相关股票，开始处理
2025-08-08 21:41:37,397 - INFO - 获取ADATA概念相关股票，开始处理
2025-08-08 21:41:38,133 - INFO - 获取ADATA概念相关股票，开始处理
2025-08-08 21:41:38,863 - INFO - 获取ADATA概念相关股票，开始处理
2025-08-08 21:41:39,567 - INFO - 获取ADATA概念相关股票，开始处理
2025-08-08 21:41:40,362 - INFO - 获取ADATA概念相关股票，开始处理
2025-08-08 21:41:41,062 - INFO - 获取ADATA概念相关股票，开始处理
2025-08-08 21:41:41,744 - INFO - 获取ADATA概念相关股票，开始处理
2025-08-08 21:41:42,439 - INFO - 获取ADATA概念相关股票，开始处理
2025-08-08 21:41:45,584 - INFO - 获取ADATA概念相关股票，开始处理
2025-08-08 21:41:46,397 - INFO - 获取ADATA概念相关股票，开始处理
2025-08-08 21:41:47,147 - INFO - 获取ADATA概念相关股票，开始处理
2025-08-08 21:41:47,862 - INFO - 获取ADATA概念相关股票，开始处理
2025-08-08 21:41:47,881 - INFO - 📈 已处理 300/6 只概念，成功 300 只
2025-08-08 21:41:48,601 - INFO - 获取ADATA概念相关股票，开始处理
2025-08-08 21:41:49,462 - INFO - 获取ADATA概念相关股票，开始处理
2025-08-08 21:41:50,174 - INFO - 获取ADATA概念相关股票，开始处理
2025-08-08 21:41:50,894 - INFO - 获取ADATA概念相关股票，开始处理
2025-08-08 21:41:51,582 - INFO - 获取ADATA概念相关股票，开始处理
2025-08-08 21:41:52,254 - INFO - 获取ADATA概念相关股票，开始处理
2025-08-08 21:41:52,971 - INFO - 获取ADATA概念相关股票，开始处理
2025-08-08 21:41:53,643 - INFO - 获取ADATA概念相关股票，开始处理
2025-08-08 21:41:54,392 - INFO - 获取ADATA概念相关股票，开始处理
2025-08-08 21:41:55,071 - INFO - 获取ADATA概念相关股票，开始处理
2025-08-08 21:41:55,772 - INFO - 获取ADATA概念相关股票，开始处理
2025-08-08 21:41:56,484 - INFO - 获取ADATA概念相关股票，开始处理
2025-08-08 21:41:57,337 - INFO - 获取ADATA概念相关股票，开始处理
2025-08-08 21:41:58,229 - INFO - 获取ADATA概念相关股票，开始处理
2025-08-08 21:41:58,811 - INFO - 获取ADATA概念相关股票，开始处理
2025-08-08 21:41:59,489 - INFO - 获取ADATA概念相关股票，开始处理
2025-08-08 21:42:00,025 - INFO - 获取ADATA概念相关股票，开始处理
2025-08-08 21:42:00,829 - INFO - 获取ADATA概念相关股票，开始处理
2025-08-08 21:42:01,547 - INFO - 获取ADATA概念相关股票，开始处理
2025-08-08 21:42:02,975 - INFO - 获取ADATA概念相关股票，开始处理
2025-08-08 21:42:03,926 - INFO - 获取ADATA概念相关股票，开始处理
2025-08-08 21:42:04,633 - INFO - 获取ADATA概念相关股票，开始处理
2025-08-08 21:42:05,336 - INFO - 获取ADATA概念相关股票，开始处理
2025-08-08 21:42:06,009 - INFO - 获取ADATA概念相关股票，开始处理
2025-08-08 21:42:06,770 - INFO - 获取ADATA概念相关股票，开始处理
2025-08-08 21:42:07,573 - INFO - 获取ADATA概念相关股票，开始处理
2025-08-08 21:42:08,330 - INFO - 获取ADATA概念相关股票，开始处理
2025-08-08 21:42:09,080 - INFO - 获取ADATA概念相关股票，开始处理
2025-08-08 21:42:09,794 - INFO - 获取ADATA概念相关股票，开始处理
2025-08-08 21:42:10,493 - INFO - 获取ADATA概念相关股票，开始处理
2025-08-08 21:42:11,192 - INFO - 获取ADATA概念相关股票，开始处理
2025-08-08 21:42:12,639 - INFO - 获取ADATA概念相关股票，开始处理
2025-08-08 21:42:13,297 - INFO - 获取ADATA概念相关股票，开始处理
2025-08-08 21:42:13,971 - INFO - 获取ADATA概念相关股票，开始处理
2025-08-08 21:42:14,849 - INFO - 获取ADATA概念相关股票，开始处理
2025-08-08 21:42:15,628 - INFO - 获取ADATA概念相关股票，开始处理
2025-08-08 21:42:16,310 - INFO - 获取ADATA概念相关股票，开始处理
2025-08-08 21:42:20,142 - INFO - 获取ADATA概念相关股票，开始处理
2025-08-08 21:42:20,827 - INFO - 获取ADATA概念相关股票，开始处理
2025-08-08 21:42:21,573 - INFO - 获取ADATA概念相关股票，开始处理
2025-08-08 21:42:22,267 - INFO - 获取ADATA概念相关股票，开始处理
2025-08-08 21:42:23,000 - INFO - 获取ADATA概念相关股票，开始处理
2025-08-08 21:42:23,690 - INFO - 获取ADATA概念相关股票，开始处理
2025-08-08 21:42:24,437 - INFO - 获取ADATA概念相关股票，开始处理
2025-08-08 21:42:25,136 - INFO - 获取ADATA概念相关股票，开始处理
2025-08-08 21:42:25,815 - INFO - 获取ADATA概念相关股票，开始处理
2025-08-08 21:42:26,497 - INFO - 获取ADATA概念相关股票，开始处理
2025-08-08 21:42:27,174 - INFO - 获取ADATA概念相关股票，开始处理
2025-08-08 21:42:27,881 - INFO - 获取ADATA概念相关股票，开始处理
2025-08-08 21:42:28,573 - INFO - 获取ADATA概念相关股票，开始处理
2025-08-08 21:42:28,593 - INFO - 📈 已处理 350/6 只概念，成功 350 只
2025-08-08 21:42:29,384 - INFO - 获取ADATA概念相关股票，开始处理
2025-08-08 21:42:30,095 - INFO - 获取ADATA概念相关股票，开始处理
2025-08-08 21:42:30,853 - INFO - 获取ADATA概念相关股票，开始处理
2025-08-08 21:42:31,592 - INFO - 获取ADATA概念相关股票，开始处理
2025-08-08 21:42:32,349 - INFO - 获取ADATA概念相关股票，开始处理
2025-08-08 21:42:33,124 - INFO - 获取ADATA概念相关股票，开始处理
2025-08-08 21:42:33,829 - INFO - 获取ADATA概念相关股票，开始处理
2025-08-08 21:42:34,552 - INFO - 获取ADATA概念相关股票，开始处理
2025-08-08 21:42:35,250 - INFO - 获取ADATA概念相关股票，开始处理
2025-08-08 21:42:35,983 - INFO - 获取ADATA概念相关股票，开始处理
2025-08-08 21:42:36,929 - INFO - 获取ADATA概念相关股票，开始处理
2025-08-08 21:42:37,692 - INFO - 获取ADATA概念相关股票，开始处理
2025-08-08 21:42:40,566 - INFO - 获取ADATA概念相关股票，开始处理
2025-08-08 21:42:41,234 - INFO - 获取ADATA概念相关股票，开始处理
2025-08-08 21:42:41,899 - INFO - 获取ADATA概念相关股票，开始处理
2025-08-08 21:42:43,511 - INFO - 获取ADATA概念相关股票，开始处理
2025-08-08 21:42:44,250 - INFO - 获取ADATA概念相关股票，开始处理
2025-08-08 21:42:44,943 - INFO - 获取ADATA概念相关股票，开始处理
2025-08-08 21:42:45,674 - INFO - 获取ADATA概念相关股票，开始处理
2025-08-08 21:42:47,428 - INFO - 获取ADATA概念相关股票，开始处理
2025-08-08 21:42:48,126 - INFO - 获取ADATA概念相关股票，开始处理
2025-08-08 21:42:49,937 - INFO - 获取ADATA概念相关股票，开始处理
2025-08-08 21:42:50,630 - INFO - 获取ADATA概念相关股票，开始处理
2025-08-08 21:42:51,316 - INFO - 获取ADATA概念相关股票，开始处理
2025-08-08 21:42:51,981 - INFO - 获取ADATA概念相关股票，开始处理
2025-08-08 21:42:52,665 - INFO - 获取ADATA概念相关股票，开始处理
2025-08-08 21:42:53,412 - INFO - 获取ADATA概念相关股票，开始处理
2025-08-08 21:42:54,380 - INFO - 获取ADATA概念相关股票，开始处理
2025-08-08 21:42:55,177 - INFO - 获取ADATA概念相关股票，开始处理
2025-08-08 21:42:56,070 - INFO - 获取ADATA概念相关股票，开始处理
2025-08-08 21:42:56,854 - INFO - 获取ADATA概念相关股票，开始处理
2025-08-08 21:42:57,557 - INFO - 获取ADATA概念相关股票，开始处理
2025-08-08 21:42:58,260 - INFO - 获取ADATA概念相关股票，开始处理
2025-08-08 21:42:58,898 - INFO - 获取ADATA概念相关股票，开始处理
2025-08-08 21:42:59,633 - INFO - 获取ADATA概念相关股票，开始处理
2025-08-08 21:43:00,356 - INFO - 获取ADATA概念相关股票，开始处理
2025-08-08 21:43:01,040 - INFO - 获取ADATA概念相关股票，开始处理
2025-08-08 21:43:02,914 - INFO - 获取ADATA概念相关股票，开始处理
2025-08-08 21:43:04,022 - INFO - 获取ADATA概念相关股票，开始处理
2025-08-08 21:43:04,691 - INFO - 获取ADATA概念相关股票，开始处理
2025-08-08 21:43:05,369 - INFO - 获取ADATA概念相关股票，开始处理
2025-08-08 21:43:06,124 - INFO - 获取ADATA概念相关股票，开始处理
2025-08-08 21:43:06,971 - INFO - 获取ADATA概念相关股票，开始处理
2025-08-08 21:43:08,771 - INFO - 获取ADATA概念相关股票，开始处理
2025-08-08 21:43:09,065 - WARNING - ⚠️ nan WiFi 6同花顺股票概念关系: substring not found
2025-08-08 21:43:09,066 - INFO - ✅ 本周同花顺股票概念关系更新完成: 394 条记录
2025-08-08 21:43:09,066 - INFO - 📊 开始更新近7个自然日日度资金流）...
2025-08-08 21:43:09,099 - INFO - 📊 准备更新 5842 只股票的近7个自然日日度资金流
2025-08-08 21:43:19,512 - INFO - 📈 已处理 50/5842 只股票，成功 38 只
2025-08-08 21:43:30,453 - INFO - 📈 已处理 100/5842 只股票，成功 81 只
2025-08-08 21:43:41,546 - INFO - 📈 已处理 150/5842 只股票，成功 122 只
2025-08-08 21:43:51,998 - INFO - 📈 已处理 200/5842 只股票，成功 161 只
2025-08-08 21:44:02,380 - INFO - 📈 已处理 250/5842 只股票，成功 199 只
2025-08-08 21:44:13,028 - INFO - 📈 已处理 300/5842 只股票，成功 240 只
2025-08-08 21:44:23,895 - INFO - 📈 已处理 350/5842 只股票，成功 281 只
2025-08-08 21:44:46,555 - INFO - 📈 已处理 450/5842 只股票，成功 370 只
2025-08-08 21:44:57,562 - INFO - 📈 已处理 500/5842 只股票，成功 413 只
2025-08-08 21:45:09,672 - INFO - 📈 已处理 550/5842 只股票，成功 462 只
2025-08-08 21:45:21,519 - INFO - 📈 已处理 600/5842 只股票，成功 512 只
2025-08-08 21:45:33,040 - INFO - 📈 已处理 650/5842 只股票，成功 559 只
2025-08-08 21:45:44,387 - INFO - 📈 已处理 700/5842 只股票，成功 605 只
2025-08-08 21:45:56,032 - INFO - 📈 已处理 750/5842 只股票，成功 653 只
2025-08-08 21:46:07,622 - INFO - 📈 已处理 800/5842 只股票，成功 701 只
2025-08-08 21:46:20,050 - INFO - 📈 已处理 850/5842 只股票，成功 750 只
2025-08-08 21:46:31,545 - INFO - 📈 已处理 900/5842 只股票，成功 797 只
2025-08-08 21:46:42,988 - INFO - 📈 已处理 950/5842 只股票，成功 843 只
2025-08-08 21:46:54,791 - INFO - 📈 已处理 1000/5842 只股票，成功 892 只
2025-08-08 21:47:06,166 - INFO - 📈 已处理 1050/5842 只股票，成功 938 只
2025-08-08 21:47:17,612 - INFO - 📈 已处理 1100/5842 只股票，成功 983 只
2025-08-08 21:47:29,583 - INFO - 📈 已处理 1150/5842 只股票，成功 1027 只
2025-08-08 21:47:46,312 - INFO - 📈 已处理 1200/5842 只股票，成功 1077 只
2025-08-08 21:48:15,148 - INFO - 📈 已处理 1250/5842 只股票，成功 1122 只
2025-08-08 21:48:45,102 - INFO - 📈 已处理 1300/5842 只股票，成功 1169 只
2025-08-08 21:49:25,756 - INFO - 📈 已处理 1350/5842 只股票，成功 1216 只
2025-08-08 21:49:57,101 - INFO - 📈 已处理 1400/5842 只股票，成功 1261 只
2025-08-08 21:50:21,340 - INFO - 📈 已处理 1450/5842 只股票，成功 1311 只
2025-08-08 21:50:54,196 - INFO - 📈 已处理 1500/5842 只股票，成功 1361 只
2025-08-08 21:51:22,223 - INFO - 📈 已处理 1550/5842 只股票，成功 1411 只
2025-08-08 21:51:43,831 - INFO - 📈 已处理 1600/5842 只股票，成功 1461 只
2025-08-08 21:52:28,498 - INFO - 📈 已处理 1700/5842 只股票，成功 1541 只
2025-08-08 21:52:48,809 - INFO - 📈 已处理 1750/5842 只股票，成功 1587 只
2025-08-08 21:53:10,921 - INFO - 📈 已处理 1800/5842 只股票，成功 1631 只
2025-08-08 21:53:31,850 - INFO - 📈 已处理 1850/5842 只股票，成功 1680 只
2025-08-08 21:53:53,489 - INFO - 📈 已处理 1900/5842 只股票，成功 1725 只
2025-08-08 21:54:18,019 - INFO - 📈 已处理 1950/5842 只股票，成功 1774 只
2025-08-08 21:54:39,386 - INFO - 📈 已处理 2000/5842 只股票，成功 1818 只
2025-08-08 21:55:00,111 - INFO - 📈 已处理 2050/5842 只股票，成功 1862 只
2025-08-08 21:55:24,605 - INFO - 📈 已处理 2100/5842 只股票，成功 1910 只
2025-08-08 21:55:45,537 - INFO - 📈 已处理 2150/5842 只股票，成功 1959 只
2025-08-08 21:56:07,718 - INFO - 📈 已处理 2200/5842 只股票，成功 2008 只
2025-08-08 21:56:25,999 - INFO - 📈 已处理 2250/5842 只股票，成功 2057 只
2025-08-08 21:56:44,586 - INFO - 📈 已处理 2300/5842 只股票，成功 2106 只
2025-08-08 21:57:05,693 - INFO - 📈 已处理 2350/5842 只股票，成功 2155 只
2025-08-08 21:57:24,968 - INFO - 📈 已处理 2400/5842 只股票，成功 2205 只
2025-08-08 21:57:44,033 - INFO - 📈 已处理 2450/5842 只股票，成功 2254 只
2025-08-08 21:58:08,504 - INFO - 📈 已处理 2500/5842 只股票，成功 2303 只
2025-08-08 21:58:27,193 - INFO - 📈 已处理 2550/5842 只股票，成功 2353 只
2025-08-08 21:58:48,997 - INFO - 📈 已处理 2600/5842 只股票，成功 2403 只
2025-08-08 21:59:06,748 - INFO - 📈 已处理 2650/5842 只股票，成功 2453 只
2025-08-08 21:59:25,667 - INFO - 📈 已处理 2700/5842 只股票，成功 2503 只
2025-08-08 21:59:48,566 - INFO - 📈 已处理 2750/5842 只股票，成功 2553 只
2025-08-08 22:00:07,308 - INFO - 📈 已处理 2800/5842 只股票，成功 2603 只
2025-08-08 22:00:30,353 - INFO - 📈 已处理 2850/5842 只股票，成功 2653 只
2025-08-08 22:00:53,859 - INFO - 📈 已处理 2900/5842 只股票，成功 2703 只
2025-08-08 22:01:13,384 - INFO - 📈 已处理 2950/5842 只股票，成功 2753 只
2025-08-08 22:01:34,218 - INFO - 📈 已处理 3000/5842 只股票，成功 2803 只
2025-08-08 22:01:53,015 - INFO - 📈 已处理 3050/5842 只股票，成功 2853 只
2025-08-08 22:02:06,166 - INFO - 📈 已处理 3100/5842 只股票，成功 2903 只
2025-08-08 22:02:18,555 - INFO - 📈 已处理 3150/5842 只股票，成功 2949 只
2025-08-08 22:02:30,061 - INFO - 📈 已处理 3200/5842 只股票，成功 2986 只
2025-08-08 22:02:42,346 - INFO - 📈 已处理 3250/5842 只股票，成功 3030 只
2025-08-08 22:03:23,199 - INFO - 📈 已处理 3400/5842 只股票，成功 3155 只
2025-08-08 22:03:38,137 - INFO - 📈 已处理 3450/5842 只股票，成功 3202 只
2025-08-08 22:03:51,522 - INFO - 📈 已处理 3500/5842 只股票，成功 3247 只
2025-08-08 22:04:04,998 - INFO - 📈 已处理 3550/5842 只股票，成功 3293 只
2025-08-08 22:04:17,967 - INFO - 📈 已处理 3600/5842 只股票，成功 3339 只
2025-08-08 22:04:30,873 - INFO - 📈 已处理 3650/5842 只股票，成功 3386 只
2025-08-08 22:04:54,190 - INFO - 📈 已处理 3750/5842 只股票，成功 3465 只
2025-08-08 22:05:07,599 - INFO - 📈 已处理 3800/5842 只股票，成功 3509 只
2025-08-08 22:05:19,323 - INFO - 📈 已处理 3850/5842 只股票，成功 3550 只
2025-08-08 22:05:44,645 - INFO - 📈 已处理 3950/5842 只股票，成功 3635 只
2025-08-08 22:05:57,367 - INFO - 📈 已处理 4000/5842 只股票，成功 3683 只
2025-08-08 22:06:10,947 - INFO - 📈 已处理 4050/5842 只股票，成功 3732 只
2025-08-08 22:06:23,363 - INFO - 📈 已处理 4100/5842 只股票，成功 3779 只
2025-08-08 22:06:37,755 - INFO - 📈 已处理 4150/5842 只股票，成功 3828 只
2025-08-08 22:06:50,985 - INFO - 📈 已处理 4200/5842 只股票，成功 3878 只
2025-08-08 22:07:04,139 - INFO - 📈 已处理 4250/5842 只股票，成功 3927 只
2025-08-08 22:07:18,215 - INFO - 📈 已处理 4300/5842 只股票，成功 3977 只
2025-08-08 22:07:30,592 - INFO - 📈 已处理 4350/5842 只股票，成功 4026 只
2025-08-08 22:07:43,522 - INFO - 📈 已处理 4400/5842 只股票，成功 4075 只
2025-08-08 22:07:56,212 - INFO - 📈 已处理 4450/5842 只股票，成功 4125 只
2025-08-08 22:08:09,870 - INFO - 📈 已处理 4500/5842 只股票，成功 4175 只
2025-08-08 22:08:23,119 - INFO - 📈 已处理 4550/5842 只股票，成功 4224 只
2025-08-08 22:08:37,965 - INFO - 📈 已处理 4600/5842 只股票，成功 4273 只
2025-08-08 22:08:51,547 - INFO - 📈 已处理 4650/5842 只股票，成功 4322 只
2025-08-08 22:09:04,773 - INFO - 📈 已处理 4700/5842 只股票，成功 4372 只
2025-08-08 22:09:17,802 - INFO - 📈 已处理 4750/5842 只股票，成功 4422 只
2025-08-08 22:09:31,585 - INFO - 📈 已处理 4800/5842 只股票，成功 4472 只
2025-08-08 22:09:44,299 - INFO - 📈 已处理 4850/5842 只股票，成功 4520 只
2025-08-08 22:09:58,660 - INFO - 📈 已处理 4900/5842 只股票，成功 4570 只
2025-08-08 22:10:11,984 - INFO - 📈 已处理 4950/5842 只股票，成功 4620 只
2025-08-08 22:10:25,136 - INFO - 📈 已处理 5000/5842 只股票，成功 4670 只
2025-08-08 22:10:38,416 - INFO - 📈 已处理 5050/5842 只股票，成功 4720 只
2025-08-08 22:10:53,631 - INFO - 📈 已处理 5100/5842 只股票，成功 4770 只
2025-08-08 22:11:08,367 - INFO - 📈 已处理 5150/5842 只股票，成功 4820 只
2025-08-08 22:11:24,306 - INFO - 📈 已处理 5200/5842 只股票，成功 4869 只
2025-08-08 22:11:41,521 - INFO - 📈 已处理 5250/5842 只股票，成功 4919 只
2025-08-08 22:11:55,293 - INFO - 📈 已处理 5300/5842 只股票，成功 4969 只
2025-08-08 22:12:08,926 - INFO - 📈 已处理 5350/5842 只股票，成功 5019 只
2025-08-08 22:12:21,950 - INFO - 📈 已处理 5400/5842 只股票，成功 5069 只
2025-08-08 22:12:35,034 - INFO - 📈 已处理 5450/5842 只股票，成功 5119 只
2025-08-08 22:12:53,837 - INFO - 📈 已处理 5500/5842 只股票，成功 5169 只
2025-08-08 22:13:19,060 - INFO - 📈 已处理 5550/5842 只股票，成功 5219 只
2025-08-08 22:13:39,797 - INFO - 📈 已处理 5600/5842 只股票，成功 5269 只
2025-08-08 22:14:01,645 - INFO - 📈 已处理 5650/5842 只股票，成功 5319 只
2025-08-08 22:14:21,377 - INFO - 📈 已处理 5700/5842 只股票，成功 5369 只
2025-08-08 22:14:45,244 - INFO - 📈 已处理 5750/5842 只股票，成功 5419 只
2025-08-08 22:15:20,309 - INFO - ✅ 本周日度资金更新完成: 5456 条记录
2025-08-08 22:15:20,309 - INFO - 📊 开始初始化概念行情数据...
2025-08-08 22:15:20,419 - INFO - 📊 准备初始化 395 只概念行情数据
2025-08-08 22:16:00,833 - INFO - 📈 已处理 50/6 只概念，成功 50 只
2025-08-08 22:16:41,282 - INFO - 📈 已处理 100/6 只概念，成功 100 只
2025-08-08 22:17:40,130 - WARNING - ⚠️ 885786 富士康概念 概念行情更新失败: 7 columns passed, passed data had 1 columns
2025-08-08 22:17:42,611 - INFO - 📈 已处理 150/6 只概念，成功 149 只
2025-08-08 22:17:46,692 - WARNING - ⚠️ 885805 芬太尼 概念行情更新失败: 7 columns passed, passed data had 1 columns
2025-08-08 22:18:19,050 - INFO - 📈 已处理 200/6 只概念，成功 198 只
2025-08-08 22:18:33,779 - WARNING - ⚠️ 885913 医美概念 概念行情更新失败: 7 columns passed, passed data had 1 columns
2025-08-08 22:18:34,424 - WARNING - ⚠️ 885915 物业管理 概念行情更新失败: 7 columns passed, passed data had 1 columns
2025-08-08 22:18:38,910 - WARNING - ⚠️ 885925 MCU芯片 概念行情更新失败: 7 columns passed, passed data had 1 columns
2025-08-08 22:18:46,379 - INFO - 📈 已处理 250/6 只概念，成功 245 只
2025-08-08 22:18:46,579 - WARNING - ⚠️ 885943 EDR概念 概念行情更新失败: 7 columns passed, passed data had 1 columns
2025-08-08 22:18:56,807 - WARNING - ⚠️ 885968 托育服务 概念行情更新失败: 7 columns passed, passed data had 1 columns
2025-08-08 22:19:01,969 - WARNING - ⚠️ 885982 华为欧拉 概念行情更新失败: 7 columns passed, passed data had 1 columns
2025-08-08 22:19:05,223 - WARNING - ⚠️ 885994 猴痘概念 概念行情更新失败: 7 columns passed, passed data had 1 columns
2025-08-08 22:19:07,579 - WARNING - ⚠️ 886000 一体化压铸 概念行情更新失败: 7 columns passed, passed data had 1 columns
2025-08-08 22:19:08,094 - WARNING - ⚠️ 886002 机器视觉 概念行情更新失败: 7 columns passed, passed data had 1 columns
2025-08-08 22:19:27,705 - INFO - 📈 已处理 350/6 只概念，成功 339 只
2025-08-08 22:19:30,432 - WARNING - ⚠️ 886065 可控核聚变 概念行情更新失败: 7 columns passed, passed data had 1 columns
2025-08-08 22:19:40,955 - WARNING - ⚠️ nan WiFi 6 概念行情更新失败: index_code错误，是8开头的指数代码,
2025-08-08 22:19:40,956 - INFO - ✅ 本周概念行情更新完成: 382 条记录
2025-08-08 22:19:40,960 - INFO - 清空股票财务指标信息...
2025-08-08 22:19:41,073 - INFO - 🚀 开始获取ADATA所有股票财务指标信息...
2025-08-08 22:19:57,047 - INFO - 📈 已处理 50/5842 只股票财务指标信息，成功 50 只
2025-08-08 22:20:15,001 - INFO - 📈 已处理 100/5842 只股票财务指标信息，成功 100 只
2025-08-08 22:20:29,183 - INFO - 📈 已处理 150/5842 只股票财务指标信息，成功 150 只
2025-08-08 22:20:43,226 - INFO - 📈 已处理 200/5842 只股票财务指标信息，成功 200 只
2025-08-08 22:20:56,959 - INFO - 📈 已处理 250/5842 只股票财务指标信息，成功 250 只
2025-08-08 22:21:11,175 - INFO - 📈 已处理 300/5842 只股票财务指标信息，成功 300 只
2025-08-08 22:21:24,975 - INFO - 📈 已处理 350/5842 只股票财务指标信息，成功 350 只
2025-08-08 22:21:38,155 - INFO - 📈 已处理 400/5842 只股票财务指标信息，成功 400 只
2025-08-08 22:21:51,910 - INFO - 📈 已处理 450/5842 只股票财务指标信息，成功 450 只
2025-08-08 22:22:05,836 - INFO - 📈 已处理 500/5842 只股票财务指标信息，成功 500 只
2025-08-08 22:22:19,824 - INFO - 📈 已处理 550/5842 只股票财务指标信息，成功 550 只
2025-08-08 22:22:32,236 - INFO - 📈 已处理 600/5842 只股票财务指标信息，成功 600 只
2025-08-08 22:22:45,968 - INFO - 📈 已处理 650/5842 只股票财务指标信息，成功 650 只
2025-08-08 22:23:00,023 - INFO - 📈 已处理 700/5842 只股票财务指标信息，成功 700 只
2025-08-08 22:23:15,265 - INFO - 📈 已处理 750/5842 只股票财务指标信息，成功 750 只
2025-08-08 22:23:29,783 - INFO - 📈 已处理 800/5842 只股票财务指标信息，成功 800 只
2025-08-08 22:23:43,816 - INFO - 📈 已处理 850/5842 只股票财务指标信息，成功 850 只
2025-08-08 22:23:57,457 - INFO - 📈 已处理 900/5842 只股票财务指标信息，成功 900 只
2025-08-08 22:24:12,051 - INFO - 📈 已处理 950/5842 只股票财务指标信息，成功 950 只
2025-08-08 22:24:25,816 - INFO - 📈 已处理 1000/5842 只股票财务指标信息，成功 1000 只
2025-08-08 22:24:39,440 - INFO - 📈 已处理 1050/5842 只股票财务指标信息，成功 1050 只
2025-08-08 22:24:52,856 - INFO - 📈 已处理 1100/5842 只股票财务指标信息，成功 1100 只
2025-08-08 22:25:06,638 - INFO - 📈 已处理 1150/5842 只股票财务指标信息，成功 1150 只
2025-08-08 22:25:20,009 - INFO - 📈 已处理 1200/5842 只股票财务指标信息，成功 1200 只
2025-08-08 22:25:35,585 - INFO - 📈 已处理 1250/5842 只股票财务指标信息，成功 1250 只
2025-08-08 22:25:48,845 - INFO - 📈 已处理 1300/5842 只股票财务指标信息，成功 1300 只
2025-08-08 22:26:03,057 - INFO - 📈 已处理 1350/5842 只股票财务指标信息，成功 1350 只
2025-08-08 22:26:17,012 - INFO - 📈 已处理 1400/5842 只股票财务指标信息，成功 1400 只
2025-08-08 22:26:29,783 - INFO - 📈 已处理 1450/5842 只股票财务指标信息，成功 1450 只
2025-08-08 22:26:43,048 - INFO - 📈 已处理 1500/5842 只股票财务指标信息，成功 1500 只
2025-08-08 22:26:56,197 - INFO - 📈 已处理 1550/5842 只股票财务指标信息，成功 1550 只
2025-08-08 22:27:08,793 - INFO - 📈 已处理 1600/5842 只股票财务指标信息，成功 1600 只
2025-08-08 22:27:21,717 - INFO - 📈 已处理 1650/5842 只股票财务指标信息，成功 1650 只
2025-08-08 22:27:35,977 - INFO - 📈 已处理 1700/5842 只股票财务指标信息，成功 1700 只
2025-08-08 22:27:51,245 - INFO - 📈 已处理 1750/5842 只股票财务指标信息，成功 1750 只
2025-08-08 22:28:05,439 - INFO - 📈 已处理 1800/5842 只股票财务指标信息，成功 1800 只
2025-08-08 22:28:19,846 - INFO - 📈 已处理 1850/5842 只股票财务指标信息，成功 1850 只
2025-08-08 22:28:33,226 - INFO - 📈 已处理 1900/5842 只股票财务指标信息，成功 1900 只
2025-08-08 22:28:46,724 - INFO - 📈 已处理 1950/5842 只股票财务指标信息，成功 1950 只
2025-08-08 22:29:00,657 - INFO - 📈 已处理 2000/5842 只股票财务指标信息，成功 2000 只
2025-08-08 22:29:14,875 - INFO - 📈 已处理 2050/5842 只股票财务指标信息，成功 2050 只
2025-08-08 22:29:28,494 - INFO - 📈 已处理 2100/5842 只股票财务指标信息，成功 2100 只
2025-08-08 22:29:42,323 - INFO - 📈 已处理 2150/5842 只股票财务指标信息，成功 2150 只
2025-08-08 22:29:57,163 - INFO - 📈 已处理 2200/5842 只股票财务指标信息，成功 2200 只
2025-08-08 22:30:11,938 - INFO - 📈 已处理 2250/5842 只股票财务指标信息，成功 2250 只
2025-08-08 22:30:25,813 - INFO - 📈 已处理 2300/5842 只股票财务指标信息，成功 2300 只
2025-08-08 22:30:39,032 - INFO - 📈 已处理 2350/5842 只股票财务指标信息，成功 2350 只
2025-08-08 22:30:52,786 - INFO - 📈 已处理 2400/5842 只股票财务指标信息，成功 2400 只
2025-08-08 22:31:05,990 - INFO - 📈 已处理 2450/5842 只股票财务指标信息，成功 2450 只
2025-08-08 22:31:19,249 - INFO - 📈 已处理 2500/5842 只股票财务指标信息，成功 2500 只
2025-08-08 22:31:32,141 - INFO - 📈 已处理 2550/5842 只股票财务指标信息，成功 2550 只
2025-08-08 22:31:45,101 - INFO - 📈 已处理 2600/5842 只股票财务指标信息，成功 2600 只
2025-08-08 22:31:57,922 - INFO - 📈 已处理 2650/5842 只股票财务指标信息，成功 2650 只
2025-08-08 22:32:11,410 - INFO - 📈 已处理 2700/5842 只股票财务指标信息，成功 2700 只
2025-08-08 22:32:24,045 - INFO - 📈 已处理 2750/5842 只股票财务指标信息，成功 2750 只
2025-08-08 22:32:36,502 - INFO - 📈 已处理 2800/5842 只股票财务指标信息，成功 2800 只
2025-08-08 22:32:48,951 - INFO - 📈 已处理 2850/5842 只股票财务指标信息，成功 2850 只
2025-08-08 22:33:00,954 - INFO - 📈 已处理 2900/5842 只股票财务指标信息，成功 2900 只
2025-08-08 22:33:13,687 - INFO - 📈 已处理 2950/5842 只股票财务指标信息，成功 2950 只
2025-08-08 22:33:26,652 - INFO - 📈 已处理 3000/5842 只股票财务指标信息，成功 3000 只
2025-08-08 22:33:38,678 - INFO - 📈 已处理 3050/5842 只股票财务指标信息，成功 3050 只
2025-08-08 22:33:52,889 - INFO - 📈 已处理 3100/5842 只股票财务指标信息，成功 3100 只
2025-08-08 22:34:05,537 - INFO - 📈 已处理 3150/5842 只股票财务指标信息，成功 3150 只
2025-08-08 22:34:19,177 - INFO - 📈 已处理 3200/5842 只股票财务指标信息，成功 3200 只
2025-08-08 22:34:32,184 - INFO - 📈 已处理 3250/5842 只股票财务指标信息，成功 3250 只
2025-08-08 22:34:45,075 - INFO - 📈 已处理 3300/5842 只股票财务指标信息，成功 3300 只
2025-08-08 22:34:57,674 - INFO - 📈 已处理 3350/5842 只股票财务指标信息，成功 3350 只
2025-08-08 22:35:10,393 - INFO - 📈 已处理 3400/5842 只股票财务指标信息，成功 3400 只
2025-08-08 22:35:22,917 - INFO - 📈 已处理 3450/5842 只股票财务指标信息，成功 3450 只
2025-08-08 22:35:35,925 - INFO - 📈 已处理 3500/5842 只股票财务指标信息，成功 3500 只
2025-08-08 22:35:48,764 - INFO - 📈 已处理 3550/5842 只股票财务指标信息，成功 3550 只
2025-08-08 22:36:01,441 - INFO - 📈 已处理 3600/5842 只股票财务指标信息，成功 3600 只
2025-08-08 22:36:14,874 - INFO - 📈 已处理 3650/5842 只股票财务指标信息，成功 3650 只
2025-08-08 22:36:28,330 - INFO - 📈 已处理 3700/5842 只股票财务指标信息，成功 3700 只
2025-08-08 22:36:41,062 - INFO - 📈 已处理 3750/5842 只股票财务指标信息，成功 3750 只
2025-08-08 22:36:53,914 - INFO - 📈 已处理 3800/5842 只股票财务指标信息，成功 3800 只
2025-08-08 22:37:07,533 - INFO - 📈 已处理 3850/5842 只股票财务指标信息，成功 3850 只
2025-08-08 22:37:21,549 - INFO - 📈 已处理 3900/5842 只股票财务指标信息，成功 3900 只
2025-08-08 22:37:33,882 - INFO - 📈 已处理 3950/5842 只股票财务指标信息，成功 3950 只
2025-08-08 22:37:46,102 - INFO - 📈 已处理 4000/5842 只股票财务指标信息，成功 4000 只
2025-08-08 22:37:58,942 - INFO - 📈 已处理 4050/5842 只股票财务指标信息，成功 4050 只
2025-08-08 22:38:11,729 - INFO - 📈 已处理 4100/5842 只股票财务指标信息，成功 4100 只
2025-08-08 22:38:25,141 - INFO - 📈 已处理 4150/5842 只股票财务指标信息，成功 4150 只
2025-08-08 22:38:37,706 - INFO - 📈 已处理 4200/5842 只股票财务指标信息，成功 4200 只
2025-08-08 22:38:49,781 - INFO - 📈 已处理 4250/5842 只股票财务指标信息，成功 4250 只
2025-08-08 22:39:02,180 - INFO - 📈 已处理 4300/5842 只股票财务指标信息，成功 4300 只
2025-08-08 22:39:15,182 - INFO - 📈 已处理 4350/5842 只股票财务指标信息，成功 4350 只
2025-08-08 22:39:27,553 - INFO - 📈 已处理 4400/5842 只股票财务指标信息，成功 4400 只
2025-08-08 22:39:39,862 - INFO - 📈 已处理 4450/5842 只股票财务指标信息，成功 4450 只
2025-08-08 22:39:52,830 - INFO - 📈 已处理 4500/5842 只股票财务指标信息，成功 4500 只
2025-08-08 22:40:05,624 - INFO - 📈 已处理 4550/5842 只股票财务指标信息，成功 4550 只
2025-08-08 22:40:18,671 - INFO - 📈 已处理 4600/5842 只股票财务指标信息，成功 4600 只
2025-08-08 22:40:31,544 - INFO - 📈 已处理 4650/5842 只股票财务指标信息，成功 4650 只
2025-08-08 22:40:44,104 - INFO - 📈 已处理 4700/5842 只股票财务指标信息，成功 4700 只
2025-08-08 22:40:57,319 - INFO - 📈 已处理 4750/5842 只股票财务指标信息，成功 4750 只
2025-08-08 22:41:11,763 - INFO - 📈 已处理 4800/5842 只股票财务指标信息，成功 4800 只
2025-08-08 22:41:24,198 - INFO - 📈 已处理 4850/5842 只股票财务指标信息，成功 4850 只
2025-08-08 22:41:36,445 - INFO - 📈 已处理 4900/5842 只股票财务指标信息，成功 4900 只
2025-08-08 22:41:48,753 - INFO - 📈 已处理 4950/5842 只股票财务指标信息，成功 4950 只
2025-08-08 22:42:01,645 - INFO - 📈 已处理 5000/5842 只股票财务指标信息，成功 5000 只
2025-08-08 22:42:14,609 - INFO - 📈 已处理 5050/5842 只股票财务指标信息，成功 5050 只
2025-08-08 22:42:27,686 - INFO - 📈 已处理 5100/5842 只股票财务指标信息，成功 5100 只
2025-08-08 22:42:40,670 - INFO - 📈 已处理 5150/5842 只股票财务指标信息，成功 5150 只
2025-08-08 22:42:52,964 - INFO - 📈 已处理 5200/5842 只股票财务指标信息，成功 5200 只
2025-08-08 22:43:05,820 - INFO - 📈 已处理 5250/5842 只股票财务指标信息，成功 5250 只
2025-08-08 22:43:18,144 - INFO - 📈 已处理 5300/5842 只股票财务指标信息，成功 5300 只
2025-08-08 22:43:31,082 - INFO - 📈 已处理 5350/5842 只股票财务指标信息，成功 5350 只
2025-08-08 22:43:43,500 - INFO - 📈 已处理 5400/5842 只股票财务指标信息，成功 5400 只
2025-08-08 22:43:55,935 - INFO - 📈 已处理 5450/5842 只股票财务指标信息，成功 5450 只
2025-08-08 22:44:07,945 - INFO - 📈 已处理 5500/5842 只股票财务指标信息，成功 5500 只
2025-08-08 22:44:21,650 - INFO - 📈 已处理 5550/5842 只股票财务指标信息，成功 5550 只
2025-08-08 22:44:34,475 - INFO - 📈 已处理 5600/5842 只股票财务指标信息，成功 5600 只
2025-08-08 22:44:47,350 - INFO - 📈 已处理 5650/5842 只股票财务指标信息，成功 5650 只
2025-08-08 22:44:59,972 - INFO - 📈 已处理 5700/5842 只股票财务指标信息，成功 5700 只
2025-08-08 22:45:12,878 - INFO - 📈 已处理 5750/5842 只股票财务指标信息，成功 5750 只
2025-08-08 22:45:25,503 - INFO - 📈 已处理 5800/5842 只股票财务指标信息，成功 5800 只
2025-08-08 22:45:36,036 - INFO - ✅ 本周股票财务指标信息更新完成: 5842 条记录
2025-08-08 22:45:36,036 - INFO - 📊 开始更新近7个自然日融资融券余额数据...
2025-08-08 22:45:36,248 - INFO - ✅ 本周融资融券余额数据更新完成
2025-08-08 22:45:36,248 - INFO - 清空股票申万一二级行业...
2025-08-08 22:45:36,328 - INFO - 🚀 开始获取ADATA所有股票股本信息...
2025-08-08 22:47:05,428 - INFO - 📈 已处理 300/5842 只股票，成功 2 只
2025-08-08 23:05:31,642 - WARNING - ⚠️ 605179 一鸣食品 申万一二级行业信息: HTTPSConnectionPool(host='finance.pae.baidu.com', port=443): Max retries exceeded with url: /api/getrelatedblock?stock=%5B%7B%22code%22:%20%22605179%22,%20%22market%22:%20%22ab%22,%20%22type%22:%20%22stock%22%7D%5D&finClientType=pc (Caused by ConnectTimeoutError(<urllib3.connection.HTTPSConnection object at 0x0000028E979CA8F0>, 'Connection to finance.pae.baidu.com timed out. (connect timeout=None)'))
2025-08-08 23:06:09,699 - WARNING - ⚠️ 688015 交控科技 申万一二级行业信息: HTTPSConnectionPool(host='finance.pae.baidu.com', port=443): Max retries exceeded with url: /api/getrelatedblock?stock=%5B%7B%22code%22:%20%22688015%22,%20%22market%22:%20%22ab%22,%20%22type%22:%20%22stock%22%7D%5D&finClientType=pc (Caused by ConnectTimeoutError(<urllib3.connection.HTTPSConnection object at 0x0000028E979C9000>, 'Connection to finance.pae.baidu.com timed out. (connect timeout=None)'))
2025-08-08 23:06:50,855 - WARNING - ⚠️ 688113 联测科技 申万一二级行业信息: HTTPSConnectionPool(host='finance.pae.baidu.com', port=443): Max retries exceeded with url: /api/getrelatedblock?stock=%5B%7B%22code%22:%20%22688113%22,%20%22market%22:%20%22ab%22,%20%22type%22:%20%22stock%22%7D%5D&finClientType=pc (Caused by ConnectTimeoutError(<urllib3.connection.HTTPSConnection object at 0x0000028E979C8730>, 'Connection to finance.pae.baidu.com timed out. (connect timeout=None)'))
2025-08-08 23:07:55,524 - WARNING - ⚠️ 688327 云从科技 申万一二级行业信息: HTTPSConnectionPool(host='finance.pae.baidu.com', port=443): Max retries exceeded with url: /api/getrelatedblock?stock=%5B%7B%22code%22:%20%22688327%22,%20%22market%22:%20%22ab%22,%20%22type%22:%20%22stock%22%7D%5D&finClientType=pc (Caused by ConnectTimeoutError(<urllib3.connection.HTTPSConnection object at 0x0000028E979C84C0>, 'Connection to finance.pae.baidu.com timed out. (connect timeout=None)'))
2025-08-08 23:08:32,958 - WARNING - ⚠️ 688420 美腾科技 申万一二级行业信息: HTTPSConnectionPool(host='finance.pae.baidu.com', port=443): Max retries exceeded with url: /api/getrelatedblock?stock=%5B%7B%22code%22:%20%22688420%22,%20%22market%22:%20%22ab%22,%20%22type%22:%20%22stock%22%7D%5D&finClientType=pc (Caused by ConnectTimeoutError(<urllib3.connection.HTTPSConnection object at 0x0000028E979C80D0>, 'Connection to finance.pae.baidu.com timed out. (connect timeout=None)'))
2025-08-08 23:09:19,291 - WARNING - ⚠️ 688571 杭华股份 申万一二级行业信息: HTTPSConnectionPool(host='finance.pae.baidu.com', port=443): Max retries exceeded with url: /api/getrelatedblock?stock=%5B%7B%22code%22:%20%22688571%22,%20%22market%22:%20%22ab%22,%20%22type%22:%20%22stock%22%7D%5D&finClientType=pc (Caused by ConnectTimeoutError(<urllib3.connection.HTTPSConnection object at 0x0000028E979CB970>, 'Connection to finance.pae.baidu.com timed out. (connect timeout=None)'))
2025-08-08 23:11:10,814 - INFO - ✅ 本周申万一二级行业信息更新完成: 37 条记录
2025-08-08 23:11:10,814 - INFO - 📅 开始更新交易日历...
2025-08-08 23:11:13,040 - INFO - ✅ 2005 年交易日历: 365 条记录
2025-08-08 23:11:13,148 - INFO - ✅ 2006 年交易日历: 365 条记录
2025-08-08 23:11:13,250 - INFO - ✅ 2007 年交易日历: 365 条记录
2025-08-08 23:11:13,380 - INFO - ✅ 2008 年交易日历: 366 条记录
2025-08-08 23:11:13,472 - INFO - ✅ 2009 年交易日历: 365 条记录
2025-08-08 23:11:13,565 - INFO - ✅ 2010 年交易日历: 365 条记录
2025-08-08 23:11:13,657 - INFO - ✅ 2011 年交易日历: 365 条记录
2025-08-08 23:11:13,753 - INFO - ✅ 2012 年交易日历: 366 条记录
2025-08-08 23:11:13,850 - INFO - ✅ 2013 年交易日历: 365 条记录
2025-08-08 23:11:13,939 - INFO - ✅ 2014 年交易日历: 365 条记录
2025-08-08 23:11:14,037 - INFO - ✅ 2015 年交易日历: 365 条记录
2025-08-08 23:11:14,128 - INFO - ✅ 2016 年交易日历: 366 条记录
2025-08-08 23:11:14,220 - INFO - ✅ 2017 年交易日历: 364 条记录
2025-08-08 23:11:14,311 - INFO - ✅ 2018 年交易日历: 365 条记录
2025-08-08 23:11:14,401 - INFO - ✅ 2019 年交易日历: 365 条记录
2025-08-08 23:11:14,488 - INFO - ✅ 2020 年交易日历: 366 条记录
2025-08-08 23:11:14,578 - INFO - ✅ 2021 年交易日历: 365 条记录
2025-08-08 23:11:14,666 - INFO - ✅ 2022 年交易日历: 365 条记录
2025-08-08 23:11:14,763 - INFO - ✅ 2023 年交易日历: 365 条记录
2025-08-08 23:11:14,855 - INFO - ✅ 2024 年交易日历: 366 条记录
2025-08-08 23:11:14,943 - INFO - ✅ 2025 年交易日历: 365 条记录
2025-08-08 23:11:14,943 - INFO - ✅ 交易日历更新完成: 7669 条记录
2025-08-08 23:11:14,943 - INFO - ============================================================
2025-08-08 23:11:14,943 - INFO - 📊 本周数据更新统计
2025-08-08 23:11:14,943 - INFO - ============================================================
2025-08-08 23:11:14,943 - INFO - ⏱️  更新耗时: 2:38:08.502809
2025-08-08 23:11:14,943 - INFO - 📈 实时行情: 0 条
2025-08-08 23:11:14,943 - INFO - 📊 本周K线: 37 条
2025-08-08 23:11:14,944 - INFO - 📅 交易日历: 7,669 条
2025-08-08 23:11:14,944 - INFO - ✅ 无错误
2025-08-08 23:11:14,944 - INFO - ============================================================
2025-08-08 23:11:14,951 - INFO - 🎉 本周数据更新完成！
2025-08-08 23:11:14,951 - INFO - 数据库连接已关闭
2025-08-08 23:11:14,952 - INFO - ✅ 每周数据更新成功完成
