2025-08-30 07:46:35,572 - INFO - 🌟 每周数据更新程序启动
2025-08-30 07:46:35,579 - INFO - 🚀 开始每周数据更新...
2025-08-30 07:46:35,579 - INFO - ============================================================
2025-08-30 07:46:35,687 - INFO - ✅ 成功连接到MySQL数据库
2025-08-30 07:46:35,688 - INFO - 清空股票基本信息...
2025-08-30 07:46:36,031 - INFO - 🚀 开始获取ADATA所有股票基本信息...
2025-08-30 07:47:28,199 - INFO - 📊 获取到 996 只股票信息
2025-08-30 07:47:28,274 - INFO - 📈 已插入 100 只股票信息
2025-08-30 07:47:28,297 - INFO - 📈 已插入 200 只股票信息
2025-08-30 07:47:28,320 - INFO - 📈 已插入 300 只股票信息
2025-08-30 07:47:28,341 - INFO - 📈 已插入 400 只股票信息
2025-08-30 07:47:28,361 - INFO - 📈 已插入 500 只股票信息
2025-08-30 07:47:28,372 - INFO - 📈 已插入 600 只股票信息
2025-08-30 07:47:28,393 - INFO - 📈 已插入 700 只股票信息
2025-08-30 07:47:28,408 - INFO - 📈 已插入 800 只股票信息
2025-08-30 07:47:28,424 - INFO - 📈 已插入 900 只股票信息
2025-08-30 07:47:28,453 - INFO - ✅ 成功插入 996 只股票基本信息
2025-08-30 07:47:28,453 - INFO - 📊 开始更新近7个自然日K线指数行情数据）...
2025-08-30 07:47:28,453 - INFO - 📊 准备更新 12 关键指数的近7个自然日K线数据
2025-08-30 07:47:36,904 - INFO - 📈 已处理000001 上证指数 
2025-08-30 07:47:39,650 - INFO - 📈 已处理399001 深证成指 
2025-08-30 07:47:40,959 - INFO - 📈 已处理399006 创业板 
2025-08-30 07:47:41,476 - INFO - 📈 已处理899050 北证50 
2025-08-30 07:47:42,191 - INFO - 📈 已处理000688 科创50 
2025-08-30 07:47:44,108 - INFO - 📈 已处理000300 沪深300 
2025-08-30 07:47:45,869 - INFO - 📈 已处理000852 中证1000 
2025-08-30 07:47:47,880 - INFO - 📈 已处理000016 上证50 
2025-08-30 07:47:49,742 - INFO - 📈 已处理000905 中证500 
2025-08-30 07:47:51,457 - INFO - 📈 已处理399330 深证100 
2025-08-30 07:47:52,122 - INFO - 📈 已处理000698 科创100 
2025-08-30 07:47:53,189 - INFO - 📈 已处理399673 创业板50 
2025-08-30 07:47:53,189 - INFO - ✅ 本周指数K线更新完成: 12 条记录
2025-08-30 07:47:53,189 - INFO - 清空同花顺的概念代码信息...
2025-08-30 07:47:53,279 - INFO - 🚀 开始获取ADATA所有同花顺的概念代码信息...
2025-08-30 07:47:54,692 - INFO - 📊 获取到 390 只概念代码信息
2025-08-30 07:47:54,709 - INFO - 📈 已插入 100 只概念代码信息
2025-08-30 07:47:54,724 - INFO - 📈 已插入 200 只概念代码信息
2025-08-30 07:47:54,738 - INFO - 📈 已插入 300 只概念代码信息
2025-08-30 07:47:54,757 - INFO - ✅ 成功插入 390 只概念代码信息
2025-08-30 07:47:54,759 - INFO - 清空同花顺股票概念关系...
2025-08-30 07:47:54,886 - INFO - 🚀 开始获取ADATA同花顺股票概念关系...
2025-08-30 07:47:54,909 - INFO - 获取概念代码，开始处理
2025-08-30 07:48:39,466 - INFO - 📈 已处理 50/6 只概念，成功 50 只
2025-08-30 07:49:20,245 - INFO - 📈 已处理 100/6 只概念，成功 99 只
2025-08-30 07:49:58,847 - INFO - 📈 已处理 150/6 只概念，成功 149 只
2025-08-30 07:50:34,130 - INFO - 📈 已处理 200/6 只概念，成功 199 只
2025-08-30 07:51:14,979 - INFO - 📈 已处理 250/6 只概念，成功 249 只
2025-08-30 07:51:50,915 - INFO - 📈 已处理 300/6 只概念，成功 299 只
2025-08-30 07:52:30,726 - INFO - 📈 已处理 350/6 只概念，成功 349 只
2025-08-30 07:54:46,531 - WARNING - ⚠️ nan WiFi 6同花顺股票概念关系: substring not found
2025-08-30 07:54:46,531 - INFO - ✅ 本周同花顺股票概念关系更新完成: 388 条记录
2025-08-30 07:54:46,531 - INFO - 📊 开始初始化概念行情数据...
2025-08-30 07:54:46,981 - INFO - 📊 准备初始化 390 只概念行情数据
2025-08-30 07:55:07,420 - WARNING - ⚠️ 885418 文化传媒概念 概念行情更新失败: 7 columns passed, passed data had 1 columns
2025-08-30 07:55:07,514 - WARNING - ⚠️ 885423 安防 概念行情更新失败: 7 columns passed, passed data had 1 columns
2025-08-30 07:55:11,274 - WARNING - ⚠️ 885431 新能源汽车 概念行情更新失败: 7 columns passed, passed data had 1 columns
2025-08-30 07:55:18,891 - WARNING - ⚠️ 885480 在线教育 概念行情更新失败: 7 columns passed, passed data had 1 columns
2025-08-30 07:55:25,480 - WARNING - ⚠️ 885517 机器人概念 概念行情更新失败: 7 columns passed, passed data had 1 columns
2025-08-30 07:55:27,548 - INFO - 📈 已处理 50/6 只概念，成功 45 只
2025-08-30 07:55:45,779 - WARNING - ⚠️ 885555 PM2.5 概念行情更新失败: 7 columns passed, passed data had 1 columns
2025-08-30 07:55:48,970 - WARNING - ⚠️ 885570 期货概念 概念行情更新失败: 7 columns passed, passed data had 1 columns
2025-08-30 07:55:49,803 - WARNING - ⚠️ 885572 水利 概念行情更新失败: 7 columns passed, passed data had 1 columns
2025-08-30 07:55:57,329 - WARNING - ⚠️ 885598 新股与次新股 概念行情更新失败: 7 columns passed, passed data had 1 columns
2025-08-30 07:55:59,723 - WARNING - ⚠️ 885617 福建自贸区 概念行情更新失败: 7 columns passed, passed data had 1 columns
2025-08-30 07:56:03,454 - WARNING - ⚠️ 885641 风电 概念行情更新失败: 7 columns passed, passed data had 1 columns
2025-08-30 07:56:15,692 - WARNING - ⚠️ 885705 乡村振兴 概念行情更新失败: 7 columns passed, passed data had 1 columns
2025-08-30 07:56:17,204 - WARNING - ⚠️ 885710 锂电池概念 概念行情更新失败: 7 columns passed, passed data had 1 columns
2025-08-30 07:56:18,030 - WARNING - ⚠️ 885730 量子科技 概念行情更新失败: 7 columns passed, passed data had 1 columns
2025-08-30 07:56:18,829 - WARNING - ⚠️ 885734 广东自贸区 概念行情更新失败: 7 columns passed, passed data had 1 columns
2025-08-30 07:56:31,678 - WARNING - ⚠️ 885757 区块链 概念行情更新失败: 7 columns passed, passed data had 1 columns
2025-08-30 07:56:34,266 - WARNING - ⚠️ 885759 人脸识别 概念行情更新失败: 7 columns passed, passed data had 1 columns
2025-08-30 07:56:44,280 - WARNING - ⚠️ 885768 无人零售 概念行情更新失败: 7 columns passed, passed data had 1 columns
2025-08-30 07:56:45,878 - WARNING - ⚠️ 885771 智能音箱 概念行情更新失败: 7 columns passed, passed data had 1 columns
2025-08-30 07:56:51,412 - WARNING - ⚠️ 885781 石墨电极 概念行情更新失败: 7 columns passed, passed data had 1 columns
2025-08-30 07:56:59,343 - INFO - 📈 已处理 150/6 只概念，成功 130 只
2025-08-30 07:57:03,958 - WARNING - ⚠️ 885810 大豆 概念行情更新失败: 7 columns passed, passed data had 1 columns
2025-08-30 07:57:18,020 - WARNING - ⚠️ 885811 玉米 概念行情更新失败: substring not found
2025-08-30 07:57:34,012 - WARNING - ⚠️ 885840 人民币贬值受益 概念行情更新失败: 7 columns passed, passed data had 1 columns
2025-08-30 07:57:38,158 - WARNING - ⚠️ 885845 生物疫苗 概念行情更新失败: 7 columns passed, passed data had 1 columns
2025-08-30 07:57:49,898 - WARNING - ⚠️ 885854 垃圾分类 概念行情更新失败: 7 columns passed, passed data had 1 columns
2025-08-30 07:57:52,895 - WARNING - ⚠️ 885864 光刻胶 概念行情更新失败: 7 columns passed, passed data had 1 columns
2025-08-30 07:57:55,378 - WARNING - ⚠️ 885866 数字货币 概念行情更新失败: 7 columns passed, passed data had 1 columns
2025-08-30 07:58:10,081 - WARNING - ⚠️ 885881 云办公 概念行情更新失败: 7 columns passed, passed data had 1 columns
2025-08-30 07:58:12,483 - WARNING - ⚠️ 885887 数据中心 概念行情更新失败: 7 columns passed, passed data had 1 columns
2025-08-30 07:58:23,793 - WARNING - ⚠️ 885900 NMN概念 概念行情更新失败: 7 columns passed, passed data had 1 columns
2025-08-30 07:58:24,472 - WARNING - ⚠️ 885902 汽车拆解概念 概念行情更新失败: 7 columns passed, passed data had 1 columns
2025-08-30 07:58:24,572 - WARNING - ⚠️ 885903 环氧丙烷 概念行情更新失败: 7 columns passed, passed data had 1 columns
2025-08-30 07:58:27,897 - WARNING - ⚠️ 885912 有机硅概念 概念行情更新失败: 7 columns passed, passed data had 1 columns
2025-08-30 07:58:34,587 - WARNING - ⚠️ 885920 光伏建筑一体化 概念行情更新失败: 7 columns passed, passed data had 1 columns
2025-08-30 07:58:37,896 - WARNING - ⚠️ 885927 CRO概念 概念行情更新失败: 7 columns passed, passed data had 1 columns
2025-08-30 07:58:37,982 - WARNING - ⚠️ 885928 钠离子电池 概念行情更新失败: 7 columns passed, passed data had 1 columns
2025-08-30 07:58:45,887 - WARNING - ⚠️ 885939 海峡两岸 概念行情更新失败: 7 columns passed, passed data had 1 columns
2025-08-30 07:58:48,127 - WARNING - ⚠️ 885942 数据安全 概念行情更新失败: 7 columns passed, passed data had 1 columns
2025-08-30 07:58:49,147 - WARNING - ⚠️ 885945 汽车芯片 概念行情更新失败: 7 columns passed, passed data had 1 columns
2025-08-30 07:58:49,740 - WARNING - ⚠️ 885947 DRG/DIP 概念行情更新失败: 7 columns passed, passed data had 1 columns
2025-08-30 07:58:50,822 - WARNING - ⚠️ 885951 预制菜 概念行情更新失败: 7 columns passed, passed data had 1 columns
2025-08-30 07:58:51,942 - WARNING - ⚠️ 885955 重组蛋白 概念行情更新失败: 7 columns passed, passed data had 1 columns
2025-08-30 07:58:55,265 - WARNING - ⚠️ 885962 土壤修复 概念行情更新失败: 7 columns passed, passed data had 1 columns
2025-08-30 07:59:01,629 - WARNING - ⚠️ 885969 金属镍 概念行情更新失败: 7 columns passed, passed data had 1 columns
2025-08-30 07:59:04,847 - WARNING - ⚠️ 885973 金属铜 概念行情更新失败: 7 columns passed, passed data had 1 columns
2025-08-30 07:59:06,486 - WARNING - ⚠️ 885977 国资云 概念行情更新失败: 7 columns passed, passed data had 1 columns
2025-08-30 07:59:07,037 - WARNING - ⚠️ 885981 家庭医生 概念行情更新失败: 7 columns passed, passed data had 1 columns
2025-08-30 07:59:08,076 - WARNING - ⚠️ 885986 碳交易 概念行情更新失败: 7 columns passed, passed data had 1 columns
2025-08-30 07:59:17,991 - WARNING - ⚠️ 885995 粮食概念 概念行情更新失败: 7 columns passed, passed data had 1 columns
2025-08-30 07:59:20,305 - WARNING - ⚠️ 886001 高压快充 概念行情更新失败: 7 columns passed, passed data had 1 columns
2025-08-30 07:59:24,194 - WARNING - ⚠️ 886003 钒电池 概念行情更新失败: 7 columns passed, passed data had 1 columns
2025-08-30 07:59:28,410 - INFO - 📈 已处理 300/6 只概念，成功 249 只
2025-08-30 07:59:41,767 - WARNING - ⚠️ 886018 高压氧舱 概念行情更新失败: 7 columns passed, passed data had 1 columns
2025-08-30 07:59:44,384 - WARNING - ⚠️ 886021 国企改革 概念行情更新失败: 7 columns passed, passed data had 1 columns
2025-08-30 07:59:49,930 - WARNING - ⚠️ 886032 固态电池 概念行情更新失败: 7 columns passed, passed data had 1 columns
2025-08-30 07:59:56,879 - WARNING - ⚠️ 886041 数据要素 概念行情更新失败: 7 columns passed, passed data had 1 columns
2025-08-30 08:00:00,381 - WARNING - ⚠️ 886046 MR(混合现实) 概念行情更新失败: 7 columns passed, passed data had 1 columns
2025-08-30 08:00:01,269 - WARNING - ⚠️ 886049 空间计算 概念行情更新失败: 7 columns passed, passed data had 1 columns
2025-08-30 08:00:02,139 - WARNING - ⚠️ 886052 核污染防治 概念行情更新失败: 7 columns passed, passed data had 1 columns
2025-08-30 08:00:12,035 - WARNING - ⚠️ 886056 阿尔茨海默概念 概念行情更新失败: 7 columns passed, passed data had 1 columns
2025-08-30 08:00:20,623 - INFO - 📈 已处理 350/6 只概念，成功 291 只
2025-08-30 08:00:21,791 - WARNING - ⚠️ 886065 可控核聚变 概念行情更新失败: 7 columns passed, passed data had 1 columns
2025-08-30 08:00:46,744 - WARNING - ⚠️ 886073 铜缆高速连接 概念行情更新失败: 7 columns passed, passed data had 1 columns
2025-08-30 08:00:56,978 - WARNING - ⚠️ 886087 房屋检测 概念行情更新失败: 7 columns passed, passed data had 1 columns
2025-08-30 08:01:10,414 - WARNING - ⚠️ 886095 IP经济(谷子经济) 概念行情更新失败: 7 columns passed, passed data had 1 columns
2025-08-30 08:01:12,745 - WARNING - ⚠️ 886098 小红书概念 概念行情更新失败: 7 columns passed, passed data had 1 columns
2025-08-30 08:01:12,843 - WARNING - ⚠️ 886099 AI智能体 概念行情更新失败: 7 columns passed, passed data had 1 columns
2025-08-30 08:01:14,026 - WARNING - ⚠️ 886103 2025一季报预增 概念行情更新失败: 7 columns passed, passed data had 1 columns
2025-08-30 08:01:14,461 - WARNING - ⚠️ nan WiFi 6 概念行情更新失败: index_code错误，是8开头的指数代码,
2025-08-30 08:01:14,461 - INFO - ✅ 本周概念行情更新完成: 323 条记录
2025-08-30 08:01:14,461 - INFO - 📊 开始更新近7个自然日日度资金流）...
2025-08-30 08:01:14,463 - INFO - 📊 准备更新 996 只股票的近7个自然日日度资金流
2025-08-30 08:01:26,722 - INFO - 📈 已处理 50/996 只股票，成功 50 只
2025-08-30 08:01:38,657 - INFO - 📈 已处理 100/996 只股票，成功 100 只
2025-08-30 08:01:50,772 - INFO - 📈 已处理 150/996 只股票，成功 150 只
2025-08-30 08:02:02,658 - INFO - 📈 已处理 200/996 只股票，成功 200 只
2025-08-30 08:02:14,462 - INFO - 📈 已处理 250/996 只股票，成功 250 只
2025-08-30 08:02:26,412 - INFO - 📈 已处理 300/996 只股票，成功 300 只
2025-08-30 08:02:38,337 - INFO - 📈 已处理 350/996 只股票，成功 350 只
2025-08-30 08:02:50,151 - INFO - 📈 已处理 400/996 只股票，成功 400 只
2025-08-30 08:03:02,105 - INFO - 📈 已处理 450/996 只股票，成功 450 只
2025-08-30 08:03:13,987 - INFO - 📈 已处理 500/996 只股票，成功 500 只
2025-08-30 08:03:26,300 - INFO - 📈 已处理 550/996 只股票，成功 549 只
2025-08-30 08:03:38,202 - INFO - 📈 已处理 600/996 只股票，成功 599 只
2025-08-30 08:03:50,200 - INFO - 📈 已处理 650/996 只股票，成功 649 只
2025-08-30 08:04:02,038 - INFO - 📈 已处理 700/996 只股票，成功 698 只
2025-08-30 08:04:14,099 - INFO - 📈 已处理 750/996 只股票，成功 748 只
2025-08-30 08:04:26,529 - INFO - 📈 已处理 800/996 只股票，成功 797 只
2025-08-30 08:04:38,708 - INFO - 📈 已处理 850/996 只股票，成功 847 只
2025-08-30 08:04:50,909 - INFO - 📈 已处理 900/996 只股票，成功 897 只
2025-08-30 08:05:03,216 - INFO - 📈 已处理 950/996 只股票，成功 947 只
2025-08-30 08:05:14,575 - INFO - ✅ 本周日度资金更新完成: 993 条记录
2025-08-30 08:05:14,578 - INFO - 📊 开始更新近7个自然日融资融券余额数据...
2025-08-30 08:05:14,778 - INFO - ✅ 本周融资融券余额数据更新完成
2025-08-30 08:05:14,778 - INFO - ============================================================
2025-08-30 08:05:14,778 - INFO - 📊 本周数据更新统计
2025-08-30 08:05:14,778 - INFO - ============================================================
2025-08-30 08:05:14,778 - INFO - ⏱️  更新耗时: 0:18:39.199110
2025-08-30 08:05:14,778 - INFO - 📈 实时行情: 0 条
2025-08-30 08:05:14,778 - INFO - 📊 本周K线: 993 条
2025-08-30 08:05:14,778 - INFO - 📅 交易日历: 0 条
2025-08-30 08:05:14,778 - INFO - ✅ 无错误
2025-08-30 08:05:14,778 - INFO - ============================================================
2025-08-30 08:05:14,788 - INFO - 🎉 本周数据更新完成！
2025-08-30 08:05:14,788 - INFO - 数据库连接已关闭
2025-08-30 08:05:14,788 - INFO - ✅ 每周数据更新成功完成
