2025-08-06 19:38:19,250 - INFO - 🌟 每周数据更新程序启动
2025-08-06 19:38:19,267 - INFO - 🚀 开始每周数据更新...
2025-08-06 19:38:19,268 - INFO - ============================================================
2025-08-06 19:38:19,278 - INFO - ✅ 成功连接到MySQL数据库
2025-08-06 19:38:19,278 - INFO - 清空股票基本信息...
2025-08-06 19:38:19,390 - INFO - 🚀 开始获取ADATA所有股票基本信息...
2025-08-06 19:38:45,272 - INFO - 📊 获取到 5736 只股票信息
2025-08-06 19:38:45,293 - INFO - 📈 已插入 100 只股票信息
2025-08-06 19:38:45,306 - INFO - 📈 已插入 200 只股票信息
2025-08-06 19:38:45,323 - INFO - 📈 已插入 300 只股票信息
2025-08-06 19:38:45,342 - INFO - 📈 已插入 400 只股票信息
2025-08-06 19:38:45,356 - INFO - 📈 已插入 500 只股票信息
2025-08-06 19:38:45,373 - INFO - 📈 已插入 600 只股票信息
2025-08-06 19:38:45,388 - INFO - 📈 已插入 700 只股票信息
2025-08-06 19:38:45,389 - INFO - 📈 已插入 800 只股票信息
2025-08-06 19:38:45,408 - INFO - 📈 已插入 900 只股票信息
2025-08-06 19:38:45,423 - INFO - 📈 已插入 1000 只股票信息
2025-08-06 19:38:45,472 - INFO - 📈 已插入 1100 只股票信息
2025-08-06 19:38:45,495 - INFO - 📈 已插入 1200 只股票信息
2025-08-06 19:38:45,506 - INFO - 📈 已插入 1300 只股票信息
2025-08-06 19:38:45,528 - INFO - 📈 已插入 1400 只股票信息
2025-08-06 19:38:45,545 - INFO - 📈 已插入 1500 只股票信息
2025-08-06 19:38:45,591 - INFO - 📈 已插入 1600 只股票信息
2025-08-06 19:38:45,591 - INFO - 📈 已插入 1700 只股票信息
2025-08-06 19:38:45,608 - INFO - 📈 已插入 1800 只股票信息
2025-08-06 19:38:45,623 - INFO - 📈 已插入 1900 只股票信息
2025-08-06 19:38:45,639 - INFO - 📈 已插入 2000 只股票信息
2025-08-06 19:38:45,656 - INFO - 📈 已插入 2100 只股票信息
2025-08-06 19:38:45,656 - INFO - 📈 已插入 2200 只股票信息
2025-08-06 19:38:45,678 - INFO - 📈 已插入 2300 只股票信息
2025-08-06 19:38:45,690 - INFO - 📈 已插入 2400 只股票信息
2025-08-06 19:38:45,706 - INFO - 📈 已插入 2500 只股票信息
2025-08-06 19:38:45,723 - INFO - 📈 已插入 2600 只股票信息
2025-08-06 19:38:45,726 - INFO - 📈 已插入 2700 只股票信息
2025-08-06 19:38:45,743 - INFO - 📈 已插入 2800 只股票信息
2025-08-06 19:38:45,760 - INFO - 📈 已插入 2900 只股票信息
2025-08-06 19:38:45,775 - INFO - 📈 已插入 3000 只股票信息
2025-08-06 19:38:45,790 - INFO - 📈 已插入 3100 只股票信息
2025-08-06 19:38:45,799 - INFO - 📈 已插入 3200 只股票信息
2025-08-06 19:38:45,811 - INFO - 📈 已插入 3300 只股票信息
2025-08-06 19:38:45,822 - INFO - 📈 已插入 3400 只股票信息
2025-08-06 19:38:45,828 - INFO - 📈 已插入 3500 只股票信息
2025-08-06 19:38:45,841 - INFO - 📈 已插入 3600 只股票信息
2025-08-06 19:38:45,856 - INFO - 📈 已插入 3700 只股票信息
2025-08-06 19:38:45,856 - INFO - 📈 已插入 3800 只股票信息
2025-08-06 19:38:45,874 - INFO - 📈 已插入 3900 只股票信息
2025-08-06 19:38:45,889 - INFO - 📈 已插入 4000 只股票信息
2025-08-06 19:38:45,906 - INFO - 📈 已插入 4100 只股票信息
2025-08-06 19:38:45,906 - INFO - 📈 已插入 4200 只股票信息
2025-08-06 19:38:45,933 - INFO - 📈 已插入 4300 只股票信息
2025-08-06 19:38:45,939 - INFO - 📈 已插入 4400 只股票信息
2025-08-06 19:38:45,956 - INFO - 📈 已插入 4500 只股票信息
2025-08-06 19:38:45,966 - INFO - 📈 已插入 4600 只股票信息
2025-08-06 19:38:45,976 - INFO - 📈 已插入 4700 只股票信息
2025-08-06 19:38:45,989 - INFO - 📈 已插入 4800 只股票信息
2025-08-06 19:38:46,006 - INFO - 📈 已插入 4900 只股票信息
2025-08-06 19:38:46,027 - INFO - 📈 已插入 5000 只股票信息
2025-08-06 19:38:46,039 - INFO - 📈 已插入 5100 只股票信息
2025-08-06 19:38:46,056 - INFO - 📈 已插入 5200 只股票信息
2025-08-06 19:38:46,073 - INFO - 📈 已插入 5300 只股票信息
2025-08-06 19:38:46,091 - INFO - 📈 已插入 5400 只股票信息
2025-08-06 19:38:46,110 - INFO - 📈 已插入 5500 只股票信息
2025-08-06 19:38:46,122 - INFO - 📈 已插入 5600 只股票信息
2025-08-06 19:38:46,123 - INFO - 📈 已插入 5700 只股票信息
2025-08-06 19:38:46,144 - INFO - ✅ 成功插入 5736 只股票基本信息
2025-08-06 19:38:46,145 - INFO - 📊 开始更新近7个自然日K线数据）...
2025-08-06 19:38:46,176 - INFO - 📊 准备更新 5736 只股票的近7个自然日K线数据
2025-08-06 19:39:07,606 - INFO - 📈 已处理 50/5736 只股票，成功 38 只
2025-08-06 19:39:23,390 - INFO - 📈 已处理 100/5736 只股票，成功 81 只
2025-08-06 19:39:39,543 - INFO - 📈 已处理 150/5736 只股票，成功 122 只
2025-08-06 19:39:55,944 - INFO - 📈 已处理 200/5736 只股票，成功 161 只
2025-08-06 19:40:12,406 - INFO - 📈 已处理 250/5736 只股票，成功 199 只
2025-08-06 19:40:29,419 - INFO - 📈 已处理 300/5736 只股票，成功 240 只
2025-08-06 19:40:48,636 - INFO - 📈 已处理 350/5736 只股票，成功 281 只
2025-08-06 19:41:21,839 - INFO - 📈 已处理 450/5736 只股票，成功 370 只
2025-08-06 19:41:40,450 - INFO - 📈 已处理 500/5736 只股票，成功 413 只
2025-08-06 19:41:58,666 - INFO - 📈 已处理 550/5736 只股票，成功 462 只
2025-08-06 19:42:15,465 - INFO - 📈 已处理 600/5736 只股票，成功 512 只
2025-08-06 19:42:32,948 - INFO - 📈 已处理 650/5736 只股票，成功 559 只
2025-08-06 19:42:49,230 - INFO - 📈 已处理 700/5736 只股票，成功 605 只
2025-08-06 19:43:07,305 - INFO - 📈 已处理 750/5736 只股票，成功 653 只
2025-08-06 19:43:23,369 - INFO - 📈 已处理 800/5736 只股票，成功 701 只
2025-08-06 19:43:43,446 - INFO - 📈 已处理 850/5736 只股票，成功 750 只
2025-08-06 19:44:05,790 - INFO - 📈 已处理 900/5736 只股票，成功 797 只
2025-08-06 19:44:22,821 - INFO - 📈 已处理 950/5736 只股票，成功 843 只
2025-08-06 19:44:39,824 - INFO - 📈 已处理 1000/5736 只股票，成功 892 只
2025-08-06 19:44:59,178 - INFO - 📈 已处理 1050/5736 只股票，成功 938 只
2025-08-06 19:45:16,288 - INFO - 📈 已处理 1100/5736 只股票，成功 983 只
2025-08-06 19:45:33,230 - INFO - 📈 已处理 1150/5736 只股票，成功 1027 只
2025-08-06 19:45:52,147 - INFO - 📈 已处理 1200/5736 只股票，成功 1077 只
2025-08-06 19:46:11,056 - INFO - 📈 已处理 1250/5736 只股票，成功 1122 只
2025-08-06 19:46:29,227 - INFO - 📈 已处理 1300/5736 只股票，成功 1169 只
2025-08-06 19:46:46,380 - INFO - 📈 已处理 1350/5736 只股票，成功 1216 只
2025-08-06 19:47:04,795 - INFO - 📈 已处理 1400/5736 只股票，成功 1261 只
2025-08-06 19:47:25,821 - INFO - 📈 已处理 1450/5736 只股票，成功 1311 只
2025-08-06 19:47:44,606 - INFO - 📈 已处理 1500/5736 只股票，成功 1361 只
2025-08-06 19:48:02,984 - INFO - 📈 已处理 1550/5736 只股票，成功 1411 只
2025-08-06 19:48:19,590 - INFO - 📈 已处理 1600/5736 只股票，成功 1461 只
2025-08-06 19:48:41,738 - INFO - 📈 已处理 1650/5736 只股票，成功 1510 只
2025-08-06 19:48:59,491 - INFO - 📈 已处理 1700/5736 只股票，成功 1557 只
2025-08-06 19:49:16,891 - INFO - 📈 已处理 1750/5736 只股票，成功 1601 只
2025-08-06 19:49:50,098 - INFO - 📈 已处理 1850/5736 只股票，成功 1695 只
2025-08-06 19:50:12,474 - INFO - 📈 已处理 1900/5736 只股票，成功 1743 只
2025-08-06 19:50:33,242 - INFO - 📈 已处理 1950/5736 只股票，成功 1787 只
2025-08-06 19:50:50,506 - INFO - 📈 已处理 2000/5736 只股票，成功 1831 只
2025-08-06 19:51:08,024 - INFO - 📈 已处理 2050/5736 只股票，成功 1880 只
2025-08-06 19:51:25,870 - INFO - 📈 已处理 2100/5736 只股票，成功 1929 只
2025-08-06 19:51:43,471 - INFO - 📈 已处理 2150/5736 只股票，成功 1977 只
2025-08-06 19:51:58,910 - INFO - 📈 已处理 2200/5736 只股票，成功 2027 只
2025-08-06 19:52:14,594 - INFO - 📈 已处理 2250/5736 只股票，成功 2075 只
2025-08-06 19:52:32,279 - INFO - 📈 已处理 2300/5736 只股票，成功 2125 只
2025-08-06 19:52:51,369 - INFO - 📈 已处理 2350/5736 只股票，成功 2175 只
2025-08-06 19:53:15,101 - INFO - 📈 已处理 2400/5736 只股票，成功 2224 只
2025-08-06 19:53:33,338 - INFO - 📈 已处理 2450/5736 只股票，成功 2273 只
2025-08-06 19:53:49,550 - INFO - 📈 已处理 2500/5736 只股票，成功 2323 只
2025-08-06 19:54:09,891 - INFO - 📈 已处理 2550/5736 只股票，成功 2373 只
2025-08-06 19:54:27,246 - INFO - 📈 已处理 2600/5736 只股票，成功 2423 只
2025-08-06 19:54:48,399 - INFO - 📈 已处理 2650/5736 只股票，成功 2473 只
2025-08-06 19:55:04,266 - INFO - 📈 已处理 2700/5736 只股票，成功 2523 只
2025-08-06 19:55:24,022 - INFO - 📈 已处理 2750/5736 只股票，成功 2573 只
2025-08-06 19:55:44,682 - INFO - 📈 已处理 2800/5736 只股票，成功 2623 只
2025-08-06 19:56:02,693 - INFO - 📈 已处理 2850/5736 只股票，成功 2673 只
2025-08-06 19:56:19,945 - INFO - 📈 已处理 2900/5736 只股票，成功 2723 只
2025-08-06 19:56:36,342 - INFO - 📈 已处理 2950/5736 只股票，成功 2773 只
2025-08-06 19:56:52,910 - INFO - 📈 已处理 3000/5736 只股票，成功 2823 只
2025-08-06 19:57:11,629 - INFO - 📈 已处理 3050/5736 只股票，成功 2872 只
2025-08-06 19:57:29,479 - INFO - 📈 已处理 3100/5736 只股票，成功 2918 只
2025-08-06 19:58:06,871 - INFO - 📈 已处理 3200/5736 只股票，成功 2999 只
2025-08-06 19:58:42,350 - INFO - 📈 已处理 3300/5736 只股票，成功 3084 只
2025-08-06 19:58:59,793 - INFO - 📈 已处理 3350/5736 只股票，成功 3122 只
2025-08-06 19:59:17,906 - INFO - 📈 已处理 3400/5736 只股票，成功 3171 只
2025-08-06 19:59:41,069 - INFO - 📈 已处理 3450/5736 只股票，成功 3216 只
2025-08-06 20:00:01,045 - INFO - 📈 已处理 3500/5736 只股票，成功 3262 只
2025-08-06 20:00:21,898 - INFO - 📈 已处理 3550/5736 只股票，成功 3308 只
2025-08-06 20:01:33,436 - INFO - 📈 已处理 3700/5736 只股票，成功 3433 只
2025-08-06 20:01:53,976 - INFO - 📈 已处理 3750/5736 只股票，成功 3477 只
2025-08-06 20:02:13,371 - INFO - 📈 已处理 3800/5736 只股票，成功 3518 只
2025-08-06 20:02:31,403 - INFO - 📈 已处理 3850/5736 只股票，成功 3559 只
2025-08-06 20:03:49,417 - WARNING - ⚠️ 600955.SH 维远股份 K线更新失败: HTTPConnectionPool(host='127.0.0.1', port=7890): Max retries exceeded with url: http://api.waditu.com/dataapi/daily (Caused by ProxyError('Unable to connect to proxy', ConnectionResetError(10054, '远程主机强迫关闭了一个现有的连接。', None, 10054, None)))
2025-08-06 20:03:51,461 - WARNING - ⚠️ 600956.SH 新天绿能 K线更新失败: HTTPConnectionPool(host='127.0.0.1', port=7890): Max retries exceeded with url: http://api.waditu.com/dataapi/daily (Caused by ProxyError('Unable to connect to proxy', NewConnectionError('<urllib3.connection.HTTPConnection object at 0x000001D6BD790C40>: Failed to establish a new connection: [WinError 10061] 由于目标计算机积极拒绝，无法连接。')))
2025-08-06 20:03:52,252 - INFO - 📈 已处理 3900/5736 只股票，成功 3601 只
2025-08-06 20:04:10,120 - INFO - 📈 已处理 3950/5736 只股票，成功 3649 只
2025-08-06 20:04:28,944 - INFO - 📈 已处理 4000/5736 只股票，成功 3698 只
2025-08-06 20:04:45,831 - INFO - 📈 已处理 4050/5736 只股票，成功 3745 只
2025-08-06 20:05:03,753 - INFO - 📈 已处理 4100/5736 只股票，成功 3794 只
2025-08-06 20:05:22,039 - INFO - 📈 已处理 4150/5736 只股票，成功 3844 只
2025-08-06 20:05:44,033 - INFO - 📈 已处理 4200/5736 只股票，成功 3893 只
2025-08-06 20:06:01,993 - INFO - 📈 已处理 4250/5736 只股票，成功 3943 只
2025-08-06 20:06:20,009 - INFO - 📈 已处理 4300/5736 只股票，成功 3991 只
2025-08-06 20:06:37,551 - INFO - 📈 已处理 4350/5736 只股票，成功 4041 只
2025-08-06 20:06:55,341 - INFO - 📈 已处理 4400/5736 只股票，成功 4091 只
2025-08-06 20:07:12,720 - INFO - 📈 已处理 4450/5736 只股票，成功 4141 只
2025-08-06 20:07:29,700 - INFO - 📈 已处理 4500/5736 只股票，成功 4189 只
2025-08-06 20:07:48,758 - INFO - 📈 已处理 4550/5736 只股票，成功 4238 只
2025-08-06 20:08:08,039 - INFO - 📈 已处理 4600/5736 只股票，成功 4287 只
2025-08-06 20:08:30,019 - INFO - 📈 已处理 4650/5736 只股票，成功 4337 只
2025-08-06 20:08:47,576 - INFO - 📈 已处理 4700/5736 只股票，成功 4387 只
2025-08-06 20:09:06,327 - INFO - 📈 已处理 4750/5736 只股票，成功 4436 只
2025-08-06 20:09:26,174 - INFO - 📈 已处理 4800/5736 只股票，成功 4485 只
2025-08-06 20:09:44,802 - INFO - 📈 已处理 4850/5736 只股票，成功 4535 只
2025-08-06 20:10:03,287 - INFO - 📈 已处理 4900/5736 只股票，成功 4585 只
2025-08-06 20:10:22,316 - INFO - 📈 已处理 4950/5736 只股票，成功 4635 只
2025-08-06 20:10:41,455 - INFO - 📈 已处理 5000/5736 只股票，成功 4684 只
2025-08-06 20:11:05,712 - INFO - 📈 已处理 5050/5736 只股票，成功 4734 只
2025-08-06 20:11:28,020 - INFO - 📈 已处理 5100/5736 只股票，成功 4784 只
2025-08-06 20:11:45,834 - INFO - 📈 已处理 5150/5736 只股票，成功 4834 只
2025-08-06 20:12:03,968 - INFO - 📈 已处理 5200/5736 只股票，成功 4884 只
2025-08-06 20:12:22,843 - INFO - 📈 已处理 5250/5736 只股票，成功 4934 只
2025-08-06 20:12:42,209 - INFO - 📈 已处理 5300/5736 只股票，成功 4984 只
2025-08-06 20:13:51,955 - INFO - 📈 已处理 5350/5736 只股票，成功 5032 只
2025-08-06 20:13:58,716 - WARNING - ⚠️ 688593.SH 新相微 K线更新失败: HTTPConnectionPool(host='127.0.0.1', port=7890): Max retries exceeded with url: http://api.waditu.com/dataapi/daily/ (Caused by ProxyError('Unable to connect to proxy', ConnectionResetError(10054, '远程主机强迫关闭了一个现有的连接。', None, 10054, None)))
2025-08-06 20:14:00,766 - WARNING - ⚠️ 688595.SH 芯海科技 K线更新失败: HTTPConnectionPool(host='127.0.0.1', port=7890): Max retries exceeded with url: http://api.waditu.com/dataapi/daily (Caused by ProxyError('Unable to connect to proxy', NewConnectionError('<urllib3.connection.HTTPConnection object at 0x000001D6BFB07880>: Failed to establish a new connection: [WinError 10061] 由于目标计算机积极拒绝，无法连接。')))
2025-08-06 20:14:18,572 - INFO - 📈 已处理 5400/5736 只股票，成功 5080 只
2025-08-06 20:14:38,371 - INFO - 📈 已处理 5450/5736 只股票，成功 5130 只
2025-08-06 20:15:00,145 - INFO - 📈 已处理 5500/5736 只股票，成功 5180 只
2025-08-06 20:15:18,071 - INFO - 📈 已处理 5550/5736 只股票，成功 5229 只
2025-08-06 20:15:38,654 - INFO - 📈 已处理 5600/5736 只股票，成功 5277 只
2025-08-06 20:15:57,578 - INFO - 📈 已处理 5650/5736 只股票，成功 5327 只
2025-08-06 20:16:19,257 - INFO - 📈 已处理 5700/5736 只股票，成功 5377 只
2025-08-06 20:16:34,490 - INFO - ✅ 本周K线更新完成: 5411 条记录
2025-08-06 20:16:34,490 - INFO - 清空股票股本信息...
2025-08-06 20:16:34,571 - INFO - 🚀 开始获取ADATA所有股票股本信息...
2025-08-06 20:16:48,086 - INFO - 📈 已处理 50/5736 只股票，成功 50 只
2025-08-06 20:17:00,467 - INFO - 📈 已处理 100/5736 只股票，成功 100 只
2025-08-06 20:17:13,318 - INFO - 📈 已处理 150/5736 只股票，成功 150 只
2025-08-06 20:17:25,634 - INFO - 📈 已处理 200/5736 只股票，成功 200 只
2025-08-06 20:17:37,095 - INFO - 📈 已处理 250/5736 只股票，成功 250 只
2025-08-06 20:17:49,275 - INFO - 📈 已处理 300/5736 只股票，成功 300 只
2025-08-06 20:18:03,137 - INFO - 📈 已处理 350/5736 只股票，成功 350 只
2025-08-06 20:18:16,084 - INFO - 📈 已处理 400/5736 只股票，成功 400 只
2025-08-06 20:18:28,588 - INFO - 📈 已处理 450/5736 只股票，成功 450 只
2025-08-06 20:18:41,130 - INFO - 📈 已处理 500/5736 只股票，成功 500 只
2025-08-06 20:18:53,013 - INFO - 📈 已处理 550/5736 只股票，成功 550 只
2025-08-06 20:19:05,797 - INFO - 📈 已处理 600/5736 只股票，成功 600 只
2025-08-06 20:19:18,953 - INFO - 📈 已处理 650/5736 只股票，成功 650 只
2025-08-06 20:19:32,418 - INFO - 📈 已处理 700/5736 只股票，成功 700 只
2025-08-06 20:19:45,748 - INFO - 📈 已处理 750/5736 只股票，成功 750 只
2025-08-06 20:20:39,881 - WARNING - ⚠️ 002175 东方智造 股本信息: ('Connection aborted.', ConnectionResetError(10054, '远程主机强迫关闭了一个现有的连接。', None, 10054, None))
2025-08-06 20:20:41,913 - WARNING - ⚠️ 002176 江特电机 股本信息: HTTPSConnectionPool(host='datacenter.eastmoney.com', port=443): Max retries exceeded with url: /securities/api/data/v1/get?reportName=RPT_F10_EH_EQUITY&columns=SECUCODE,SECURITY_CODE,END_DATE,TOTAL_SHARES,LIMITED_SHARES,LIMITED_OTHARS,LIMITED_DOMESTIC_NATURAL,LIMITED_STATE_LEGAL,LIMITED_OVERSEAS_NOSTATE,LIMITED_OVERSEAS_NATURAL,UNLIMITED_SHARES,LISTED_A_SHARES,B_FREE_SHARE,H_FREE_SHARE,FREE_SHARES,LIMITED_A_SHARES,NON_FREE_SHARES,LIMITED_B_SHARES,OTHER_FREE_SHARES,LIMITED_STATE_SHARES,LIMITED_DOMESTIC_NOSTATE,LOCK_SHARES,LIMITED_FOREIGN_SHARES,LIMITED_H_SHARES,SPONSOR_SHARES,STATE_SPONSOR_SHARES,SPONSOR_SOCIAL_SHARES,RAISE_SHARES,RAISE_STATE_SHARES,RAISE_DOMESTIC_SHARES,RAISE_OVERSEAS_SHARES,CHANGE_REASON&quoteColumns=&filter=(SECUCODE=%22002176.SZ%22)&pageNumber=1&pageSize=200&sortTypes=-1&sortColumns=END_DATE&source=HSF10&client=PC&v=0656612716529632 (Caused by ProxyError('Unable to connect to proxy', NewConnectionError('<urllib3.connection.HTTPSConnection object at 0x000001D6C00510F0>: Failed to establish a new connection: [WinError 10061] 由于目标计算机积极拒绝，无法连接。')))
2025-08-06 20:20:45,532 - INFO - 📈 已处理 800/5736 只股票，成功 798 只
2025-08-06 20:20:58,879 - INFO - 📈 已处理 850/5736 只股票，成功 848 只
2025-08-06 20:21:12,305 - INFO - 📈 已处理 900/5736 只股票，成功 898 只
2025-08-06 20:21:25,591 - INFO - 📈 已处理 950/5736 只股票，成功 948 只
2025-08-06 20:21:39,428 - INFO - 📈 已处理 1000/5736 只股票，成功 998 只
2025-08-06 20:21:51,688 - INFO - 📈 已处理 1050/5736 只股票，成功 1048 只
2025-08-06 20:22:06,194 - INFO - 📈 已处理 1100/5736 只股票，成功 1098 只
2025-08-06 20:22:19,641 - INFO - 📈 已处理 1150/5736 只股票，成功 1148 只
2025-08-06 20:22:31,974 - INFO - 📈 已处理 1200/5736 只股票，成功 1198 只
2025-08-06 20:22:44,505 - INFO - 📈 已处理 1250/5736 只股票，成功 1248 只
2025-08-06 20:22:56,869 - INFO - 📈 已处理 1300/5736 只股票，成功 1298 只
2025-08-06 20:23:10,255 - INFO - 📈 已处理 1350/5736 只股票，成功 1348 只
2025-08-06 20:23:22,640 - INFO - 📈 已处理 1400/5736 只股票，成功 1398 只
2025-08-06 20:23:35,387 - INFO - 📈 已处理 1450/5736 只股票，成功 1448 只
2025-08-06 20:23:49,118 - INFO - 📈 已处理 1500/5736 只股票，成功 1498 只
2025-08-06 20:24:01,408 - INFO - 📈 已处理 1550/5736 只股票，成功 1548 只
2025-08-06 20:24:14,969 - INFO - 📈 已处理 1600/5736 只股票，成功 1598 只
2025-08-06 20:24:27,589 - INFO - 📈 已处理 1650/5736 只股票，成功 1648 只
2025-08-06 20:24:40,696 - INFO - 📈 已处理 1700/5736 只股票，成功 1698 只
2025-08-06 20:24:53,106 - INFO - 📈 已处理 1750/5736 只股票，成功 1748 只
2025-08-06 20:25:06,720 - INFO - 📈 已处理 1800/5736 只股票，成功 1798 只
2025-08-06 20:25:20,068 - INFO - 📈 已处理 1850/5736 只股票，成功 1848 只
2025-08-06 20:25:33,394 - INFO - 📈 已处理 1900/5736 只股票，成功 1898 只
2025-08-06 20:25:46,715 - INFO - 📈 已处理 1950/5736 只股票，成功 1948 只
2025-08-06 20:26:00,433 - INFO - 📈 已处理 2000/5736 只股票，成功 1998 只
2025-08-06 20:26:13,195 - INFO - 📈 已处理 2050/5736 只股票，成功 2048 只
2025-08-06 20:26:25,972 - INFO - 📈 已处理 2100/5736 只股票，成功 2098 只
2025-08-06 20:26:40,272 - INFO - 📈 已处理 2150/5736 只股票，成功 2148 只
2025-08-06 20:26:52,590 - INFO - 📈 已处理 2200/5736 只股票，成功 2198 只
2025-08-06 20:27:05,669 - INFO - 📈 已处理 2250/5736 只股票，成功 2248 只
2025-08-06 20:27:18,137 - INFO - 📈 已处理 2300/5736 只股票，成功 2298 只
2025-08-06 20:27:30,176 - INFO - 📈 已处理 2350/5736 只股票，成功 2348 只
2025-08-06 20:27:42,408 - INFO - 📈 已处理 2400/5736 只股票，成功 2398 只
2025-08-06 20:27:56,017 - INFO - 📈 已处理 2450/5736 只股票，成功 2448 只
2025-08-06 20:28:08,850 - INFO - 📈 已处理 2500/5736 只股票，成功 2498 只
2025-08-06 20:28:20,827 - INFO - 📈 已处理 2550/5736 只股票，成功 2548 只
2025-08-06 20:28:33,579 - INFO - 📈 已处理 2600/5736 只股票，成功 2598 只
2025-08-06 20:28:46,479 - INFO - 📈 已处理 2650/5736 只股票，成功 2648 只
2025-08-06 20:28:58,660 - INFO - 📈 已处理 2700/5736 只股票，成功 2698 只
2025-08-06 20:29:12,667 - INFO - 📈 已处理 2750/5736 只股票，成功 2748 只
2025-08-06 20:29:23,879 - INFO - 📈 已处理 2800/5736 只股票，成功 2798 只
2025-08-06 20:29:35,302 - INFO - 📈 已处理 2850/5736 只股票，成功 2848 只
2025-08-06 20:29:47,510 - INFO - 📈 已处理 2900/5736 只股票，成功 2898 只
2025-08-06 20:29:59,752 - INFO - 📈 已处理 2950/5736 只股票，成功 2948 只
2025-08-06 20:30:12,091 - INFO - 📈 已处理 3000/5736 只股票，成功 2998 只
2025-08-06 20:30:26,188 - INFO - 📈 已处理 3050/5736 只股票，成功 3048 只
2025-08-06 20:30:38,045 - INFO - 📈 已处理 3100/5736 只股票，成功 3098 只
2025-08-06 20:30:50,215 - INFO - 📈 已处理 3150/5736 只股票，成功 3148 只
2025-08-06 20:31:02,930 - INFO - 📈 已处理 3200/5736 只股票，成功 3198 只
2025-08-06 20:31:15,432 - INFO - 📈 已处理 3250/5736 只股票，成功 3248 只
2025-08-06 20:31:28,063 - INFO - 📈 已处理 3300/5736 只股票，成功 3298 只
2025-08-06 20:31:40,091 - INFO - 📈 已处理 3350/5736 只股票，成功 3348 只
2025-08-06 20:31:52,478 - INFO - 📈 已处理 3400/5736 只股票，成功 3398 只
2025-08-06 20:32:04,760 - INFO - 📈 已处理 3450/5736 只股票，成功 3448 只
2025-08-06 20:32:17,704 - INFO - 📈 已处理 3500/5736 只股票，成功 3498 只
2025-08-06 20:32:30,334 - INFO - 📈 已处理 3550/5736 只股票，成功 3548 只
2025-08-06 20:32:42,882 - INFO - 📈 已处理 3600/5736 只股票，成功 3598 只
2025-08-06 20:32:55,086 - INFO - 📈 已处理 3650/5736 只股票，成功 3648 只
2025-08-06 20:33:07,587 - INFO - 📈 已处理 3700/5736 只股票，成功 3698 只
2025-08-06 20:33:19,657 - INFO - 📈 已处理 3750/5736 只股票，成功 3748 只
2025-08-06 20:33:32,528 - INFO - 📈 已处理 3800/5736 只股票，成功 3798 只
2025-08-06 20:33:45,250 - INFO - 📈 已处理 3850/5736 只股票，成功 3848 只
2025-08-06 20:33:57,427 - INFO - 📈 已处理 3900/5736 只股票，成功 3898 只
2025-08-06 20:34:09,522 - INFO - 📈 已处理 3950/5736 只股票，成功 3948 只
2025-08-06 20:34:22,000 - INFO - 📈 已处理 4000/5736 只股票，成功 3998 只
2025-08-06 20:34:34,330 - INFO - 📈 已处理 4050/5736 只股票，成功 4048 只
2025-08-06 20:34:46,967 - INFO - 📈 已处理 4100/5736 只股票，成功 4098 只
2025-08-06 20:35:00,089 - INFO - 📈 已处理 4150/5736 只股票，成功 4148 只
2025-08-06 20:35:13,605 - INFO - 📈 已处理 4200/5736 只股票，成功 4198 只
2025-08-06 20:35:25,589 - INFO - 📈 已处理 4250/5736 只股票，成功 4248 只
2025-08-06 20:35:37,571 - INFO - 📈 已处理 4300/5736 只股票，成功 4298 只
2025-08-06 20:35:50,328 - INFO - 📈 已处理 4350/5736 只股票，成功 4348 只
2025-08-06 20:36:03,492 - INFO - 📈 已处理 4400/5736 只股票，成功 4398 只
2025-08-06 20:36:15,809 - INFO - 📈 已处理 4450/5736 只股票，成功 4448 只
2025-08-06 20:36:28,108 - INFO - 📈 已处理 4500/5736 只股票，成功 4498 只
2025-08-06 20:36:41,198 - INFO - 📈 已处理 4550/5736 只股票，成功 4548 只
2025-08-06 20:36:54,741 - INFO - 📈 已处理 4600/5736 只股票，成功 4598 只
2025-08-06 20:37:30,201 - INFO - 📈 已处理 4650/5736 只股票，成功 4648 只
2025-08-06 20:38:03,857 - WARNING - ⚠️ 603869 ST智知 股本信息: ('Connection aborted.', ConnectionResetError(10054, '远程主机强迫关闭了一个现有的连接。', None, 10054, None))
2025-08-06 20:38:11,041 - INFO - 📈 已处理 4700/5736 只股票，成功 4697 只
2025-08-06 20:38:39,693 - INFO - 📈 已处理 4750/5736 只股票，成功 4747 只
2025-08-06 20:39:05,148 - INFO - 📈 已处理 4800/5736 只股票，成功 4797 只
2025-08-06 20:39:32,930 - INFO - 📈 已处理 4850/5736 只股票，成功 4847 只
2025-08-06 20:39:57,612 - INFO - 📈 已处理 4900/5736 只股票，成功 4897 只
2025-08-06 20:40:24,842 - INFO - 📈 已处理 4950/5736 只股票，成功 4947 只
2025-08-06 20:40:53,146 - INFO - 📈 已处理 5000/5736 只股票，成功 4997 只
2025-08-06 20:40:55,184 - WARNING - ⚠️ 688131 皓元医药 股本信息: HTTPSConnectionPool(host='datacenter.eastmoney.com', port=443): Max retries exceeded with url: /securities/api/data/v1/get?reportName=RPT_F10_EH_EQUITY&columns=SECUCODE,SECURITY_CODE,END_DATE,TOTAL_SHARES,LIMITED_SHARES,LIMITED_OTHARS,LIMITED_DOMESTIC_NATURAL,LIMITED_STATE_LEGAL,LIMITED_OVERSEAS_NOSTATE,LIMITED_OVERSEAS_NATURAL,UNLIMITED_SHARES,LISTED_A_SHARES,B_FREE_SHARE,H_FREE_SHARE,FREE_SHARES,LIMITED_A_SHARES,NON_FREE_SHARES,LIMITED_B_SHARES,OTHER_FREE_SHARES,LIMITED_STATE_SHARES,LIMITED_DOMESTIC_NOSTATE,LOCK_SHARES,LIMITED_FOREIGN_SHARES,LIMITED_H_SHARES,SPONSOR_SHARES,STATE_SPONSOR_SHARES,SPONSOR_SOCIAL_SHARES,RAISE_SHARES,RAISE_STATE_SHARES,RAISE_DOMESTIC_SHARES,RAISE_OVERSEAS_SHARES,CHANGE_REASON&quoteColumns=&filter=(SECUCODE=%22688131.SH%22)&pageNumber=1&pageSize=200&sortTypes=-1&sortColumns=END_DATE&source=HSF10&client=PC&v=0656612716529632 (Caused by ProxyError('Unable to connect to proxy', RemoteDisconnected('Remote end closed connection without response')))
2025-08-06 20:40:57,239 - WARNING - ⚠️ 688132 邦彦技术 股本信息: HTTPSConnectionPool(host='datacenter.eastmoney.com', port=443): Max retries exceeded with url: /securities/api/data/v1/get?reportName=RPT_F10_EH_EQUITY&columns=SECUCODE,SECURITY_CODE,END_DATE,TOTAL_SHARES,LIMITED_SHARES,LIMITED_OTHARS,LIMITED_DOMESTIC_NATURAL,LIMITED_STATE_LEGAL,LIMITED_OVERSEAS_NOSTATE,LIMITED_OVERSEAS_NATURAL,UNLIMITED_SHARES,LISTED_A_SHARES,B_FREE_SHARE,H_FREE_SHARE,FREE_SHARES,LIMITED_A_SHARES,NON_FREE_SHARES,LIMITED_B_SHARES,OTHER_FREE_SHARES,LIMITED_STATE_SHARES,LIMITED_DOMESTIC_NOSTATE,LOCK_SHARES,LIMITED_FOREIGN_SHARES,LIMITED_H_SHARES,SPONSOR_SHARES,STATE_SPONSOR_SHARES,SPONSOR_SOCIAL_SHARES,RAISE_SHARES,RAISE_STATE_SHARES,RAISE_DOMESTIC_SHARES,RAISE_OVERSEAS_SHARES,CHANGE_REASON&quoteColumns=&filter=(SECUCODE=%22688132.SH%22)&pageNumber=1&pageSize=200&sortTypes=-1&sortColumns=END_DATE&source=HSF10&client=PC&v=0656612716529632 (Caused by ProxyError('Unable to connect to proxy', NewConnectionError('<urllib3.connection.HTTPSConnection object at 0x000001D6C0050C70>: Failed to establish a new connection: [WinError 10061] 由于目标计算机积极拒绝，无法连接。')))
2025-08-06 20:41:10,362 - INFO - 📈 已处理 5050/5736 只股票，成功 5045 只
2025-08-06 20:41:23,141 - INFO - 📈 已处理 5100/5736 只股票，成功 5095 只
2025-08-06 20:41:35,765 - INFO - 📈 已处理 5150/5736 只股票，成功 5145 只
2025-08-06 20:41:48,231 - INFO - 📈 已处理 5200/5736 只股票，成功 5195 只
2025-08-06 20:42:00,529 - INFO - 📈 已处理 5250/5736 只股票，成功 5245 只
2025-08-06 20:42:12,795 - INFO - 📈 已处理 5300/5736 只股票，成功 5295 只
2025-08-06 20:42:25,336 - INFO - 📈 已处理 5350/5736 只股票，成功 5345 只
2025-08-06 20:42:37,228 - INFO - 📈 已处理 5400/5736 只股票，成功 5395 只
2025-08-06 20:42:49,060 - INFO - 📈 已处理 5450/5736 只股票，成功 5445 只
2025-08-06 20:43:01,881 - INFO - 📈 已处理 5500/5736 只股票，成功 5495 只
2025-08-06 20:43:14,387 - INFO - 📈 已处理 5550/5736 只股票，成功 5545 只
2025-08-06 20:43:26,505 - INFO - 📈 已处理 5600/5736 只股票，成功 5595 只
2025-08-06 20:43:38,454 - INFO - 📈 已处理 5650/5736 只股票，成功 5645 只
2025-08-06 20:43:50,464 - INFO - 📈 已处理 5700/5736 只股票，成功 5695 只
2025-08-06 20:43:59,993 - INFO - ✅ 本周股本信息更新完成: 5731 条记录
2025-08-06 20:43:59,996 - INFO - 清空同花顺的概念代码信息...
2025-08-06 20:44:00,073 - INFO - 🚀 开始获取ADATA所有同花顺的概念代码信息...
2025-08-06 20:44:00,988 - INFO - 📊 获取到 397 只概念代码信息
2025-08-06 20:44:01,009 - INFO - 📈 已插入 100 只概念代码信息
2025-08-06 20:44:01,023 - INFO - 📈 已插入 200 只概念代码信息
2025-08-06 20:44:01,047 - INFO - 📈 已插入 300 只概念代码信息
2025-08-06 20:44:01,063 - INFO - ✅ 成功插入 397 只概念代码信息
2025-08-06 20:44:01,063 - INFO - 清空同花顺股票概念关系...
2025-08-06 20:44:01,140 - INFO - 🚀 开始获取ADATA同花顺股票概念关系...
2025-08-06 20:44:01,145 - INFO - 获取概念代码，开始处理
2025-08-06 20:44:01,852 - INFO - 获取ADATA概念相关股票，开始处理
2025-08-06 20:44:02,787 - INFO - 获取ADATA概念相关股票，开始处理
2025-08-06 20:44:04,404 - INFO - 获取ADATA概念相关股票，开始处理
2025-08-06 20:44:07,094 - INFO - 获取ADATA概念相关股票，开始处理
2025-08-06 20:44:08,766 - INFO - 获取ADATA概念相关股票，开始处理
2025-08-06 20:44:09,490 - INFO - 获取ADATA概念相关股票，开始处理
2025-08-06 20:44:10,231 - INFO - 获取ADATA概念相关股票，开始处理
2025-08-06 20:44:11,046 - INFO - 获取ADATA概念相关股票，开始处理
2025-08-06 20:44:12,068 - INFO - 获取ADATA概念相关股票，开始处理
2025-08-06 20:44:12,971 - INFO - 获取ADATA概念相关股票，开始处理
2025-08-06 20:44:14,983 - INFO - 获取ADATA概念相关股票，开始处理
2025-08-06 20:44:15,784 - INFO - 获取ADATA概念相关股票，开始处理
2025-08-06 20:44:16,553 - INFO - 获取ADATA概念相关股票，开始处理
2025-08-06 20:44:17,447 - INFO - 获取ADATA概念相关股票，开始处理
2025-08-06 20:44:18,233 - INFO - 获取ADATA概念相关股票，开始处理
2025-08-06 20:44:19,013 - INFO - 获取ADATA概念相关股票，开始处理
2025-08-06 20:44:19,853 - INFO - 获取ADATA概念相关股票，开始处理
2025-08-06 20:44:20,816 - INFO - 获取ADATA概念相关股票，开始处理
2025-08-06 20:44:24,715 - INFO - 获取ADATA概念相关股票，开始处理
2025-08-06 20:44:25,408 - INFO - 获取ADATA概念相关股票，开始处理
2025-08-06 20:44:26,083 - INFO - 获取ADATA概念相关股票，开始处理
2025-08-06 20:44:26,608 - INFO - 获取ADATA概念相关股票，开始处理
2025-08-06 20:44:27,103 - INFO - 获取ADATA概念相关股票，开始处理
2025-08-06 20:44:27,673 - INFO - 获取ADATA概念相关股票，开始处理
2025-08-06 20:44:28,203 - INFO - 获取ADATA概念相关股票，开始处理
2025-08-06 20:44:28,743 - INFO - 获取ADATA概念相关股票，开始处理
2025-08-06 20:44:29,733 - INFO - 获取ADATA概念相关股票，开始处理
2025-08-06 20:44:30,596 - INFO - 获取ADATA概念相关股票，开始处理
2025-08-06 20:44:31,402 - INFO - 获取ADATA概念相关股票，开始处理
2025-08-06 20:44:32,183 - INFO - 获取ADATA概念相关股票，开始处理
2025-08-06 20:44:32,903 - INFO - 获取ADATA概念相关股票，开始处理
2025-08-06 20:44:34,723 - INFO - 获取ADATA概念相关股票，开始处理
2025-08-06 20:44:35,579 - INFO - 获取ADATA概念相关股票，开始处理
2025-08-06 20:44:36,361 - INFO - 获取ADATA概念相关股票，开始处理
2025-08-06 20:44:40,544 - INFO - 获取ADATA概念相关股票，开始处理
2025-08-06 20:44:41,283 - INFO - 获取ADATA概念相关股票，开始处理
2025-08-06 20:44:42,123 - INFO - 获取ADATA概念相关股票，开始处理
2025-08-06 20:44:42,927 - INFO - 获取ADATA概念相关股票，开始处理
2025-08-06 20:44:43,499 - INFO - 获取ADATA概念相关股票，开始处理
2025-08-06 20:44:44,248 - INFO - 获取ADATA概念相关股票，开始处理
2025-08-06 20:44:44,963 - INFO - 获取ADATA概念相关股票，开始处理
2025-08-06 20:44:49,278 - INFO - 获取ADATA概念相关股票，开始处理
2025-08-06 20:44:50,163 - INFO - 获取ADATA概念相关股票，开始处理
2025-08-06 20:44:51,132 - INFO - 获取ADATA概念相关股票，开始处理
2025-08-06 20:44:52,183 - INFO - 获取ADATA概念相关股票，开始处理
2025-08-06 20:44:52,916 - INFO - 获取ADATA概念相关股票，开始处理
2025-08-06 20:44:53,746 - INFO - 获取ADATA概念相关股票，开始处理
2025-08-06 20:44:58,382 - INFO - 获取ADATA概念相关股票，开始处理
2025-08-06 20:44:59,987 - INFO - 获取ADATA概念相关股票，开始处理
2025-08-06 20:45:03,413 - INFO - 获取ADATA概念相关股票，开始处理
2025-08-06 20:45:03,832 - INFO - 📈 已处理 50/6 只概念，成功 50 只
2025-08-06 20:45:04,582 - INFO - 获取ADATA概念相关股票，开始处理
2025-08-06 20:45:05,387 - INFO - 获取ADATA概念相关股票，开始处理
2025-08-06 20:45:06,513 - INFO - 获取ADATA概念相关股票，开始处理
2025-08-06 20:45:07,594 - INFO - 获取ADATA概念相关股票，开始处理
2025-08-06 20:45:08,414 - INFO - 获取ADATA概念相关股票，开始处理
2025-08-06 20:45:13,502 - INFO - 获取ADATA概念相关股票，开始处理
2025-08-06 20:45:14,346 - INFO - 获取ADATA概念相关股票，开始处理
2025-08-06 20:45:18,112 - INFO - 获取ADATA概念相关股票，开始处理
2025-08-06 20:45:21,103 - INFO - 获取ADATA概念相关股票，开始处理
2025-08-06 20:45:22,512 - INFO - 获取ADATA概念相关股票，开始处理
2025-08-06 20:45:24,132 - INFO - 获取ADATA概念相关股票，开始处理
2025-08-06 20:45:25,902 - INFO - 获取ADATA概念相关股票，开始处理
2025-08-06 20:45:30,432 - INFO - 获取ADATA概念相关股票，开始处理
2025-08-06 20:45:32,997 - INFO - 获取ADATA概念相关股票，开始处理
2025-08-06 20:45:34,936 - INFO - 获取ADATA概念相关股票，开始处理
2025-08-06 20:45:38,210 - INFO - 获取ADATA概念相关股票，开始处理
2025-08-06 20:45:40,317 - INFO - 获取ADATA概念相关股票，开始处理
2025-08-06 20:45:41,047 - INFO - 获取ADATA概念相关股票，开始处理
2025-08-06 20:45:41,899 - INFO - 获取ADATA概念相关股票，开始处理
2025-08-06 20:45:46,962 - INFO - 获取ADATA概念相关股票，开始处理
2025-08-06 20:45:48,493 - INFO - 获取ADATA概念相关股票，开始处理
2025-08-06 20:45:52,872 - INFO - 获取ADATA概念相关股票，开始处理
2025-08-06 20:45:53,601 - INFO - 获取ADATA概念相关股票，开始处理
2025-08-06 20:45:54,384 - INFO - 获取ADATA概念相关股票，开始处理
2025-08-06 20:45:55,183 - INFO - 获取ADATA概念相关股票，开始处理
2025-08-06 20:45:55,919 - INFO - 获取ADATA概念相关股票，开始处理
2025-08-06 20:45:56,539 - INFO - 获取ADATA概念相关股票，开始处理
2025-08-06 20:45:57,496 - INFO - 获取ADATA概念相关股票，开始处理
2025-08-06 20:45:58,286 - INFO - 获取ADATA概念相关股票，开始处理
2025-08-06 20:45:58,998 - INFO - 获取ADATA概念相关股票，开始处理
2025-08-06 20:45:59,935 - INFO - 获取ADATA概念相关股票，开始处理
2025-08-06 20:46:00,759 - INFO - 获取ADATA概念相关股票，开始处理
2025-08-06 20:46:01,583 - INFO - 获取ADATA概念相关股票，开始处理
2025-08-06 20:46:02,368 - INFO - 获取ADATA概念相关股票，开始处理
2025-08-06 20:46:03,154 - INFO - 获取ADATA概念相关股票，开始处理
2025-08-06 20:46:03,946 - INFO - 获取ADATA概念相关股票，开始处理
2025-08-06 20:46:04,664 - INFO - 获取ADATA概念相关股票，开始处理
2025-08-06 20:46:05,370 - INFO - 获取ADATA概念相关股票，开始处理
2025-08-06 20:46:06,285 - INFO - 获取ADATA概念相关股票，开始处理
2025-08-06 20:46:07,232 - INFO - 获取ADATA概念相关股票，开始处理
2025-08-06 20:46:08,025 - INFO - 获取ADATA概念相关股票，开始处理
2025-08-06 20:46:08,643 - INFO - 获取ADATA概念相关股票，开始处理
2025-08-06 20:46:09,412 - INFO - 获取ADATA概念相关股票，开始处理
2025-08-06 20:46:10,315 - INFO - 获取ADATA概念相关股票，开始处理
2025-08-06 20:46:11,231 - INFO - 获取ADATA概念相关股票，开始处理
2025-08-06 20:46:12,051 - INFO - 获取ADATA概念相关股票，开始处理
2025-08-06 20:46:12,811 - INFO - 获取ADATA概念相关股票，开始处理
2025-08-06 20:46:14,251 - INFO - 获取ADATA概念相关股票，开始处理
2025-08-06 20:46:15,210 - INFO - 获取ADATA概念相关股票，开始处理
2025-08-06 20:46:15,991 - INFO - 获取ADATA概念相关股票，开始处理
2025-08-06 20:46:16,031 - INFO - 📈 已处理 100/6 只概念，成功 100 只
2025-08-06 20:46:18,143 - INFO - 获取ADATA概念相关股票，开始处理
2025-08-06 20:46:22,261 - INFO - 获取ADATA概念相关股票，开始处理
2025-08-06 20:46:23,081 - INFO - 获取ADATA概念相关股票，开始处理
2025-08-06 20:46:24,193 - INFO - 获取ADATA概念相关股票，开始处理
2025-08-06 20:46:25,193 - INFO - 获取ADATA概念相关股票，开始处理
2025-08-06 20:46:28,743 - INFO - 获取ADATA概念相关股票，开始处理
2025-08-06 20:46:29,630 - INFO - 获取ADATA概念相关股票，开始处理
2025-08-06 20:46:30,345 - INFO - 获取ADATA概念相关股票，开始处理
2025-08-06 20:46:31,070 - INFO - 获取ADATA概念相关股票，开始处理
2025-08-06 20:46:31,930 - INFO - 获取ADATA概念相关股票，开始处理
2025-08-06 20:46:32,764 - INFO - 获取ADATA概念相关股票，开始处理
2025-08-06 20:46:33,650 - INFO - 获取ADATA概念相关股票，开始处理
2025-08-06 20:46:36,620 - INFO - 获取ADATA概念相关股票，开始处理
2025-08-06 20:46:37,383 - INFO - 获取ADATA概念相关股票，开始处理
2025-08-06 20:46:38,181 - INFO - 获取ADATA概念相关股票，开始处理
2025-08-06 20:46:38,930 - INFO - 获取ADATA概念相关股票，开始处理
2025-08-06 20:46:39,742 - INFO - 获取ADATA概念相关股票，开始处理
2025-08-06 20:46:40,600 - INFO - 获取ADATA概念相关股票，开始处理
2025-08-06 20:46:41,198 - INFO - 获取ADATA概念相关股票，开始处理
2025-08-06 20:46:46,795 - INFO - 获取ADATA概念相关股票，开始处理
2025-08-06 20:46:49,549 - INFO - 获取ADATA概念相关股票，开始处理
2025-08-06 20:46:50,282 - INFO - 获取ADATA概念相关股票，开始处理
2025-08-06 20:46:51,000 - INFO - 获取ADATA概念相关股票，开始处理
2025-08-06 20:46:54,336 - INFO - 获取ADATA概念相关股票，开始处理
2025-08-06 20:46:55,054 - INFO - 获取ADATA概念相关股票，开始处理
2025-08-06 20:46:55,827 - INFO - 获取ADATA概念相关股票，开始处理
2025-08-06 20:46:56,550 - INFO - 获取ADATA概念相关股票，开始处理
2025-08-06 20:46:57,343 - INFO - 获取ADATA概念相关股票，开始处理
2025-08-06 20:46:58,083 - INFO - 获取ADATA概念相关股票，开始处理
2025-08-06 20:46:58,798 - INFO - 获取ADATA概念相关股票，开始处理
2025-08-06 20:46:59,575 - INFO - 获取ADATA概念相关股票，开始处理
2025-08-06 20:47:00,401 - INFO - 获取ADATA概念相关股票，开始处理
2025-08-06 20:47:01,196 - INFO - 获取ADATA概念相关股票，开始处理
2025-08-06 20:47:01,905 - INFO - 获取ADATA概念相关股票，开始处理
2025-08-06 20:47:02,648 - INFO - 获取ADATA概念相关股票，开始处理
2025-08-06 20:47:03,445 - INFO - 获取ADATA概念相关股票，开始处理
2025-08-06 20:47:04,862 - INFO - 获取ADATA概念相关股票，开始处理
2025-08-06 20:47:05,591 - INFO - 获取ADATA概念相关股票，开始处理
2025-08-06 20:47:07,465 - INFO - 获取ADATA概念相关股票，开始处理
2025-08-06 20:47:08,250 - INFO - 获取ADATA概念相关股票，开始处理
2025-08-06 20:47:09,273 - INFO - 获取ADATA概念相关股票，开始处理
2025-08-06 20:47:11,448 - INFO - 获取ADATA概念相关股票，开始处理
2025-08-06 20:47:12,178 - INFO - 获取ADATA概念相关股票，开始处理
2025-08-06 20:47:12,923 - INFO - 获取ADATA概念相关股票，开始处理
2025-08-06 20:47:13,895 - INFO - 获取ADATA概念相关股票，开始处理
2025-08-06 20:47:16,108 - INFO - 获取ADATA概念相关股票，开始处理
2025-08-06 20:47:16,949 - INFO - 获取ADATA概念相关股票，开始处理
2025-08-06 20:47:17,718 - INFO - 获取ADATA概念相关股票，开始处理
2025-08-06 20:47:18,600 - INFO - 获取ADATA概念相关股票，开始处理
2025-08-06 20:47:19,524 - INFO - 获取ADATA概念相关股票，开始处理
2025-08-06 20:47:19,579 - INFO - 📈 已处理 150/6 只概念，成功 150 只
2025-08-06 20:47:20,297 - INFO - 获取ADATA概念相关股票，开始处理
2025-08-06 20:47:20,892 - INFO - 获取ADATA概念相关股票，开始处理
2025-08-06 20:47:21,599 - INFO - 获取ADATA概念相关股票，开始处理
2025-08-06 20:47:22,438 - INFO - 获取ADATA概念相关股票，开始处理
2025-08-06 20:47:24,563 - INFO - 获取ADATA概念相关股票，开始处理
2025-08-06 20:47:25,298 - INFO - 获取ADATA概念相关股票，开始处理
2025-08-06 20:47:29,038 - INFO - 获取ADATA概念相关股票，开始处理
2025-08-06 20:47:29,884 - INFO - 获取ADATA概念相关股票，开始处理
2025-08-06 20:47:30,689 - INFO - 获取ADATA概念相关股票，开始处理
2025-08-06 20:47:31,302 - INFO - 获取ADATA概念相关股票，开始处理
2025-08-06 20:47:32,000 - INFO - 获取ADATA概念相关股票，开始处理
2025-08-06 20:47:32,738 - INFO - 获取ADATA概念相关股票，开始处理
2025-08-06 20:47:33,434 - INFO - 获取ADATA概念相关股票，开始处理
2025-08-06 20:47:34,091 - INFO - 获取ADATA概念相关股票，开始处理
2025-08-06 20:47:34,833 - INFO - 获取ADATA概念相关股票，开始处理
2025-08-06 20:47:35,612 - INFO - 获取ADATA概念相关股票，开始处理
2025-08-06 20:47:36,568 - INFO - 获取ADATA概念相关股票，开始处理
2025-08-06 20:47:37,316 - INFO - 获取ADATA概念相关股票，开始处理
2025-08-06 20:47:38,107 - INFO - 获取ADATA概念相关股票，开始处理
2025-08-06 20:47:38,716 - INFO - 获取ADATA概念相关股票，开始处理
2025-08-06 20:47:39,504 - INFO - 获取ADATA概念相关股票，开始处理
2025-08-06 20:47:41,747 - INFO - 获取ADATA概念相关股票，开始处理
2025-08-06 20:47:42,558 - INFO - 获取ADATA概念相关股票，开始处理
2025-08-06 20:47:43,320 - INFO - 获取ADATA概念相关股票，开始处理
2025-08-06 20:47:44,069 - INFO - 获取ADATA概念相关股票，开始处理
2025-08-06 20:47:45,016 - INFO - 获取ADATA概念相关股票，开始处理
2025-08-06 20:47:45,824 - INFO - 获取ADATA概念相关股票，开始处理
2025-08-06 20:47:46,527 - INFO - 获取ADATA概念相关股票，开始处理
2025-08-06 20:47:47,236 - INFO - 获取ADATA概念相关股票，开始处理
2025-08-06 20:47:47,974 - INFO - 获取ADATA概念相关股票，开始处理
2025-08-06 20:47:48,704 - INFO - 获取ADATA概念相关股票，开始处理
2025-08-06 20:47:49,396 - INFO - 获取ADATA概念相关股票，开始处理
2025-08-06 20:47:50,105 - INFO - 获取ADATA概念相关股票，开始处理
2025-08-06 20:47:50,755 - INFO - 获取ADATA概念相关股票，开始处理
2025-08-06 20:47:51,475 - INFO - 获取ADATA概念相关股票，开始处理
2025-08-06 20:47:54,314 - INFO - 获取ADATA概念相关股票，开始处理
2025-08-06 20:47:54,961 - INFO - 获取ADATA概念相关股票，开始处理
2025-08-06 20:47:55,854 - INFO - 获取ADATA概念相关股票，开始处理
2025-08-06 20:47:56,587 - INFO - 获取ADATA概念相关股票，开始处理
2025-08-06 20:47:57,307 - INFO - 获取ADATA概念相关股票，开始处理
2025-08-06 20:47:58,037 - INFO - 获取ADATA概念相关股票，开始处理
2025-08-06 20:47:58,756 - INFO - 获取ADATA概念相关股票，开始处理
2025-08-06 20:47:59,650 - INFO - 获取ADATA概念相关股票，开始处理
2025-08-06 20:48:00,477 - INFO - 获取ADATA概念相关股票，开始处理
2025-08-06 20:48:01,221 - INFO - 获取ADATA概念相关股票，开始处理
2025-08-06 20:48:02,011 - INFO - 获取ADATA概念相关股票，开始处理
2025-08-06 20:48:02,732 - INFO - 获取ADATA概念相关股票，开始处理
2025-08-06 20:48:13,483 - INFO - 获取ADATA概念相关股票，开始处理
2025-08-06 20:48:19,304 - INFO - 获取ADATA概念相关股票，开始处理
2025-08-06 20:48:23,954 - INFO - 获取ADATA概念相关股票，开始处理
2025-08-06 20:48:23,970 - INFO - 📈 已处理 200/6 只概念，成功 200 只
2025-08-06 20:48:24,681 - INFO - 获取ADATA概念相关股票，开始处理
2025-08-06 20:48:25,408 - INFO - 获取ADATA概念相关股票，开始处理
2025-08-06 20:48:39,513 - INFO - 获取ADATA概念相关股票，开始处理
2025-08-06 20:48:40,236 - INFO - 获取ADATA概念相关股票，开始处理
2025-08-06 20:48:41,189 - INFO - 获取ADATA概念相关股票，开始处理
2025-08-06 20:48:41,997 - INFO - 获取ADATA概念相关股票，开始处理
2025-08-06 20:48:50,826 - INFO - 获取ADATA概念相关股票，开始处理
2025-08-06 20:48:56,578 - INFO - 获取ADATA概念相关股票，开始处理
2025-08-06 20:49:02,997 - INFO - 获取ADATA概念相关股票，开始处理
2025-08-06 20:49:03,747 - INFO - 获取ADATA概念相关股票，开始处理
2025-08-06 20:49:04,447 - INFO - 获取ADATA概念相关股票，开始处理
2025-08-06 20:49:10,192 - INFO - 获取ADATA概念相关股票，开始处理
2025-08-06 20:49:10,900 - INFO - 获取ADATA概念相关股票，开始处理
2025-08-06 20:49:16,640 - INFO - 获取ADATA概念相关股票，开始处理
2025-08-06 20:49:17,370 - INFO - 获取ADATA概念相关股票，开始处理
2025-08-06 20:49:18,080 - INFO - 获取ADATA概念相关股票，开始处理
2025-08-06 20:49:18,780 - INFO - 获取ADATA概念相关股票，开始处理
2025-08-06 20:49:19,510 - INFO - 获取ADATA概念相关股票，开始处理
2025-08-06 20:49:20,130 - INFO - 获取ADATA概念相关股票，开始处理
2025-08-06 20:49:20,912 - INFO - 获取ADATA概念相关股票，开始处理
2025-08-06 20:49:21,692 - INFO - 获取ADATA概念相关股票，开始处理
2025-08-06 20:49:22,426 - INFO - 获取ADATA概念相关股票，开始处理
2025-08-06 20:49:23,150 - INFO - 获取ADATA概念相关股票，开始处理
2025-08-06 20:49:23,876 - INFO - 获取ADATA概念相关股票，开始处理
2025-08-06 20:49:24,780 - INFO - 获取ADATA概念相关股票，开始处理
2025-08-06 20:49:25,587 - INFO - 获取ADATA概念相关股票，开始处理
2025-08-06 20:49:26,833 - INFO - 获取ADATA概念相关股票，开始处理
2025-08-06 20:49:27,550 - INFO - 获取ADATA概念相关股票，开始处理
2025-08-06 20:49:29,004 - INFO - 获取ADATA概念相关股票，开始处理
2025-08-06 20:49:29,838 - INFO - 获取ADATA概念相关股票，开始处理
2025-08-06 20:49:30,990 - INFO - 获取ADATA概念相关股票，开始处理
2025-08-06 20:49:31,849 - INFO - 获取ADATA概念相关股票，开始处理
2025-08-06 20:49:32,709 - INFO - 获取ADATA概念相关股票，开始处理
2025-08-06 20:49:33,540 - INFO - 获取ADATA概念相关股票，开始处理
2025-08-06 20:49:34,359 - INFO - 获取ADATA概念相关股票，开始处理
2025-08-06 20:49:35,059 - INFO - 获取ADATA概念相关股票，开始处理
2025-08-06 20:49:35,792 - INFO - 获取ADATA概念相关股票，开始处理
2025-08-06 20:49:36,600 - INFO - 获取ADATA概念相关股票，开始处理
2025-08-06 20:49:37,922 - INFO - 获取ADATA概念相关股票，开始处理
2025-08-06 20:49:38,830 - INFO - 获取ADATA概念相关股票，开始处理
2025-08-06 20:49:39,530 - INFO - 获取ADATA概念相关股票，开始处理
2025-08-06 20:49:40,315 - INFO - 获取ADATA概念相关股票，开始处理
2025-08-06 20:49:41,130 - INFO - 获取ADATA概念相关股票，开始处理
2025-08-06 20:49:41,870 - INFO - 获取ADATA概念相关股票，开始处理
2025-08-06 20:49:45,821 - INFO - 获取ADATA概念相关股票，开始处理
2025-08-06 20:49:46,589 - INFO - 获取ADATA概念相关股票，开始处理
2025-08-06 20:49:47,309 - INFO - 获取ADATA概念相关股票，开始处理
2025-08-06 20:49:48,040 - INFO - 获取ADATA概念相关股票，开始处理
2025-08-06 20:49:48,779 - INFO - 获取ADATA概念相关股票，开始处理
2025-08-06 20:49:49,549 - INFO - 获取ADATA概念相关股票，开始处理
2025-08-06 20:49:49,589 - INFO - 📈 已处理 250/6 只概念，成功 250 只
2025-08-06 20:49:50,271 - INFO - 获取ADATA概念相关股票，开始处理
2025-08-06 20:49:51,039 - INFO - 获取ADATA概念相关股票，开始处理
2025-08-06 20:49:51,822 - INFO - 获取ADATA概念相关股票，开始处理
2025-08-06 20:49:52,671 - INFO - 获取ADATA概念相关股票，开始处理
2025-08-06 20:49:53,423 - INFO - 获取ADATA概念相关股票，开始处理
2025-08-06 20:49:54,142 - INFO - 获取ADATA概念相关股票，开始处理
2025-08-06 20:49:56,079 - INFO - 获取ADATA概念相关股票，开始处理
2025-08-06 20:49:56,809 - INFO - 获取ADATA概念相关股票，开始处理
2025-08-06 20:49:57,539 - INFO - 获取ADATA概念相关股票，开始处理
2025-08-06 20:49:58,260 - INFO - 获取ADATA概念相关股票，开始处理
2025-08-06 20:49:58,984 - INFO - 获取ADATA概念相关股票，开始处理
2025-08-06 20:49:59,809 - INFO - 获取ADATA概念相关股票，开始处理
2025-08-06 20:50:01,762 - INFO - 获取ADATA概念相关股票，开始处理
2025-08-06 20:50:02,549 - INFO - 获取ADATA概念相关股票，开始处理
2025-08-06 20:50:05,389 - INFO - 获取ADATA概念相关股票，开始处理
2025-08-06 20:50:06,139 - INFO - 获取ADATA概念相关股票，开始处理
2025-08-06 20:50:06,899 - INFO - 获取ADATA概念相关股票，开始处理
2025-08-06 20:50:07,649 - INFO - 获取ADATA概念相关股票，开始处理
2025-08-06 20:50:08,392 - INFO - 获取ADATA概念相关股票，开始处理
2025-08-06 20:50:09,166 - INFO - 获取ADATA概念相关股票，开始处理
2025-08-06 20:50:09,966 - INFO - 获取ADATA概念相关股票，开始处理
2025-08-06 20:50:10,748 - INFO - 获取ADATA概念相关股票，开始处理
2025-08-06 20:50:11,472 - INFO - 获取ADATA概念相关股票，开始处理
2025-08-06 20:50:12,171 - INFO - 获取ADATA概念相关股票，开始处理
2025-08-06 20:50:12,899 - INFO - 获取ADATA概念相关股票，开始处理
2025-08-06 20:50:13,659 - INFO - 获取ADATA概念相关股票，开始处理
2025-08-06 20:50:14,439 - INFO - 获取ADATA概念相关股票，开始处理
2025-08-06 20:50:15,159 - INFO - 获取ADATA概念相关股票，开始处理
2025-08-06 20:50:15,948 - INFO - 获取ADATA概念相关股票，开始处理
2025-08-06 20:50:16,678 - INFO - 获取ADATA概念相关股票，开始处理
2025-08-06 20:50:17,449 - INFO - 获取ADATA概念相关股票，开始处理
2025-08-06 20:50:20,478 - INFO - 获取ADATA概念相关股票，开始处理
2025-08-06 20:50:21,309 - INFO - 获取ADATA概念相关股票，开始处理
2025-08-06 20:50:21,902 - INFO - 获取ADATA概念相关股票，开始处理
2025-08-06 20:50:22,669 - INFO - 获取ADATA概念相关股票，开始处理
2025-08-06 20:50:23,428 - INFO - 获取ADATA概念相关股票，开始处理
2025-08-06 20:50:24,148 - INFO - 获取ADATA概念相关股票，开始处理
2025-08-06 20:50:24,843 - INFO - 获取ADATA概念相关股票，开始处理
2025-08-06 20:50:25,658 - INFO - 获取ADATA概念相关股票，开始处理
2025-08-06 20:50:26,394 - INFO - 获取ADATA概念相关股票，开始处理
2025-08-06 20:50:27,254 - INFO - 获取ADATA概念相关股票，开始处理
2025-08-06 20:50:29,190 - INFO - 获取ADATA概念相关股票，开始处理
2025-08-06 20:50:29,968 - INFO - 获取ADATA概念相关股票，开始处理
2025-08-06 20:50:30,783 - INFO - 获取ADATA概念相关股票，开始处理
2025-08-06 20:50:31,559 - INFO - 获取ADATA概念相关股票，开始处理
2025-08-06 20:50:32,289 - INFO - 获取ADATA概念相关股票，开始处理
2025-08-06 20:50:33,018 - INFO - 获取ADATA概念相关股票，开始处理
2025-08-06 20:50:33,775 - INFO - 获取ADATA概念相关股票，开始处理
2025-08-06 20:50:37,972 - INFO - 获取ADATA概念相关股票，开始处理
2025-08-06 20:50:38,812 - INFO - 获取ADATA概念相关股票，开始处理
2025-08-06 20:50:38,840 - INFO - 📈 已处理 300/6 只概念，成功 300 只
2025-08-06 20:50:39,591 - INFO - 获取ADATA概念相关股票，开始处理
2025-08-06 20:50:41,458 - INFO - 获取ADATA概念相关股票，开始处理
2025-08-06 20:50:42,259 - INFO - 获取ADATA概念相关股票，开始处理
2025-08-06 20:50:45,178 - INFO - 获取ADATA概念相关股票，开始处理
2025-08-06 20:50:45,908 - INFO - 获取ADATA概念相关股票，开始处理
2025-08-06 20:50:46,698 - INFO - 获取ADATA概念相关股票，开始处理
2025-08-06 20:50:47,448 - INFO - 获取ADATA概念相关股票，开始处理
2025-08-06 20:50:48,178 - INFO - 获取ADATA概念相关股票，开始处理
2025-08-06 20:50:48,858 - INFO - 获取ADATA概念相关股票，开始处理
2025-08-06 20:50:49,663 - INFO - 获取ADATA概念相关股票，开始处理
2025-08-06 20:50:50,505 - INFO - 获取ADATA概念相关股票，开始处理
2025-08-06 20:50:51,348 - INFO - 获取ADATA概念相关股票，开始处理
2025-08-06 20:50:52,108 - INFO - 获取ADATA概念相关股票，开始处理
2025-08-06 20:50:52,918 - INFO - 获取ADATA概念相关股票，开始处理
2025-08-06 20:50:53,854 - INFO - 获取ADATA概念相关股票，开始处理
2025-08-06 20:50:54,759 - INFO - 获取ADATA概念相关股票，开始处理
2025-08-06 20:50:55,396 - INFO - 获取ADATA概念相关股票，开始处理
2025-08-06 20:50:56,098 - INFO - 获取ADATA概念相关股票，开始处理
2025-08-06 20:50:56,708 - INFO - 获取ADATA概念相关股票，开始处理
2025-08-06 20:50:58,618 - INFO - 获取ADATA概念相关股票，开始处理
2025-08-06 20:50:59,350 - INFO - 获取ADATA概念相关股票，开始处理
2025-08-06 20:51:00,787 - INFO - 获取ADATA概念相关股票，开始处理
2025-08-06 20:51:01,758 - INFO - 获取ADATA概念相关股票，开始处理
2025-08-06 20:51:02,488 - INFO - 获取ADATA概念相关股票，开始处理
2025-08-06 20:51:03,247 - INFO - 获取ADATA概念相关股票，开始处理
2025-08-06 20:51:03,988 - INFO - 获取ADATA概念相关股票，开始处理
2025-08-06 20:51:04,798 - INFO - 获取ADATA概念相关股票，开始处理
2025-08-06 20:51:06,647 - INFO - 获取ADATA概念相关股票，开始处理
2025-08-06 20:51:07,447 - INFO - 获取ADATA概念相关股票，开始处理
2025-08-06 20:51:08,177 - INFO - 获取ADATA概念相关股票，开始处理
2025-08-06 20:51:08,988 - INFO - 获取ADATA概念相关股票，开始处理
2025-08-06 20:51:09,721 - INFO - 获取ADATA概念相关股票，开始处理
2025-08-06 20:51:10,497 - INFO - 获取ADATA概念相关股票，开始处理
2025-08-06 20:51:11,270 - INFO - 获取ADATA概念相关股票，开始处理
2025-08-06 20:51:11,997 - INFO - 获取ADATA概念相关股票，开始处理
2025-08-06 20:51:12,697 - INFO - 获取ADATA概念相关股票，开始处理
2025-08-06 20:51:15,657 - INFO - 获取ADATA概念相关股票，开始处理
2025-08-06 20:51:16,977 - INFO - 获取ADATA概念相关股票，开始处理
2025-08-06 20:51:17,711 - INFO - 获取ADATA概念相关股票，开始处理
2025-08-06 20:51:20,495 - INFO - 获取ADATA概念相关股票，开始处理
2025-08-06 20:51:21,397 - INFO - 获取ADATA概念相关股票，开始处理
2025-08-06 20:51:22,177 - INFO - 获取ADATA概念相关股票，开始处理
2025-08-06 20:51:22,927 - INFO - 获取ADATA概念相关股票，开始处理
2025-08-06 20:51:23,677 - INFO - 获取ADATA概念相关股票，开始处理
2025-08-06 20:51:24,437 - INFO - 获取ADATA概念相关股票，开始处理
2025-08-06 20:51:25,215 - INFO - 获取ADATA概念相关股票，开始处理
2025-08-06 20:51:25,977 - INFO - 获取ADATA概念相关股票，开始处理
2025-08-06 20:51:26,918 - INFO - 获取ADATA概念相关股票，开始处理
2025-08-06 20:51:27,637 - INFO - 获取ADATA概念相关股票，开始处理
2025-08-06 20:51:29,570 - INFO - 获取ADATA概念相关股票，开始处理
2025-08-06 20:51:29,587 - INFO - 📈 已处理 350/6 只概念，成功 350 只
2025-08-06 20:51:30,407 - INFO - 获取ADATA概念相关股票，开始处理
2025-08-06 20:51:31,188 - INFO - 获取ADATA概念相关股票，开始处理
2025-08-06 20:51:36,157 - INFO - 获取ADATA概念相关股票，开始处理
2025-08-06 20:51:37,007 - INFO - 获取ADATA概念相关股票，开始处理
2025-08-06 20:51:37,828 - INFO - 获取ADATA概念相关股票，开始处理
2025-08-06 20:51:38,557 - INFO - 获取ADATA概念相关股票，开始处理
2025-08-06 20:51:39,368 - INFO - 获取ADATA概念相关股票，开始处理
2025-08-06 20:51:40,177 - INFO - 获取ADATA概念相关股票，开始处理
2025-08-06 20:51:40,937 - INFO - 获取ADATA概念相关股票，开始处理
2025-08-06 20:51:42,877 - INFO - 获取ADATA概念相关股票，开始处理
2025-08-06 20:51:44,651 - INFO - 获取ADATA概念相关股票，开始处理
2025-08-06 20:51:45,436 - INFO - 获取ADATA概念相关股票，开始处理
2025-08-06 20:51:47,456 - INFO - 获取ADATA概念相关股票，开始处理
2025-08-06 20:51:48,247 - INFO - 获取ADATA概念相关股票，开始处理
2025-08-06 20:51:51,169 - INFO - 获取ADATA概念相关股票，开始处理
2025-08-06 20:51:52,638 - INFO - 获取ADATA概念相关股票，开始处理
2025-08-06 20:51:53,366 - INFO - 获取ADATA概念相关股票，开始处理
2025-08-06 20:51:54,201 - INFO - 获取ADATA概念相关股票，开始处理
2025-08-06 20:51:54,957 - INFO - 获取ADATA概念相关股票，开始处理
2025-08-06 20:51:55,696 - INFO - 获取ADATA概念相关股票，开始处理
2025-08-06 20:51:56,406 - INFO - 获取ADATA概念相关股票，开始处理
2025-08-06 20:51:57,138 - INFO - 获取ADATA概念相关股票，开始处理
2025-08-06 20:51:57,926 - INFO - 获取ADATA概念相关股票，开始处理
2025-08-06 20:51:58,767 - INFO - 获取ADATA概念相关股票，开始处理
2025-08-06 20:51:59,568 - INFO - 获取ADATA概念相关股票，开始处理
2025-08-06 20:52:00,334 - INFO - 获取ADATA概念相关股票，开始处理
2025-08-06 20:52:01,046 - INFO - 获取ADATA概念相关股票，开始处理
2025-08-06 20:52:01,806 - INFO - 获取ADATA概念相关股票，开始处理
2025-08-06 20:52:04,651 - INFO - 获取ADATA概念相关股票，开始处理
2025-08-06 20:52:05,766 - INFO - 获取ADATA概念相关股票，开始处理
2025-08-06 20:52:06,606 - INFO - 获取ADATA概念相关股票，开始处理
2025-08-06 20:52:07,646 - INFO - 获取ADATA概念相关股票，开始处理
2025-08-06 20:52:08,456 - INFO - 获取ADATA概念相关股票，开始处理
2025-08-06 20:52:09,206 - INFO - 获取ADATA概念相关股票，开始处理
2025-08-06 20:52:09,920 - INFO - 获取ADATA概念相关股票，开始处理
2025-08-06 20:52:10,651 - INFO - 获取ADATA概念相关股票，开始处理
2025-08-06 20:52:11,438 - INFO - 获取ADATA概念相关股票，开始处理
2025-08-06 20:52:12,196 - INFO - 获取ADATA概念相关股票，开始处理
2025-08-06 20:52:12,931 - INFO - 获取ADATA概念相关股票，开始处理
2025-08-06 20:52:13,822 - INFO - 获取ADATA概念相关股票，开始处理
2025-08-06 20:52:14,946 - INFO - 获取ADATA概念相关股票，开始处理
2025-08-06 20:52:15,668 - INFO - 获取ADATA概念相关股票，开始处理
2025-08-06 20:52:16,386 - INFO - 获取ADATA概念相关股票，开始处理
2025-08-06 20:52:17,227 - INFO - 获取ADATA概念相关股票，开始处理
2025-08-06 20:52:18,117 - INFO - 获取ADATA概念相关股票，开始处理
2025-08-06 20:52:18,926 - INFO - 获取ADATA概念相关股票，开始处理
2025-08-06 20:52:19,247 - WARNING - ⚠️ nan WiFi 6同花顺股票概念关系: substring not found
2025-08-06 20:52:19,252 - INFO - ✅ 本周同花顺股票概念关系更新完成: 396 条记录
2025-08-06 20:52:19,252 - INFO - 📊 开始更新近7个自然日日度资金流）...
2025-08-06 20:52:19,286 - INFO - 📊 准备更新 5736 只股票的近7个自然日日度资金流
2025-08-06 20:52:31,317 - INFO - 📈 已处理 50/5736 只股票，成功 38 只
2025-08-06 20:52:43,800 - INFO - 📈 已处理 100/5736 只股票，成功 81 只
2025-08-06 20:52:56,272 - INFO - 📈 已处理 150/5736 只股票，成功 122 只
2025-08-06 20:53:08,454 - INFO - 📈 已处理 200/5736 只股票，成功 161 只
2025-08-06 20:53:20,149 - INFO - 📈 已处理 250/5736 只股票，成功 199 只
2025-08-06 20:53:32,359 - INFO - 📈 已处理 300/5736 只股票，成功 240 只
2025-08-06 20:53:44,454 - INFO - 📈 已处理 350/5736 只股票，成功 281 只
2025-08-06 20:54:09,831 - INFO - 📈 已处理 450/5736 只股票，成功 370 只
2025-08-06 20:54:22,330 - INFO - 📈 已处理 500/5736 只股票，成功 413 只
2025-08-06 20:54:35,902 - INFO - 📈 已处理 550/5736 只股票，成功 462 只
2025-08-06 20:54:49,649 - INFO - 📈 已处理 600/5736 只股票，成功 512 只
2025-08-06 20:55:02,514 - INFO - 📈 已处理 650/5736 只股票，成功 559 只
2025-08-06 20:55:16,346 - INFO - 📈 已处理 700/5736 只股票，成功 605 只
2025-08-06 20:55:29,948 - INFO - 📈 已处理 750/5736 只股票，成功 653 只
2025-08-06 20:55:44,071 - INFO - 📈 已处理 800/5736 只股票，成功 701 只
2025-08-06 20:55:57,031 - INFO - 📈 已处理 850/5736 只股票，成功 750 只
2025-08-06 20:56:10,660 - INFO - 📈 已处理 900/5736 只股票，成功 797 只
2025-08-06 20:56:23,370 - INFO - 📈 已处理 950/5736 只股票，成功 843 只
2025-08-06 20:56:36,557 - INFO - 📈 已处理 1000/5736 只股票，成功 892 只
2025-08-06 20:56:50,881 - INFO - 📈 已处理 1050/5736 只股票，成功 938 只
2025-08-06 20:57:03,679 - INFO - 📈 已处理 1100/5736 只股票，成功 983 只
2025-08-06 20:57:18,388 - INFO - 📈 已处理 1150/5736 只股票，成功 1027 只
2025-08-06 20:57:32,028 - INFO - 📈 已处理 1200/5736 只股票，成功 1077 只
2025-08-06 20:57:44,976 - INFO - 📈 已处理 1250/5736 只股票，成功 1122 只
2025-08-06 20:57:58,042 - INFO - 📈 已处理 1300/5736 只股票，成功 1169 只
2025-08-06 20:58:11,218 - INFO - 📈 已处理 1350/5736 只股票，成功 1216 只
2025-08-06 20:58:24,342 - INFO - 📈 已处理 1400/5736 只股票，成功 1261 只
2025-08-06 20:58:39,222 - INFO - 📈 已处理 1450/5736 只股票，成功 1311 只
2025-08-06 20:58:52,508 - INFO - 📈 已处理 1500/5736 只股票，成功 1361 只
2025-08-06 20:59:05,791 - INFO - 📈 已处理 1550/5736 只股票，成功 1411 只
2025-08-06 20:59:21,341 - INFO - 📈 已处理 1600/5736 只股票，成功 1461 只
2025-08-06 20:59:35,195 - INFO - 📈 已处理 1650/5736 只股票，成功 1510 只
2025-08-06 20:59:47,935 - INFO - 📈 已处理 1700/5736 只股票，成功 1557 只
2025-08-06 21:00:01,056 - INFO - 📈 已处理 1750/5736 只股票，成功 1601 只
2025-08-06 21:00:28,255 - INFO - 📈 已处理 1850/5736 只股票，成功 1695 只
2025-08-06 21:00:41,213 - INFO - 📈 已处理 1900/5736 只股票，成功 1743 只
2025-08-06 21:00:57,063 - INFO - 📈 已处理 1950/5736 只股票，成功 1787 只
2025-08-06 21:01:09,837 - INFO - 📈 已处理 2000/5736 只股票，成功 1831 只
2025-08-06 21:01:22,854 - INFO - 📈 已处理 2050/5736 只股票，成功 1880 只
2025-08-06 21:01:35,992 - INFO - 📈 已处理 2100/5736 只股票，成功 1929 只
2025-08-06 21:01:48,922 - INFO - 📈 已处理 2150/5736 只股票，成功 1977 只
2025-08-06 21:02:02,822 - INFO - 📈 已处理 2200/5736 只股票，成功 2027 只
2025-08-06 21:02:16,692 - INFO - 📈 已处理 2250/5736 只股票，成功 2075 只
2025-08-06 21:02:32,131 - INFO - 📈 已处理 2300/5736 只股票，成功 2125 只
2025-08-06 21:02:45,453 - INFO - 📈 已处理 2350/5736 只股票，成功 2175 只
2025-08-06 21:02:58,180 - INFO - 📈 已处理 2400/5736 只股票，成功 2224 只
2025-08-06 21:03:11,513 - INFO - 📈 已处理 2450/5736 只股票，成功 2273 只
2025-08-06 21:03:25,069 - INFO - 📈 已处理 2500/5736 只股票，成功 2323 只
2025-08-06 21:03:39,415 - INFO - 📈 已处理 2550/5736 只股票，成功 2373 只
2025-08-06 21:03:52,319 - INFO - 📈 已处理 2600/5736 只股票，成功 2423 只
2025-08-06 21:04:05,244 - INFO - 📈 已处理 2650/5736 只股票，成功 2473 只
2025-08-06 21:04:17,665 - INFO - 📈 已处理 2700/5736 只股票，成功 2523 只
2025-08-06 21:04:30,547 - INFO - 📈 已处理 2750/5736 只股票，成功 2573 只
2025-08-06 21:04:45,789 - INFO - 📈 已处理 2800/5736 只股票，成功 2623 只
2025-08-06 21:05:04,100 - INFO - 📈 已处理 2850/5736 只股票，成功 2673 只
2025-08-06 21:05:16,585 - INFO - 📈 已处理 2900/5736 只股票，成功 2723 只
2025-08-06 21:05:28,868 - INFO - 📈 已处理 2950/5736 只股票，成功 2773 只
2025-08-06 21:05:41,315 - INFO - 📈 已处理 3000/5736 只股票，成功 2823 只
2025-08-06 21:05:53,645 - INFO - 📈 已处理 3050/5736 只股票，成功 2872 只
2025-08-06 21:06:05,377 - INFO - 📈 已处理 3100/5736 只股票，成功 2918 只
2025-08-06 21:06:27,749 - INFO - 📈 已处理 3200/5736 只股票，成功 2999 只
2025-08-06 21:06:50,270 - INFO - 📈 已处理 3300/5736 只股票，成功 3084 只
2025-08-06 21:07:01,133 - INFO - 📈 已处理 3350/5736 只股票，成功 3122 只
2025-08-06 21:07:13,221 - INFO - 📈 已处理 3400/5736 只股票，成功 3171 只
2025-08-06 21:07:24,915 - INFO - 📈 已处理 3450/5736 只股票，成功 3216 只
2025-08-06 21:07:37,073 - INFO - 📈 已处理 3500/5736 只股票，成功 3262 只
2025-08-06 21:07:49,112 - INFO - 📈 已处理 3550/5736 只股票，成功 3308 只
2025-08-06 21:08:23,330 - INFO - 📈 已处理 3700/5736 只股票，成功 3433 只
2025-08-06 21:08:34,872 - INFO - 📈 已处理 3750/5736 只股票，成功 3477 只
2025-08-06 21:08:46,118 - INFO - 📈 已处理 3800/5736 只股票，成功 3518 只
2025-08-06 21:08:57,162 - INFO - 📈 已处理 3850/5736 只股票，成功 3559 只
2025-08-06 21:09:08,671 - INFO - 📈 已处理 3900/5736 只股票，成功 3603 只
2025-08-06 21:09:20,961 - INFO - 📈 已处理 3950/5736 只股票，成功 3651 只
2025-08-06 21:09:33,476 - INFO - 📈 已处理 4000/5736 只股票，成功 3700 只
2025-08-06 21:09:45,827 - INFO - 📈 已处理 4050/5736 只股票，成功 3747 只
2025-08-06 21:09:58,751 - INFO - 📈 已处理 4100/5736 只股票，成功 3796 只
2025-08-06 21:10:11,530 - INFO - 📈 已处理 4150/5736 只股票，成功 3846 只
2025-08-06 21:10:24,193 - INFO - 📈 已处理 4200/5736 只股票，成功 3895 只
2025-08-06 21:10:36,899 - INFO - 📈 已处理 4250/5736 只股票，成功 3945 只
2025-08-06 21:10:49,039 - INFO - 📈 已处理 4300/5736 只股票，成功 3993 只
2025-08-06 21:11:01,303 - INFO - 📈 已处理 4350/5736 只股票，成功 4043 只
2025-08-06 21:11:13,557 - INFO - 📈 已处理 4400/5736 只股票，成功 4093 只
2025-08-06 21:11:26,250 - INFO - 📈 已处理 4450/5736 只股票，成功 4143 只
2025-08-06 21:11:38,109 - INFO - 📈 已处理 4500/5736 只股票，成功 4191 只
2025-08-06 21:11:50,306 - INFO - 📈 已处理 4550/5736 只股票，成功 4240 只
2025-08-06 21:12:02,678 - INFO - 📈 已处理 4600/5736 只股票，成功 4289 只
2025-08-06 21:12:15,431 - INFO - 📈 已处理 4650/5736 只股票，成功 4339 只
2025-08-06 21:12:27,841 - INFO - 📈 已处理 4700/5736 只股票，成功 4389 只
2025-08-06 21:12:40,046 - INFO - 📈 已处理 4750/5736 只股票，成功 4438 只
2025-08-06 21:12:52,321 - INFO - 📈 已处理 4800/5736 只股票，成功 4487 只
2025-08-06 21:13:04,564 - INFO - 📈 已处理 4850/5736 只股票，成功 4537 只
2025-08-06 21:13:17,062 - INFO - 📈 已处理 4900/5736 只股票，成功 4587 只
2025-08-06 21:13:29,315 - INFO - 📈 已处理 4950/5736 只股票，成功 4637 只
2025-08-06 21:13:41,246 - INFO - 📈 已处理 5000/5736 只股票，成功 4686 只
2025-08-06 21:13:54,703 - INFO - 📈 已处理 5050/5736 只股票，成功 4736 只
2025-08-06 21:14:07,384 - INFO - 📈 已处理 5100/5736 只股票，成功 4786 只
2025-08-06 21:14:19,957 - INFO - 📈 已处理 5150/5736 只股票，成功 4836 只
2025-08-06 21:14:32,094 - INFO - 📈 已处理 5200/5736 只股票，成功 4886 只
2025-08-06 21:14:44,234 - INFO - 📈 已处理 5250/5736 只股票，成功 4936 只
2025-08-06 21:14:56,784 - INFO - 📈 已处理 5300/5736 只股票，成功 4986 只
2025-08-06 21:15:08,902 - INFO - 📈 已处理 5350/5736 只股票，成功 5035 只
2025-08-06 21:15:21,280 - INFO - 📈 已处理 5400/5736 只股票，成功 5085 只
2025-08-06 21:15:34,484 - INFO - 📈 已处理 5450/5736 只股票，成功 5135 只
2025-08-06 21:15:58,082 - INFO - 📈 已处理 5500/5736 只股票，成功 5185 只
2025-08-06 21:16:10,652 - INFO - 📈 已处理 5550/5736 只股票，成功 5234 只
2025-08-06 21:16:23,085 - INFO - 📈 已处理 5600/5736 只股票，成功 5282 只
2025-08-06 21:16:35,503 - INFO - 📈 已处理 5650/5736 只股票，成功 5332 只
2025-08-06 21:16:48,281 - INFO - 📈 已处理 5700/5736 只股票，成功 5382 只
2025-08-06 21:16:57,470 - INFO - ✅ 本周日度资金更新完成: 5416 条记录
2025-08-06 21:16:57,470 - INFO - 📊 开始初始化概念行情数据...
2025-08-06 21:16:57,581 - INFO - 📊 准备初始化 397 只概念行情数据
2025-08-06 21:17:34,615 - INFO - 📈 已处理 50/6 只概念，成功 50 只
2025-08-06 21:18:12,631 - INFO - 📈 已处理 100/6 只概念，成功 100 只
2025-08-06 21:18:50,455 - INFO - 📈 已处理 150/6 只概念，成功 150 只
2025-08-06 21:18:55,142 - WARNING - ⚠️ 885806 华为概念 概念行情更新失败: 7 columns passed, passed data had 1 columns
2025-08-06 21:19:23,513 - INFO - 📈 已处理 200/6 只概念，成功 199 只
2025-08-06 21:19:53,714 - WARNING - ⚠️ 885937 培育钻石 概念行情更新失败: 7 columns passed, passed data had 1 columns
2025-08-06 21:19:55,517 - INFO - 📈 已处理 250/6 只概念，成功 248 只
2025-08-06 21:20:19,030 - INFO - 📈 已处理 300/6 只概念，成功 298 只
2025-08-06 21:20:37,994 - WARNING - ⚠️ 886016 供销社 概念行情更新失败: 7 columns passed, passed data had 1 columns
2025-08-06 21:20:39,892 - WARNING - ⚠️ 886021 国企改革 概念行情更新失败: 7 columns passed, passed data had 1 columns
2025-08-06 21:20:42,868 - WARNING - ⚠️ 886034 数字水印 概念行情更新失败: 7 columns passed, passed data had 1 columns
2025-08-06 21:20:44,640 - WARNING - ⚠️ 886039 ERP概念 概念行情更新失败: 7 columns passed, passed data had 1 columns
2025-08-06 21:20:51,800 - INFO - 📈 已处理 350/6 只概念，成功 344 只
2025-08-06 21:20:54,556 - WARNING - ⚠️ 886063 PEEK材料 概念行情更新失败: 7 columns passed, passed data had 1 columns
2025-08-06 21:21:03,393 - WARNING - ⚠️ 886099 AI智能体 概念行情更新失败: 7 columns passed, passed data had 1 columns
2025-08-06 21:21:04,927 - WARNING - ⚠️ 886105 雅下水电概念 概念行情更新失败: 7 columns passed, passed data had 1 columns
2025-08-06 21:21:04,927 - WARNING - ⚠️ nan WiFi 6 概念行情更新失败: index_code错误，是8开头的指数代码,
2025-08-06 21:21:04,928 - INFO - ✅ 本周概念行情更新完成: 387 条记录
2025-08-06 21:21:04,928 - INFO - 清空股票财务指标信息...
2025-08-06 21:21:04,997 - INFO - 🚀 开始获取ADATA所有股票财务指标信息...
2025-08-06 21:21:17,707 - INFO - 📈 已处理 50/5736 只股票财务指标信息，成功 50 只
2025-08-06 21:21:31,564 - INFO - 📈 已处理 100/5736 只股票财务指标信息，成功 100 只
2025-08-06 21:21:44,784 - INFO - 📈 已处理 150/5736 只股票财务指标信息，成功 150 只
2025-08-06 21:21:58,510 - INFO - 📈 已处理 200/5736 只股票财务指标信息，成功 200 只
2025-08-06 21:22:11,963 - INFO - 📈 已处理 250/5736 只股票财务指标信息，成功 250 只
2025-08-06 21:22:24,925 - INFO - 📈 已处理 300/5736 只股票财务指标信息，成功 300 只
2025-08-06 21:22:37,913 - INFO - 📈 已处理 350/5736 只股票财务指标信息，成功 350 只
2025-08-06 21:22:51,712 - INFO - 📈 已处理 400/5736 只股票财务指标信息，成功 400 只
2025-08-06 21:23:06,340 - INFO - 📈 已处理 450/5736 只股票财务指标信息，成功 450 只
2025-08-06 21:23:19,190 - INFO - 📈 已处理 500/5736 只股票财务指标信息，成功 500 只
2025-08-06 21:23:31,731 - INFO - 📈 已处理 550/5736 只股票财务指标信息，成功 550 只
2025-08-06 21:23:44,124 - INFO - 📈 已处理 600/5736 只股票财务指标信息，成功 600 只
2025-08-06 21:23:57,651 - INFO - 📈 已处理 650/5736 只股票财务指标信息，成功 650 只
2025-08-06 21:24:12,080 - INFO - 📈 已处理 700/5736 只股票财务指标信息，成功 700 只
2025-08-06 21:24:25,972 - INFO - 📈 已处理 750/5736 只股票财务指标信息，成功 750 只
2025-08-06 21:24:40,239 - INFO - 📈 已处理 800/5736 只股票财务指标信息，成功 800 只
2025-08-06 21:24:54,672 - INFO - 📈 已处理 850/5736 只股票财务指标信息，成功 850 只
2025-08-06 21:25:10,769 - INFO - 📈 已处理 900/5736 只股票财务指标信息，成功 900 只
2025-08-06 21:25:24,408 - INFO - 📈 已处理 950/5736 只股票财务指标信息，成功 950 只
2025-08-06 21:25:37,328 - INFO - 📈 已处理 1000/5736 只股票财务指标信息，成功 1000 只
2025-08-06 21:25:52,158 - INFO - 📈 已处理 1050/5736 只股票财务指标信息，成功 1050 只
2025-08-06 21:26:07,374 - INFO - 📈 已处理 1100/5736 只股票财务指标信息，成功 1100 只
2025-08-06 21:26:21,086 - INFO - 📈 已处理 1150/5736 只股票财务指标信息，成功 1150 只
2025-08-06 21:26:34,963 - INFO - 📈 已处理 1200/5736 只股票财务指标信息，成功 1200 只
2025-08-06 21:26:48,334 - INFO - 📈 已处理 1250/5736 只股票财务指标信息，成功 1250 只
2025-08-06 21:27:00,949 - INFO - 📈 已处理 1300/5736 只股票财务指标信息，成功 1300 只
2025-08-06 21:27:13,906 - INFO - 📈 已处理 1350/5736 只股票财务指标信息，成功 1350 只
2025-08-06 21:27:27,840 - INFO - 📈 已处理 1400/5736 只股票财务指标信息，成功 1400 只
2025-08-06 21:27:40,772 - INFO - 📈 已处理 1450/5736 只股票财务指标信息，成功 1450 只
2025-08-06 21:27:53,917 - INFO - 📈 已处理 1500/5736 只股票财务指标信息，成功 1500 只
2025-08-06 21:28:07,422 - INFO - 📈 已处理 1550/5736 只股票财务指标信息，成功 1550 只
2025-08-06 21:28:20,687 - INFO - 📈 已处理 1600/5736 只股票财务指标信息，成功 1600 只
2025-08-06 21:28:34,625 - INFO - 📈 已处理 1650/5736 只股票财务指标信息，成功 1650 只
2025-08-06 21:28:49,374 - INFO - 📈 已处理 1700/5736 只股票财务指标信息，成功 1700 只
2025-08-06 21:29:04,183 - INFO - 📈 已处理 1750/5736 只股票财务指标信息，成功 1750 只
2025-08-06 21:29:18,183 - INFO - 📈 已处理 1800/5736 只股票财务指标信息，成功 1800 只
2025-08-06 21:29:31,823 - INFO - 📈 已处理 1850/5736 只股票财务指标信息，成功 1850 只
2025-08-06 21:29:46,892 - INFO - 📈 已处理 1900/5736 只股票财务指标信息，成功 1900 只
2025-08-06 21:30:01,102 - INFO - 📈 已处理 1950/5736 只股票财务指标信息，成功 1950 只
2025-08-06 21:30:15,443 - INFO - 📈 已处理 2000/5736 只股票财务指标信息，成功 2000 只
2025-08-06 21:30:28,897 - INFO - 📈 已处理 2050/5736 只股票财务指标信息，成功 2050 只
2025-08-06 21:30:42,451 - INFO - 📈 已处理 2100/5736 只股票财务指标信息，成功 2100 只
2025-08-06 21:30:55,719 - INFO - 📈 已处理 2150/5736 只股票财务指标信息，成功 2150 只
2025-08-06 21:31:08,749 - INFO - 📈 已处理 2200/5736 只股票财务指标信息，成功 2200 只
2025-08-06 21:31:21,749 - INFO - 📈 已处理 2250/5736 只股票财务指标信息，成功 2250 只
2025-08-06 21:31:34,512 - INFO - 📈 已处理 2300/5736 只股票财务指标信息，成功 2300 只
2025-08-06 21:31:47,144 - INFO - 📈 已处理 2350/5736 只股票财务指标信息，成功 2350 只
2025-08-06 21:31:59,994 - INFO - 📈 已处理 2400/5736 只股票财务指标信息，成功 2400 只
2025-08-06 21:32:13,374 - INFO - 📈 已处理 2450/5736 只股票财务指标信息，成功 2450 只
2025-08-06 21:32:26,321 - INFO - 📈 已处理 2500/5736 只股票财务指标信息，成功 2500 只
2025-08-06 21:32:39,198 - INFO - 📈 已处理 2550/5736 只股票财务指标信息，成功 2550 只
2025-08-06 21:32:52,639 - INFO - 📈 已处理 2600/5736 只股票财务指标信息，成功 2600 只
2025-08-06 21:33:05,174 - INFO - 📈 已处理 2650/5736 只股票财务指标信息，成功 2650 只
2025-08-06 21:33:17,991 - INFO - 📈 已处理 2700/5736 只股票财务指标信息，成功 2700 只
2025-08-06 21:33:29,941 - INFO - 📈 已处理 2750/5736 只股票财务指标信息，成功 2750 只
2025-08-06 21:33:42,808 - INFO - 📈 已处理 2800/5736 只股票财务指标信息，成功 2800 只
2025-08-06 21:33:54,942 - INFO - 📈 已处理 2850/5736 只股票财务指标信息，成功 2850 只
2025-08-06 21:34:08,221 - INFO - 📈 已处理 2900/5736 只股票财务指标信息，成功 2900 只
2025-08-06 21:34:20,384 - INFO - 📈 已处理 2950/5736 只股票财务指标信息，成功 2950 只
2025-08-06 21:34:32,980 - INFO - 📈 已处理 3000/5736 只股票财务指标信息，成功 3000 只
2025-08-06 21:34:45,700 - INFO - 📈 已处理 3050/5736 只股票财务指标信息，成功 3050 只
2025-08-06 21:34:58,893 - INFO - 📈 已处理 3100/5736 只股票财务指标信息，成功 3100 只
2025-08-06 21:35:12,645 - INFO - 📈 已处理 3150/5736 只股票财务指标信息，成功 3150 只
2025-08-06 21:35:25,443 - INFO - 📈 已处理 3200/5736 只股票财务指标信息，成功 3200 只
2025-08-06 21:35:38,237 - INFO - 📈 已处理 3250/5736 只股票财务指标信息，成功 3250 只
2025-08-06 21:35:50,747 - INFO - 📈 已处理 3300/5736 只股票财务指标信息，成功 3300 只
2025-08-06 21:36:04,012 - INFO - 📈 已处理 3350/5736 只股票财务指标信息，成功 3350 只
2025-08-06 21:36:16,105 - INFO - 📈 已处理 3400/5736 只股票财务指标信息，成功 3400 只
2025-08-06 21:36:29,134 - INFO - 📈 已处理 3450/5736 只股票财务指标信息，成功 3450 只
2025-08-06 21:36:41,678 - INFO - 📈 已处理 3500/5736 只股票财务指标信息，成功 3500 只
2025-08-06 21:36:55,951 - INFO - 📈 已处理 3550/5736 只股票财务指标信息，成功 3550 只
2025-08-06 21:37:13,032 - INFO - 📈 已处理 3600/5736 只股票财务指标信息，成功 3600 只
2025-08-06 21:37:26,216 - INFO - 📈 已处理 3650/5736 只股票财务指标信息，成功 3650 只
2025-08-06 21:37:39,250 - INFO - 📈 已处理 3700/5736 只股票财务指标信息，成功 3700 只
2025-08-06 21:37:52,453 - INFO - 📈 已处理 3750/5736 只股票财务指标信息，成功 3750 只
2025-08-06 21:38:06,078 - INFO - 📈 已处理 3800/5736 只股票财务指标信息，成功 3800 只
2025-08-06 21:38:19,642 - INFO - 📈 已处理 3850/5736 只股票财务指标信息，成功 3850 只
2025-08-06 21:38:32,918 - INFO - 📈 已处理 3900/5736 只股票财务指标信息，成功 3900 只
2025-08-06 21:38:45,147 - INFO - 📈 已处理 3950/5736 只股票财务指标信息，成功 3950 只
2025-08-06 21:38:57,988 - INFO - 📈 已处理 4000/5736 只股票财务指标信息，成功 4000 只
2025-08-06 21:39:11,227 - INFO - 📈 已处理 4050/5736 只股票财务指标信息，成功 4050 只
2025-08-06 21:39:24,380 - INFO - 📈 已处理 4100/5736 只股票财务指标信息，成功 4100 只
2025-08-06 21:39:36,986 - INFO - 📈 已处理 4150/5736 只股票财务指标信息，成功 4150 只
2025-08-06 21:39:50,387 - INFO - 📈 已处理 4200/5736 只股票财务指标信息，成功 4200 只
2025-08-06 21:40:03,245 - INFO - 📈 已处理 4250/5736 只股票财务指标信息，成功 4250 只
2025-08-06 21:40:16,023 - INFO - 📈 已处理 4300/5736 只股票财务指标信息，成功 4300 只
2025-08-06 21:40:28,465 - INFO - 📈 已处理 4350/5736 只股票财务指标信息，成功 4350 只
2025-08-06 21:40:41,318 - INFO - 📈 已处理 4400/5736 只股票财务指标信息，成功 4400 只
2025-08-06 21:40:55,911 - INFO - 📈 已处理 4450/5736 只股票财务指标信息，成功 4450 只
2025-08-06 21:41:08,816 - INFO - 📈 已处理 4500/5736 只股票财务指标信息，成功 4500 只
2025-08-06 21:41:21,594 - INFO - 📈 已处理 4550/5736 只股票财务指标信息，成功 4550 只
2025-08-06 21:41:34,844 - INFO - 📈 已处理 4600/5736 只股票财务指标信息，成功 4600 只
2025-08-06 21:41:47,152 - INFO - 📈 已处理 4650/5736 只股票财务指标信息，成功 4650 只
2025-08-06 21:42:01,343 - INFO - 📈 已处理 4700/5736 只股票财务指标信息，成功 4700 只
2025-08-06 21:42:14,858 - INFO - 📈 已处理 4750/5736 只股票财务指标信息，成功 4750 只
2025-08-06 21:42:27,375 - INFO - 📈 已处理 4800/5736 只股票财务指标信息，成功 4800 只
2025-08-06 21:42:39,441 - INFO - 📈 已处理 4850/5736 只股票财务指标信息，成功 4850 只
2025-08-06 21:42:52,147 - INFO - 📈 已处理 4900/5736 只股票财务指标信息，成功 4900 只
2025-08-06 21:43:05,551 - INFO - 📈 已处理 4950/5736 只股票财务指标信息，成功 4950 只
2025-08-06 21:43:18,224 - INFO - 📈 已处理 5000/5736 只股票财务指标信息，成功 5000 只
2025-08-06 21:43:30,658 - INFO - 📈 已处理 5050/5736 只股票财务指标信息，成功 5050 只
2025-08-06 21:43:43,539 - INFO - 📈 已处理 5100/5736 只股票财务指标信息，成功 5100 只
2025-08-06 21:43:57,642 - INFO - 📈 已处理 5150/5736 只股票财务指标信息，成功 5150 只
2025-08-06 21:44:10,714 - INFO - 📈 已处理 5200/5736 只股票财务指标信息，成功 5200 只
2025-08-06 21:44:22,671 - INFO - 📈 已处理 5250/5736 只股票财务指标信息，成功 5250 只
2025-08-06 21:44:35,040 - INFO - 📈 已处理 5300/5736 只股票财务指标信息，成功 5300 只
2025-08-06 21:44:47,684 - INFO - 📈 已处理 5350/5736 只股票财务指标信息，成功 5350 只
2025-08-06 21:45:00,669 - INFO - 📈 已处理 5400/5736 只股票财务指标信息，成功 5400 只
2025-08-06 21:45:13,804 - INFO - 📈 已处理 5450/5736 只股票财务指标信息，成功 5450 只
2025-08-06 21:45:26,289 - INFO - 📈 已处理 5500/5736 只股票财务指标信息，成功 5500 只
2025-08-06 21:45:38,939 - INFO - 📈 已处理 5550/5736 只股票财务指标信息，成功 5550 只
2025-08-06 21:45:51,690 - INFO - 📈 已处理 5600/5736 只股票财务指标信息，成功 5600 只
2025-08-06 21:46:04,504 - INFO - 📈 已处理 5650/5736 只股票财务指标信息，成功 5650 只
2025-08-06 21:46:16,561 - INFO - 📈 已处理 5700/5736 只股票财务指标信息，成功 5700 只
2025-08-06 21:46:25,440 - INFO - ✅ 本周股票财务指标信息更新完成: 5736 条记录
2025-08-06 21:46:25,440 - INFO - 📊 开始更新近7个自然日融资融券余额数据...
2025-08-06 21:46:25,646 - INFO - ✅ 本周融资融券余额数据更新完成
2025-08-06 21:46:25,646 - INFO - 清空股票申万一二级行业...
2025-08-06 21:46:25,714 - INFO - 🚀 开始获取ADATA所有股票股本信息...
2025-08-06 21:46:44,573 - INFO - 📈 已处理 50/5736 只股票，成功 43 只
2025-08-06 21:47:03,823 - INFO - 📈 已处理 100/5736 只股票，成功 89 只
2025-08-06 21:47:23,042 - INFO - 📈 已处理 150/5736 只股票，成功 131 只
2025-08-06 21:47:41,492 - INFO - 📈 已处理 200/5736 只股票，成功 172 只
2025-08-06 21:48:00,132 - INFO - 📈 已处理 250/5736 只股票，成功 213 只
2025-08-06 21:48:24,941 - INFO - 📈 已处理 300/5736 只股票，成功 257 只
2025-08-06 21:48:44,205 - INFO - 📈 已处理 350/5736 只股票，成功 299 只
2025-08-06 21:49:04,290 - INFO - 📈 已处理 400/5736 只股票，成功 344 只
2025-08-06 21:49:24,060 - INFO - 📈 已处理 450/5736 只股票，成功 392 只
2025-08-06 21:49:44,009 - INFO - 📈 已处理 500/5736 只股票，成功 439 只
2025-08-06 21:50:03,758 - INFO - 📈 已处理 550/5736 只股票，成功 489 只
2025-08-06 21:50:23,460 - INFO - 📈 已处理 600/5736 只股票，成功 539 只
2025-08-06 21:50:42,957 - INFO - 📈 已处理 650/5736 只股票，成功 588 只
2025-08-06 21:51:02,721 - INFO - 📈 已处理 700/5736 只股票，成功 636 只
2025-08-06 21:51:24,047 - INFO - 📈 已处理 750/5736 只股票，成功 686 只
2025-08-06 21:51:43,826 - INFO - 📈 已处理 800/5736 只股票，成功 734 只
2025-08-06 21:52:06,540 - INFO - 📈 已处理 850/5736 只股票，成功 783 只
2025-08-06 21:52:26,282 - INFO - 📈 已处理 900/5736 只股票，成功 832 只
2025-08-06 21:52:46,395 - INFO - 📈 已处理 950/5736 只股票，成功 882 只
2025-08-06 21:53:06,993 - INFO - 📈 已处理 1000/5736 只股票，成功 931 只
2025-08-06 21:53:27,744 - INFO - 📈 已处理 1050/5736 只股票，成功 981 只
2025-08-06 21:53:46,895 - INFO - 📈 已处理 1100/5736 只股票，成功 1026 只
2025-08-06 21:54:06,520 - INFO - 📈 已处理 1150/5736 只股票，成功 1075 只
2025-08-06 21:54:34,978 - INFO - 📈 已处理 1200/5736 只股票，成功 1125 只
2025-08-06 21:54:56,479 - INFO - 📈 已处理 1250/5736 只股票，成功 1172 只
2025-08-06 21:55:15,718 - INFO - 📈 已处理 1300/5736 只股票，成功 1220 只
2025-08-06 21:55:35,655 - INFO - 📈 已处理 1350/5736 只股票，成功 1269 只
2025-08-06 21:55:56,350 - INFO - 📈 已处理 1400/5736 只股票，成功 1318 只
2025-08-06 21:56:17,264 - INFO - 📈 已处理 1450/5736 只股票，成功 1368 只
2025-08-06 21:56:37,334 - INFO - 📈 已处理 1500/5736 只股票，成功 1418 只
2025-08-06 21:56:57,508 - INFO - 📈 已处理 1550/5736 只股票，成功 1468 只
2025-08-06 21:57:20,338 - INFO - 📈 已处理 1600/5736 只股票，成功 1518 只
2025-08-06 21:57:40,332 - INFO - 📈 已处理 1650/5736 只股票，成功 1567 只
2025-08-06 21:58:00,699 - INFO - 📈 已处理 1700/5736 只股票，成功 1614 只
2025-08-06 21:58:21,848 - INFO - 📈 已处理 1750/5736 只股票，成功 1662 只
2025-08-06 21:59:13,409 - INFO - 📈 已处理 1850/5736 只股票，成功 1757 只
2025-08-06 21:59:37,775 - INFO - 📈 已处理 1900/5736 只股票，成功 1807 只
2025-08-06 21:59:57,637 - INFO - 📈 已处理 1950/5736 只股票，成功 1855 只
2025-08-06 22:00:17,848 - INFO - 📈 已处理 2000/5736 只股票，成功 1902 只
2025-08-06 22:00:40,733 - INFO - 📈 已处理 2050/5736 只股票，成功 1952 只
2025-08-06 22:01:00,753 - INFO - 📈 已处理 2100/5736 只股票，成功 2001 只
2025-08-06 22:01:21,448 - INFO - 📈 已处理 2150/5736 只股票，成功 2051 只
2025-08-06 22:01:41,572 - INFO - 📈 已处理 2200/5736 只股票，成功 2101 只
2025-08-06 22:02:05,491 - INFO - 📈 已处理 2250/5736 只股票，成功 2151 只
2025-08-06 22:02:33,744 - INFO - 📈 已处理 2300/5736 只股票，成功 2201 只
2025-08-06 22:02:53,500 - INFO - 📈 已处理 2350/5736 只股票，成功 2251 只
2025-08-06 22:03:13,120 - INFO - 📈 已处理 2400/5736 只股票，成功 2301 只
2025-08-06 22:03:32,819 - INFO - 📈 已处理 2450/5736 只股票，成功 2351 只
2025-08-06 22:03:52,789 - INFO - 📈 已处理 2500/5736 只股票，成功 2401 只
2025-08-06 22:04:12,257 - INFO - 📈 已处理 2550/5736 只股票，成功 2451 只
2025-08-06 22:04:35,628 - INFO - 📈 已处理 2600/5736 只股票，成功 2501 只
2025-08-06 22:04:55,837 - INFO - 📈 已处理 2650/5736 只股票，成功 2551 只
2025-08-06 22:05:19,375 - INFO - 📈 已处理 2700/5736 只股票，成功 2601 只
2025-08-06 22:05:45,316 - INFO - 📈 已处理 2750/5736 只股票，成功 2651 只
2025-08-06 22:06:05,176 - INFO - 📈 已处理 2800/5736 只股票，成功 2701 只
2025-08-06 22:06:24,789 - INFO - 📈 已处理 2850/5736 只股票，成功 2751 只
2025-08-06 22:06:45,605 - INFO - 📈 已处理 2900/5736 只股票，成功 2801 只
2025-08-06 22:07:15,574 - INFO - 📈 已处理 2950/5736 只股票，成功 2851 只
2025-08-06 22:07:35,350 - INFO - 📈 已处理 3000/5736 只股票，成功 2901 只
2025-08-06 22:07:56,355 - INFO - 📈 已处理 3050/5736 只股票，成功 2950 只
2025-08-06 22:08:15,883 - INFO - 📈 已处理 3100/5736 只股票，成功 2996 只
2025-08-06 22:08:54,086 - INFO - 📈 已处理 3200/5736 只股票，成功 3083 只
2025-08-06 22:09:13,816 - INFO - 📈 已处理 3250/5736 只股票，成功 3129 只
2025-08-06 22:09:33,549 - INFO - 📈 已处理 3300/5736 只股票，成功 3175 只
2025-08-06 22:09:52,400 - INFO - 📈 已处理 3350/5736 只股票，成功 3219 只
2025-08-06 22:10:12,620 - INFO - 📈 已处理 3400/5736 只股票，成功 3268 只
2025-08-06 22:10:32,459 - INFO - 📈 已处理 3450/5736 只股票，成功 3315 只
2025-08-06 22:10:53,219 - INFO - 📈 已处理 3500/5736 只股票，成功 3363 只
2025-08-06 22:11:12,890 - INFO - 📈 已处理 3550/5736 只股票，成功 3411 只
2025-08-06 22:12:11,136 - INFO - 📈 已处理 3700/5736 只股票，成功 3538 只
2025-08-06 22:12:30,961 - INFO - 📈 已处理 3750/5736 只股票，成功 3584 只
2025-08-06 22:12:50,411 - INFO - 📈 已处理 3800/5736 只股票，成功 3629 只
2025-08-06 22:13:09,273 - INFO - 📈 已处理 3850/5736 只股票，成功 3672 只
2025-08-06 22:13:29,004 - INFO - 📈 已处理 3900/5736 只股票，成功 3717 只
2025-08-06 22:13:48,863 - INFO - 📈 已处理 3950/5736 只股票，成功 3765 只
2025-08-06 22:21:10,133 - INFO - ✅ 本周申万一二级行业信息更新完成: 3783 条记录
2025-08-06 22:21:10,133 - INFO - 📅 开始更新交易日历...
2025-08-06 22:21:10,913 - INFO - ✅ 2005 年交易日历: 365 条记录
2025-08-06 22:21:11,023 - INFO - ✅ 2006 年交易日历: 365 条记录
2025-08-06 22:21:11,113 - INFO - ✅ 2007 年交易日历: 365 条记录
2025-08-06 22:21:11,213 - INFO - ✅ 2008 年交易日历: 366 条记录
2025-08-06 22:21:11,308 - INFO - ✅ 2009 年交易日历: 365 条记录
2025-08-06 22:21:11,423 - INFO - ✅ 2010 年交易日历: 365 条记录
2025-08-06 22:21:11,570 - INFO - ✅ 2011 年交易日历: 365 条记录
2025-08-06 22:21:11,664 - INFO - ✅ 2012 年交易日历: 366 条记录
2025-08-06 22:21:11,760 - INFO - ✅ 2013 年交易日历: 365 条记录
2025-08-06 22:21:11,856 - INFO - ✅ 2014 年交易日历: 365 条记录
2025-08-06 22:21:11,943 - INFO - ✅ 2015 年交易日历: 365 条记录
2025-08-06 22:21:12,043 - INFO - ✅ 2016 年交易日历: 366 条记录
2025-08-06 22:21:12,133 - INFO - ✅ 2017 年交易日历: 364 条记录
2025-08-06 22:21:12,242 - INFO - ✅ 2018 年交易日历: 365 条记录
2025-08-06 22:21:12,323 - INFO - ✅ 2019 年交易日历: 365 条记录
2025-08-06 22:21:12,423 - INFO - ✅ 2020 年交易日历: 366 条记录
2025-08-06 22:21:12,533 - INFO - ✅ 2021 年交易日历: 365 条记录
2025-08-06 22:21:12,633 - INFO - ✅ 2022 年交易日历: 365 条记录
2025-08-06 22:21:12,723 - INFO - ✅ 2023 年交易日历: 365 条记录
2025-08-06 22:21:12,815 - INFO - ✅ 2024 年交易日历: 366 条记录
2025-08-06 22:21:12,913 - INFO - ✅ 2025 年交易日历: 365 条记录
2025-08-06 22:21:12,913 - INFO - ✅ 交易日历更新完成: 7669 条记录
2025-08-06 22:21:12,913 - INFO - ============================================================
2025-08-06 22:21:12,913 - INFO - 📊 本周数据更新统计
2025-08-06 22:21:12,913 - INFO - ============================================================
2025-08-06 22:21:12,913 - INFO - ⏱️  更新耗时: 2:42:53.646184
2025-08-06 22:21:12,913 - INFO - 📈 实时行情: 0 条
2025-08-06 22:21:12,913 - INFO - 📊 本周K线: 3,783 条
2025-08-06 22:21:12,913 - INFO - 📅 交易日历: 7,669 条
2025-08-06 22:21:12,913 - INFO - ✅ 无错误
2025-08-06 22:21:12,913 - INFO - ============================================================
2025-08-06 22:21:12,926 - INFO - 🎉 本周数据更新完成！
2025-08-06 22:21:12,926 - INFO - 数据库连接已关闭
2025-08-06 22:21:12,926 - INFO - ✅ 每周数据更新成功完成
