2025-09-06 07:26:51,420 - INFO - 🌟 每周数据更新程序启动
2025-09-06 07:26:51,426 - INFO - 🚀 开始每周数据更新...
2025-09-06 07:26:51,426 - INFO - ============================================================
2025-09-06 07:26:51,438 - INFO - ✅ 成功连接到MySQL数据库
2025-09-06 07:26:51,438 - INFO - 📊 开始更新近7个自然日K线数据）...
2025-09-06 07:26:56,687 - INFO - 📊 准备更新 5 只股票的近7个自然日K线数据
2025-09-06 07:27:01,211 - INFO - 📈 已处理603370 华新精科 
2025-09-06 07:27:02,341 - INFO - ✅ 本周K线更新完成: 1 条记录
2025-09-06 07:27:02,342 - INFO - ============================================================
2025-09-06 07:27:02,343 - INFO - 📊 本周数据更新统计
2025-09-06 07:27:02,343 - INFO - ============================================================
2025-09-06 07:27:02,343 - INFO - ⏱️  更新耗时: 0:00:10.915173
2025-09-06 07:27:02,343 - INFO - 📈 实时行情: 0 条
2025-09-06 07:27:02,343 - INFO - 📊 本周K线: 1 条
2025-09-06 07:27:02,343 - INFO - 📅 交易日历: 0 条
2025-09-06 07:27:02,343 - INFO - ✅ 无错误
2025-09-06 07:27:02,343 - INFO - ============================================================
2025-09-06 07:27:02,353 - INFO - 🎉 本周数据更新完成！
2025-09-06 07:27:02,354 - INFO - 数据库连接已关闭
2025-09-06 07:27:02,354 - INFO - ✅ 每周数据更新成功完成
