2025-09-08 21:42:40,516 - INFO - 🌟 每周数据更新程序启动
2025-09-08 21:42:40,523 - INFO - 🚀 开始每周数据更新...
2025-09-08 21:42:40,523 - INFO - ============================================================
2025-09-08 21:42:40,543 - INFO - ✅ 成功连接到MySQL数据库
2025-09-08 21:42:40,544 - INFO - 📊 开始更新最新股票价格数据）...
2025-09-08 21:42:48,703 - WARNING - ⚠️ 实时K线更新失败: not all arguments converted during string formatting
2025-09-08 21:42:48,704 - INFO - ============================================================
2025-09-08 21:42:48,704 - INFO - 📊 本日数据更新统计
2025-09-08 21:42:48,705 - INFO - ============================================================
2025-09-08 21:42:48,705 - INFO - ⏱️  更新耗时: 0:00:08.181085
2025-09-08 21:42:48,705 - INFO - 📈 实时行情: 0 条
2025-09-08 21:42:48,705 - INFO - 📊 本日K线: 0 条
2025-09-08 21:42:48,705 - INFO - 📅 交易日历: 0 条
2025-09-08 21:42:48,705 - INFO - ✅ 无错误
2025-09-08 21:42:48,705 - INFO - ============================================================
2025-09-08 21:42:48,707 - INFO - 🎉 本日数据更新完成！
2025-09-08 21:42:48,707 - INFO - 数据库连接已关闭
2025-09-08 21:42:48,707 - INFO - ✅ 每周数据更新成功完成
2025-09-08 21:45:04,540 - INFO - 🌟 每周数据更新程序启动
2025-09-08 21:45:04,540 - INFO - 🚀 开始每周数据更新...
2025-09-08 21:45:04,540 - INFO - ============================================================
2025-09-08 21:45:04,544 - INFO - ✅ 成功连接到MySQL数据库
2025-09-08 21:45:04,544 - INFO - 📊 开始更新最新股票价格数据）...
2025-09-08 21:45:13,052 - WARNING - ⚠️ 实时K线更新失败: (1048, "Column 'trade_date' cannot be null")
2025-09-08 21:45:13,053 - INFO - ============================================================
2025-09-08 21:45:13,053 - INFO - 📊 本日数据更新统计
2025-09-08 21:45:13,054 - INFO - ============================================================
2025-09-08 21:45:13,054 - INFO - ⏱️  更新耗时: 0:00:08.512821
2025-09-08 21:45:13,054 - INFO - 📈 实时行情: 0 条
2025-09-08 21:45:13,054 - INFO - 📊 本日K线: 0 条
2025-09-08 21:45:13,054 - INFO - 📅 交易日历: 0 条
2025-09-08 21:45:13,054 - INFO - ✅ 无错误
2025-09-08 21:45:13,054 - INFO - ============================================================
2025-09-08 21:45:13,055 - INFO - 🎉 本日数据更新完成！
2025-09-08 21:45:13,056 - INFO - 数据库连接已关闭
2025-09-08 21:45:13,056 - INFO - ✅ 每周数据更新成功完成
2025-09-08 21:46:06,932 - INFO - 🌟 每周数据更新程序启动
2025-09-08 21:46:06,933 - INFO - 🚀 开始每周数据更新...
2025-09-08 21:46:06,933 - INFO - ============================================================
2025-09-08 21:46:06,936 - INFO - ✅ 成功连接到MySQL数据库
2025-09-08 21:46:06,936 - INFO - 📊 开始更新最新股票价格数据）...
2025-09-08 21:46:15,544 - WARNING - ⚠️ 实时K线更新失败: (1264, "Out of range value for column 'dynamic_pe' at row 1")
2025-09-08 21:46:15,544 - INFO - ============================================================
2025-09-08 21:46:15,544 - INFO - 📊 本日数据更新统计
2025-09-08 21:46:15,544 - INFO - ============================================================
2025-09-08 21:46:15,544 - INFO - ⏱️  更新耗时: 0:00:08.611015
2025-09-08 21:46:15,544 - INFO - 📈 实时行情: 0 条
2025-09-08 21:46:15,544 - INFO - 📊 本日K线: 0 条
2025-09-08 21:46:15,544 - INFO - 📅 交易日历: 0 条
2025-09-08 21:46:15,544 - INFO - ✅ 无错误
2025-09-08 21:46:15,544 - INFO - ============================================================
2025-09-08 21:46:15,544 - INFO - 🎉 本日数据更新完成！
2025-09-08 21:46:15,544 - INFO - 数据库连接已关闭
2025-09-08 21:46:15,544 - INFO - ✅ 每周数据更新成功完成
2025-09-08 21:48:30,083 - INFO - 🌟 每周数据更新程序启动
2025-09-08 21:48:30,084 - INFO - 🚀 开始每周数据更新...
2025-09-08 21:48:30,084 - INFO - ============================================================
2025-09-08 21:48:30,087 - INFO - ✅ 成功连接到MySQL数据库
2025-09-08 21:48:30,088 - INFO - 📊 开始更新最新股票价格数据）...
2025-09-08 21:48:40,010 - INFO - 📈 已处理完成 
2025-09-08 21:48:40,011 - INFO - ============================================================
2025-09-08 21:48:40,011 - INFO - 📊 本日数据更新统计
2025-09-08 21:48:40,012 - INFO - ============================================================
2025-09-08 21:48:40,012 - INFO - ⏱️  更新耗时: 0:00:09.927556
2025-09-08 21:48:40,012 - INFO - 📈 实时行情: 0 条
2025-09-08 21:48:40,012 - INFO - 📊 本日K线: 0 条
2025-09-08 21:48:40,012 - INFO - 📅 交易日历: 0 条
2025-09-08 21:48:40,012 - INFO - ✅ 无错误
2025-09-08 21:48:40,012 - INFO - ============================================================
2025-09-08 21:48:40,013 - INFO - 🎉 本日数据更新完成！
2025-09-08 21:48:40,014 - INFO - 数据库连接已关闭
2025-09-08 21:48:40,014 - INFO - ✅ 每周数据更新成功完成
