2025-08-03 15:52:36,390 - INFO - 🌟 每周数据更新程序启动
2025-08-03 15:52:36,395 - INFO - 🚀 开始每周数据更新...
2025-08-03 15:52:36,395 - INFO - ============================================================
2025-08-03 15:52:36,402 - INFO - ✅ 成功连接到MySQL数据库
2025-08-03 15:52:36,403 - INFO - 📊 开始更新近7个自然日K线数据）...
2025-08-03 15:52:36,439 - INFO - 📊 准备更新 5839 只股票的近7个自然日K线数据
2025-08-03 15:52:50,992 - INFO - 📈 已处理 50/5839 只股票，成功 38 只
2025-08-03 15:53:05,577 - INFO - 📈 已处理 100/5839 只股票，成功 81 只
2025-08-03 15:53:20,221 - INFO - 📈 已处理 150/5839 只股票，成功 122 只
2025-08-03 15:53:35,640 - INFO - 📈 已处理 200/5839 只股票，成功 161 只
2025-08-03 15:53:49,971 - INFO - 📈 已处理 250/5839 只股票，成功 199 只
2025-08-03 15:54:04,939 - INFO - 📈 已处理 300/5839 只股票，成功 240 只
2025-08-03 15:54:24,167 - INFO - 📈 已处理 350/5839 只股票，成功 281 只
2025-08-03 15:54:56,907 - INFO - 📈 已处理 450/5839 只股票，成功 370 只
2025-08-03 15:55:12,066 - INFO - 📈 已处理 500/5839 只股票，成功 413 只
2025-08-03 15:55:28,381 - INFO - 📈 已处理 550/5839 只股票，成功 462 只
2025-08-03 15:55:46,211 - INFO - 📈 已处理 600/5839 只股票，成功 512 只
2025-08-03 15:56:01,942 - INFO - 📈 已处理 650/5839 只股票，成功 559 只
2025-08-03 15:56:17,695 - INFO - 📈 已处理 700/5839 只股票，成功 605 只
2025-08-03 15:56:34,176 - INFO - 📈 已处理 750/5839 只股票，成功 653 只
2025-08-03 15:56:51,651 - INFO - 📈 已处理 800/5839 只股票，成功 701 只
2025-08-03 15:57:07,585 - INFO - 📈 已处理 850/5839 只股票，成功 750 只
2025-08-03 15:57:23,036 - INFO - 📈 已处理 900/5839 只股票，成功 797 只
2025-08-03 15:57:38,564 - INFO - 📈 已处理 950/5839 只股票，成功 843 只
2025-08-03 15:57:54,310 - INFO - 📈 已处理 1000/5839 只股票，成功 892 只
2025-08-03 15:58:09,678 - INFO - 📈 已处理 1050/5839 只股票，成功 938 只
2025-08-03 15:58:24,837 - INFO - 📈 已处理 1100/5839 只股票，成功 983 只
2025-08-03 15:58:40,718 - INFO - 📈 已处理 1150/5839 只股票，成功 1027 只
2025-08-03 15:58:56,546 - INFO - 📈 已处理 1200/5839 只股票，成功 1077 只
2025-08-03 15:59:12,413 - INFO - 📈 已处理 1250/5839 只股票，成功 1122 只
2025-08-03 15:59:29,256 - INFO - 📈 已处理 1300/5839 只股票，成功 1169 只
2025-08-03 15:59:45,699 - INFO - 📈 已处理 1350/5839 只股票，成功 1216 只
2025-08-03 16:00:00,593 - INFO - 📈 已处理 1400/5839 只股票，成功 1261 只
2025-08-03 16:00:18,011 - INFO - 📈 已处理 1450/5839 只股票，成功 1311 只
2025-08-03 16:00:34,507 - INFO - 📈 已处理 1500/5839 只股票，成功 1361 只
2025-08-03 16:00:49,622 - INFO - 📈 已处理 1550/5839 只股票，成功 1411 只
2025-08-03 16:01:06,326 - INFO - 📈 已处理 1600/5839 只股票，成功 1461 只
2025-08-03 16:01:33,053 - INFO - 📈 已处理 1700/5839 只股票，成功 1502 只
2025-08-03 16:01:48,488 - INFO - 📈 已处理 1750/5839 只股票，成功 1548 只
2025-08-03 16:02:03,627 - INFO - 📈 已处理 1800/5839 只股票，成功 1592 只
2025-08-03 16:02:19,966 - INFO - 📈 已处理 1850/5839 只股票，成功 1641 只
2025-08-03 16:02:34,814 - INFO - 📈 已处理 1900/5839 只股票，成功 1686 只
2025-08-03 16:02:50,148 - INFO - 📈 已处理 1950/5839 只股票，成功 1735 只
2025-08-03 16:03:05,044 - INFO - 📈 已处理 2000/5839 只股票，成功 1779 只
2025-08-03 16:03:19,902 - INFO - 📈 已处理 2050/5839 只股票，成功 1823 只
2025-08-03 16:03:35,276 - INFO - 📈 已处理 2100/5839 只股票，成功 1871 只
2025-08-03 16:03:52,408 - INFO - 📈 已处理 2150/5839 只股票，成功 1920 只
2025-08-03 16:04:10,159 - INFO - 📈 已处理 2200/5839 只股票，成功 1969 只
2025-08-03 16:04:25,782 - INFO - 📈 已处理 2250/5839 只股票，成功 2018 只
2025-08-03 16:04:40,989 - INFO - 📈 已处理 2300/5839 只股票，成功 2068 只
2025-08-03 16:04:55,991 - INFO - 📈 已处理 2350/5839 只股票，成功 2117 只
2025-08-03 16:05:14,900 - INFO - 📈 已处理 2400/5839 只股票，成功 2167 只
2025-08-03 16:05:33,514 - INFO - 📈 已处理 2450/5839 只股票，成功 2216 只
2025-08-03 16:05:49,875 - INFO - 📈 已处理 2500/5839 只股票，成功 2265 只
2025-08-03 16:06:05,466 - INFO - 📈 已处理 2550/5839 只股票，成功 2315 只
2025-08-03 16:06:20,833 - INFO - 📈 已处理 2600/5839 只股票，成功 2365 只
2025-08-03 16:06:36,246 - INFO - 📈 已处理 2650/5839 只股票，成功 2415 只
2025-08-03 16:06:53,254 - INFO - 📈 已处理 2700/5839 只股票，成功 2465 只
2025-08-03 16:07:08,564 - INFO - 📈 已处理 2750/5839 只股票，成功 2515 只
2025-08-03 16:07:26,164 - INFO - 📈 已处理 2800/5839 只股票，成功 2565 只
2025-08-03 16:07:42,284 - INFO - 📈 已处理 2850/5839 只股票，成功 2615 只
2025-08-03 16:07:59,240 - INFO - 📈 已处理 2900/5839 只股票，成功 2665 只
2025-08-03 16:08:14,921 - INFO - 📈 已处理 2950/5839 只股票，成功 2715 只
2025-08-03 16:08:32,204 - INFO - 📈 已处理 3000/5839 只股票，成功 2765 只
2025-08-03 16:08:50,432 - INFO - 📈 已处理 3050/5839 只股票，成功 2815 只
2025-08-03 16:09:06,136 - INFO - 📈 已处理 3100/5839 只股票，成功 2865 只
2025-08-03 16:09:22,489 - INFO - 📈 已处理 3150/5839 只股票，成功 2911 只
2025-08-03 16:09:41,479 - INFO - 📈 已处理 3200/5839 只股票，成功 2948 只
2025-08-03 16:09:58,139 - INFO - 📈 已处理 3250/5839 只股票，成功 2992 只
2025-08-03 16:10:34,238 - INFO - 📈 已处理 3300/5839 只股票，成功 3038 只
2025-08-03 16:10:48,754 - INFO - 📈 已处理 3350/5839 只股票，成功 3079 只
2025-08-03 16:11:05,111 - INFO - 📈 已处理 3400/5839 只股票，成功 3118 只
2025-08-03 16:11:24,292 - INFO - 📈 已处理 3450/5839 只股票，成功 3165 只
2025-08-03 16:11:40,884 - INFO - 📈 已处理 3500/5839 只股票，成功 3210 只
2025-08-03 16:11:56,489 - INFO - 📈 已处理 3550/5839 只股票，成功 3256 只
2025-08-03 16:12:11,746 - INFO - 📈 已处理 3600/5839 只股票，成功 3302 只
2025-08-03 16:12:31,158 - INFO - 📈 已处理 3650/5839 只股票，成功 3349 只
2025-08-03 16:13:02,579 - INFO - 📈 已处理 3750/5839 只股票，成功 3428 只
2025-08-03 16:13:17,555 - INFO - 📈 已处理 3800/5839 只股票，成功 3472 只
2025-08-03 16:13:33,798 - INFO - 📈 已处理 3850/5839 只股票，成功 3513 只
2025-08-03 16:13:48,413 - INFO - 📈 已处理 3900/5839 只股票，成功 3554 只
2025-08-03 16:14:06,982 - INFO - 📈 已处理 3950/5839 只股票，成功 3598 只
2025-08-03 16:14:22,012 - INFO - 📈 已处理 4000/5839 只股票，成功 3646 只
2025-08-03 16:14:38,060 - INFO - 📈 已处理 4050/5839 只股票，成功 3695 只
2025-08-03 16:14:55,289 - INFO - 📈 已处理 4100/5839 只股票，成功 3742 只
2025-08-03 16:15:10,737 - INFO - 📈 已处理 4150/5839 只股票，成功 3791 只
2025-08-03 16:15:29,511 - INFO - 📈 已处理 4200/5839 只股票，成功 3841 只
2025-08-03 16:15:46,208 - INFO - 📈 已处理 4250/5839 只股票，成功 3890 只
2025-08-03 16:16:02,369 - INFO - 📈 已处理 4300/5839 只股票，成功 3940 只
2025-08-03 16:16:19,368 - INFO - 📈 已处理 4350/5839 只股票，成功 3989 只
2025-08-03 16:16:35,211 - INFO - 📈 已处理 4400/5839 只股票，成功 4038 只
2025-08-03 16:16:51,409 - INFO - 📈 已处理 4450/5839 只股票，成功 4088 只
2025-08-03 16:17:07,170 - INFO - 📈 已处理 4500/5839 只股票，成功 4138 只
2025-08-03 16:17:23,511 - INFO - 📈 已处理 4550/5839 只股票，成功 4187 只
2025-08-03 16:17:40,769 - INFO - 📈 已处理 4600/5839 只股票，成功 4236 只
2025-08-03 16:17:58,077 - INFO - 📈 已处理 4650/5839 只股票，成功 4285 只
2025-08-03 16:18:14,789 - INFO - 📈 已处理 4700/5839 只股票，成功 4335 只
2025-08-03 16:18:36,247 - INFO - 📈 已处理 4750/5839 只股票，成功 4385 只
2025-08-03 16:18:52,761 - INFO - 📈 已处理 4800/5839 只股票，成功 4435 只
2025-08-03 16:19:09,053 - INFO - 📈 已处理 4850/5839 只股票，成功 4483 只
2025-08-03 16:19:26,314 - INFO - 📈 已处理 4900/5839 只股票，成功 4533 只
2025-08-03 16:19:46,196 - INFO - 📈 已处理 4950/5839 只股票，成功 4583 只
2025-08-03 16:20:05,814 - INFO - 📈 已处理 5000/5839 只股票，成功 4633 只
2025-08-03 16:20:27,978 - INFO - 📈 已处理 5050/5839 只股票，成功 4683 只
2025-08-03 16:20:44,216 - INFO - 📈 已处理 5100/5839 只股票，成功 4733 只
2025-08-03 16:21:03,239 - INFO - 📈 已处理 5150/5839 只股票，成功 4783 只
2025-08-03 16:21:19,517 - INFO - 📈 已处理 5200/5839 只股票，成功 4833 只
2025-08-03 16:21:37,070 - INFO - 📈 已处理 5250/5839 只股票，成功 4883 只
2025-08-03 16:21:54,887 - INFO - 📈 已处理 5300/5839 只股票，成功 4933 只
2025-08-03 16:22:14,361 - INFO - 📈 已处理 5350/5839 只股票，成功 4983 只
2025-08-03 16:22:31,004 - INFO - 📈 已处理 5400/5839 只股票，成功 5033 只
2025-08-03 16:22:46,266 - INFO - 📈 已处理 5450/5839 只股票，成功 5083 只
2025-08-03 16:23:02,988 - INFO - 📈 已处理 5500/5839 只股票，成功 5133 只
2025-08-03 16:23:22,677 - INFO - 📈 已处理 5550/5839 只股票，成功 5183 只
2025-08-03 16:23:39,464 - INFO - 📈 已处理 5600/5839 只股票，成功 5233 只
2025-08-03 16:23:55,596 - INFO - 📈 已处理 5650/5839 只股票，成功 5283 只
2025-08-03 16:24:12,086 - INFO - 📈 已处理 5700/5839 只股票，成功 5333 只
2025-08-03 16:24:28,966 - INFO - 📈 已处理 5750/5839 只股票，成功 5383 只
2025-08-03 16:24:58,086 - INFO - ✅ 本周K线更新完成: 5417 条记录
2025-08-03 16:24:58,086 - INFO - 📅 开始更新交易日历...
2025-08-03 16:24:58,897 - INFO - ✅ 2005 年交易日历: 365 条记录
2025-08-03 16:24:59,002 - INFO - ✅ 2006 年交易日历: 365 条记录
2025-08-03 16:24:59,095 - INFO - ✅ 2007 年交易日历: 365 条记录
2025-08-03 16:24:59,203 - INFO - ✅ 2008 年交易日历: 366 条记录
2025-08-03 16:24:59,296 - INFO - ✅ 2009 年交易日历: 365 条记录
2025-08-03 16:24:59,389 - INFO - ✅ 2010 年交易日历: 365 条记录
2025-08-03 16:24:59,484 - INFO - ✅ 2011 年交易日历: 365 条记录
2025-08-03 16:24:59,581 - INFO - ✅ 2012 年交易日历: 366 条记录
2025-08-03 16:24:59,701 - INFO - ✅ 2013 年交易日历: 365 条记录
2025-08-03 16:24:59,800 - INFO - ✅ 2014 年交易日历: 365 条记录
2025-08-03 16:24:59,890 - INFO - ✅ 2015 年交易日历: 365 条记录
2025-08-03 16:24:59,982 - INFO - ✅ 2016 年交易日历: 366 条记录
2025-08-03 16:25:00,079 - INFO - ✅ 2017 年交易日历: 364 条记录
2025-08-03 16:25:00,178 - INFO - ✅ 2018 年交易日历: 365 条记录
2025-08-03 16:25:00,273 - INFO - ✅ 2019 年交易日历: 365 条记录
2025-08-03 16:25:00,394 - INFO - ✅ 2020 年交易日历: 366 条记录
2025-08-03 16:25:00,501 - INFO - ✅ 2021 年交易日历: 365 条记录
2025-08-03 16:25:00,595 - INFO - ✅ 2022 年交易日历: 365 条记录
2025-08-03 16:25:00,687 - INFO - ✅ 2023 年交易日历: 365 条记录
2025-08-03 16:25:00,782 - INFO - ✅ 2024 年交易日历: 366 条记录
2025-08-03 16:25:00,876 - INFO - ✅ 2025 年交易日历: 365 条记录
2025-08-03 16:25:00,876 - INFO - ✅ 交易日历更新完成: 7669 条记录
2025-08-03 16:25:00,877 - INFO - ============================================================
2025-08-03 16:25:00,877 - INFO - 📊 本周数据更新统计
2025-08-03 16:25:00,877 - INFO - ============================================================
2025-08-03 16:25:00,877 - INFO - ⏱️  更新耗时: 0:32:24.482003
2025-08-03 16:25:00,877 - INFO - 📈 实时行情: 0 条
2025-08-03 16:25:00,877 - INFO - 📊 本周K线: 5,417 条
2025-08-03 16:25:00,878 - INFO - 📅 交易日历: 7,669 条
2025-08-03 16:25:00,878 - INFO - ✅ 无错误
2025-08-03 16:25:00,878 - INFO - ============================================================
2025-08-03 16:25:00,886 - INFO - 🎉 本周数据更新完成！
2025-08-03 16:25:00,886 - INFO - 数据库连接已关闭
2025-08-03 16:25:00,886 - INFO - ✅ 每周数据更新成功完成
