2025-08-16 15:48:08,418 - INFO - 🌟 每周数据更新程序启动
2025-08-16 15:49:56,100 - INFO - 🌟 每周数据更新程序启动
2025-08-16 15:49:56,100 - INFO - 🚀 开始每周数据更新...
2025-08-16 15:49:56,100 - INFO - ============================================================
2025-08-16 15:49:56,110 - INFO - ✅ 成功连接到MySQL数据库
2025-08-16 15:49:56,110 - INFO - 清空基金基本信息...
2025-08-16 15:49:56,188 - INFO - 🚀 开始获取ADATA所有基金基本信息...
2025-08-16 15:50:03,010 - INFO - 📊 获取到 24781 只基金信息
2025-08-16 15:50:03,035 - ERROR - ✗ 插入基金基本信息失败: 'stock_code'
2025-08-16 15:50:03,037 - INFO - ============================================================
2025-08-16 15:50:03,037 - INFO - 📊 本周数据更新统计
2025-08-16 15:50:03,037 - INFO - ============================================================
2025-08-16 15:50:03,037 - INFO - ⏱️  更新耗时: 0:00:06.937023
2025-08-16 15:50:03,038 - INFO - ✅ 无错误
2025-08-16 15:50:03,038 - INFO - ============================================================
2025-08-16 15:50:03,038 - INFO - 🎉 本周数据更新完成！
2025-08-16 15:50:03,038 - INFO - 数据库连接已关闭
2025-08-16 15:50:03,039 - INFO - ✅ 每周数据更新成功完成
2025-08-16 15:50:48,059 - INFO - 🌟 每周数据更新程序启动
2025-08-16 15:50:48,059 - INFO - 🚀 开始每周数据更新...
2025-08-16 15:50:48,060 - INFO - ============================================================
2025-08-16 15:50:48,060 - INFO - ✅ 成功连接到MySQL数据库
2025-08-16 15:50:48,060 - INFO - 清空基金基本信息...
2025-08-16 15:50:48,177 - INFO - 🚀 开始获取ADATA所有基金基本信息...
2025-08-16 15:50:55,108 - INFO - 📊 获取到 24781 只基金信息
2025-08-16 15:50:55,125 - WARNING - 处理基金 000137 失败: (1406, "Data too long for column 'fund_type' at row 1")
2025-08-16 15:50:55,126 - WARNING - 处理基金 000138 失败: (1406, "Data too long for column 'fund_type' at row 1")
2025-08-16 15:50:55,128 - WARNING - 处理基金 000139 失败: (1406, "Data too long for column 'fund_type' at row 1")
2025-08-16 15:50:55,130 - WARNING - 处理基金 000140 失败: (1406, "Data too long for column 'fund_type' at row 1")
2025-08-16 15:50:55,132 - WARNING - 处理基金 000141 失败: (1406, "Data too long for column 'fund_type' at row 1")
2025-08-16 15:50:55,133 - WARNING - 处理基金 000142 失败: (1406, "Data too long for column 'fund_type' at row 1")
2025-08-16 15:50:55,134 - WARNING - 处理基金 000143 失败: (1406, "Data too long for column 'fund_type' at row 1")
2025-08-16 15:50:55,136 - WARNING - 处理基金 000147 失败: (1406, "Data too long for column 'fund_type' at row 1")
2025-08-16 15:50:55,137 - WARNING - 处理基金 000148 失败: (1406, "Data too long for column 'fund_type' at row 1")
2025-08-16 15:50:55,140 - WARNING - 处理基金 000149 失败: (1406, "Data too long for column 'fund_type' at row 1")
2025-08-16 15:50:55,141 - WARNING - 处理基金 000150 失败: (1406, "Data too long for column 'fund_type' at row 1")
2025-08-16 15:50:55,144 - WARNING - 处理基金 000152 失败: (1406, "Data too long for column 'fund_type' at row 1")
2025-08-16 15:50:55,145 - WARNING - 处理基金 000153 失败: (1406, "Data too long for column 'fund_type' at row 1")
2025-08-16 15:50:55,147 - WARNING - 处理基金 000154 失败: (1406, "Data too long for column 'fund_type' at row 1")
2025-08-16 15:50:55,148 - WARNING - 处理基金 000155 失败: (1406, "Data too long for column 'fund_type' at row 1")
2025-08-16 15:50:55,149 - WARNING - 处理基金 000157 失败: (1406, "Data too long for column 'fund_type' at row 1")
2025-08-16 15:50:55,151 - WARNING - 处理基金 000158 失败: (1406, "Data too long for column 'fund_type' at row 1")
2025-08-16 15:50:55,152 - WARNING - 处理基金 000159 失败: (1406, "Data too long for column 'fund_type' at row 1")
2025-08-16 15:50:55,153 - WARNING - 处理基金 000160 失败: (1406, "Data too long for column 'fund_type' at row 1")
2025-08-16 15:50:55,153 - WARNING - 处理基金 000161 失败: (1406, "Data too long for column 'fund_type' at row 1")
2025-08-16 15:50:55,153 - WARNING - 处理基金 000162 失败: (1406, "Data too long for column 'fund_type' at row 1")
2025-08-16 15:50:55,159 - WARNING - 处理基金 000163 失败: (1406, "Data too long for column 'fund_type' at row 1")
2025-08-16 15:50:55,161 - WARNING - 处理基金 000164 失败: (1406, "Data too long for column 'fund_type' at row 1")
2025-08-16 15:50:55,162 - WARNING - 处理基金 000165 失败: (1406, "Data too long for column 'fund_type' at row 1")
2025-08-16 15:50:55,164 - WARNING - 处理基金 000166 失败: (1406, "Data too long for column 'fund_type' at row 1")
2025-08-16 15:50:55,166 - WARNING - 处理基金 000167 失败: (1406, "Data too long for column 'fund_type' at row 1")
2025-08-16 15:50:55,168 - WARNING - 处理基金 000171 失败: (1406, "Data too long for column 'fund_type' at row 1")
2025-08-16 15:50:55,169 - WARNING - 处理基金 000172 失败: (1406, "Data too long for column 'fund_type' at row 1")
2025-08-16 15:50:55,170 - WARNING - 处理基金 000173 失败: (1406, "Data too long for column 'fund_type' at row 1")
2025-08-16 15:50:55,172 - WARNING - 处理基金 000174 失败: (1406, "Data too long for column 'fund_type' at row 1")
2025-08-16 15:50:55,173 - WARNING - 处理基金 000175 失败: (1406, "Data too long for column 'fund_type' at row 1")
2025-08-16 15:50:55,175 - WARNING - 处理基金 000176 失败: (1406, "Data too long for column 'fund_type' at row 1")
2025-08-16 15:50:55,177 - WARNING - 处理基金 000179 失败: (1406, "Data too long for column 'fund_type' at row 1")
2025-08-16 15:50:55,179 - WARNING - 处理基金 000180 失败: (1406, "Data too long for column 'fund_type' at row 1")
2025-08-16 15:50:55,180 - WARNING - 处理基金 000181 失败: (1406, "Data too long for column 'fund_type' at row 1")
2025-08-16 15:50:55,182 - WARNING - 处理基金 000182 失败: (1406, "Data too long for column 'fund_type' at row 1")
2025-08-16 15:50:55,184 - WARNING - 处理基金 000183 失败: (1406, "Data too long for column 'fund_type' at row 1")
2025-08-16 15:50:55,186 - WARNING - 处理基金 000184 失败: (1406, "Data too long for column 'fund_type' at row 1")
2025-08-16 15:50:55,187 - WARNING - 处理基金 000185 失败: (1406, "Data too long for column 'fund_type' at row 1")
2025-08-16 15:50:55,188 - WARNING - 处理基金 000186 失败: (1406, "Data too long for column 'fund_type' at row 1")
2025-08-16 15:50:55,191 - WARNING - 处理基金 000187 失败: (1406, "Data too long for column 'fund_type' at row 1")
2025-08-16 15:50:55,192 - WARNING - 处理基金 000188 失败: (1406, "Data too long for column 'fund_type' at row 1")
2025-08-16 15:50:55,194 - WARNING - 处理基金 000189 失败: (1406, "Data too long for column 'fund_type' at row 1")
2025-08-16 15:50:55,195 - WARNING - 处理基金 000190 失败: (1406, "Data too long for column 'fund_type' at row 1")
2025-08-16 15:50:55,198 - WARNING - 处理基金 000191 失败: (1406, "Data too long for column 'fund_type' at row 1")
2025-08-16 15:50:55,199 - WARNING - 处理基金 000192 失败: (1406, "Data too long for column 'fund_type' at row 1")
2025-08-16 15:50:55,201 - WARNING - 处理基金 000194 失败: (1406, "Data too long for column 'fund_type' at row 1")
2025-08-16 15:50:55,204 - WARNING - 处理基金 000195 失败: (1406, "Data too long for column 'fund_type' at row 1")
2025-08-16 15:50:55,205 - WARNING - 处理基金 000196 失败: (1406, "Data too long for column 'fund_type' at row 1")
2025-08-16 15:50:55,207 - WARNING - 处理基金 000197 失败: (1406, "Data too long for column 'fund_type' at row 1")
2025-08-16 15:50:55,208 - WARNING - 处理基金 000198 失败: (1406, "Data too long for column 'fund_type' at row 1")
2025-08-16 15:50:55,210 - WARNING - 处理基金 000199 失败: (1406, "Data too long for column 'fund_type' at row 1")
2025-08-16 15:50:55,212 - WARNING - 处理基金 000200 失败: (1406, "Data too long for column 'fund_type' at row 1")
2025-08-16 15:50:55,214 - WARNING - 处理基金 000201 失败: (1406, "Data too long for column 'fund_type' at row 1")
2025-08-16 15:50:55,215 - WARNING - 处理基金 000203 失败: (1406, "Data too long for column 'fund_type' at row 1")
2025-08-16 15:50:55,218 - WARNING - 处理基金 000204 失败: (1406, "Data too long for column 'fund_type' at row 1")
2025-08-16 15:50:55,220 - WARNING - 处理基金 000205 失败: (1406, "Data too long for column 'fund_type' at row 1")
2025-08-16 15:50:55,221 - WARNING - 处理基金 000206 失败: (1406, "Data too long for column 'fund_type' at row 1")
2025-08-16 15:50:55,222 - WARNING - 处理基金 000207 失败: (1406, "Data too long for column 'fund_type' at row 1")
2025-08-16 15:50:55,226 - WARNING - 处理基金 000208 失败: (1406, "Data too long for column 'fund_type' at row 1")
2025-08-16 15:50:55,228 - WARNING - 处理基金 000209 失败: (1406, "Data too long for column 'fund_type' at row 1")
2025-08-16 15:50:55,229 - WARNING - 处理基金 000210 失败: (1406, "Data too long for column 'fund_type' at row 1")
2025-08-16 15:50:55,232 - WARNING - 处理基金 000211 失败: (1406, "Data too long for column 'fund_type' at row 1")
2025-08-16 15:50:55,234 - WARNING - 处理基金 000212 失败: (1406, "Data too long for column 'fund_type' at row 1")
2025-08-16 15:50:55,236 - WARNING - 处理基金 000213 失败: (1406, "Data too long for column 'fund_type' at row 1")
2025-08-16 15:50:55,237 - WARNING - 处理基金 000214 失败: (1406, "Data too long for column 'fund_type' at row 1")
2025-08-16 15:50:55,240 - WARNING - 处理基金 000215 失败: (1406, "Data too long for column 'fund_type' at row 1")
2025-08-16 15:50:55,242 - WARNING - 处理基金 000216 失败: (1406, "Data too long for column 'fund_type' at row 1")
2025-08-16 15:50:55,244 - WARNING - 处理基金 000217 失败: (1406, "Data too long for column 'fund_type' at row 1")
2025-08-16 15:50:55,246 - WARNING - 处理基金 000218 失败: (1406, "Data too long for column 'fund_type' at row 1")
2025-08-16 15:50:55,248 - WARNING - 处理基金 000219 失败: (1406, "Data too long for column 'fund_type' at row 1")
2025-08-16 15:50:55,250 - WARNING - 处理基金 000220 失败: (1406, "Data too long for column 'fund_type' at row 1")
2025-08-16 15:50:55,253 - WARNING - 处理基金 000221 失败: (1406, "Data too long for column 'fund_type' at row 1")
2025-08-16 15:50:55,255 - WARNING - 处理基金 000222 失败: (1406, "Data too long for column 'fund_type' at row 1")
2025-08-16 15:50:55,257 - WARNING - 处理基金 000227 失败: (1406, "Data too long for column 'fund_type' at row 1")
2025-08-16 15:50:55,259 - WARNING - 处理基金 000235 失败: (1406, "Data too long for column 'fund_type' at row 1")
2025-08-16 15:50:55,261 - WARNING - 处理基金 000236 失败: (1406, "Data too long for column 'fund_type' at row 1")
2025-08-16 15:50:55,264 - WARNING - 处理基金 000239 失败: (1406, "Data too long for column 'fund_type' at row 1")
2025-08-16 15:50:55,266 - WARNING - 处理基金 000240 失败: (1406, "Data too long for column 'fund_type' at row 1")
2025-08-16 15:50:55,268 - WARNING - 处理基金 000241 失败: (1406, "Data too long for column 'fund_type' at row 1")
2025-08-16 15:50:55,270 - WARNING - 处理基金 000242 失败: (1406, "Data too long for column 'fund_type' at row 1")
2025-08-16 15:50:55,272 - WARNING - 处理基金 000244 失败: (1406, "Data too long for column 'fund_type' at row 1")
2025-08-16 15:50:55,272 - WARNING - 处理基金 000245 失败: (1406, "Data too long for column 'fund_type' at row 1")
2025-08-16 15:50:55,277 - WARNING - 处理基金 000248 失败: (1406, "Data too long for column 'fund_type' at row 1")
2025-08-16 15:50:55,279 - WARNING - 处理基金 000251 失败: (1406, "Data too long for column 'fund_type' at row 1")
2025-08-16 15:50:55,281 - WARNING - 处理基金 000252 失败: (1406, "Data too long for column 'fund_type' at row 1")
2025-08-16 15:50:55,284 - WARNING - 处理基金 000253 失败: (1406, "Data too long for column 'fund_type' at row 1")
2025-08-16 15:50:55,287 - WARNING - 处理基金 000254 失败: (1406, "Data too long for column 'fund_type' at row 1")
2025-08-16 15:50:55,288 - WARNING - 处理基金 000255 失败: (1406, "Data too long for column 'fund_type' at row 1")
2025-08-16 15:50:55,291 - WARNING - 处理基金 000259 失败: (1406, "Data too long for column 'fund_type' at row 1")
2025-08-16 15:50:55,293 - WARNING - 处理基金 000263 失败: (1406, "Data too long for column 'fund_type' at row 1")
2025-08-16 15:50:55,295 - WARNING - 处理基金 000264 失败: (1406, "Data too long for column 'fund_type' at row 1")
2025-08-16 15:50:55,299 - WARNING - 处理基金 000265 失败: (1406, "Data too long for column 'fund_type' at row 1")
2025-08-16 15:50:55,301 - WARNING - 处理基金 000266 失败: (1406, "Data too long for column 'fund_type' at row 1")
2025-08-16 15:50:55,303 - WARNING - 处理基金 000267 失败: (1406, "Data too long for column 'fund_type' at row 1")
2025-08-16 15:50:55,305 - WARNING - 处理基金 000268 失败: (1406, "Data too long for column 'fund_type' at row 1")
2025-08-16 15:50:55,307 - WARNING - 处理基金 000270 失败: (1406, "Data too long for column 'fund_type' at row 1")
2025-08-16 15:50:55,310 - WARNING - 处理基金 000271 失败: (1406, "Data too long for column 'fund_type' at row 1")
2025-08-16 15:50:55,313 - WARNING - 处理基金 000272 失败: (1406, "Data too long for column 'fund_type' at row 1")
2025-08-16 15:50:55,317 - WARNING - 处理基金 000273 失败: (1406, "Data too long for column 'fund_type' at row 1")
2025-08-16 15:50:55,320 - WARNING - 处理基金 000274 失败: (1406, "Data too long for column 'fund_type' at row 1")
2025-08-16 15:50:55,323 - WARNING - 处理基金 000275 失败: (1406, "Data too long for column 'fund_type' at row 1")
2025-08-16 15:50:55,325 - WARNING - 处理基金 000277 失败: (1406, "Data too long for column 'fund_type' at row 1")
2025-08-16 15:50:55,327 - WARNING - 处理基金 000279 失败: (1406, "Data too long for column 'fund_type' at row 1")
2025-08-16 15:50:55,330 - WARNING - 处理基金 000286 失败: (1406, "Data too long for column 'fund_type' at row 1")
2025-08-16 15:50:55,333 - WARNING - 处理基金 000289 失败: (1406, "Data too long for column 'fund_type' at row 1")
2025-08-16 15:50:55,335 - WARNING - 处理基金 000290 失败: (1406, "Data too long for column 'fund_type' at row 1")
2025-08-16 15:50:55,338 - WARNING - 处理基金 000294 失败: (1406, "Data too long for column 'fund_type' at row 1")
2025-08-16 15:50:55,341 - WARNING - 处理基金 000295 失败: (1406, "Data too long for column 'fund_type' at row 1")
2025-08-16 15:50:55,343 - WARNING - 处理基金 000296 失败: (1406, "Data too long for column 'fund_type' at row 1")
2025-08-16 15:50:55,345 - WARNING - 处理基金 000297 失败: (1406, "Data too long for column 'fund_type' at row 1")
2025-08-16 15:50:55,348 - WARNING - 处理基金 000298 失败: (1406, "Data too long for column 'fund_type' at row 1")
2025-08-16 15:50:55,351 - WARNING - 处理基金 000299 失败: (1406, "Data too long for column 'fund_type' at row 1")
2025-08-16 15:50:55,354 - WARNING - 处理基金 000300 失败: (1406, "Data too long for column 'fund_type' at row 1")
2025-08-16 15:50:55,355 - WARNING - 处理基金 000301 失败: (1406, "Data too long for column 'fund_type' at row 1")
2025-08-16 15:50:55,358 - WARNING - 处理基金 000305 失败: (1406, "Data too long for column 'fund_type' at row 1")
2025-08-16 15:50:55,360 - WARNING - 处理基金 000306 失败: (1406, "Data too long for column 'fund_type' at row 1")
2025-08-16 15:50:55,363 - WARNING - 处理基金 000307 失败: (1406, "Data too long for column 'fund_type' at row 1")
2025-08-16 15:50:55,366 - WARNING - 处理基金 000308 失败: (1406, "Data too long for column 'fund_type' at row 1")
2025-08-16 15:50:55,369 - WARNING - 处理基金 000309 失败: (1406, "Data too long for column 'fund_type' at row 1")
2025-08-16 15:50:55,371 - WARNING - 处理基金 000310 失败: (1406, "Data too long for column 'fund_type' at row 1")
2025-08-16 15:50:55,374 - WARNING - 处理基金 000311 失败: (1406, "Data too long for column 'fund_type' at row 1")
2025-08-16 15:50:55,375 - WARNING - 处理基金 000312 失败: (1406, "Data too long for column 'fund_type' at row 1")
2025-08-16 15:50:55,378 - WARNING - 处理基金 000313 失败: (1406, "Data too long for column 'fund_type' at row 1")
2025-08-16 15:50:55,382 - WARNING - 处理基金 000314 失败: (1406, "Data too long for column 'fund_type' at row 1")
2025-08-16 15:50:55,384 - WARNING - 处理基金 000319 失败: (1406, "Data too long for column 'fund_type' at row 1")
2025-08-16 15:50:55,386 - WARNING - 处理基金 000320 失败: (1406, "Data too long for column 'fund_type' at row 1")
2025-08-16 15:50:55,389 - WARNING - 处理基金 000322 失败: (1406, "Data too long for column 'fund_type' at row 1")
2025-08-16 15:50:55,391 - WARNING - 处理基金 000324 失败: (1406, "Data too long for column 'fund_type' at row 1")
2025-08-16 15:50:55,395 - WARNING - 处理基金 000325 失败: (1406, "Data too long for column 'fund_type' at row 1")
2025-08-16 15:50:55,397 - WARNING - 处理基金 000326 失败: (1406, "Data too long for column 'fund_type' at row 1")
2025-08-16 15:50:55,398 - WARNING - 处理基金 000327 失败: (1406, "Data too long for column 'fund_type' at row 1")
2025-08-16 15:50:55,402 - WARNING - 处理基金 000328 失败: (1406, "Data too long for column 'fund_type' at row 1")
2025-08-16 15:50:55,405 - WARNING - 处理基金 000329 失败: (1406, "Data too long for column 'fund_type' at row 1")
2025-08-16 15:50:55,406 - WARNING - 处理基金 000330 失败: (1406, "Data too long for column 'fund_type' at row 1")
2025-08-16 15:50:55,410 - WARNING - 处理基金 000331 失败: (1406, "Data too long for column 'fund_type' at row 1")
2025-08-16 15:50:55,413 - WARNING - 处理基金 000332 失败: (1406, "Data too long for column 'fund_type' at row 1")
2025-08-16 15:50:55,414 - WARNING - 处理基金 000333 失败: (1406, "Data too long for column 'fund_type' at row 1")
2025-08-16 15:50:55,419 - WARNING - 处理基金 000334 失败: (1406, "Data too long for column 'fund_type' at row 1")
2025-08-16 15:50:55,421 - WARNING - 处理基金 000335 失败: (1406, "Data too long for column 'fund_type' at row 1")
2025-08-16 15:50:55,422 - WARNING - 处理基金 000336 失败: (1406, "Data too long for column 'fund_type' at row 1")
2025-08-16 15:50:55,427 - WARNING - 处理基金 000338 失败: (1406, "Data too long for column 'fund_type' at row 1")
2025-08-16 15:50:55,430 - WARNING - 处理基金 000339 失败: (1406, "Data too long for column 'fund_type' at row 1")
2025-08-16 15:50:55,431 - WARNING - 处理基金 000341 失败: (1406, "Data too long for column 'fund_type' at row 1")
2025-08-16 15:50:55,437 - WARNING - 处理基金 000342 失败: (1406, "Data too long for column 'fund_type' at row 1")
2025-08-16 15:50:55,440 - WARNING - 处理基金 000343 失败: (1406, "Data too long for column 'fund_type' at row 1")
2025-08-16 15:50:55,441 - WARNING - 处理基金 000345 失败: (1406, "Data too long for column 'fund_type' at row 1")
2025-08-16 15:50:55,445 - WARNING - 处理基金 000346 失败: (1406, "Data too long for column 'fund_type' at row 1")
2025-08-16 15:50:55,448 - WARNING - 处理基金 000347 失败: (1406, "Data too long for column 'fund_type' at row 1")
2025-08-16 15:50:55,449 - WARNING - 处理基金 000351 失败: (1406, "Data too long for column 'fund_type' at row 1")
2025-08-16 15:50:55,454 - WARNING - 处理基金 000352 失败: (1406, "Data too long for column 'fund_type' at row 1")
2025-08-16 15:50:55,457 - WARNING - 处理基金 000354 失败: (1406, "Data too long for column 'fund_type' at row 1")
2025-08-16 15:50:55,459 - WARNING - 处理基金 000355 失败: (1406, "Data too long for column 'fund_type' at row 1")
2025-08-16 15:50:55,462 - WARNING - 处理基金 000356 失败: (1406, "Data too long for column 'fund_type' at row 1")
2025-08-16 15:50:55,466 - WARNING - 处理基金 000359 失败: (1406, "Data too long for column 'fund_type' at row 1")
2025-08-16 15:50:55,468 - WARNING - 处理基金 000362 失败: (1406, "Data too long for column 'fund_type' at row 1")
2025-08-16 15:50:55,471 - WARNING - 处理基金 000363 失败: (1406, "Data too long for column 'fund_type' at row 1")
2025-08-16 15:50:55,473 - WARNING - 处理基金 000366 失败: (1406, "Data too long for column 'fund_type' at row 1")
2025-08-16 15:50:55,474 - WARNING - 处理基金 000367 失败: (1406, "Data too long for column 'fund_type' at row 1")
2025-08-16 15:50:55,479 - WARNING - 处理基金 000368 失败: (1406, "Data too long for column 'fund_type' at row 1")
2025-08-16 15:50:55,482 - WARNING - 处理基金 000369 失败: (1406, "Data too long for column 'fund_type' at row 1")
2025-08-16 15:50:55,485 - WARNING - 处理基金 000370 失败: (1406, "Data too long for column 'fund_type' at row 1")
2025-08-16 15:50:55,487 - WARNING - 处理基金 000371 失败: (1406, "Data too long for column 'fund_type' at row 1")
2025-08-16 15:50:55,488 - WARNING - 处理基金 000372 失败: (1406, "Data too long for column 'fund_type' at row 1")
2025-08-16 15:50:55,493 - WARNING - 处理基金 000373 失败: (1406, "Data too long for column 'fund_type' at row 1")
2025-08-16 15:50:55,496 - WARNING - 处理基金 000376 失败: (1406, "Data too long for column 'fund_type' at row 1")
2025-08-16 15:50:55,500 - WARNING - 处理基金 000377 失败: (1406, "Data too long for column 'fund_type' at row 1")
2025-08-16 15:50:55,502 - WARNING - 处理基金 000378 失败: (1406, "Data too long for column 'fund_type' at row 1")
2025-08-16 15:50:55,503 - WARNING - 处理基金 000379 失败: (1406, "Data too long for column 'fund_type' at row 1")
2025-08-16 15:50:55,508 - WARNING - 处理基金 000380 失败: (1406, "Data too long for column 'fund_type' at row 1")
2025-08-16 15:50:55,511 - WARNING - 处理基金 000381 失败: (1406, "Data too long for column 'fund_type' at row 1")
2025-08-16 15:50:55,514 - WARNING - 处理基金 000385 失败: (1406, "Data too long for column 'fund_type' at row 1")
2025-08-16 15:50:55,518 - WARNING - 处理基金 000386 失败: (1406, "Data too long for column 'fund_type' at row 1")
2025-08-16 15:50:55,521 - WARNING - 处理基金 000389 失败: (1406, "Data too long for column 'fund_type' at row 1")
2025-08-16 15:50:55,522 - WARNING - 处理基金 000390 失败: (1406, "Data too long for column 'fund_type' at row 1")
2025-08-16 15:50:55,526 - WARNING - 处理基金 000394 失败: (1406, "Data too long for column 'fund_type' at row 1")
2025-08-16 15:50:55,530 - WARNING - 处理基金 000395 失败: (1406, "Data too long for column 'fund_type' at row 1")
2025-08-16 15:50:55,531 - WARNING - 处理基金 000396 失败: (1406, "Data too long for column 'fund_type' at row 1")
2025-08-16 15:50:55,536 - WARNING - 处理基金 000397 失败: (1406, "Data too long for column 'fund_type' at row 1")
2025-08-16 15:50:55,538 - WARNING - 处理基金 000398 失败: (1406, "Data too long for column 'fund_type' at row 1")
2025-08-16 15:50:55,539 - WARNING - 处理基金 000402 失败: (1406, "Data too long for column 'fund_type' at row 1")
2025-08-16 15:50:55,545 - WARNING - 处理基金 000403 失败: (1406, "Data too long for column 'fund_type' at row 1")
2025-08-16 15:50:55,548 - WARNING - 处理基金 000404 失败: (1406, "Data too long for column 'fund_type' at row 1")
2025-08-16 15:50:55,551 - WARNING - 处理基金 000406 失败: (1406, "Data too long for column 'fund_type' at row 1")
2025-08-16 15:50:55,554 - WARNING - 处理基金 000407 失败: (1406, "Data too long for column 'fund_type' at row 1")
2025-08-16 15:50:55,554 - WARNING - 处理基金 000408 失败: (1406, "Data too long for column 'fund_type' at row 1")
2025-08-16 15:50:55,560 - WARNING - 处理基金 000409 失败: (1406, "Data too long for column 'fund_type' at row 1")
2025-08-16 15:50:55,564 - WARNING - 处理基金 000410 失败: (1406, "Data too long for column 'fund_type' at row 1")
2025-08-16 15:50:55,564 - WARNING - 处理基金 000411 失败: (1406, "Data too long for column 'fund_type' at row 1")
2025-08-16 15:50:55,569 - WARNING - 处理基金 000414 失败: (1406, "Data too long for column 'fund_type' at row 1")
2025-08-16 15:50:55,572 - WARNING - 处理基金 000415 失败: (1406, "Data too long for column 'fund_type' at row 1")
2025-08-16 15:50:55,573 - WARNING - 处理基金 000416 失败: (1406, "Data too long for column 'fund_type' at row 1")
2025-08-16 15:50:55,579 - WARNING - 处理基金 000417 失败: (1406, "Data too long for column 'fund_type' at row 1")
2025-08-16 15:50:55,582 - WARNING - 处理基金 000418 失败: (1406, "Data too long for column 'fund_type' at row 1")
2025-08-16 15:50:55,582 - WARNING - 处理基金 000419 失败: (1406, "Data too long for column 'fund_type' at row 1")
2025-08-16 15:50:55,589 - WARNING - 处理基金 000420 失败: (1406, "Data too long for column 'fund_type' at row 1")
2025-08-16 15:50:55,592 - WARNING - 处理基金 000423 失败: (1406, "Data too long for column 'fund_type' at row 1")
2025-08-16 15:50:55,592 - WARNING - 处理基金 000424 失败: (1406, "Data too long for column 'fund_type' at row 1")
2025-08-16 15:50:55,599 - WARNING - 处理基金 000425 失败: (1406, "Data too long for column 'fund_type' at row 1")
2025-08-16 15:50:55,602 - WARNING - 处理基金 000431 失败: (1406, "Data too long for column 'fund_type' at row 1")
2025-08-16 15:50:55,605 - WARNING - 处理基金 000432 失败: (1406, "Data too long for column 'fund_type' at row 1")
2025-08-16 15:50:55,608 - WARNING - 处理基金 000433 失败: (1406, "Data too long for column 'fund_type' at row 1")
2025-08-16 15:50:55,608 - WARNING - 处理基金 000434 失败: (1406, "Data too long for column 'fund_type' at row 1")
2025-08-16 15:50:55,617 - WARNING - 处理基金 000436 失败: (1406, "Data too long for column 'fund_type' at row 1")
2025-08-16 15:50:55,625 - WARNING - 处理基金 000452 失败: (1406, "Data too long for column 'fund_type' at row 1")
2025-08-16 15:50:55,629 - WARNING - 处理基金 000457 失败: (1406, "Data too long for column 'fund_type' at row 1")
2025-08-16 15:50:55,634 - WARNING - 处理基金 000458 失败: (1406, "Data too long for column 'fund_type' at row 1")
2025-08-16 15:50:55,637 - WARNING - 处理基金 000459 失败: (1406, "Data too long for column 'fund_type' at row 1")
2025-08-16 15:50:55,638 - WARNING - 处理基金 000462 失败: (1406, "Data too long for column 'fund_type' at row 1")
2025-08-16 15:50:55,644 - WARNING - 处理基金 000464 失败: (1406, "Data too long for column 'fund_type' at row 1")
2025-08-16 15:50:55,647 - WARNING - 处理基金 000465 失败: (1406, "Data too long for column 'fund_type' at row 1")
2025-08-16 15:50:55,651 - WARNING - 处理基金 000469 失败: (1406, "Data too long for column 'fund_type' at row 1")
2025-08-16 15:50:55,655 - WARNING - 处理基金 000470 失败: (1406, "Data too long for column 'fund_type' at row 1")
2025-08-16 15:50:55,659 - WARNING - 处理基金 000471 失败: (1406, "Data too long for column 'fund_type' at row 1")
2025-08-16 15:50:55,659 - WARNING - 处理基金 000472 失败: (1406, "Data too long for column 'fund_type' at row 1")
2025-08-16 15:50:55,666 - WARNING - 处理基金 000475 失败: (1406, "Data too long for column 'fund_type' at row 1")
2025-08-16 15:50:55,671 - WARNING - 处理基金 000476 失败: (1406, "Data too long for column 'fund_type' at row 1")
2025-08-16 15:50:55,673 - WARNING - 处理基金 000477 失败: (1406, "Data too long for column 'fund_type' at row 1")
2025-08-16 15:50:55,677 - WARNING - 处理基金 000478 失败: (1406, "Data too long for column 'fund_type' at row 1")
2025-08-16 15:50:55,681 - WARNING - 处理基金 000480 失败: (1406, "Data too long for column 'fund_type' at row 1")
2025-08-16 15:50:55,681 - WARNING - 处理基金 000483 失败: (1406, "Data too long for column 'fund_type' at row 1")
2025-08-16 15:50:55,689 - WARNING - 处理基金 000484 失败: (1406, "Data too long for column 'fund_type' at row 1")
2025-08-16 15:50:55,692 - WARNING - 处理基金 000487 失败: (1406, "Data too long for column 'fund_type' at row 1")
2025-08-16 15:50:55,696 - WARNING - 处理基金 000488 失败: (1406, "Data too long for column 'fund_type' at row 1")
2025-08-16 15:50:55,700 - WARNING - 处理基金 000493 失败: (1406, "Data too long for column 'fund_type' at row 1")
2025-08-16 15:50:55,703 - WARNING - 处理基金 000494 失败: (1406, "Data too long for column 'fund_type' at row 1")
2025-08-16 15:50:55,707 - WARNING - 处理基金 000495 失败: (1406, "Data too long for column 'fund_type' at row 1")
2025-08-16 15:50:55,710 - WARNING - 处理基金 000496 失败: (1406, "Data too long for column 'fund_type' at row 1")
2025-08-16 15:50:55,716 - WARNING - 处理基金 000497 失败: (1406, "Data too long for column 'fund_type' at row 1")
2025-08-16 15:50:55,719 - WARNING - 处理基金 000503 失败: (1406, "Data too long for column 'fund_type' at row 1")
2025-08-16 15:50:55,723 - WARNING - 处理基金 000504 失败: (1406, "Data too long for column 'fund_type' at row 1")
2025-08-16 15:50:55,727 - WARNING - 处理基金 000505 失败: (1406, "Data too long for column 'fund_type' at row 1")
2025-08-16 15:50:55,731 - WARNING - 处理基金 000506 失败: (1406, "Data too long for column 'fund_type' at row 1")
2025-08-16 15:50:55,734 - WARNING - 处理基金 000507 失败: (1406, "Data too long for column 'fund_type' at row 1")
2025-08-16 15:50:55,738 - WARNING - 处理基金 000508 失败: (1406, "Data too long for column 'fund_type' at row 1")
2025-08-16 15:50:55,741 - WARNING - 处理基金 000509 失败: (1406, "Data too long for column 'fund_type' at row 1")
2025-08-16 15:50:55,745 - WARNING - 处理基金 000511 失败: (1406, "Data too long for column 'fund_type' at row 1")
2025-08-16 15:50:55,750 - WARNING - 处理基金 000512 失败: (1406, "Data too long for column 'fund_type' at row 1")
2025-08-16 15:50:55,754 - WARNING - 处理基金 000513 失败: (1406, "Data too long for column 'fund_type' at row 1")
2025-08-16 15:50:55,757 - WARNING - 处理基金 000514 失败: (1406, "Data too long for column 'fund_type' at row 1")
2025-08-16 15:50:55,760 - WARNING - 处理基金 000516 失败: (1406, "Data too long for column 'fund_type' at row 1")
2025-08-16 15:50:55,765 - WARNING - 处理基金 000517 失败: (1406, "Data too long for column 'fund_type' at row 1")
2025-08-16 15:50:55,769 - WARNING - 处理基金 000520 失败: (1406, "Data too long for column 'fund_type' at row 1")
2025-08-16 15:50:55,770 - WARNING - 处理基金 000521 失败: (1406, "Data too long for column 'fund_type' at row 1")
2025-08-16 15:50:55,777 - WARNING - 处理基金 000522 失败: (1406, "Data too long for column 'fund_type' at row 1")
2025-08-16 15:50:55,782 - WARNING - 处理基金 000523 失败: (1406, "Data too long for column 'fund_type' at row 1")
2025-08-16 15:50:55,786 - WARNING - 处理基金 000524 失败: (1406, "Data too long for column 'fund_type' at row 1")
2025-08-16 15:50:55,788 - WARNING - 处理基金 000526 失败: (1406, "Data too long for column 'fund_type' at row 1")
2025-08-16 15:50:55,788 - WARNING - 处理基金 000527 失败: (1406, "Data too long for column 'fund_type' at row 1")
2025-08-16 15:50:55,799 - WARNING - 处理基金 000528 失败: (1406, "Data too long for column 'fund_type' at row 1")
2025-08-16 15:50:55,800 - WARNING - 处理基金 000529 失败: (1406, "Data too long for column 'fund_type' at row 1")
2025-08-16 15:50:55,808 - WARNING - 处理基金 000530 失败: (1406, "Data too long for column 'fund_type' at row 1")
2025-08-16 15:50:55,811 - WARNING - 处理基金 000531 失败: (1406, "Data too long for column 'fund_type' at row 1")
2025-08-16 15:50:55,817 - WARNING - 处理基金 000532 失败: (1406, "Data too long for column 'fund_type' at row 1")
2025-08-16 15:50:55,820 - WARNING - 处理基金 000533 失败: (1406, "Data too long for column 'fund_type' at row 1")
2025-08-16 15:50:55,820 - WARNING - 处理基金 000534 失败: (1406, "Data too long for column 'fund_type' at row 1")
2025-08-16 15:50:55,828 - WARNING - 处理基金 000535 失败: (1406, "Data too long for column 'fund_type' at row 1")
2025-08-16 15:50:55,831 - WARNING - 处理基金 000536 失败: (1406, "Data too long for column 'fund_type' at row 1")
2025-08-16 15:50:55,837 - WARNING - 处理基金 000538 失败: (1406, "Data too long for column 'fund_type' at row 1")
2025-08-16 15:50:55,839 - WARNING - 处理基金 000539 失败: (1406, "Data too long for column 'fund_type' at row 1")
2025-08-16 15:50:55,844 - WARNING - 处理基金 000540 失败: (1406, "Data too long for column 'fund_type' at row 1")
2025-08-16 15:50:55,849 - WARNING - 处理基金 000541 失败: (1406, "Data too long for column 'fund_type' at row 1")
2025-08-16 15:50:55,850 - WARNING - 处理基金 000542 失败: (1406, "Data too long for column 'fund_type' at row 1")
2025-08-16 15:50:55,856 - WARNING - 处理基金 000543 失败: (1406, "Data too long for column 'fund_type' at row 1")
2025-08-16 15:50:55,858 - WARNING - 处理基金 000545 失败: (1406, "Data too long for column 'fund_type' at row 1")
2025-08-16 15:50:55,863 - WARNING - 处理基金 000546 失败: (1406, "Data too long for column 'fund_type' at row 1")
2025-08-16 15:50:55,867 - WARNING - 处理基金 000547 失败: (1406, "Data too long for column 'fund_type' at row 1")
2025-08-16 15:50:55,870 - WARNING - 处理基金 000548 失败: (1406, "Data too long for column 'fund_type' at row 1")
2025-08-16 15:50:55,876 - WARNING - 处理基金 000549 失败: (1406, "Data too long for column 'fund_type' at row 1")
2025-08-16 15:50:55,880 - WARNING - 处理基金 000550 失败: (1406, "Data too long for column 'fund_type' at row 1")
2025-08-16 15:50:55,884 - WARNING - 处理基金 000551 失败: (1406, "Data too long for column 'fund_type' at row 1")
2025-08-16 15:50:55,887 - WARNING - 处理基金 000552 失败: (1406, "Data too long for column 'fund_type' at row 1")
2025-08-16 15:50:55,892 - WARNING - 处理基金 000553 失败: (1406, "Data too long for column 'fund_type' at row 1")
2025-08-16 15:50:55,894 - WARNING - 处理基金 000554 失败: (1406, "Data too long for column 'fund_type' at row 1")
2025-08-16 15:50:55,900 - WARNING - 处理基金 000556 失败: (1406, "Data too long for column 'fund_type' at row 1")
2025-08-16 15:50:55,903 - WARNING - 处理基金 000557 失败: (1406, "Data too long for column 'fund_type' at row 1")
2025-08-16 15:50:55,908 - WARNING - 处理基金 000559 失败: (1406, "Data too long for column 'fund_type' at row 1")
2025-08-16 15:50:55,912 - WARNING - 处理基金 000560 失败: (1406, "Data too long for column 'fund_type' at row 1")
2025-08-16 15:50:55,915 - WARNING - 处理基金 000561 失败: (1406, "Data too long for column 'fund_type' at row 1")
2025-08-16 15:50:55,921 - WARNING - 处理基金 000562 失败: (1406, "Data too long for column 'fund_type' at row 1")
2025-08-16 15:50:55,923 - WARNING - 处理基金 000563 失败: (1406, "Data too long for column 'fund_type' at row 1")
2025-08-16 15:50:55,930 - WARNING - 处理基金 000564 失败: (1406, "Data too long for column 'fund_type' at row 1")
2025-08-16 15:50:55,934 - WARNING - 处理基金 000565 失败: (1406, "Data too long for column 'fund_type' at row 1")
2025-08-16 15:50:55,938 - WARNING - 处理基金 000566 失败: (1406, "Data too long for column 'fund_type' at row 1")
2025-08-16 15:50:55,942 - WARNING - 处理基金 000567 失败: (1406, "Data too long for column 'fund_type' at row 1")
2025-08-16 15:50:55,944 - WARNING - 处理基金 000569 失败: (1406, "Data too long for column 'fund_type' at row 1")
2025-08-16 15:50:55,950 - WARNING - 处理基金 000572 失败: (1406, "Data too long for column 'fund_type' at row 1")
2025-08-16 15:50:55,953 - WARNING - 处理基金 000573 失败: (1406, "Data too long for column 'fund_type' at row 1")
2025-08-16 15:50:55,959 - WARNING - 处理基金 000574 失败: (1406, "Data too long for column 'fund_type' at row 1")
2025-08-16 15:50:55,963 - WARNING - 处理基金 000575 失败: (1406, "Data too long for column 'fund_type' at row 1")
2025-08-16 15:50:55,964 - WARNING - 处理基金 000576 失败: (1406, "Data too long for column 'fund_type' at row 1")
2025-08-16 15:50:55,971 - WARNING - 处理基金 000577 失败: (1406, "Data too long for column 'fund_type' at row 1")
2025-08-16 15:50:55,973 - WARNING - 处理基金 000578 失败: (1406, "Data too long for column 'fund_type' at row 1")
2025-08-16 15:50:55,980 - WARNING - 处理基金 000579 失败: (1406, "Data too long for column 'fund_type' at row 1")
2025-08-16 15:50:55,984 - WARNING - 处理基金 000580 失败: (1406, "Data too long for column 'fund_type' at row 1")
2025-08-16 15:50:55,989 - WARNING - 处理基金 000581 失败: (1406, "Data too long for column 'fund_type' at row 1")
2025-08-16 15:50:55,991 - WARNING - 处理基金 000582 失败: (1406, "Data too long for column 'fund_type' at row 1")
2025-08-16 15:50:55,996 - WARNING - 处理基金 000583 失败: (1406, "Data too long for column 'fund_type' at row 1")
2025-08-16 15:50:56,001 - WARNING - 处理基金 000584 失败: (1406, "Data too long for column 'fund_type' at row 1")
2025-08-16 15:50:56,003 - WARNING - 处理基金 000585 失败: (1406, "Data too long for column 'fund_type' at row 1")
2025-08-16 15:50:56,008 - WARNING - 处理基金 000586 失败: (1406, "Data too long for column 'fund_type' at row 1")
2025-08-16 15:50:56,015 - WARNING - 处理基金 000587 失败: (1406, "Data too long for column 'fund_type' at row 1")
2025-08-16 15:50:56,019 - WARNING - 处理基金 000588 失败: (1406, "Data too long for column 'fund_type' at row 1")
2025-08-16 15:50:56,021 - WARNING - 处理基金 000589 失败: (1406, "Data too long for column 'fund_type' at row 1")
2025-08-16 15:50:56,029 - WARNING - 处理基金 000590 失败: (1406, "Data too long for column 'fund_type' at row 1")
2025-08-16 15:50:56,035 - WARNING - 处理基金 000591 失败: (1406, "Data too long for column 'fund_type' at row 1")
2025-08-16 15:50:56,038 - WARNING - 处理基金 000592 失败: (1406, "Data too long for column 'fund_type' at row 1")
2025-08-16 15:50:56,043 - WARNING - 处理基金 000593 失败: (1406, "Data too long for column 'fund_type' at row 1")
2025-08-16 15:50:56,048 - WARNING - 处理基金 000594 失败: (1406, "Data too long for column 'fund_type' at row 1")
2025-08-16 15:50:56,053 - WARNING - 处理基金 000595 失败: (1406, "Data too long for column 'fund_type' at row 1")
2025-08-16 15:50:56,055 - WARNING - 处理基金 000596 失败: (1406, "Data too long for column 'fund_type' at row 1")
2025-08-16 15:50:56,058 - WARNING - 处理基金 000597 失败: (1406, "Data too long for column 'fund_type' at row 1")
2025-08-16 15:50:56,066 - WARNING - 处理基金 000598 失败: (1406, "Data too long for column 'fund_type' at row 1")
2025-08-16 15:50:56,069 - WARNING - 处理基金 000599 失败: (1406, "Data too long for column 'fund_type' at row 1")
2025-08-16 15:50:56,074 - WARNING - 处理基金 000600 失败: (1406, "Data too long for column 'fund_type' at row 1")
2025-08-16 15:50:56,078 - WARNING - 处理基金 000601 失败: (1406, "Data too long for column 'fund_type' at row 1")
2025-08-16 15:50:56,084 - WARNING - 处理基金 000602 失败: (1406, "Data too long for column 'fund_type' at row 1")
2025-08-16 15:50:56,088 - WARNING - 处理基金 000603 失败: (1406, "Data too long for column 'fund_type' at row 1")
2025-08-16 15:50:56,092 - WARNING - 处理基金 000604 失败: (1406, "Data too long for column 'fund_type' at row 1")
2025-08-16 15:50:56,097 - WARNING - 处理基金 000605 失败: (1406, "Data too long for column 'fund_type' at row 1")
2025-08-16 15:50:56,102 - WARNING - 处理基金 000606 失败: (1406, "Data too long for column 'fund_type' at row 1")
2025-08-16 15:50:56,104 - WARNING - 处理基金 000607 失败: (1406, "Data too long for column 'fund_type' at row 1")
2025-08-16 15:50:56,110 - WARNING - 处理基金 000609 失败: (1406, "Data too long for column 'fund_type' at row 1")
2025-08-16 15:50:56,116 - WARNING - 处理基金 000612 失败: (1406, "Data too long for column 'fund_type' at row 1")
2025-08-16 15:50:56,120 - WARNING - 处理基金 000613 失败: (1406, "Data too long for column 'fund_type' at row 1")
2025-08-16 15:50:56,122 - WARNING - 处理基金 000614 失败: (1406, "Data too long for column 'fund_type' at row 1")
2025-08-16 15:50:56,129 - WARNING - 处理基金 000615 失败: (1406, "Data too long for column 'fund_type' at row 1")
2025-08-16 15:50:56,131 - WARNING - 处理基金 000618 失败: (1406, "Data too long for column 'fund_type' at row 1")
2025-08-16 15:50:56,138 - WARNING - 处理基金 000619 失败: (1406, "Data too long for column 'fund_type' at row 1")
2025-08-16 15:50:56,140 - WARNING - 处理基金 000620 失败: (1406, "Data too long for column 'fund_type' at row 1")
2025-08-16 15:50:56,147 - WARNING - 处理基金 000621 失败: (1406, "Data too long for column 'fund_type' at row 1")
2025-08-16 15:50:56,149 - WARNING - 处理基金 000625 失败: (1406, "Data too long for column 'fund_type' at row 1")
2025-08-16 15:50:56,156 - WARNING - 处理基金 000626 失败: (1406, "Data too long for column 'fund_type' at row 1")
2025-08-16 15:50:56,158 - WARNING - 处理基金 000627 失败: (1406, "Data too long for column 'fund_type' at row 1")
2025-08-16 15:50:56,165 - WARNING - 处理基金 000628 失败: (1406, "Data too long for column 'fund_type' at row 1")
2025-08-16 15:50:56,168 - WARNING - 处理基金 000634 失败: (1406, "Data too long for column 'fund_type' at row 1")
2025-08-16 15:50:56,174 - WARNING - 处理基金 000635 失败: (1406, "Data too long for column 'fund_type' at row 1")
2025-08-16 15:50:56,178 - WARNING - 处理基金 000638 失败: (1406, "Data too long for column 'fund_type' at row 1")
2025-08-16 15:50:56,184 - WARNING - 处理基金 000639 失败: (1406, "Data too long for column 'fund_type' at row 1")
2025-08-16 15:50:56,188 - WARNING - 处理基金 000640 失败: (1406, "Data too long for column 'fund_type' at row 1")
2025-08-16 15:50:56,192 - WARNING - 处理基金 000641 失败: (1406, "Data too long for column 'fund_type' at row 1")
2025-08-16 15:50:56,197 - WARNING - 处理基金 000642 失败: (1406, "Data too long for column 'fund_type' at row 1")
2025-08-16 15:50:56,202 - WARNING - 处理基金 000644 失败: (1406, "Data too long for column 'fund_type' at row 1")
2025-08-16 15:50:56,203 - WARNING - 处理基金 000645 失败: (1406, "Data too long for column 'fund_type' at row 1")
2025-08-16 15:50:56,210 - WARNING - 处理基金 000646 失败: (1406, "Data too long for column 'fund_type' at row 1")
2025-08-16 15:50:56,214 - WARNING - 处理基金 000647 失败: (1406, "Data too long for column 'fund_type' at row 1")
2025-08-16 15:50:56,221 - WARNING - 处理基金 000648 失败: (1406, "Data too long for column 'fund_type' at row 1")
2025-08-16 15:50:56,223 - WARNING - 处理基金 000649 失败: (1406, "Data too long for column 'fund_type' at row 1")
2025-08-16 15:50:56,230 - WARNING - 处理基金 000650 失败: (1406, "Data too long for column 'fund_type' at row 1")
2025-08-16 15:50:56,235 - WARNING - 处理基金 000651 失败: (1406, "Data too long for column 'fund_type' at row 1")
2025-08-16 15:50:56,238 - WARNING - 处理基金 000652 失败: (1406, "Data too long for column 'fund_type' at row 1")
2025-08-16 15:50:56,244 - WARNING - 处理基金 000654 失败: (1406, "Data too long for column 'fund_type' at row 1")
2025-08-16 15:50:56,250 - WARNING - 处理基金 000655 失败: (1406, "Data too long for column 'fund_type' at row 1")
2025-08-16 15:50:56,250 - WARNING - 处理基金 000656 失败: (1406, "Data too long for column 'fund_type' at row 1")
2025-08-16 15:50:56,260 - WARNING - 处理基金 000657 失败: (1406, "Data too long for column 'fund_type' at row 1")
2025-08-16 15:50:56,266 - WARNING - 处理基金 000658 失败: (1406, "Data too long for column 'fund_type' at row 1")
2025-08-16 15:50:56,271 - WARNING - 处理基金 000659 失败: (1406, "Data too long for column 'fund_type' at row 1")
2025-08-16 15:50:56,276 - WARNING - 处理基金 000660 失败: (1406, "Data too long for column 'fund_type' at row 1")
2025-08-16 15:50:56,281 - WARNING - 处理基金 000661 失败: (1406, "Data too long for column 'fund_type' at row 1")
2025-08-16 15:50:56,286 - WARNING - 处理基金 000662 失败: (1406, "Data too long for column 'fund_type' at row 1")
2025-08-16 15:50:56,290 - WARNING - 处理基金 000663 失败: (1406, "Data too long for column 'fund_type' at row 1")
2025-08-16 15:50:56,292 - WARNING - 处理基金 000664 失败: (1406, "Data too long for column 'fund_type' at row 1")
2025-08-16 15:50:56,301 - WARNING - 处理基金 000665 失败: (1406, "Data too long for column 'fund_type' at row 1")
2025-08-16 15:50:56,304 - WARNING - 处理基金 000667 失败: (1406, "Data too long for column 'fund_type' at row 1")
2025-08-16 15:50:56,315 - WARNING - 处理基金 000668 失败: (1406, "Data too long for column 'fund_type' at row 1")
2025-08-16 15:50:56,318 - WARNING - 处理基金 000669 失败: (1406, "Data too long for column 'fund_type' at row 1")
2025-08-16 15:50:56,327 - WARNING - 处理基金 000672 失败: (1406, "Data too long for column 'fund_type' at row 1")
2025-08-16 15:50:56,332 - WARNING - 处理基金 000673 失败: (1406, "Data too long for column 'fund_type' at row 1")
2025-08-16 15:50:56,339 - WARNING - 处理基金 000674 失败: (1406, "Data too long for column 'fund_type' at row 1")
2025-08-16 15:50:56,340 - WARNING - 处理基金 000677 失败: (1406, "Data too long for column 'fund_type' at row 1")
2025-08-16 15:50:56,349 - WARNING - 处理基金 000678 失败: (1406, "Data too long for column 'fund_type' at row 1")
2025-08-16 15:50:56,354 - WARNING - 处理基金 000679 失败: (1406, "Data too long for column 'fund_type' at row 1")
2025-08-16 15:50:56,360 - WARNING - 处理基金 000681 失败: (1406, "Data too long for column 'fund_type' at row 1")
2025-08-16 15:50:56,365 - WARNING - 处理基金 000682 失败: (1406, "Data too long for column 'fund_type' at row 1")
2025-08-16 15:50:56,369 - WARNING - 处理基金 000683 失败: (1406, "Data too long for column 'fund_type' at row 1")
2025-08-16 15:50:56,375 - WARNING - 处理基金 000684 失败: (1406, "Data too long for column 'fund_type' at row 1")
2025-08-16 15:50:56,381 - WARNING - 处理基金 000686 失败: (1406, "Data too long for column 'fund_type' at row 1")
2025-08-16 15:50:56,381 - WARNING - 处理基金 000687 失败: (1406, "Data too long for column 'fund_type' at row 1")
2025-08-16 15:50:56,391 - WARNING - 处理基金 000688 失败: (1406, "Data too long for column 'fund_type' at row 1")
2025-08-16 15:50:56,396 - WARNING - 处理基金 000689 失败: (1406, "Data too long for column 'fund_type' at row 1")
2025-08-16 15:50:56,403 - WARNING - 处理基金 000690 失败: (1406, "Data too long for column 'fund_type' at row 1")
2025-08-16 15:50:56,407 - WARNING - 处理基金 000692 失败: (1406, "Data too long for column 'fund_type' at row 1")
2025-08-16 15:50:56,413 - WARNING - 处理基金 000693 失败: (1406, "Data too long for column 'fund_type' at row 1")
2025-08-16 15:50:56,419 - WARNING - 处理基金 000694 失败: (1406, "Data too long for column 'fund_type' at row 1")
2025-08-16 15:50:56,420 - WARNING - 处理基金 000696 失败: (1406, "Data too long for column 'fund_type' at row 1")
2025-08-16 15:50:56,428 - WARNING - 处理基金 000697 失败: (1406, "Data too long for column 'fund_type' at row 1")
2025-08-16 15:50:56,435 - WARNING - 处理基金 000698 失败: (1406, "Data too long for column 'fund_type' at row 1")
2025-08-16 15:50:56,439 - WARNING - 处理基金 000699 失败: (1406, "Data too long for column 'fund_type' at row 1")
2025-08-16 15:50:56,445 - WARNING - 处理基金 000700 失败: (1406, "Data too long for column 'fund_type' at row 1")
2025-08-16 15:50:56,448 - WARNING - 处理基金 000701 失败: (1406, "Data too long for column 'fund_type' at row 1")
2025-08-16 15:50:56,456 - WARNING - 处理基金 000704 失败: (1406, "Data too long for column 'fund_type' at row 1")
2025-08-16 15:50:56,459 - WARNING - 处理基金 000705 失败: (1406, "Data too long for column 'fund_type' at row 1")
2025-08-16 15:50:56,466 - WARNING - 处理基金 000706 失败: (1406, "Data too long for column 'fund_type' at row 1")
2025-08-16 15:50:56,471 - WARNING - 处理基金 000707 失败: (1406, "Data too long for column 'fund_type' at row 1")
2025-08-16 15:50:56,473 - WARNING - 处理基金 000709 失败: (1406, "Data too long for column 'fund_type' at row 1")
2025-08-16 15:50:56,483 - WARNING - 处理基金 000710 失败: (1406, "Data too long for column 'fund_type' at row 1")
2025-08-16 15:50:56,487 - WARNING - 处理基金 000711 失败: (1406, "Data too long for column 'fund_type' at row 1")
2025-08-16 15:50:56,492 - WARNING - 处理基金 000712 失败: (1406, "Data too long for column 'fund_type' at row 1")
2025-08-16 15:50:56,499 - WARNING - 处理基金 000713 失败: (1406, "Data too long for column 'fund_type' at row 1")
2025-08-16 15:50:56,505 - WARNING - 处理基金 000714 失败: (1406, "Data too long for column 'fund_type' at row 1")
2025-08-16 15:50:56,509 - WARNING - 处理基金 000715 失败: (1406, "Data too long for column 'fund_type' at row 1")
2025-08-16 15:50:56,515 - WARNING - 处理基金 000716 失败: (1406, "Data too long for column 'fund_type' at row 1")
2025-08-16 15:50:56,521 - WARNING - 处理基金 000717 失败: (1406, "Data too long for column 'fund_type' at row 1")
2025-08-16 15:50:56,526 - WARNING - 处理基金 000718 失败: (1406, "Data too long for column 'fund_type' at row 1")
2025-08-16 15:50:56,532 - WARNING - 处理基金 000719 失败: (1406, "Data too long for column 'fund_type' at row 1")
2025-08-16 15:50:56,537 - WARNING - 处理基金 000720 失败: (1406, "Data too long for column 'fund_type' at row 1")
2025-08-16 15:50:56,543 - WARNING - 处理基金 000721 失败: (1406, "Data too long for column 'fund_type' at row 1")
2025-08-16 15:50:56,549 - WARNING - 处理基金 000722 失败: (1406, "Data too long for column 'fund_type' at row 1")
2025-08-16 15:50:56,555 - WARNING - 处理基金 000724 失败: (1406, "Data too long for column 'fund_type' at row 1")
2025-08-16 15:50:56,561 - WARNING - 处理基金 000725 失败: (1406, "Data too long for column 'fund_type' at row 1")
2025-08-16 15:50:56,569 - WARNING - 处理基金 000726 失败: (1406, "Data too long for column 'fund_type' at row 1")
2025-08-16 15:50:56,576 - WARNING - 处理基金 000727 失败: (1406, "Data too long for column 'fund_type' at row 1")
2025-08-16 15:50:56,584 - WARNING - 处理基金 000728 失败: (1406, "Data too long for column 'fund_type' at row 1")
2025-08-16 15:50:56,591 - WARNING - 处理基金 000729 失败: (1406, "Data too long for column 'fund_type' at row 1")
2025-08-16 15:50:56,597 - WARNING - 处理基金 000730 失败: (1406, "Data too long for column 'fund_type' at row 1")
2025-08-16 15:50:56,603 - WARNING - 处理基金 000731 失败: (1406, "Data too long for column 'fund_type' at row 1")
2025-08-16 15:50:56,609 - WARNING - 处理基金 000734 失败: (1406, "Data too long for column 'fund_type' at row 1")
2025-08-16 15:50:56,615 - WARNING - 处理基金 000735 失败: (1406, "Data too long for column 'fund_type' at row 1")
2025-08-16 15:50:56,622 - WARNING - 处理基金 000736 失败: (1406, "Data too long for column 'fund_type' at row 1")
2025-08-16 15:50:56,628 - WARNING - 处理基金 000737 失败: (1406, "Data too long for column 'fund_type' at row 1")
2025-08-16 15:50:56,634 - WARNING - 处理基金 000739 失败: (1406, "Data too long for column 'fund_type' at row 1")
2025-08-16 15:50:56,640 - WARNING - 处理基金 000740 失败: (1406, "Data too long for column 'fund_type' at row 1")
2025-08-16 15:50:56,646 - WARNING - 处理基金 000741 失败: (1406, "Data too long for column 'fund_type' at row 1")
2025-08-16 15:50:56,653 - WARNING - 处理基金 000742 失败: (1406, "Data too long for column 'fund_type' at row 1")
2025-08-16 15:50:56,659 - WARNING - 处理基金 000743 失败: (1406, "Data too long for column 'fund_type' at row 1")
2025-08-16 15:50:56,666 - WARNING - 处理基金 000744 失败: (1406, "Data too long for column 'fund_type' at row 1")
2025-08-16 15:50:56,672 - WARNING - 处理基金 000745 失败: (1406, "Data too long for column 'fund_type' at row 1")
2025-08-16 15:50:56,678 - WARNING - 处理基金 000746 失败: (1406, "Data too long for column 'fund_type' at row 1")
2025-08-16 15:50:56,684 - WARNING - 处理基金 000747 失败: (1406, "Data too long for column 'fund_type' at row 1")
2025-08-16 15:50:56,690 - WARNING - 处理基金 000748 失败: (1406, "Data too long for column 'fund_type' at row 1")
2025-08-16 15:50:56,696 - WARNING - 处理基金 000750 失败: (1406, "Data too long for column 'fund_type' at row 1")
2025-08-16 15:50:56,701 - WARNING - 处理基金 000751 失败: (1406, "Data too long for column 'fund_type' at row 1")
2025-08-16 15:50:56,707 - WARNING - 处理基金 000753 失败: (1406, "Data too long for column 'fund_type' at row 1")
2025-08-16 15:50:56,713 - WARNING - 处理基金 000754 失败: (1406, "Data too long for column 'fund_type' at row 1")
2025-08-16 15:50:56,719 - WARNING - 处理基金 000755 失败: (1406, "Data too long for column 'fund_type' at row 1")
2025-08-16 15:50:56,724 - WARNING - 处理基金 000756 失败: (1406, "Data too long for column 'fund_type' at row 1")
2025-08-16 15:50:56,730 - WARNING - 处理基金 000757 失败: (1406, "Data too long for column 'fund_type' at row 1")
2025-08-16 15:50:56,736 - WARNING - 处理基金 000758 失败: (1406, "Data too long for column 'fund_type' at row 1")
2025-08-16 15:50:56,741 - WARNING - 处理基金 000759 失败: (1406, "Data too long for column 'fund_type' at row 1")
2025-08-16 15:50:56,747 - WARNING - 处理基金 000760 失败: (1406, "Data too long for column 'fund_type' at row 1")
2025-08-16 15:50:56,753 - WARNING - 处理基金 000761 失败: (1406, "Data too long for column 'fund_type' at row 1")
2025-08-16 15:50:56,759 - WARNING - 处理基金 000762 失败: (1406, "Data too long for column 'fund_type' at row 1")
2025-08-16 15:50:56,766 - WARNING - 处理基金 000763 失败: (1406, "Data too long for column 'fund_type' at row 1")
2025-08-16 15:50:56,772 - WARNING - 处理基金 000764 失败: (1406, "Data too long for column 'fund_type' at row 1")
2025-08-16 15:50:56,778 - WARNING - 处理基金 000767 失败: (1406, "Data too long for column 'fund_type' at row 1")
2025-08-16 15:50:56,785 - WARNING - 处理基金 000771 失败: (1406, "Data too long for column 'fund_type' at row 1")
2025-08-16 15:50:56,790 - WARNING - 处理基金 000772 失败: (1406, "Data too long for column 'fund_type' at row 1")
2025-08-16 15:50:56,796 - WARNING - 处理基金 000773 失败: (1406, "Data too long for column 'fund_type' at row 1")
2025-08-16 15:50:56,803 - WARNING - 处理基金 000778 失败: (1406, "Data too long for column 'fund_type' at row 1")
2025-08-16 15:50:56,808 - WARNING - 处理基金 000779 失败: (1406, "Data too long for column 'fund_type' at row 1")
2025-08-16 15:50:56,814 - WARNING - 处理基金 000780 失败: (1406, "Data too long for column 'fund_type' at row 1")
2025-08-16 15:50:56,824 - WARNING - 处理基金 000783 失败: (1406, "Data too long for column 'fund_type' at row 1")
2025-08-16 15:50:56,829 - WARNING - 处理基金 000784 失败: (1406, "Data too long for column 'fund_type' at row 1")
2025-08-16 15:50:56,836 - WARNING - 处理基金 000785 失败: (1406, "Data too long for column 'fund_type' at row 1")
2025-08-16 15:50:56,841 - WARNING - 处理基金 000786 失败: (1406, "Data too long for column 'fund_type' at row 1")
2025-08-16 15:50:56,848 - WARNING - 处理基金 000787 失败: (1406, "Data too long for column 'fund_type' at row 1")
2025-08-16 15:50:56,854 - WARNING - 处理基金 000788 失败: (1406, "Data too long for column 'fund_type' at row 1")
2025-08-16 15:50:56,860 - WARNING - 处理基金 000789 失败: (1406, "Data too long for column 'fund_type' at row 1")
2025-08-16 15:50:56,866 - WARNING - 处理基金 000790 失败: (1406, "Data too long for column 'fund_type' at row 1")
2025-08-16 15:50:56,872 - WARNING - 处理基金 000791 失败: (1406, "Data too long for column 'fund_type' at row 1")
2025-08-16 15:50:56,878 - WARNING - 处理基金 000792 失败: (1406, "Data too long for column 'fund_type' at row 1")
2025-08-16 15:50:56,884 - WARNING - 处理基金 000793 失败: (1406, "Data too long for column 'fund_type' at row 1")
2025-08-16 15:50:56,891 - WARNING - 处理基金 000794 失败: (1406, "Data too long for column 'fund_type' at row 1")
2025-08-16 15:50:56,897 - WARNING - 处理基金 000795 失败: (1406, "Data too long for column 'fund_type' at row 1")
2025-08-16 15:50:56,903 - WARNING - 处理基金 000796 失败: (1406, "Data too long for column 'fund_type' at row 1")
2025-08-16 15:50:56,909 - WARNING - 处理基金 000797 失败: (1406, "Data too long for column 'fund_type' at row 1")
2025-08-16 15:50:56,915 - WARNING - 处理基金 000799 失败: (1406, "Data too long for column 'fund_type' at row 1")
2025-08-16 15:50:56,921 - WARNING - 处理基金 000800 失败: (1406, "Data too long for column 'fund_type' at row 1")
2025-08-16 15:50:56,926 - WARNING - 处理基金 000801 失败: (1406, "Data too long for column 'fund_type' at row 1")
2025-08-16 15:50:56,933 - WARNING - 处理基金 000802 失败: (1406, "Data too long for column 'fund_type' at row 1")
2025-08-16 15:50:56,938 - WARNING - 处理基金 000803 失败: (1406, "Data too long for column 'fund_type' at row 1")
2025-08-16 15:50:56,945 - WARNING - 处理基金 000804 失败: (1406, "Data too long for column 'fund_type' at row 1")
2025-08-16 15:50:56,950 - WARNING - 处理基金 000805 失败: (1406, "Data too long for column 'fund_type' at row 1")
2025-08-16 15:50:56,957 - WARNING - 处理基金 000808 失败: (1406, "Data too long for column 'fund_type' at row 1")
2025-08-16 15:50:56,963 - WARNING - 处理基金 000809 失败: (1406, "Data too long for column 'fund_type' at row 1")
2025-08-16 15:50:56,969 - WARNING - 处理基金 000810 失败: (1406, "Data too long for column 'fund_type' at row 1")
2025-08-16 15:50:56,982 - WARNING - 处理基金 000812 失败: (1406, "Data too long for column 'fund_type' at row 1")
2025-08-16 15:50:56,988 - WARNING - 处理基金 000814 失败: (1406, "Data too long for column 'fund_type' at row 1")
2025-08-16 15:50:56,994 - WARNING - 处理基金 000815 失败: (1406, "Data too long for column 'fund_type' at row 1")
2025-08-16 15:50:57,001 - WARNING - 处理基金 000816 失败: (1406, "Data too long for column 'fund_type' at row 1")
2025-08-16 15:50:57,007 - WARNING - 处理基金 000817 失败: (1406, "Data too long for column 'fund_type' at row 1")
2025-08-16 15:50:57,013 - WARNING - 处理基金 000818 失败: (1406, "Data too long for column 'fund_type' at row 1")
2025-08-16 15:50:57,020 - WARNING - 处理基金 000822 失败: (1406, "Data too long for column 'fund_type' at row 1")
2025-08-16 15:50:57,026 - WARNING - 处理基金 000823 失败: (1406, "Data too long for column 'fund_type' at row 1")
2025-08-16 15:50:57,032 - WARNING - 处理基金 000824 失败: (1406, "Data too long for column 'fund_type' at row 1")
2025-08-16 15:50:57,037 - WARNING - 处理基金 000825 失败: (1406, "Data too long for column 'fund_type' at row 1")
2025-08-16 15:50:57,044 - WARNING - 处理基金 000826 失败: (1406, "Data too long for column 'fund_type' at row 1")
2025-08-16 15:50:57,051 - WARNING - 处理基金 000827 失败: (1406, "Data too long for column 'fund_type' at row 1")
2025-08-16 15:50:57,057 - WARNING - 处理基金 000828 失败: (1406, "Data too long for column 'fund_type' at row 1")
2025-08-16 15:50:57,063 - WARNING - 处理基金 000829 失败: (1406, "Data too long for column 'fund_type' at row 1")
2025-08-16 15:50:57,069 - WARNING - 处理基金 000830 失败: (1406, "Data too long for column 'fund_type' at row 1")
2025-08-16 15:50:57,075 - WARNING - 处理基金 000831 失败: (1406, "Data too long for column 'fund_type' at row 1")
2025-08-16 15:50:57,082 - WARNING - 处理基金 000832 失败: (1406, "Data too long for column 'fund_type' at row 1")
2025-08-16 15:50:57,087 - WARNING - 处理基金 000833 失败: (1406, "Data too long for column 'fund_type' at row 1")
2025-08-16 15:50:57,093 - WARNING - 处理基金 000834 失败: (1406, "Data too long for column 'fund_type' at row 1")
2025-08-16 15:50:57,100 - WARNING - 处理基金 000835 失败: (1406, "Data too long for column 'fund_type' at row 1")
2025-08-16 15:50:57,109 - WARNING - 处理基金 000836 失败: (1406, "Data too long for column 'fund_type' at row 1")
2025-08-16 15:50:57,114 - WARNING - 处理基金 000837 失败: (1406, "Data too long for column 'fund_type' at row 1")
2025-08-16 15:50:57,124 - WARNING - 处理基金 000839 失败: (1406, "Data too long for column 'fund_type' at row 1")
2025-08-16 15:50:57,133 - WARNING - 处理基金 000840 失败: (1406, "Data too long for column 'fund_type' at row 1")
2025-08-16 15:50:57,140 - WARNING - 处理基金 000841 失败: (1406, "Data too long for column 'fund_type' at row 1")
2025-08-16 15:50:57,145 - WARNING - 处理基金 000842 失败: (1406, "Data too long for column 'fund_type' at row 1")
2025-08-16 15:50:57,152 - WARNING - 处理基金 000843 失败: (1406, "Data too long for column 'fund_type' at row 1")
2025-08-16 15:50:57,158 - WARNING - 处理基金 000844 失败: (1406, "Data too long for column 'fund_type' at row 1")
2025-08-16 15:50:57,164 - WARNING - 处理基金 000845 失败: (1406, "Data too long for column 'fund_type' at row 1")
2025-08-16 15:50:57,168 - WARNING - 处理基金 000846 失败: (1406, "Data too long for column 'fund_type' at row 1")
2025-08-16 15:50:57,177 - WARNING - 处理基金 000847 失败: (1406, "Data too long for column 'fund_type' at row 1")
2025-08-16 15:50:57,181 - WARNING - 处理基金 000848 失败: (1406, "Data too long for column 'fund_type' at row 1")
2025-08-16 15:50:57,190 - WARNING - 处理基金 000849 失败: (1406, "Data too long for column 'fund_type' at row 1")
2025-08-16 15:50:57,190 - WARNING - 处理基金 000850 失败: (1406, "Data too long for column 'fund_type' at row 1")
2025-08-16 15:50:57,202 - WARNING - 处理基金 000854 失败: (1406, "Data too long for column 'fund_type' at row 1")
2025-08-16 15:50:57,208 - WARNING - 处理基金 000855 失败: (1406, "Data too long for column 'fund_type' at row 1")
2025-08-16 15:50:57,215 - WARNING - 处理基金 000856 失败: (1406, "Data too long for column 'fund_type' at row 1")
2025-08-16 15:50:57,220 - WARNING - 处理基金 000857 失败: (1406, "Data too long for column 'fund_type' at row 1")
2025-08-16 15:50:57,227 - WARNING - 处理基金 000860 失败: (1406, "Data too long for column 'fund_type' at row 1")
2025-08-16 15:50:57,231 - WARNING - 处理基金 000861 失败: (1406, "Data too long for column 'fund_type' at row 1")
2025-08-16 15:50:57,240 - WARNING - 处理基金 000862 失败: (1406, "Data too long for column 'fund_type' at row 1")
2025-08-16 15:50:57,246 - WARNING - 处理基金 000863 失败: (1406, "Data too long for column 'fund_type' at row 1")
2025-08-16 15:50:57,254 - WARNING - 处理基金 000866 失败: (1406, "Data too long for column 'fund_type' at row 1")
2025-08-16 15:50:57,261 - WARNING - 处理基金 000867 失败: (1406, "Data too long for column 'fund_type' at row 1")
2025-08-16 15:50:57,267 - WARNING - 处理基金 000868 失败: (1406, "Data too long for column 'fund_type' at row 1")
2025-08-16 15:50:57,273 - WARNING - 处理基金 000869 失败: (1406, "Data too long for column 'fund_type' at row 1")
2025-08-16 15:50:57,279 - WARNING - 处理基金 000870 失败: (1406, "Data too long for column 'fund_type' at row 1")
2025-08-16 15:50:57,283 - WARNING - 处理基金 000871 失败: (1406, "Data too long for column 'fund_type' at row 1")
2025-08-16 15:50:57,293 - WARNING - 处理基金 000872 失败: (1406, "Data too long for column 'fund_type' at row 1")
2025-08-16 15:50:57,299 - WARNING - 处理基金 000873 失败: (1406, "Data too long for column 'fund_type' at row 1")
2025-08-16 15:50:57,299 - WARNING - 处理基金 000874 失败: (1406, "Data too long for column 'fund_type' at row 1")
2025-08-16 15:50:57,313 - WARNING - 处理基金 000875 失败: (1406, "Data too long for column 'fund_type' at row 1")
2025-08-16 15:50:57,318 - WARNING - 处理基金 000876 失败: (1406, "Data too long for column 'fund_type' at row 1")
2025-08-16 15:50:57,325 - WARNING - 处理基金 000877 失败: (1406, "Data too long for column 'fund_type' at row 1")
2025-08-16 15:50:57,330 - WARNING - 处理基金 000878 失败: (1406, "Data too long for column 'fund_type' at row 1")
2025-08-16 15:50:57,338 - WARNING - 处理基金 000879 失败: (1406, "Data too long for column 'fund_type' at row 1")
2025-08-16 15:50:57,343 - WARNING - 处理基金 000880 失败: (1406, "Data too long for column 'fund_type' at row 1")
2025-08-16 15:50:57,351 - WARNING - 处理基金 000882 失败: (1406, "Data too long for column 'fund_type' at row 1")
2025-08-16 15:50:57,357 - WARNING - 处理基金 000883 失败: (1406, "Data too long for column 'fund_type' at row 1")
2025-08-16 15:50:57,364 - WARNING - 处理基金 000884 失败: (1406, "Data too long for column 'fund_type' at row 1")
2025-08-16 15:50:57,370 - WARNING - 处理基金 000891 失败: (1406, "Data too long for column 'fund_type' at row 1")
2025-08-16 15:50:57,376 - WARNING - 处理基金 000892 失败: (1406, "Data too long for column 'fund_type' at row 1")
2025-08-16 15:50:57,383 - WARNING - 处理基金 000893 失败: (1406, "Data too long for column 'fund_type' at row 1")
2025-08-16 15:50:57,389 - WARNING - 处理基金 000894 失败: (1406, "Data too long for column 'fund_type' at row 1")
2025-08-16 15:50:57,396 - WARNING - 处理基金 000895 失败: (1406, "Data too long for column 'fund_type' at row 1")
2025-08-16 15:50:57,402 - WARNING - 处理基金 000896 失败: (1406, "Data too long for column 'fund_type' at row 1")
2025-08-16 15:50:57,409 - WARNING - 处理基金 000897 失败: (1406, "Data too long for column 'fund_type' at row 1")
2025-08-16 15:50:57,416 - WARNING - 处理基金 000898 失败: (1406, "Data too long for column 'fund_type' at row 1")
2025-08-16 15:50:57,422 - WARNING - 处理基金 000899 失败: (1406, "Data too long for column 'fund_type' at row 1")
2025-08-16 15:50:57,428 - WARNING - 处理基金 000903 失败: (1406, "Data too long for column 'fund_type' at row 1")
2025-08-16 15:50:57,431 - WARNING - 处理基金 000904 失败: (1406, "Data too long for column 'fund_type' at row 1")
2025-08-16 15:50:57,443 - WARNING - 处理基金 000905 失败: (1406, "Data too long for column 'fund_type' at row 1")
2025-08-16 15:50:57,448 - WARNING - 处理基金 000906 失败: (1406, "Data too long for column 'fund_type' at row 1")
2025-08-16 15:50:57,455 - WARNING - 处理基金 000907 失败: (1406, "Data too long for column 'fund_type' at row 1")
2025-08-16 15:50:57,458 - WARNING - 处理基金 000908 失败: (1406, "Data too long for column 'fund_type' at row 1")
2025-08-16 15:50:57,469 - WARNING - 处理基金 000910 失败: (1406, "Data too long for column 'fund_type' at row 1")
2025-08-16 15:50:57,476 - WARNING - 处理基金 000911 失败: (1406, "Data too long for column 'fund_type' at row 1")
2025-08-16 15:50:57,484 - WARNING - 处理基金 000912 失败: (1406, "Data too long for column 'fund_type' at row 1")
2025-08-16 15:50:57,488 - WARNING - 处理基金 000913 失败: (1406, "Data too long for column 'fund_type' at row 1")
2025-08-16 15:50:57,496 - WARNING - 处理基金 000914 失败: (1406, "Data too long for column 'fund_type' at row 1")
2025-08-16 15:50:57,504 - WARNING - 处理基金 000916 失败: (1406, "Data too long for column 'fund_type' at row 1")
2025-08-16 15:50:57,510 - WARNING - 处理基金 000917 失败: (1406, "Data too long for column 'fund_type' at row 1")
2025-08-16 15:50:57,514 - WARNING - 处理基金 000920 失败: (1406, "Data too long for column 'fund_type' at row 1")
2025-08-16 15:50:57,523 - WARNING - 处理基金 000921 失败: (1406, "Data too long for column 'fund_type' at row 1")
2025-08-16 15:50:57,532 - WARNING - 处理基金 000922 失败: (1406, "Data too long for column 'fund_type' at row 1")
2025-08-16 15:50:57,538 - WARNING - 处理基金 000923 失败: (1406, "Data too long for column 'fund_type' at row 1")
2025-08-16 15:50:57,545 - WARNING - 处理基金 000924 失败: (1406, "Data too long for column 'fund_type' at row 1")
2025-08-16 15:50:57,550 - WARNING - 处理基金 000925 失败: (1406, "Data too long for column 'fund_type' at row 1")
2025-08-16 15:50:57,560 - WARNING - 处理基金 000926 失败: (1406, "Data too long for column 'fund_type' at row 1")
2025-08-16 15:50:57,564 - WARNING - 处理基金 000927 失败: (1406, "Data too long for column 'fund_type' at row 1")
2025-08-16 15:50:57,573 - WARNING - 处理基金 000928 失败: (1406, "Data too long for column 'fund_type' at row 1")
2025-08-16 15:50:57,581 - WARNING - 处理基金 000929 失败: (1406, "Data too long for column 'fund_type' at row 1")
2025-08-16 15:50:57,587 - WARNING - 处理基金 000930 失败: (1406, "Data too long for column 'fund_type' at row 1")
2025-08-16 15:50:57,593 - WARNING - 处理基金 000931 失败: (1406, "Data too long for column 'fund_type' at row 1")
2025-08-16 15:50:57,598 - WARNING - 处理基金 000932 失败: (1406, "Data too long for column 'fund_type' at row 1")
2025-08-16 15:50:57,607 - WARNING - 处理基金 000933 失败: (1406, "Data too long for column 'fund_type' at row 1")
2025-08-16 15:50:57,614 - WARNING - 处理基金 000934 失败: (1406, "Data too long for column 'fund_type' at row 1")
2025-08-16 15:50:57,620 - WARNING - 处理基金 000935 失败: (1406, "Data too long for column 'fund_type' at row 1")
2025-08-16 15:50:57,628 - WARNING - 处理基金 000936 失败: (1406, "Data too long for column 'fund_type' at row 1")
2025-08-16 15:50:57,631 - WARNING - 处理基金 000939 失败: (1406, "Data too long for column 'fund_type' at row 1")
2025-08-16 15:50:57,642 - WARNING - 处理基金 000940 失败: (1406, "Data too long for column 'fund_type' at row 1")
2025-08-16 15:50:57,648 - WARNING - 处理基金 000941 失败: (1406, "Data too long for column 'fund_type' at row 1")
2025-08-16 15:50:57,656 - WARNING - 处理基金 000942 失败: (1406, "Data too long for column 'fund_type' at row 1")
2025-08-16 15:50:57,665 - WARNING - 处理基金 000943 失败: (1406, "Data too long for column 'fund_type' at row 1")
2025-08-16 15:50:57,670 - WARNING - 处理基金 000944 失败: (1406, "Data too long for column 'fund_type' at row 1")
2025-08-16 15:50:57,677 - WARNING - 处理基金 000945 失败: (1406, "Data too long for column 'fund_type' at row 1")
2025-08-16 15:50:57,681 - WARNING - 处理基金 000946 失败: (1406, "Data too long for column 'fund_type' at row 1")
2025-08-16 15:50:57,691 - WARNING - 处理基金 000948 失败: (1406, "Data too long for column 'fund_type' at row 1")
2025-08-16 15:50:57,699 - WARNING - 处理基金 000950 失败: (1406, "Data too long for column 'fund_type' at row 1")
2025-08-16 15:50:57,704 - WARNING - 处理基金 000955 失败: (1406, "Data too long for column 'fund_type' at row 1")
2025-08-16 15:50:57,713 - WARNING - 处理基金 000960 失败: (1406, "Data too long for column 'fund_type' at row 1")
2025-08-16 15:50:57,718 - WARNING - 处理基金 000961 失败: (1406, "Data too long for column 'fund_type' at row 1")
2025-08-16 15:50:57,727 - WARNING - 处理基金 000962 失败: (1406, "Data too long for column 'fund_type' at row 1")
2025-08-16 15:50:57,731 - WARNING - 处理基金 000963 失败: (1406, "Data too long for column 'fund_type' at row 1")
2025-08-16 15:50:57,741 - WARNING - 处理基金 000965 失败: (1406, "Data too long for column 'fund_type' at row 1")
2025-08-16 15:50:57,749 - WARNING - 处理基金 000966 失败: (1406, "Data too long for column 'fund_type' at row 1")
2025-08-16 15:50:57,753 - WARNING - 处理基金 000967 失败: (1406, "Data too long for column 'fund_type' at row 1")
2025-08-16 15:50:57,763 - WARNING - 处理基金 000968 失败: (1406, "Data too long for column 'fund_type' at row 1")
2025-08-16 15:50:57,768 - WARNING - 处理基金 000969 失败: (1406, "Data too long for column 'fund_type' at row 1")
2025-08-16 15:50:57,777 - WARNING - 处理基金 000970 失败: (1406, "Data too long for column 'fund_type' at row 1")
2025-08-16 15:50:57,780 - WARNING - 处理基金 000971 失败: (1406, "Data too long for column 'fund_type' at row 1")
2025-08-16 15:50:57,792 - WARNING - 处理基金 000973 失败: (1406, "Data too long for column 'fund_type' at row 1")
2025-08-16 15:50:57,799 - WARNING - 处理基金 000974 失败: (1406, "Data too long for column 'fund_type' at row 1")
2025-08-16 15:50:57,806 - WARNING - 处理基金 000975 失败: (1406, "Data too long for column 'fund_type' at row 1")
2025-08-16 15:50:57,813 - WARNING - 处理基金 000976 失败: (1406, "Data too long for column 'fund_type' at row 1")
2025-08-16 15:50:57,820 - WARNING - 处理基金 000977 失败: (1406, "Data too long for column 'fund_type' at row 1")
2025-08-16 15:50:57,826 - WARNING - 处理基金 000978 失败: (1406, "Data too long for column 'fund_type' at row 1")
2025-08-16 15:50:57,831 - WARNING - 处理基金 000979 失败: (1406, "Data too long for column 'fund_type' at row 1")
2025-08-16 15:50:57,841 - WARNING - 处理基金 000980 失败: (1406, "Data too long for column 'fund_type' at row 1")
2025-08-16 15:50:57,851 - WARNING - 处理基金 000981 失败: (1406, "Data too long for column 'fund_type' at row 1")
2025-08-16 15:50:57,858 - WARNING - 处理基金 000982 失败: (1406, "Data too long for column 'fund_type' at row 1")
2025-08-16 15:50:57,868 - WARNING - 处理基金 000985 失败: (1406, "Data too long for column 'fund_type' at row 1")
2025-08-16 15:50:57,875 - WARNING - 处理基金 000986 失败: (1406, "Data too long for column 'fund_type' at row 1")
2025-08-16 15:50:57,881 - WARNING - 处理基金 000988 失败: (1406, "Data too long for column 'fund_type' at row 1")
2025-08-16 15:50:57,891 - WARNING - 处理基金 000989 失败: (1406, "Data too long for column 'fund_type' at row 1")
2025-08-16 15:50:57,898 - WARNING - 处理基金 000990 失败: (1406, "Data too long for column 'fund_type' at row 1")
2025-08-16 15:50:57,903 - WARNING - 处理基金 000991 失败: (1406, "Data too long for column 'fund_type' at row 1")
2025-08-16 15:50:57,908 - WARNING - 处理基金 000992 失败: (1406, "Data too long for column 'fund_type' at row 1")
2025-08-16 15:50:57,918 - WARNING - 处理基金 000993 失败: (1406, "Data too long for column 'fund_type' at row 1")
2025-08-16 15:50:57,925 - WARNING - 处理基金 000994 失败: (1406, "Data too long for column 'fund_type' at row 1")
2025-08-16 15:50:57,932 - WARNING - 处理基金 000995 失败: (1406, "Data too long for column 'fund_type' at row 1")
2025-08-16 15:50:57,938 - WARNING - 处理基金 000996 失败: (1406, "Data too long for column 'fund_type' at row 1")
2025-08-16 15:50:57,946 - WARNING - 处理基金 000997 失败: (1406, "Data too long for column 'fund_type' at row 1")
2025-08-16 15:50:57,948 - WARNING - 处理基金 000998 失败: (1406, "Data too long for column 'fund_type' at row 1")
2025-08-16 15:50:57,960 - WARNING - 处理基金 001000 失败: (1406, "Data too long for column 'fund_type' at row 1")
2025-08-16 15:50:57,968 - WARNING - 处理基金 001001 失败: (1406, "Data too long for column 'fund_type' at row 1")
2025-08-16 15:50:57,976 - WARNING - 处理基金 001002 失败: (1406, "Data too long for column 'fund_type' at row 1")
2025-08-16 15:50:57,981 - WARNING - 处理基金 001003 失败: (1406, "Data too long for column 'fund_type' at row 1")
2025-08-16 15:50:57,991 - WARNING - 处理基金 001004 失败: (1406, "Data too long for column 'fund_type' at row 1")
2025-08-16 15:50:57,999 - WARNING - 处理基金 001006 失败: (1406, "Data too long for column 'fund_type' at row 1")
2025-08-16 15:50:58,005 - WARNING - 处理基金 001007 失败: (1406, "Data too long for column 'fund_type' at row 1")
2025-08-16 15:50:58,015 - WARNING - 处理基金 001008 失败: (1406, "Data too long for column 'fund_type' at row 1")
2025-08-16 15:50:58,020 - WARNING - 处理基金 001009 失败: (1406, "Data too long for column 'fund_type' at row 1")
2025-08-16 15:50:58,030 - WARNING - 处理基金 001010 失败: (1406, "Data too long for column 'fund_type' at row 1")
2025-08-16 15:50:58,038 - WARNING - 处理基金 001011 失败: (1406, "Data too long for column 'fund_type' at row 1")
2025-08-16 15:50:58,045 - WARNING - 处理基金 001013 失败: (1406, "Data too long for column 'fund_type' at row 1")
2025-08-16 15:50:58,053 - WARNING - 处理基金 001015 失败: (1406, "Data too long for column 'fund_type' at row 1")
2025-08-16 15:50:58,060 - WARNING - 处理基金 001016 失败: (1406, "Data too long for column 'fund_type' at row 1")
2025-08-16 15:50:58,068 - WARNING - 处理基金 001017 失败: (1406, "Data too long for column 'fund_type' at row 1")
2025-08-16 15:50:58,075 - WARNING - 处理基金 001018 失败: (1406, "Data too long for column 'fund_type' at row 1")
2025-08-16 15:50:58,080 - WARNING - 处理基金 001019 失败: (1406, "Data too long for column 'fund_type' at row 1")
2025-08-16 15:50:58,091 - WARNING - 处理基金 001021 失败: (1406, "Data too long for column 'fund_type' at row 1")
2025-08-16 15:50:58,099 - WARNING - 处理基金 001023 失败: (1406, "Data too long for column 'fund_type' at row 1")
2025-08-16 15:50:58,105 - WARNING - 处理基金 001025 失败: (1406, "Data too long for column 'fund_type' at row 1")
2025-08-16 15:50:58,114 - WARNING - 处理基金 001026 失败: (1406, "Data too long for column 'fund_type' at row 1")
2025-08-16 15:50:58,122 - WARNING - 处理基金 001027 失败: (1406, "Data too long for column 'fund_type' at row 1")
2025-08-16 15:50:58,128 - WARNING - 处理基金 001028 失败: (1406, "Data too long for column 'fund_type' at row 1")
2025-08-16 15:50:58,130 - WARNING - 处理基金 001030 失败: (1406, "Data too long for column 'fund_type' at row 1")
2025-08-16 15:50:58,143 - WARNING - 处理基金 001031 失败: (1406, "Data too long for column 'fund_type' at row 1")
2025-08-16 15:50:58,153 - WARNING - 处理基金 001033 失败: (1406, "Data too long for column 'fund_type' at row 1")
2025-08-16 15:50:58,158 - WARNING - 处理基金 001035 失败: (1406, "Data too long for column 'fund_type' at row 1")
2025-08-16 15:50:58,169 - WARNING - 处理基金 001036 失败: (1406, "Data too long for column 'fund_type' at row 1")
2025-08-16 15:50:58,174 - WARNING - 处理基金 001037 失败: (1406, "Data too long for column 'fund_type' at row 1")
2025-08-16 15:50:58,180 - WARNING - 处理基金 001039 失败: (1406, "Data too long for column 'fund_type' at row 1")
2025-08-16 15:50:58,190 - WARNING - 处理基金 001040 失败: (1406, "Data too long for column 'fund_type' at row 1")
2025-08-16 15:50:58,198 - WARNING - 处理基金 001042 失败: (1406, "Data too long for column 'fund_type' at row 1")
2025-08-16 15:50:58,202 - WARNING - 处理基金 001043 失败: (1406, "Data too long for column 'fund_type' at row 1")
2025-08-16 15:50:58,214 - WARNING - 处理基金 001044 失败: (1406, "Data too long for column 'fund_type' at row 1")
2025-08-16 15:50:58,218 - WARNING - 处理基金 001045 失败: (1406, "Data too long for column 'fund_type' at row 1")
2025-08-16 15:50:58,228 - WARNING - 处理基金 001046 失败: (1406, "Data too long for column 'fund_type' at row 1")
2025-08-16 15:50:58,231 - WARNING - 处理基金 001047 失败: (1406, "Data too long for column 'fund_type' at row 1")
2025-08-16 15:50:58,245 - WARNING - 处理基金 001048 失败: (1406, "Data too long for column 'fund_type' at row 1")
2025-08-16 15:50:58,253 - WARNING - 处理基金 001049 失败: (1406, "Data too long for column 'fund_type' at row 1")
2025-08-16 15:50:58,260 - WARNING - 处理基金 001050 失败: (1406, "Data too long for column 'fund_type' at row 1")
2025-08-16 15:50:58,268 - WARNING - 处理基金 001051 失败: (1406, "Data too long for column 'fund_type' at row 1")
2025-08-16 15:50:58,277 - WARNING - 处理基金 001052 失败: (1406, "Data too long for column 'fund_type' at row 1")
2025-08-16 15:50:58,280 - WARNING - 处理基金 001053 失败: (1406, "Data too long for column 'fund_type' at row 1")
2025-08-16 15:50:58,292 - WARNING - 处理基金 001054 失败: (1406, "Data too long for column 'fund_type' at row 1")
2025-08-16 15:50:58,301 - WARNING - 处理基金 001056 失败: (1406, "Data too long for column 'fund_type' at row 1")
2025-08-16 15:50:58,308 - WARNING - 处理基金 001057 失败: (1406, "Data too long for column 'fund_type' at row 1")
2025-08-16 15:50:58,314 - WARNING - 处理基金 001058 失败: (1406, "Data too long for column 'fund_type' at row 1")
2025-08-16 15:50:58,323 - WARNING - 处理基金 001060 失败: (1406, "Data too long for column 'fund_type' at row 1")
2025-08-16 15:50:58,332 - WARNING - 处理基金 001061 失败: (1406, "Data too long for column 'fund_type' at row 1")
2025-08-16 15:50:58,344 - WARNING - 处理基金 001063 失败: (1406, "Data too long for column 'fund_type' at row 1")
2025-08-16 15:50:58,348 - WARNING - 处理基金 001064 失败: (1406, "Data too long for column 'fund_type' at row 1")
2025-08-16 15:50:58,360 - WARNING - 处理基金 001065 失败: (1406, "Data too long for column 'fund_type' at row 1")
2025-08-16 15:50:58,368 - WARNING - 处理基金 001066 失败: (1406, "Data too long for column 'fund_type' at row 1")
2025-08-16 15:50:58,375 - WARNING - 处理基金 001067 失败: (1406, "Data too long for column 'fund_type' at row 1")
2025-08-16 15:50:58,386 - WARNING - 处理基金 001068 失败: (1406, "Data too long for column 'fund_type' at row 1")
2025-08-16 15:50:58,394 - WARNING - 处理基金 001069 失败: (1406, "Data too long for column 'fund_type' at row 1")
2025-08-16 15:50:58,402 - WARNING - 处理基金 001070 失败: (1406, "Data too long for column 'fund_type' at row 1")
2025-08-16 15:50:58,409 - WARNING - 处理基金 001071 失败: (1406, "Data too long for column 'fund_type' at row 1")
2025-08-16 15:50:58,414 - WARNING - 处理基金 001072 失败: (1406, "Data too long for column 'fund_type' at row 1")
2025-08-16 15:50:58,423 - WARNING - 处理基金 001073 失败: (1406, "Data too long for column 'fund_type' at row 1")
2025-08-16 15:50:58,433 - WARNING - 处理基金 001074 失败: (1406, "Data too long for column 'fund_type' at row 1")
2025-08-16 15:50:58,438 - WARNING - 处理基金 001075 失败: (1406, "Data too long for column 'fund_type' at row 1")
2025-08-16 15:50:58,448 - WARNING - 处理基金 001076 失败: (1406, "Data too long for column 'fund_type' at row 1")
2025-08-16 15:50:58,453 - WARNING - 处理基金 001077 失败: (1406, "Data too long for column 'fund_type' at row 1")
2025-08-16 15:50:58,466 - WARNING - 处理基金 001078 失败: (1406, "Data too long for column 'fund_type' at row 1")
2025-08-16 15:50:58,472 - WARNING - 处理基金 001086 失败: (1406, "Data too long for column 'fund_type' at row 1")
2025-08-16 15:50:58,483 - WARNING - 处理基金 001087 失败: (1406, "Data too long for column 'fund_type' at row 1")
2025-08-16 15:50:58,489 - WARNING - 处理基金 001088 失败: (1406, "Data too long for column 'fund_type' at row 1")
2025-08-16 15:50:58,498 - WARNING - 处理基金 001092 失败: (1406, "Data too long for column 'fund_type' at row 1")
2025-08-16 15:50:58,508 - WARNING - 处理基金 001093 失败: (1406, "Data too long for column 'fund_type' at row 1")
2025-08-16 15:50:58,517 - WARNING - 处理基金 001094 失败: (1406, "Data too long for column 'fund_type' at row 1")
2025-08-16 15:50:58,521 - WARNING - 处理基金 001095 失败: (1406, "Data too long for column 'fund_type' at row 1")
2025-08-16 15:50:58,532 - WARNING - 处理基金 001096 失败: (1406, "Data too long for column 'fund_type' at row 1")
2025-08-16 15:50:58,538 - WARNING - 处理基金 001097 失败: (1406, "Data too long for column 'fund_type' at row 1")
2025-08-16 15:50:58,549 - WARNING - 处理基金 001101 失败: (1406, "Data too long for column 'fund_type' at row 1")
2025-08-16 15:50:58,549 - WARNING - 处理基金 001102 失败: (1406, "Data too long for column 'fund_type' at row 1")
2025-08-16 15:50:58,564 - WARNING - 处理基金 001103 失败: (1406, "Data too long for column 'fund_type' at row 1")
2025-08-16 15:50:58,568 - WARNING - 处理基金 001104 失败: (1406, "Data too long for column 'fund_type' at row 1")
2025-08-16 15:50:58,581 - WARNING - 处理基金 001105 失败: (1406, "Data too long for column 'fund_type' at row 1")
2025-08-16 15:50:58,588 - WARNING - 处理基金 001106 失败: (1406, "Data too long for column 'fund_type' at row 1")
2025-08-16 15:50:58,598 - WARNING - 处理基金 001110 失败: (1406, "Data too long for column 'fund_type' at row 1")
2025-08-16 15:50:58,598 - WARNING - 处理基金 001111 失败: (1406, "Data too long for column 'fund_type' at row 1")
2025-08-16 15:50:58,615 - WARNING - 处理基金 001112 失败: (1406, "Data too long for column 'fund_type' at row 1")
2025-08-16 15:50:58,618 - WARNING - 处理基金 001113 失败: (1406, "Data too long for column 'fund_type' at row 1")
2025-08-16 15:50:58,634 - WARNING - 处理基金 001115 失败: (1406, "Data too long for column 'fund_type' at row 1")
2025-08-16 15:50:58,642 - WARNING - 处理基金 001116 失败: (1406, "Data too long for column 'fund_type' at row 1")
2025-08-16 15:50:58,648 - WARNING - 处理基金 001117 失败: (1406, "Data too long for column 'fund_type' at row 1")
2025-08-16 15:50:58,659 - WARNING - 处理基金 001118 失败: (1406, "Data too long for column 'fund_type' at row 1")
2025-08-16 15:50:58,666 - INFO - 数据库连接已关闭
2025-08-16 15:51:45,997 - INFO - 🌟 每周数据更新程序启动
2025-08-16 15:51:45,997 - INFO - 🚀 开始每周数据更新...
2025-08-16 15:51:45,997 - INFO - ============================================================
2025-08-16 15:51:45,997 - INFO - ✅ 成功连接到MySQL数据库
2025-08-16 15:51:45,997 - INFO - 清空基金基本信息...
2025-08-16 15:51:46,047 - INFO - 🚀 开始获取ADATA所有基金基本信息...
2025-08-16 15:51:52,879 - INFO - 📊 获取到 24781 只基金信息
2025-08-16 15:51:52,893 - INFO - 📈 已插入 100 只基金信息
2025-08-16 15:51:52,907 - INFO - 📈 已插入 200 只基金信息
2025-08-16 15:51:52,930 - INFO - 📈 已插入 300 只基金信息
2025-08-16 15:51:52,937 - INFO - 📈 已插入 400 只基金信息
2025-08-16 15:51:52,957 - INFO - 📈 已插入 500 只基金信息
2025-08-16 15:51:52,979 - INFO - 📈 已插入 600 只基金信息
2025-08-16 15:51:52,996 - INFO - 📈 已插入 700 只基金信息
2025-08-16 15:51:53,013 - INFO - 📈 已插入 800 只基金信息
2025-08-16 15:51:53,027 - INFO - 📈 已插入 900 只基金信息
2025-08-16 15:51:53,049 - INFO - 📈 已插入 1000 只基金信息
2025-08-16 15:51:53,057 - INFO - 📈 已插入 1100 只基金信息
2025-08-16 15:51:53,081 - INFO - 📈 已插入 1200 只基金信息
2025-08-16 15:51:53,087 - INFO - 📈 已插入 1300 只基金信息
2025-08-16 15:51:53,099 - INFO - 📈 已插入 1400 只基金信息
2025-08-16 15:51:53,127 - INFO - 📈 已插入 1500 只基金信息
2025-08-16 15:51:53,137 - INFO - 📈 已插入 1600 只基金信息
2025-08-16 15:51:53,157 - INFO - 📈 已插入 1700 只基金信息
2025-08-16 15:51:53,167 - INFO - 📈 已插入 1800 只基金信息
2025-08-16 15:51:53,187 - INFO - 📈 已插入 1900 只基金信息
2025-08-16 15:51:53,202 - INFO - 📈 已插入 2000 只基金信息
2025-08-16 15:51:53,217 - INFO - 📈 已插入 2100 只基金信息
2025-08-16 15:51:53,229 - INFO - 📈 已插入 2200 只基金信息
2025-08-16 15:51:53,237 - INFO - 📈 已插入 2300 只基金信息
2025-08-16 15:51:53,257 - INFO - 📈 已插入 2400 只基金信息
2025-08-16 15:51:53,281 - INFO - 📈 已插入 2500 只基金信息
2025-08-16 15:51:53,287 - INFO - 📈 已插入 2600 只基金信息
2025-08-16 15:51:53,307 - INFO - 📈 已插入 2700 只基金信息
2025-08-16 15:51:53,317 - INFO - 📈 已插入 2800 只基金信息
2025-08-16 15:51:53,337 - INFO - 📈 已插入 2900 只基金信息
2025-08-16 15:51:53,347 - INFO - 📈 已插入 3000 只基金信息
2025-08-16 15:51:53,367 - INFO - 📈 已插入 3100 只基金信息
2025-08-16 15:51:53,387 - INFO - 📈 已插入 3200 只基金信息
2025-08-16 15:51:53,400 - INFO - 📈 已插入 3300 只基金信息
2025-08-16 15:51:53,413 - INFO - 📈 已插入 3400 只基金信息
2025-08-16 15:51:53,428 - INFO - 📈 已插入 3500 只基金信息
2025-08-16 15:51:53,437 - INFO - 📈 已插入 3600 只基金信息
2025-08-16 15:51:53,457 - INFO - 📈 已插入 3700 只基金信息
2025-08-16 15:51:53,477 - INFO - 📈 已插入 3800 只基金信息
2025-08-16 15:51:53,502 - INFO - 📈 已插入 3900 只基金信息
2025-08-16 15:51:53,537 - INFO - 📈 已插入 4000 只基金信息
2025-08-16 15:51:53,564 - INFO - 📈 已插入 4100 只基金信息
2025-08-16 15:51:53,588 - INFO - 📈 已插入 4200 只基金信息
2025-08-16 15:51:53,619 - INFO - 📈 已插入 4300 只基金信息
2025-08-16 15:51:53,637 - INFO - 📈 已插入 4400 只基金信息
2025-08-16 15:51:53,657 - INFO - 📈 已插入 4500 只基金信息
2025-08-16 15:51:53,679 - INFO - 📈 已插入 4600 只基金信息
2025-08-16 15:51:53,687 - INFO - 📈 已插入 4700 只基金信息
2025-08-16 15:51:53,707 - INFO - 📈 已插入 4800 只基金信息
2025-08-16 15:51:53,717 - INFO - 📈 已插入 4900 只基金信息
2025-08-16 15:51:53,730 - INFO - 📈 已插入 5000 只基金信息
2025-08-16 15:51:53,747 - INFO - 📈 已插入 5100 只基金信息
2025-08-16 15:51:53,765 - INFO - 📈 已插入 5200 只基金信息
2025-08-16 15:51:53,777 - INFO - 📈 已插入 5300 只基金信息
2025-08-16 15:51:53,788 - INFO - 📈 已插入 5400 只基金信息
2025-08-16 15:51:53,813 - INFO - 📈 已插入 5500 只基金信息
2025-08-16 15:51:53,829 - INFO - 📈 已插入 5600 只基金信息
2025-08-16 15:51:53,857 - INFO - 📈 已插入 5700 只基金信息
2025-08-16 15:51:53,867 - INFO - 📈 已插入 5800 只基金信息
2025-08-16 15:51:53,887 - INFO - 📈 已插入 5900 只基金信息
2025-08-16 15:51:53,898 - INFO - 📈 已插入 6000 只基金信息
2025-08-16 15:51:53,911 - INFO - 📈 已插入 6100 只基金信息
2025-08-16 15:51:53,917 - INFO - 📈 已插入 6200 只基金信息
2025-08-16 15:51:53,937 - INFO - 📈 已插入 6300 只基金信息
2025-08-16 15:51:53,947 - INFO - 📈 已插入 6400 只基金信息
2025-08-16 15:51:53,964 - INFO - 📈 已插入 6500 只基金信息
2025-08-16 15:51:53,967 - INFO - 📈 已插入 6600 只基金信息
2025-08-16 15:51:53,987 - INFO - 📈 已插入 6700 只基金信息
2025-08-16 15:51:54,007 - INFO - 📈 已插入 6800 只基金信息
2025-08-16 15:51:54,019 - INFO - 📈 已插入 6900 只基金信息
2025-08-16 15:51:54,033 - INFO - 📈 已插入 7000 只基金信息
2025-08-16 15:51:54,037 - INFO - 📈 已插入 7100 只基金信息
2025-08-16 15:51:54,057 - INFO - 📈 已插入 7200 只基金信息
2025-08-16 15:51:54,067 - INFO - 📈 已插入 7300 只基金信息
2025-08-16 15:51:54,082 - INFO - 📈 已插入 7400 只基金信息
2025-08-16 15:51:54,096 - INFO - 📈 已插入 7500 只基金信息
2025-08-16 15:51:54,107 - INFO - 📈 已插入 7600 只基金信息
2025-08-16 15:51:54,117 - INFO - 📈 已插入 7700 只基金信息
2025-08-16 15:51:54,130 - INFO - 📈 已插入 7800 只基金信息
2025-08-16 15:51:54,146 - INFO - 📈 已插入 7900 只基金信息
2025-08-16 15:51:54,157 - INFO - 📈 已插入 8000 只基金信息
2025-08-16 15:51:54,167 - INFO - 📈 已插入 8100 只基金信息
2025-08-16 15:51:54,179 - INFO - 📈 已插入 8200 只基金信息
2025-08-16 15:51:54,196 - INFO - 📈 已插入 8300 只基金信息
2025-08-16 15:51:54,207 - INFO - 📈 已插入 8400 只基金信息
2025-08-16 15:51:54,217 - INFO - 📈 已插入 8500 只基金信息
2025-08-16 15:51:54,229 - INFO - 📈 已插入 8600 只基金信息
2025-08-16 15:51:54,247 - INFO - 📈 已插入 8700 只基金信息
2025-08-16 15:51:54,257 - INFO - 📈 已插入 8800 只基金信息
2025-08-16 15:51:54,267 - INFO - 📈 已插入 8900 只基金信息
2025-08-16 15:51:54,287 - INFO - 📈 已插入 9000 只基金信息
2025-08-16 15:51:54,297 - INFO - 📈 已插入 9100 只基金信息
2025-08-16 15:51:54,317 - INFO - 📈 已插入 9200 只基金信息
2025-08-16 15:51:54,329 - INFO - 📈 已插入 9300 只基金信息
2025-08-16 15:51:54,337 - INFO - 📈 已插入 9400 只基金信息
2025-08-16 15:51:54,347 - INFO - 📈 已插入 9500 只基金信息
2025-08-16 15:51:54,366 - INFO - 📈 已插入 9600 只基金信息
2025-08-16 15:51:54,367 - INFO - 📈 已插入 9700 只基金信息
2025-08-16 15:51:54,387 - INFO - 📈 已插入 9800 只基金信息
2025-08-16 15:51:54,397 - INFO - 📈 已插入 9900 只基金信息
2025-08-16 15:51:54,417 - INFO - 📈 已插入 10000 只基金信息
2025-08-16 15:51:54,430 - INFO - 📈 已插入 10100 只基金信息
2025-08-16 15:51:54,437 - INFO - 📈 已插入 10200 只基金信息
2025-08-16 15:51:54,449 - INFO - 📈 已插入 10300 只基金信息
2025-08-16 15:51:54,463 - INFO - 📈 已插入 10400 只基金信息
2025-08-16 15:51:54,467 - INFO - 📈 已插入 10500 只基金信息
2025-08-16 15:51:54,480 - INFO - 📈 已插入 10600 只基金信息
2025-08-16 15:51:54,507 - INFO - 📈 已插入 10700 只基金信息
2025-08-16 15:51:54,517 - INFO - 📈 已插入 10800 只基金信息
2025-08-16 15:51:54,529 - INFO - 📈 已插入 10900 只基金信息
2025-08-16 15:51:54,547 - INFO - 📈 已插入 11000 只基金信息
2025-08-16 15:51:54,563 - INFO - 📈 已插入 11100 只基金信息
2025-08-16 15:51:54,579 - INFO - 📈 已插入 11200 只基金信息
2025-08-16 15:51:54,587 - INFO - 📈 已插入 11300 只基金信息
2025-08-16 15:51:54,607 - INFO - 📈 已插入 11400 只基金信息
2025-08-16 15:51:54,617 - INFO - 📈 已插入 11500 只基金信息
2025-08-16 15:51:54,637 - INFO - 📈 已插入 11600 只基金信息
2025-08-16 15:51:54,647 - INFO - 📈 已插入 11700 只基金信息
2025-08-16 15:51:54,657 - INFO - 📈 已插入 11800 只基金信息
2025-08-16 15:51:54,667 - INFO - 📈 已插入 11900 只基金信息
2025-08-16 15:51:54,687 - INFO - 📈 已插入 12000 只基金信息
2025-08-16 15:51:54,697 - INFO - 📈 已插入 12100 只基金信息
2025-08-16 15:51:54,713 - INFO - 📈 已插入 12200 只基金信息
2025-08-16 15:51:54,717 - INFO - 📈 已插入 12300 只基金信息
2025-08-16 15:51:54,737 - INFO - 📈 已插入 12400 只基金信息
2025-08-16 15:51:54,747 - INFO - 📈 已插入 12500 只基金信息
2025-08-16 15:51:54,767 - INFO - 📈 已插入 12600 只基金信息
2025-08-16 15:51:54,787 - INFO - 📈 已插入 12700 只基金信息
2025-08-16 15:51:54,798 - INFO - 📈 已插入 12800 只基金信息
2025-08-16 15:51:54,813 - INFO - 📈 已插入 12900 只基金信息
2025-08-16 15:51:54,827 - INFO - 📈 已插入 13000 只基金信息
2025-08-16 15:51:54,837 - INFO - 📈 已插入 13100 只基金信息
2025-08-16 15:51:54,847 - INFO - 📈 已插入 13200 只基金信息
2025-08-16 15:51:54,863 - INFO - 📈 已插入 13300 只基金信息
2025-08-16 15:51:54,867 - INFO - 📈 已插入 13400 只基金信息
2025-08-16 15:51:54,887 - INFO - 📈 已插入 13500 只基金信息
2025-08-16 15:51:54,904 - INFO - 📈 已插入 13600 只基金信息
2025-08-16 15:51:54,917 - INFO - 📈 已插入 13700 只基金信息
2025-08-16 15:51:54,929 - INFO - 📈 已插入 13800 只基金信息
2025-08-16 15:51:54,937 - INFO - 📈 已插入 13900 只基金信息
2025-08-16 15:51:54,947 - INFO - 📈 已插入 14000 只基金信息
2025-08-16 15:51:54,967 - INFO - 📈 已插入 14100 只基金信息
2025-08-16 15:51:54,977 - INFO - 📈 已插入 14200 只基金信息
2025-08-16 15:51:54,987 - INFO - 📈 已插入 14300 只基金信息
2025-08-16 15:51:55,002 - INFO - 📈 已插入 14400 只基金信息
2025-08-16 15:51:55,015 - INFO - 📈 已插入 14500 只基金信息
2025-08-16 15:51:55,018 - INFO - 📈 已插入 14600 只基金信息
2025-08-16 15:51:55,037 - INFO - 📈 已插入 14700 只基金信息
2025-08-16 15:51:55,049 - INFO - 📈 已插入 14800 只基金信息
2025-08-16 15:51:55,066 - INFO - 📈 已插入 14900 只基金信息
2025-08-16 15:51:55,077 - INFO - 📈 已插入 15000 只基金信息
2025-08-16 15:51:55,087 - INFO - 📈 已插入 15100 只基金信息
2025-08-16 15:51:55,097 - INFO - 📈 已插入 15200 只基金信息
2025-08-16 15:51:55,107 - INFO - 📈 已插入 15300 只基金信息
2025-08-16 15:51:55,117 - INFO - 📈 已插入 15400 只基金信息
2025-08-16 15:51:55,137 - INFO - 📈 已插入 15500 只基金信息
2025-08-16 15:51:55,147 - INFO - 📈 已插入 15600 只基金信息
2025-08-16 15:51:55,167 - INFO - 📈 已插入 15700 只基金信息
2025-08-16 15:51:55,179 - INFO - 📈 已插入 15800 只基金信息
2025-08-16 15:51:55,187 - INFO - 📈 已插入 15900 只基金信息
2025-08-16 15:51:55,207 - INFO - 📈 已插入 16000 只基金信息
2025-08-16 15:51:55,217 - INFO - 📈 已插入 16100 只基金信息
2025-08-16 15:51:55,230 - INFO - 📈 已插入 16200 只基金信息
2025-08-16 15:51:55,247 - INFO - 📈 已插入 16300 只基金信息
2025-08-16 15:51:55,262 - INFO - 📈 已插入 16400 只基金信息
2025-08-16 15:51:55,269 - INFO - 📈 已插入 16500 只基金信息
2025-08-16 15:51:55,287 - INFO - 📈 已插入 16600 只基金信息
2025-08-16 15:51:55,297 - INFO - 📈 已插入 16700 只基金信息
2025-08-16 15:51:55,307 - INFO - 📈 已插入 16800 只基金信息
2025-08-16 15:51:55,317 - INFO - 📈 已插入 16900 只基金信息
2025-08-16 15:51:55,329 - INFO - 📈 已插入 17000 只基金信息
2025-08-16 15:51:55,344 - INFO - 📈 已插入 17100 只基金信息
2025-08-16 15:51:55,350 - INFO - 📈 已插入 17200 只基金信息
2025-08-16 15:51:55,367 - INFO - 📈 已插入 17300 只基金信息
2025-08-16 15:51:55,380 - INFO - 📈 已插入 17400 只基金信息
2025-08-16 15:51:55,395 - INFO - 📈 已插入 17500 只基金信息
2025-08-16 15:51:55,407 - INFO - 📈 已插入 17600 只基金信息
2025-08-16 15:51:55,417 - INFO - 📈 已插入 17700 只基金信息
2025-08-16 15:51:55,437 - INFO - 📈 已插入 17800 只基金信息
2025-08-16 15:51:55,450 - INFO - 📈 已插入 17900 只基金信息
2025-08-16 15:51:55,467 - INFO - 📈 已插入 18000 只基金信息
2025-08-16 15:51:55,480 - INFO - 📈 已插入 18100 只基金信息
2025-08-16 15:51:55,497 - INFO - 📈 已插入 18200 只基金信息
2025-08-16 15:51:55,513 - INFO - 📈 已插入 18300 只基金信息
2025-08-16 15:51:55,527 - INFO - 📈 已插入 18400 只基金信息
2025-08-16 15:51:55,537 - INFO - 📈 已插入 18500 只基金信息
2025-08-16 15:51:55,549 - INFO - 📈 已插入 18600 只基金信息
2025-08-16 15:51:55,567 - INFO - 📈 已插入 18700 只基金信息
2025-08-16 15:51:55,579 - INFO - 📈 已插入 18800 只基金信息
2025-08-16 15:51:55,589 - INFO - 📈 已插入 18900 只基金信息
2025-08-16 15:51:55,607 - INFO - 📈 已插入 19000 只基金信息
2025-08-16 15:51:55,617 - INFO - 📈 已插入 19100 只基金信息
2025-08-16 15:51:55,637 - INFO - 📈 已插入 19200 只基金信息
2025-08-16 15:51:55,647 - INFO - 📈 已插入 19300 只基金信息
2025-08-16 15:51:55,667 - INFO - 📈 已插入 19400 只基金信息
2025-08-16 15:51:55,680 - INFO - 📈 已插入 19500 只基金信息
2025-08-16 15:51:55,689 - INFO - 📈 已插入 19600 只基金信息
2025-08-16 15:51:55,707 - INFO - 📈 已插入 19700 只基金信息
2025-08-16 15:51:55,717 - INFO - 📈 已插入 19800 只基金信息
2025-08-16 15:51:55,737 - INFO - 📈 已插入 19900 只基金信息
2025-08-16 15:51:55,747 - INFO - 📈 已插入 20000 只基金信息
2025-08-16 15:51:55,763 - INFO - 📈 已插入 20100 只基金信息
2025-08-16 15:51:55,777 - INFO - 📈 已插入 20200 只基金信息
2025-08-16 15:51:55,787 - INFO - 📈 已插入 20300 只基金信息
2025-08-16 15:51:55,799 - INFO - 📈 已插入 20400 只基金信息
2025-08-16 15:51:55,813 - INFO - 📈 已插入 20500 只基金信息
2025-08-16 15:51:55,829 - INFO - 📈 已插入 20600 只基金信息
2025-08-16 15:51:55,837 - INFO - 📈 已插入 20700 只基金信息
2025-08-16 15:51:55,857 - INFO - 📈 已插入 20800 只基金信息
2025-08-16 15:51:55,867 - INFO - 📈 已插入 20900 只基金信息
2025-08-16 15:51:55,880 - INFO - 📈 已插入 21000 只基金信息
2025-08-16 15:51:55,897 - INFO - 📈 已插入 21100 只基金信息
2025-08-16 15:51:55,912 - INFO - 📈 已插入 21200 只基金信息
2025-08-16 15:51:55,919 - INFO - 📈 已插入 21300 只基金信息
2025-08-16 15:51:55,938 - INFO - 📈 已插入 21400 只基金信息
2025-08-16 15:51:55,951 - INFO - 📈 已插入 21500 只基金信息
2025-08-16 15:51:55,967 - INFO - 📈 已插入 21600 只基金信息
2025-08-16 15:51:55,978 - INFO - 📈 已插入 21700 只基金信息
2025-08-16 15:51:55,987 - INFO - 📈 已插入 21800 只基金信息
2025-08-16 15:51:56,007 - INFO - 📈 已插入 21900 只基金信息
2025-08-16 15:51:56,017 - INFO - 📈 已插入 22000 只基金信息
2025-08-16 15:51:56,037 - INFO - 📈 已插入 22100 只基金信息
2025-08-16 15:51:56,049 - INFO - 📈 已插入 22200 只基金信息
2025-08-16 15:51:56,057 - INFO - 📈 已插入 22300 只基金信息
2025-08-16 15:51:56,078 - INFO - 📈 已插入 22400 只基金信息
2025-08-16 15:51:56,087 - INFO - 📈 已插入 22500 只基金信息
2025-08-16 15:51:56,098 - INFO - 📈 已插入 22600 只基金信息
2025-08-16 15:51:56,113 - INFO - 📈 已插入 22700 只基金信息
2025-08-16 15:51:56,129 - INFO - 📈 已插入 22800 只基金信息
2025-08-16 15:51:56,137 - INFO - 📈 已插入 22900 只基金信息
2025-08-16 15:51:56,147 - INFO - 📈 已插入 23000 只基金信息
2025-08-16 15:51:56,163 - INFO - 📈 已插入 23100 只基金信息
2025-08-16 15:51:56,167 - INFO - 📈 已插入 23200 只基金信息
2025-08-16 15:51:56,187 - INFO - 📈 已插入 23300 只基金信息
2025-08-16 15:51:56,197 - INFO - 📈 已插入 23400 只基金信息
2025-08-16 15:51:56,213 - INFO - 📈 已插入 23500 只基金信息
2025-08-16 15:51:56,228 - INFO - 📈 已插入 23600 只基金信息
2025-08-16 15:51:56,237 - INFO - 📈 已插入 23700 只基金信息
2025-08-16 15:51:56,257 - INFO - 📈 已插入 23800 只基金信息
2025-08-16 15:51:56,281 - INFO - 📈 已插入 23900 只基金信息
2025-08-16 15:51:56,287 - INFO - 📈 已插入 24000 只基金信息
2025-08-16 15:51:56,298 - INFO - 📈 已插入 24100 只基金信息
2025-08-16 15:51:56,317 - INFO - 📈 已插入 24200 只基金信息
2025-08-16 15:51:56,329 - INFO - 📈 已插入 24300 只基金信息
2025-08-16 15:51:56,337 - INFO - 📈 已插入 24400 只基金信息
2025-08-16 15:51:56,357 - INFO - 📈 已插入 24500 只基金信息
2025-08-16 15:51:56,367 - INFO - 📈 已插入 24600 只基金信息
2025-08-16 15:51:56,387 - INFO - 📈 已插入 24700 只基金信息
2025-08-16 15:51:56,407 - INFO - ✅ 成功插入 24781 只基金基本信息
2025-08-16 15:51:56,409 - INFO - ============================================================
2025-08-16 15:51:56,409 - INFO - 📊 本周数据更新统计
2025-08-16 15:51:56,409 - INFO - ============================================================
2025-08-16 15:51:56,409 - INFO - ⏱️  更新耗时: 0:00:10.411322
2025-08-16 15:51:56,409 - INFO - ✅ 无错误
2025-08-16 15:51:56,409 - INFO - ============================================================
2025-08-16 15:51:56,413 - INFO - 🎉 本周数据更新完成！
2025-08-16 15:51:56,417 - INFO - 数据库连接已关闭
2025-08-16 15:51:56,417 - INFO - ✅ 每周数据更新成功完成
