2025-07-31 19:43:29,940 - INFO - 🌟 每日数据更新程序启动
2025-07-31 19:44:46,431 - INFO - 🌟 每日数据更新程序启动
2025-07-31 19:44:46,432 - INFO - 🚀 开始每日数据更新...
2025-07-31 19:44:46,432 - INFO - ============================================================
2025-07-31 19:44:46,439 - ERROR - ❌ 连接数据库失败: 'cryptography' package is required for sha256_password or caching_sha2_password auth methods
2025-07-31 19:44:46,439 - ERROR - ❌ 每日数据更新失败
2025-07-31 19:49:15,810 - INFO - 🌟 每日数据更新程序启动
2025-07-31 19:49:15,811 - INFO - 🚀 开始每日数据更新...
2025-07-31 19:49:15,811 - INFO - ============================================================
2025-07-31 19:49:15,971 - ERROR - ❌ 连接数据库失败: (1045, "Access denied for user 'root'@'localhost' (using password: YES)")
2025-07-31 19:49:15,972 - ERROR - ❌ 每日数据更新失败
2025-07-31 19:49:33,363 - INFO - 🌟 每日数据更新程序启动
2025-07-31 19:49:33,364 - INFO - 🚀 开始每日数据更新...
2025-07-31 19:49:33,364 - INFO - ============================================================
2025-07-31 19:49:33,371 - INFO - ✅ 成功连接到MySQL数据库
2025-07-31 19:49:33,372 - INFO - 清空股票基本信息...
2025-07-31 19:49:33,454 - INFO - 🚀 开始获取ADATA所有股票基本信息...
2025-07-31 19:49:49,086 - INFO - 📊 获取到 5839 只股票信息
2025-07-31 19:49:49,192 - INFO - 📈 已插入 100 只股票信息
2025-07-31 19:49:49,259 - INFO - 📈 已插入 200 只股票信息
2025-07-31 19:49:49,365 - INFO - 📈 已插入 300 只股票信息
2025-07-31 19:49:49,489 - INFO - 📈 已插入 400 只股票信息
2025-07-31 19:49:49,504 - INFO - 📈 已插入 500 只股票信息
2025-07-31 19:49:49,519 - INFO - 📈 已插入 600 只股票信息
2025-07-31 19:49:49,533 - INFO - 📈 已插入 700 只股票信息
2025-07-31 19:49:49,551 - INFO - 📈 已插入 800 只股票信息
2025-07-31 19:49:49,567 - INFO - 📈 已插入 900 只股票信息
2025-07-31 19:49:49,586 - INFO - 📈 已插入 1000 只股票信息
2025-07-31 19:49:49,596 - INFO - 📈 已插入 1100 只股票信息
2025-07-31 19:49:49,618 - INFO - 📈 已插入 1200 只股票信息
2025-07-31 19:49:49,630 - INFO - 📈 已插入 1300 只股票信息
2025-07-31 19:49:49,645 - INFO - 📈 已插入 1400 只股票信息
2025-07-31 19:49:49,661 - INFO - 📈 已插入 1500 只股票信息
2025-07-31 19:49:49,677 - INFO - 📈 已插入 1600 只股票信息
2025-07-31 19:49:49,690 - INFO - 📈 已插入 1700 只股票信息
2025-07-31 19:49:49,701 - INFO - 📈 已插入 1800 只股票信息
2025-07-31 19:49:49,712 - INFO - 📈 已插入 1900 只股票信息
2025-07-31 19:49:49,726 - INFO - 📈 已插入 2000 只股票信息
2025-07-31 19:49:49,740 - INFO - 📈 已插入 2100 只股票信息
2025-07-31 19:49:49,751 - INFO - 📈 已插入 2200 只股票信息
2025-07-31 19:49:49,766 - INFO - 📈 已插入 2300 只股票信息
2025-07-31 19:49:49,777 - INFO - 📈 已插入 2400 只股票信息
2025-07-31 19:49:49,790 - INFO - 📈 已插入 2500 只股票信息
2025-07-31 19:49:49,802 - INFO - 📈 已插入 2600 只股票信息
2025-07-31 19:49:49,814 - INFO - 📈 已插入 2700 只股票信息
2025-07-31 19:49:49,827 - INFO - 📈 已插入 2800 只股票信息
2025-07-31 19:49:49,840 - INFO - 📈 已插入 2900 只股票信息
2025-07-31 19:49:49,854 - INFO - 📈 已插入 3000 只股票信息
2025-07-31 19:49:49,866 - INFO - 📈 已插入 3100 只股票信息
2025-07-31 19:49:49,882 - INFO - 📈 已插入 3200 只股票信息
2025-07-31 19:49:49,895 - INFO - 📈 已插入 3300 只股票信息
2025-07-31 19:49:49,914 - INFO - 📈 已插入 3400 只股票信息
2025-07-31 19:49:49,928 - INFO - 📈 已插入 3500 只股票信息
2025-07-31 19:49:49,942 - INFO - 📈 已插入 3600 只股票信息
2025-07-31 19:49:49,962 - INFO - 📈 已插入 3700 只股票信息
2025-07-31 19:49:49,975 - INFO - 📈 已插入 3800 只股票信息
2025-07-31 19:49:49,991 - INFO - 📈 已插入 3900 只股票信息
2025-07-31 19:49:50,001 - INFO - 📈 已插入 4000 只股票信息
2025-07-31 19:49:50,011 - INFO - 📈 已插入 4100 只股票信息
2025-07-31 19:49:50,024 - INFO - 📈 已插入 4200 只股票信息
2025-07-31 19:49:50,060 - INFO - 📈 已插入 4300 只股票信息
2025-07-31 19:49:50,078 - INFO - 📈 已插入 4400 只股票信息
2025-07-31 19:49:50,105 - INFO - 📈 已插入 4500 只股票信息
2025-07-31 19:49:50,130 - INFO - 📈 已插入 4600 只股票信息
2025-07-31 19:49:50,154 - INFO - 📈 已插入 4700 只股票信息
2025-07-31 19:49:50,173 - INFO - 📈 已插入 4800 只股票信息
2025-07-31 19:49:50,196 - INFO - 📈 已插入 4900 只股票信息
2025-07-31 19:49:50,214 - INFO - 📈 已插入 5000 只股票信息
2025-07-31 19:49:50,233 - INFO - 📈 已插入 5100 只股票信息
2025-07-31 19:49:50,251 - INFO - 📈 已插入 5200 只股票信息
2025-07-31 19:49:50,264 - INFO - 📈 已插入 5300 只股票信息
2025-07-31 19:49:50,275 - INFO - 📈 已插入 5400 只股票信息
2025-07-31 19:49:50,288 - INFO - 📈 已插入 5500 只股票信息
2025-07-31 19:49:50,312 - INFO - 📈 已插入 5600 只股票信息
2025-07-31 19:49:50,324 - INFO - 📈 已插入 5700 只股票信息
2025-07-31 19:49:50,334 - INFO - 📈 已插入 5800 只股票信息
2025-07-31 19:49:50,343 - INFO - ✅ 成功插入 5839 只股票基本信息
2025-07-31 19:49:50,343 - INFO - 📊 开始更新今日K线数据（前200只股票）...
2025-07-31 19:49:50,344 - ERROR - ❌ 更新今日K线失败: not all arguments converted during string formatting
2025-07-31 19:49:50,344 - INFO - ============================================================
2025-07-31 19:49:50,344 - INFO - 📊 每日数据更新统计
2025-07-31 19:49:50,344 - INFO - ============================================================
2025-07-31 19:49:50,344 - INFO - ⏱️  更新耗时: 0:00:16.979497
2025-07-31 19:49:50,344 - INFO - 📈 实时行情: 0 条
2025-07-31 19:49:50,344 - INFO - 📊 今日K线: 0 条
2025-07-31 19:49:50,344 - INFO - 📅 交易日历: 0 条
2025-07-31 19:49:50,344 - INFO - ❌ 错误数量: 1
2025-07-31 19:49:50,344 - INFO -    • 更新今日K线失败: not all arguments converted during string formatting
2025-07-31 19:49:50,344 - INFO - ============================================================
2025-07-31 19:49:50,345 - INFO - 🎉 每日数据更新完成！
2025-07-31 19:49:50,345 - INFO - 数据库连接已关闭
2025-07-31 19:49:50,345 - INFO - ✅ 每日数据更新成功完成
2025-07-31 19:57:30,460 - INFO - 🌟 每日数据更新程序启动
2025-07-31 19:57:30,460 - INFO - 🚀 开始每日数据更新...
2025-07-31 19:57:30,460 - INFO - ============================================================
2025-07-31 19:57:30,463 - INFO - ✅ 成功连接到MySQL数据库
2025-07-31 19:57:30,464 - INFO - 清空股票基本信息...
2025-07-31 19:57:30,509 - INFO - 🚀 开始获取ADATA所有股票基本信息...
2025-07-31 19:57:46,298 - INFO - 📊 获取到 5839 只股票信息
2025-07-31 19:57:46,324 - INFO - 📈 已插入 100 只股票信息
2025-07-31 19:57:46,336 - INFO - 📈 已插入 200 只股票信息
2025-07-31 19:57:46,347 - INFO - 📈 已插入 300 只股票信息
2025-07-31 19:57:46,378 - INFO - 📈 已插入 400 只股票信息
2025-07-31 19:57:46,406 - INFO - 📈 已插入 500 只股票信息
2025-07-31 19:57:46,418 - INFO - 📈 已插入 600 只股票信息
2025-07-31 19:57:46,428 - INFO - 📈 已插入 700 只股票信息
2025-07-31 19:57:46,458 - INFO - 📈 已插入 800 只股票信息
2025-07-31 19:57:46,516 - INFO - 📈 已插入 900 只股票信息
2025-07-31 19:57:46,580 - INFO - 📈 已插入 1000 只股票信息
2025-07-31 19:57:46,599 - INFO - 📈 已插入 1100 只股票信息
2025-07-31 19:57:46,620 - INFO - 📈 已插入 1200 只股票信息
2025-07-31 19:57:46,641 - INFO - 📈 已插入 1300 只股票信息
2025-07-31 19:57:46,656 - INFO - 📈 已插入 1400 只股票信息
2025-07-31 19:57:46,671 - INFO - 📈 已插入 1500 只股票信息
2025-07-31 19:57:46,686 - INFO - 📈 已插入 1600 只股票信息
2025-07-31 19:57:46,699 - INFO - 📈 已插入 1700 只股票信息
2025-07-31 19:57:46,714 - INFO - 📈 已插入 1800 只股票信息
2025-07-31 19:57:46,730 - INFO - 📈 已插入 1900 只股票信息
2025-07-31 19:57:46,742 - INFO - 📈 已插入 2000 只股票信息
2025-07-31 19:57:46,754 - INFO - 📈 已插入 2100 只股票信息
2025-07-31 19:57:46,765 - INFO - 📈 已插入 2200 只股票信息
2025-07-31 19:57:46,777 - INFO - 📈 已插入 2300 只股票信息
2025-07-31 19:57:46,790 - INFO - 📈 已插入 2400 只股票信息
2025-07-31 19:57:46,803 - INFO - 📈 已插入 2500 只股票信息
2025-07-31 19:57:46,816 - INFO - 📈 已插入 2600 只股票信息
2025-07-31 19:57:46,828 - INFO - 📈 已插入 2700 只股票信息
2025-07-31 19:57:46,842 - INFO - 📈 已插入 2800 只股票信息
2025-07-31 19:57:46,854 - INFO - 📈 已插入 2900 只股票信息
2025-07-31 19:57:46,866 - INFO - 📈 已插入 3000 只股票信息
2025-07-31 19:57:46,878 - INFO - 📈 已插入 3100 只股票信息
2025-07-31 19:57:46,890 - INFO - 📈 已插入 3200 只股票信息
2025-07-31 19:57:46,903 - INFO - 📈 已插入 3300 只股票信息
2025-07-31 19:57:46,916 - INFO - 📈 已插入 3400 只股票信息
2025-07-31 19:57:46,932 - INFO - 📈 已插入 3500 只股票信息
2025-07-31 19:57:46,945 - INFO - 📈 已插入 3600 只股票信息
2025-07-31 19:57:46,962 - INFO - 📈 已插入 3700 只股票信息
2025-07-31 19:57:46,974 - INFO - 📈 已插入 3800 只股票信息
2025-07-31 19:57:46,988 - INFO - 📈 已插入 3900 只股票信息
2025-07-31 19:57:47,003 - INFO - 📈 已插入 4000 只股票信息
2025-07-31 19:57:47,017 - INFO - 📈 已插入 4100 只股票信息
2025-07-31 19:57:47,033 - INFO - 📈 已插入 4200 只股票信息
2025-07-31 19:57:47,049 - INFO - 📈 已插入 4300 只股票信息
2025-07-31 19:57:47,062 - INFO - 📈 已插入 4400 只股票信息
2025-07-31 19:57:47,073 - INFO - 📈 已插入 4500 只股票信息
2025-07-31 19:57:47,085 - INFO - 📈 已插入 4600 只股票信息
2025-07-31 19:57:47,107 - INFO - 📈 已插入 4700 只股票信息
2025-07-31 19:57:47,145 - INFO - 📈 已插入 4800 只股票信息
2025-07-31 19:57:47,188 - INFO - 📈 已插入 4900 只股票信息
2025-07-31 19:57:47,206 - INFO - 📈 已插入 5000 只股票信息
2025-07-31 19:57:47,232 - INFO - 📈 已插入 5100 只股票信息
2025-07-31 19:57:47,257 - INFO - 📈 已插入 5200 只股票信息
2025-07-31 19:57:47,278 - INFO - 📈 已插入 5300 只股票信息
2025-07-31 19:57:47,303 - INFO - 📈 已插入 5400 只股票信息
2025-07-31 19:57:47,315 - INFO - 📈 已插入 5500 只股票信息
2025-07-31 19:57:47,329 - INFO - 📈 已插入 5600 只股票信息
2025-07-31 19:57:47,344 - INFO - 📈 已插入 5700 只股票信息
2025-07-31 19:57:47,358 - INFO - 📈 已插入 5800 只股票信息
2025-07-31 19:57:47,366 - INFO - ✅ 成功插入 5839 只股票基本信息
2025-07-31 19:57:47,366 - INFO - 📊 开始更新今日K线数据（前200只股票）...
2025-07-31 19:57:47,367 - ERROR - ❌ 更新今日K线失败: not all arguments converted during string formatting
2025-07-31 19:57:47,367 - INFO - ============================================================
2025-07-31 19:57:47,367 - INFO - 📊 每日数据更新统计
2025-07-31 19:57:47,367 - INFO - ============================================================
2025-07-31 19:57:47,367 - INFO - ⏱️  更新耗时: 0:00:16.907774
2025-07-31 19:57:47,367 - INFO - 📈 实时行情: 0 条
2025-07-31 19:57:47,368 - INFO - 📊 今日K线: 0 条
2025-07-31 19:57:47,368 - INFO - 📅 交易日历: 0 条
2025-07-31 19:57:47,368 - INFO - ❌ 错误数量: 1
2025-07-31 19:57:47,368 - INFO -    • 更新今日K线失败: not all arguments converted during string formatting
2025-07-31 19:57:47,368 - INFO - ============================================================
2025-07-31 19:57:47,375 - INFO - 🎉 每日数据更新完成！
2025-07-31 19:57:47,375 - INFO - 数据库连接已关闭
2025-07-31 19:57:47,376 - INFO - ✅ 每日数据更新成功完成
2025-07-31 20:02:24,085 - INFO - 🌟 每日数据更新程序启动
2025-07-31 20:02:24,085 - INFO - 🚀 开始每日数据更新...
2025-07-31 20:02:24,086 - INFO - ============================================================
2025-07-31 20:02:24,090 - INFO - ✅ 成功连接到MySQL数据库
2025-07-31 20:02:24,090 - INFO - 清空股票基本信息...
2025-07-31 20:02:24,134 - INFO - 🚀 开始获取ADATA所有股票基本信息...
2025-07-31 20:03:31,825 - INFO - 📊 获取到 5839 只股票信息
2025-07-31 20:03:31,842 - INFO - 📈 已插入 100 只股票信息
2025-07-31 20:03:31,861 - INFO - 📈 已插入 200 只股票信息
2025-07-31 20:03:31,887 - INFO - 📈 已插入 300 只股票信息
2025-07-31 20:03:31,943 - INFO - 📈 已插入 400 只股票信息
2025-07-31 20:03:31,990 - INFO - 📈 已插入 500 只股票信息
2025-07-31 20:03:32,006 - INFO - 📈 已插入 600 只股票信息
2025-07-31 20:03:32,020 - INFO - 📈 已插入 700 只股票信息
2025-07-31 20:03:32,031 - INFO - 📈 已插入 800 只股票信息
2025-07-31 20:03:32,045 - INFO - 📈 已插入 900 只股票信息
2025-07-31 20:03:32,065 - INFO - 📈 已插入 1000 只股票信息
2025-07-31 20:03:32,078 - INFO - 📈 已插入 1100 只股票信息
2025-07-31 20:03:32,091 - INFO - 📈 已插入 1200 只股票信息
2025-07-31 20:03:32,108 - INFO - 📈 已插入 1300 只股票信息
2025-07-31 20:03:32,120 - INFO - 📈 已插入 1400 只股票信息
2025-07-31 20:03:32,133 - INFO - 📈 已插入 1500 只股票信息
2025-07-31 20:03:32,144 - INFO - 📈 已插入 1600 只股票信息
2025-07-31 20:03:32,160 - INFO - 📈 已插入 1700 只股票信息
2025-07-31 20:03:32,173 - INFO - 📈 已插入 1800 只股票信息
2025-07-31 20:03:32,185 - INFO - 📈 已插入 1900 只股票信息
2025-07-31 20:03:32,199 - INFO - 📈 已插入 2000 只股票信息
2025-07-31 20:03:32,212 - INFO - 📈 已插入 2100 只股票信息
2025-07-31 20:03:32,230 - INFO - 📈 已插入 2200 只股票信息
2025-07-31 20:03:32,243 - INFO - 📈 已插入 2300 只股票信息
2025-07-31 20:03:32,266 - INFO - 📈 已插入 2400 只股票信息
2025-07-31 20:03:32,286 - INFO - 📈 已插入 2500 只股票信息
2025-07-31 20:03:32,318 - INFO - 📈 已插入 2600 只股票信息
2025-07-31 20:03:32,345 - INFO - 📈 已插入 2700 只股票信息
2025-07-31 20:03:32,367 - INFO - 📈 已插入 2800 只股票信息
2025-07-31 20:03:32,388 - INFO - 📈 已插入 2900 只股票信息
2025-07-31 20:03:32,401 - INFO - 📈 已插入 3000 只股票信息
2025-07-31 20:03:32,415 - INFO - 📈 已插入 3100 只股票信息
2025-07-31 20:03:32,427 - INFO - 📈 已插入 3200 只股票信息
2025-07-31 20:03:32,445 - INFO - 📈 已插入 3300 只股票信息
2025-07-31 20:03:32,460 - INFO - 📈 已插入 3400 只股票信息
2025-07-31 20:03:32,474 - INFO - 📈 已插入 3500 只股票信息
2025-07-31 20:03:32,487 - INFO - 📈 已插入 3600 只股票信息
2025-07-31 20:03:32,497 - INFO - 📈 已插入 3700 只股票信息
2025-07-31 20:03:32,510 - INFO - 📈 已插入 3800 只股票信息
2025-07-31 20:03:32,521 - INFO - 📈 已插入 3900 只股票信息
2025-07-31 20:03:32,535 - INFO - 📈 已插入 4000 只股票信息
2025-07-31 20:03:32,547 - INFO - 📈 已插入 4100 只股票信息
2025-07-31 20:03:32,562 - INFO - 📈 已插入 4200 只股票信息
2025-07-31 20:03:32,574 - INFO - 📈 已插入 4300 只股票信息
2025-07-31 20:03:32,587 - INFO - 📈 已插入 4400 只股票信息
2025-07-31 20:03:32,600 - INFO - 📈 已插入 4500 只股票信息
2025-07-31 20:03:32,612 - INFO - 📈 已插入 4600 只股票信息
2025-07-31 20:03:32,628 - INFO - 📈 已插入 4700 只股票信息
2025-07-31 20:03:32,643 - INFO - 📈 已插入 4800 只股票信息
2025-07-31 20:03:32,657 - INFO - 📈 已插入 4900 只股票信息
2025-07-31 20:03:32,674 - INFO - 📈 已插入 5000 只股票信息
2025-07-31 20:03:32,687 - INFO - 📈 已插入 5100 只股票信息
2025-07-31 20:03:32,705 - INFO - 📈 已插入 5200 只股票信息
2025-07-31 20:03:32,721 - INFO - 📈 已插入 5300 只股票信息
2025-07-31 20:03:32,731 - INFO - 📈 已插入 5400 只股票信息
2025-07-31 20:03:32,747 - INFO - 📈 已插入 5500 只股票信息
2025-07-31 20:03:32,764 - INFO - 📈 已插入 5600 只股票信息
2025-07-31 20:03:32,779 - INFO - 📈 已插入 5700 只股票信息
2025-07-31 20:03:32,792 - INFO - 📈 已插入 5800 只股票信息
2025-07-31 20:03:32,800 - INFO - ✅ 成功插入 5839 只股票基本信息
2025-07-31 20:03:32,800 - INFO - 📊 开始更新今日K线数据（前200只股票）...
2025-07-31 20:03:32,804 - INFO - 📊 准备更新 200 只股票的今日K线数据
2025-07-31 20:04:16,586 - INFO - ✅ 今日K线更新完成: 0 条记录
2025-07-31 20:04:16,587 - INFO - ============================================================
2025-07-31 20:04:16,587 - INFO - 📊 每日数据更新统计
2025-07-31 20:04:16,587 - INFO - ============================================================
2025-07-31 20:04:16,587 - INFO - ⏱️  更新耗时: 0:01:52.501962
2025-07-31 20:04:16,588 - INFO - 📈 实时行情: 0 条
2025-07-31 20:04:16,588 - INFO - 📊 今日K线: 0 条
2025-07-31 20:04:16,588 - INFO - 📅 交易日历: 0 条
2025-07-31 20:04:16,588 - INFO - ✅ 无错误
2025-07-31 20:04:16,588 - INFO - ============================================================
2025-07-31 20:04:16,594 - INFO - 🎉 每日数据更新完成！
2025-07-31 20:04:16,595 - INFO - 数据库连接已关闭
2025-07-31 20:04:16,595 - INFO - ✅ 每日数据更新成功完成
2025-07-31 20:05:03,245 - INFO - 🌟 每日数据更新程序启动
2025-07-31 20:05:03,245 - INFO - 🚀 开始每日数据更新...
2025-07-31 20:05:03,246 - INFO - ============================================================
2025-07-31 20:05:03,248 - INFO - ✅ 成功连接到MySQL数据库
2025-07-31 20:05:03,249 - INFO - 清空股票基本信息...
2025-07-31 20:05:03,291 - INFO - 🚀 开始获取ADATA所有股票基本信息...
2025-07-31 20:05:18,896 - INFO - 📊 获取到 5839 只股票信息
2025-07-31 20:05:18,921 - INFO - 📈 已插入 100 只股票信息
2025-07-31 20:05:18,937 - INFO - 📈 已插入 200 只股票信息
2025-07-31 20:05:18,951 - INFO - 📈 已插入 300 只股票信息
2025-07-31 20:05:18,965 - INFO - 📈 已插入 400 只股票信息
2025-07-31 20:05:18,983 - INFO - 📈 已插入 500 只股票信息
2025-07-31 20:05:19,002 - INFO - 📈 已插入 600 只股票信息
2025-07-31 20:05:19,026 - INFO - 📈 已插入 700 只股票信息
2025-07-31 20:05:19,092 - INFO - 📈 已插入 800 只股票信息
2025-07-31 20:05:19,127 - INFO - 📈 已插入 900 只股票信息
2025-07-31 20:05:19,141 - INFO - 📈 已插入 1000 只股票信息
2025-07-31 20:05:19,153 - INFO - 📈 已插入 1100 只股票信息
2025-07-31 20:05:19,175 - INFO - 📈 已插入 1200 只股票信息
2025-07-31 20:05:19,211 - INFO - 📈 已插入 1300 只股票信息
2025-07-31 20:05:19,236 - INFO - 📈 已插入 1400 只股票信息
2025-07-31 20:05:19,262 - INFO - 📈 已插入 1500 只股票信息
2025-07-31 20:05:19,278 - INFO - 📈 已插入 1600 只股票信息
2025-07-31 20:05:19,294 - INFO - 📈 已插入 1700 只股票信息
2025-07-31 20:05:19,308 - INFO - 📈 已插入 1800 只股票信息
2025-07-31 20:05:19,319 - INFO - 📈 已插入 1900 只股票信息
2025-07-31 20:05:19,330 - INFO - 📈 已插入 2000 只股票信息
2025-07-31 20:05:19,345 - INFO - 📈 已插入 2100 只股票信息
2025-07-31 20:05:19,359 - INFO - 📈 已插入 2200 只股票信息
2025-07-31 20:05:19,374 - INFO - 📈 已插入 2300 只股票信息
2025-07-31 20:05:19,390 - INFO - 📈 已插入 2400 只股票信息
2025-07-31 20:05:19,407 - INFO - 📈 已插入 2500 只股票信息
2025-07-31 20:05:19,423 - INFO - 📈 已插入 2600 只股票信息
2025-07-31 20:05:19,434 - INFO - 📈 已插入 2700 只股票信息
2025-07-31 20:05:19,446 - INFO - 📈 已插入 2800 只股票信息
2025-07-31 20:05:19,456 - INFO - 📈 已插入 2900 只股票信息
2025-07-31 20:05:19,470 - INFO - 📈 已插入 3000 只股票信息
2025-07-31 20:05:19,482 - INFO - 📈 已插入 3100 只股票信息
2025-07-31 20:05:19,495 - INFO - 📈 已插入 3200 只股票信息
2025-07-31 20:05:19,508 - INFO - 📈 已插入 3300 只股票信息
2025-07-31 20:05:19,521 - INFO - 📈 已插入 3400 只股票信息
2025-07-31 20:05:19,535 - INFO - 📈 已插入 3500 只股票信息
2025-07-31 20:05:19,547 - INFO - 📈 已插入 3600 只股票信息
2025-07-31 20:05:19,560 - INFO - 📈 已插入 3700 只股票信息
2025-07-31 20:05:19,573 - INFO - 📈 已插入 3800 只股票信息
2025-07-31 20:05:19,589 - INFO - 📈 已插入 3900 只股票信息
2025-07-31 20:05:19,603 - INFO - 📈 已插入 4000 只股票信息
2025-07-31 20:05:19,618 - INFO - 📈 已插入 4100 只股票信息
2025-07-31 20:05:19,629 - INFO - 📈 已插入 4200 只股票信息
2025-07-31 20:05:19,642 - INFO - 📈 已插入 4300 只股票信息
2025-07-31 20:05:19,656 - INFO - 📈 已插入 4400 只股票信息
2025-07-31 20:05:19,670 - INFO - 📈 已插入 4500 只股票信息
2025-07-31 20:05:19,686 - INFO - 📈 已插入 4600 只股票信息
2025-07-31 20:05:19,700 - INFO - 📈 已插入 4700 只股票信息
2025-07-31 20:05:19,711 - INFO - 📈 已插入 4800 只股票信息
2025-07-31 20:05:19,723 - INFO - 📈 已插入 4900 只股票信息
2025-07-31 20:05:19,739 - INFO - 📈 已插入 5000 只股票信息
2025-07-31 20:05:19,752 - INFO - 📈 已插入 5100 只股票信息
2025-07-31 20:05:19,766 - INFO - 📈 已插入 5200 只股票信息
2025-07-31 20:05:19,779 - INFO - 📈 已插入 5300 只股票信息
2025-07-31 20:05:19,792 - INFO - 📈 已插入 5400 只股票信息
2025-07-31 20:05:19,805 - INFO - 📈 已插入 5500 只股票信息
2025-07-31 20:05:19,821 - INFO - 📈 已插入 5600 只股票信息
2025-07-31 20:05:19,834 - INFO - 📈 已插入 5700 只股票信息
2025-07-31 20:05:19,847 - INFO - 📈 已插入 5800 只股票信息
2025-07-31 20:05:19,856 - INFO - ✅ 成功插入 5839 只股票基本信息
2025-07-31 20:05:19,857 - INFO - 📊 开始更新今日K线数据（前200只股票）...
2025-07-31 20:05:19,861 - INFO - 📊 准备更新 200 只股票的今日K线数据
2025-07-31 20:06:18,753 - INFO - ✅ 今日K线更新完成: 0 条记录
2025-07-31 20:06:18,754 - INFO - ============================================================
2025-07-31 20:06:18,754 - INFO - 📊 每日数据更新统计
2025-07-31 20:06:18,754 - INFO - ============================================================
2025-07-31 20:06:18,754 - INFO - ⏱️  更新耗时: 0:01:15.507707
2025-07-31 20:06:18,755 - INFO - 📈 实时行情: 0 条
2025-07-31 20:06:18,755 - INFO - 📊 今日K线: 0 条
2025-07-31 20:06:18,755 - INFO - 📅 交易日历: 0 条
2025-07-31 20:06:18,755 - INFO - ✅ 无错误
2025-07-31 20:06:18,755 - INFO - ============================================================
2025-07-31 20:06:18,762 - INFO - 🎉 每日数据更新完成！
2025-07-31 20:06:18,762 - INFO - 数据库连接已关闭
2025-07-31 20:06:18,763 - INFO - ✅ 每日数据更新成功完成
2025-07-31 20:06:46,261 - INFO - 🌟 每日数据更新程序启动
2025-07-31 20:06:46,262 - INFO - 🚀 开始每日数据更新...
2025-07-31 20:06:46,262 - INFO - ============================================================
2025-07-31 20:06:46,266 - INFO - ✅ 成功连接到MySQL数据库
2025-07-31 20:06:46,266 - INFO - 清空股票基本信息...
2025-07-31 20:06:46,309 - INFO - 🚀 开始获取ADATA所有股票基本信息...
2025-07-31 20:06:49,080 - INFO - 数据库连接已关闭
2025-07-31 20:08:13,086 - INFO - 🌟 每日数据更新程序启动
2025-07-31 20:08:13,087 - INFO - 🚀 开始每日数据更新...
2025-07-31 20:08:13,087 - INFO - ============================================================
2025-07-31 20:08:13,090 - INFO - ✅ 成功连接到MySQL数据库
2025-07-31 20:08:13,090 - INFO - 清空股票基本信息...
2025-07-31 20:08:13,127 - INFO - 🚀 开始获取ADATA所有股票基本信息...
2025-07-31 20:08:30,003 - INFO - 📊 获取到 5839 只股票信息
2025-07-31 20:08:30,020 - INFO - 📈 已插入 100 只股票信息
2025-07-31 20:08:30,036 - INFO - 📈 已插入 200 只股票信息
2025-07-31 20:08:30,065 - INFO - 📈 已插入 300 只股票信息
2025-07-31 20:08:30,131 - INFO - 📈 已插入 400 只股票信息
2025-07-31 20:08:30,236 - INFO - 📈 已插入 500 只股票信息
2025-07-31 20:08:30,250 - INFO - 📈 已插入 600 只股票信息
2025-07-31 20:08:30,262 - INFO - 📈 已插入 700 只股票信息
2025-07-31 20:08:30,278 - INFO - 📈 已插入 800 只股票信息
2025-07-31 20:08:30,290 - INFO - 📈 已插入 900 只股票信息
2025-07-31 20:08:30,312 - INFO - 📈 已插入 1000 只股票信息
2025-07-31 20:08:30,325 - INFO - 📈 已插入 1100 只股票信息
2025-07-31 20:08:30,349 - INFO - 📈 已插入 1200 只股票信息
2025-07-31 20:08:30,368 - INFO - 📈 已插入 1300 只股票信息
2025-07-31 20:08:30,387 - INFO - 📈 已插入 1400 只股票信息
2025-07-31 20:08:30,401 - INFO - 📈 已插入 1500 只股票信息
2025-07-31 20:08:30,415 - INFO - 📈 已插入 1600 只股票信息
2025-07-31 20:08:30,426 - INFO - 📈 已插入 1700 只股票信息
2025-07-31 20:08:30,436 - INFO - 📈 已插入 1800 只股票信息
2025-07-31 20:08:30,448 - INFO - 📈 已插入 1900 只股票信息
2025-07-31 20:08:30,460 - INFO - 📈 已插入 2000 只股票信息
2025-07-31 20:08:30,474 - INFO - 📈 已插入 2100 只股票信息
2025-07-31 20:08:30,486 - INFO - 📈 已插入 2200 只股票信息
2025-07-31 20:08:30,497 - INFO - 📈 已插入 2300 只股票信息
2025-07-31 20:08:30,513 - INFO - 📈 已插入 2400 只股票信息
2025-07-31 20:08:30,527 - INFO - 📈 已插入 2500 只股票信息
2025-07-31 20:08:30,541 - INFO - 📈 已插入 2600 只股票信息
2025-07-31 20:08:30,554 - INFO - 📈 已插入 2700 只股票信息
2025-07-31 20:08:30,569 - INFO - 📈 已插入 2800 只股票信息
2025-07-31 20:08:30,580 - INFO - 📈 已插入 2900 只股票信息
2025-07-31 20:08:30,597 - INFO - 📈 已插入 3000 只股票信息
2025-07-31 20:08:30,610 - INFO - 📈 已插入 3100 只股票信息
2025-07-31 20:08:30,623 - INFO - 📈 已插入 3200 只股票信息
2025-07-31 20:08:30,635 - INFO - 📈 已插入 3300 只股票信息
2025-07-31 20:08:30,652 - INFO - 📈 已插入 3400 只股票信息
2025-07-31 20:08:30,666 - INFO - 📈 已插入 3500 只股票信息
2025-07-31 20:08:30,679 - INFO - 📈 已插入 3600 只股票信息
2025-07-31 20:08:30,695 - INFO - 📈 已插入 3700 只股票信息
2025-07-31 20:08:30,706 - INFO - 📈 已插入 3800 只股票信息
2025-07-31 20:08:30,719 - INFO - 📈 已插入 3900 只股票信息
2025-07-31 20:08:30,732 - INFO - 📈 已插入 4000 只股票信息
2025-07-31 20:08:30,746 - INFO - 📈 已插入 4100 只股票信息
2025-07-31 20:08:30,755 - INFO - 📈 已插入 4200 只股票信息
2025-07-31 20:08:30,773 - INFO - 📈 已插入 4300 只股票信息
2025-07-31 20:08:30,787 - INFO - 📈 已插入 4400 只股票信息
2025-07-31 20:08:30,803 - INFO - 📈 已插入 4500 只股票信息
2025-07-31 20:08:30,817 - INFO - 📈 已插入 4600 只股票信息
2025-07-31 20:08:30,833 - INFO - 📈 已插入 4700 只股票信息
2025-07-31 20:08:30,850 - INFO - 📈 已插入 4800 只股票信息
2025-07-31 20:08:30,863 - INFO - 📈 已插入 4900 只股票信息
2025-07-31 20:08:30,880 - INFO - 📈 已插入 5000 只股票信息
2025-07-31 20:08:30,892 - INFO - 📈 已插入 5100 只股票信息
2025-07-31 20:08:30,903 - INFO - 📈 已插入 5200 只股票信息
2025-07-31 20:08:30,916 - INFO - 📈 已插入 5300 只股票信息
2025-07-31 20:08:30,930 - INFO - 📈 已插入 5400 只股票信息
2025-07-31 20:08:30,962 - INFO - 📈 已插入 5500 只股票信息
2025-07-31 20:08:31,001 - INFO - 📈 已插入 5600 只股票信息
2025-07-31 20:08:31,021 - INFO - 📈 已插入 5700 只股票信息
2025-07-31 20:08:31,045 - INFO - 📈 已插入 5800 只股票信息
2025-07-31 20:08:31,059 - INFO - ✅ 成功插入 5839 只股票基本信息
2025-07-31 20:08:31,059 - INFO - 📊 开始更新今日K线数据（前200只股票）...
2025-07-31 20:08:31,062 - INFO - 📊 准备更新 200 只股票的今日K线数据
2025-07-31 20:08:31,062 - ERROR - ❌ 更新今日K线失败: not enough values to unpack (expected 2, got 1)
2025-07-31 20:08:31,062 - INFO - ============================================================
2025-07-31 20:08:31,062 - INFO - 📊 每日数据更新统计
2025-07-31 20:08:31,063 - INFO - ============================================================
2025-07-31 20:08:31,063 - INFO - ⏱️  更新耗时: 0:00:17.975469
2025-07-31 20:08:31,063 - INFO - 📈 实时行情: 0 条
2025-07-31 20:08:31,063 - INFO - 📊 今日K线: 0 条
2025-07-31 20:08:31,063 - INFO - 📅 交易日历: 0 条
2025-07-31 20:08:31,063 - INFO - ❌ 错误数量: 1
2025-07-31 20:08:31,063 - INFO -    • 更新今日K线失败: not enough values to unpack (expected 2, got 1)
2025-07-31 20:08:31,063 - INFO - ============================================================
2025-07-31 20:08:31,070 - INFO - 🎉 每日数据更新完成！
2025-07-31 20:08:31,071 - INFO - 数据库连接已关闭
2025-07-31 20:08:31,071 - INFO - ✅ 每日数据更新成功完成
2025-07-31 20:09:58,046 - INFO - 🌟 每日数据更新程序启动
2025-07-31 20:09:58,047 - INFO - 🚀 开始每日数据更新...
2025-07-31 20:09:58,047 - INFO - ============================================================
2025-07-31 20:09:58,050 - INFO - ✅ 成功连接到MySQL数据库
2025-07-31 20:09:58,050 - INFO - 清空股票基本信息...
2025-07-31 20:09:58,091 - INFO - 🚀 开始获取ADATA所有股票基本信息...
2025-07-31 20:10:16,927 - INFO - 📊 获取到 5839 只股票信息
2025-07-31 20:10:16,953 - INFO - 📈 已插入 100 只股票信息
2025-07-31 20:10:16,968 - INFO - 📈 已插入 200 只股票信息
2025-07-31 20:10:16,980 - INFO - 📈 已插入 300 只股票信息
2025-07-31 20:10:16,992 - INFO - 📈 已插入 400 只股票信息
2025-07-31 20:10:17,010 - INFO - 📈 已插入 500 只股票信息
2025-07-31 20:10:17,026 - INFO - 📈 已插入 600 只股票信息
2025-07-31 20:10:17,037 - INFO - 📈 已插入 700 只股票信息
2025-07-31 20:10:17,055 - INFO - 📈 已插入 800 只股票信息
2025-07-31 20:10:17,077 - INFO - 📈 已插入 900 只股票信息
2025-07-31 20:10:17,099 - INFO - 📈 已插入 1000 只股票信息
2025-07-31 20:10:17,136 - INFO - 📈 已插入 1100 只股票信息
2025-07-31 20:10:17,175 - INFO - 📈 已插入 1200 只股票信息
2025-07-31 20:10:17,192 - INFO - 📈 已插入 1300 只股票信息
2025-07-31 20:10:17,205 - INFO - 📈 已插入 1400 只股票信息
2025-07-31 20:10:17,217 - INFO - 📈 已插入 1500 只股票信息
2025-07-31 20:10:17,230 - INFO - 📈 已插入 1600 只股票信息
2025-07-31 20:10:17,243 - INFO - 📈 已插入 1700 只股票信息
2025-07-31 20:10:17,254 - INFO - 📈 已插入 1800 只股票信息
2025-07-31 20:10:17,266 - INFO - 📈 已插入 1900 只股票信息
2025-07-31 20:10:17,280 - INFO - 📈 已插入 2000 只股票信息
2025-07-31 20:10:17,299 - INFO - 📈 已插入 2100 只股票信息
2025-07-31 20:10:17,311 - INFO - 📈 已插入 2200 只股票信息
2025-07-31 20:10:17,322 - INFO - 📈 已插入 2300 只股票信息
2025-07-31 20:10:17,335 - INFO - 📈 已插入 2400 只股票信息
2025-07-31 20:10:17,348 - INFO - 📈 已插入 2500 只股票信息
2025-07-31 20:10:17,360 - INFO - 📈 已插入 2600 只股票信息
2025-07-31 20:10:17,372 - INFO - 📈 已插入 2700 只股票信息
2025-07-31 20:10:17,385 - INFO - 📈 已插入 2800 只股票信息
2025-07-31 20:10:17,398 - INFO - 📈 已插入 2900 只股票信息
2025-07-31 20:10:17,413 - INFO - 📈 已插入 3000 只股票信息
2025-07-31 20:10:17,429 - INFO - 📈 已插入 3100 只股票信息
2025-07-31 20:10:17,443 - INFO - 📈 已插入 3200 只股票信息
2025-07-31 20:10:17,456 - INFO - 📈 已插入 3300 只股票信息
2025-07-31 20:10:17,470 - INFO - 📈 已插入 3400 只股票信息
2025-07-31 20:10:17,481 - INFO - 📈 已插入 3500 只股票信息
2025-07-31 20:10:17,497 - INFO - 📈 已插入 3600 只股票信息
2025-07-31 20:10:17,511 - INFO - 📈 已插入 3700 只股票信息
2025-07-31 20:10:17,524 - INFO - 📈 已插入 3800 只股票信息
2025-07-31 20:10:17,535 - INFO - 📈 已插入 3900 只股票信息
2025-07-31 20:10:17,546 - INFO - 📈 已插入 4000 只股票信息
2025-07-31 20:10:17,558 - INFO - 📈 已插入 4100 只股票信息
2025-07-31 20:10:17,576 - INFO - 📈 已插入 4200 只股票信息
2025-07-31 20:10:17,590 - INFO - 📈 已插入 4300 只股票信息
2025-07-31 20:10:17,601 - INFO - 📈 已插入 4400 只股票信息
2025-07-31 20:10:17,616 - INFO - 📈 已插入 4500 只股票信息
2025-07-31 20:10:17,630 - INFO - 📈 已插入 4600 只股票信息
2025-07-31 20:10:17,643 - INFO - 📈 已插入 4700 只股票信息
2025-07-31 20:10:17,656 - INFO - 📈 已插入 4800 只股票信息
2025-07-31 20:10:17,668 - INFO - 📈 已插入 4900 只股票信息
2025-07-31 20:10:17,685 - INFO - 📈 已插入 5000 只股票信息
2025-07-31 20:10:17,696 - INFO - 📈 已插入 5100 只股票信息
2025-07-31 20:10:17,707 - INFO - 📈 已插入 5200 只股票信息
2025-07-31 20:10:17,720 - INFO - 📈 已插入 5300 只股票信息
2025-07-31 20:10:17,733 - INFO - 📈 已插入 5400 只股票信息
2025-07-31 20:10:17,747 - INFO - 📈 已插入 5500 只股票信息
2025-07-31 20:10:17,767 - INFO - 📈 已插入 5600 只股票信息
2025-07-31 20:10:17,780 - INFO - 📈 已插入 5700 只股票信息
2025-07-31 20:10:17,797 - INFO - 📈 已插入 5800 只股票信息
2025-07-31 20:10:17,807 - INFO - ✅ 成功插入 5839 只股票基本信息
2025-07-31 20:10:17,808 - INFO - 📊 开始更新今日K线数据（前200只股票）...
2025-07-31 20:10:17,808 - ERROR - ❌ 更新今日K线失败: (1054, "Unknown column 'stock_name' in 'field list'")
2025-07-31 20:10:17,809 - INFO - ============================================================
2025-07-31 20:10:17,809 - INFO - 📊 每日数据更新统计
2025-07-31 20:10:17,809 - INFO - ============================================================
2025-07-31 20:10:17,809 - INFO - ⏱️  更新耗时: 0:00:19.761985
2025-07-31 20:10:17,809 - INFO - 📈 实时行情: 0 条
2025-07-31 20:10:17,809 - INFO - 📊 今日K线: 0 条
2025-07-31 20:10:17,809 - INFO - 📅 交易日历: 0 条
2025-07-31 20:10:17,809 - INFO - ❌ 错误数量: 1
2025-07-31 20:10:17,809 - INFO -    • 更新今日K线失败: (1054, "Unknown column 'stock_name' in 'field list'")
2025-07-31 20:10:17,810 - INFO - ============================================================
2025-07-31 20:10:17,816 - INFO - 🎉 每日数据更新完成！
2025-07-31 20:10:17,817 - INFO - 数据库连接已关闭
2025-07-31 20:10:17,817 - INFO - ✅ 每日数据更新成功完成
2025-07-31 20:10:50,500 - INFO - 🌟 每日数据更新程序启动
2025-07-31 20:10:50,500 - INFO - 🚀 开始每日数据更新...
2025-07-31 20:10:50,500 - INFO - ============================================================
2025-07-31 20:10:50,504 - INFO - ✅ 成功连接到MySQL数据库
2025-07-31 20:10:50,504 - INFO - 清空股票基本信息...
2025-07-31 20:10:50,543 - INFO - 🚀 开始获取ADATA所有股票基本信息...
2025-07-31 20:11:06,721 - INFO - 📊 获取到 5839 只股票信息
2025-07-31 20:11:06,749 - INFO - 📈 已插入 100 只股票信息
2025-07-31 20:11:06,763 - INFO - 📈 已插入 200 只股票信息
2025-07-31 20:11:06,802 - INFO - 📈 已插入 300 只股票信息
2025-07-31 20:11:06,854 - INFO - 📈 已插入 400 只股票信息
2025-07-31 20:11:06,911 - INFO - 📈 已插入 500 只股票信息
2025-07-31 20:11:06,926 - INFO - 📈 已插入 600 只股票信息
2025-07-31 20:11:06,942 - INFO - 📈 已插入 700 只股票信息
2025-07-31 20:11:06,956 - INFO - 📈 已插入 800 只股票信息
2025-07-31 20:11:06,969 - INFO - 📈 已插入 900 只股票信息
2025-07-31 20:11:06,984 - INFO - 📈 已插入 1000 只股票信息
2025-07-31 20:11:06,999 - INFO - 📈 已插入 1100 只股票信息
2025-07-31 20:11:07,017 - INFO - 📈 已插入 1200 只股票信息
2025-07-31 20:11:07,029 - INFO - 📈 已插入 1300 只股票信息
2025-07-31 20:11:07,044 - INFO - 📈 已插入 1400 只股票信息
2025-07-31 20:11:07,060 - INFO - 📈 已插入 1500 只股票信息
2025-07-31 20:11:07,072 - INFO - 📈 已插入 1600 只股票信息
2025-07-31 20:11:07,084 - INFO - 📈 已插入 1700 只股票信息
2025-07-31 20:11:07,099 - INFO - 📈 已插入 1800 只股票信息
2025-07-31 20:11:07,110 - INFO - 📈 已插入 1900 只股票信息
2025-07-31 20:11:07,121 - INFO - 📈 已插入 2000 只股票信息
2025-07-31 20:11:07,135 - INFO - 📈 已插入 2100 只股票信息
2025-07-31 20:11:07,150 - INFO - 📈 已插入 2200 只股票信息
2025-07-31 20:11:07,162 - INFO - 📈 已插入 2300 只股票信息
2025-07-31 20:11:07,174 - INFO - 📈 已插入 2400 只股票信息
2025-07-31 20:11:07,187 - INFO - 📈 已插入 2500 只股票信息
2025-07-31 20:11:07,200 - INFO - 📈 已插入 2600 只股票信息
2025-07-31 20:11:07,213 - INFO - 📈 已插入 2700 只股票信息
2025-07-31 20:11:07,227 - INFO - 📈 已插入 2800 只股票信息
2025-07-31 20:11:07,238 - INFO - 📈 已插入 2900 只股票信息
2025-07-31 20:11:07,247 - INFO - 📈 已插入 3000 只股票信息
2025-07-31 20:11:07,258 - INFO - 📈 已插入 3100 只股票信息
2025-07-31 20:11:07,269 - INFO - 📈 已插入 3200 只股票信息
2025-07-31 20:11:07,280 - INFO - 📈 已插入 3300 只股票信息
2025-07-31 20:11:07,291 - INFO - 📈 已插入 3400 只股票信息
2025-07-31 20:11:07,302 - INFO - 📈 已插入 3500 只股票信息
2025-07-31 20:11:07,311 - INFO - 📈 已插入 3600 只股票信息
2025-07-31 20:11:07,327 - INFO - 📈 已插入 3700 只股票信息
2025-07-31 20:11:07,338 - INFO - 📈 已插入 3800 只股票信息
2025-07-31 20:11:07,353 - INFO - 📈 已插入 3900 只股票信息
2025-07-31 20:11:07,371 - INFO - 📈 已插入 4000 只股票信息
2025-07-31 20:11:07,401 - INFO - 📈 已插入 4100 只股票信息
2025-07-31 20:11:07,419 - INFO - 📈 已插入 4200 只股票信息
2025-07-31 20:11:07,441 - INFO - 📈 已插入 4300 只股票信息
2025-07-31 20:11:07,466 - INFO - 📈 已插入 4400 只股票信息
2025-07-31 20:11:07,485 - INFO - 📈 已插入 4500 只股票信息
2025-07-31 20:11:07,515 - INFO - 📈 已插入 4600 只股票信息
2025-07-31 20:11:07,527 - INFO - 📈 已插入 4700 只股票信息
2025-07-31 20:11:07,537 - INFO - 📈 已插入 4800 只股票信息
2025-07-31 20:11:07,552 - INFO - 📈 已插入 4900 只股票信息
2025-07-31 20:11:07,565 - INFO - 📈 已插入 5000 只股票信息
2025-07-31 20:11:07,580 - INFO - 📈 已插入 5100 只股票信息
2025-07-31 20:11:07,592 - INFO - 📈 已插入 5200 只股票信息
2025-07-31 20:11:07,604 - INFO - 📈 已插入 5300 只股票信息
2025-07-31 20:11:07,617 - INFO - 📈 已插入 5400 只股票信息
2025-07-31 20:11:07,628 - INFO - 📈 已插入 5500 只股票信息
2025-07-31 20:11:07,643 - INFO - 📈 已插入 5600 只股票信息
2025-07-31 20:11:07,654 - INFO - 📈 已插入 5700 只股票信息
2025-07-31 20:11:07,667 - INFO - 📈 已插入 5800 只股票信息
2025-07-31 20:11:07,676 - INFO - ✅ 成功插入 5839 只股票基本信息
2025-07-31 20:11:07,676 - INFO - 📊 开始更新今日K线数据（前200只股票）...
2025-07-31 20:11:07,679 - INFO - 📊 准备更新 200 只股票的今日K线数据
2025-07-31 20:12:02,307 - INFO - ✅ 今日K线更新完成: 0 条记录
2025-07-31 20:12:02,307 - INFO - ============================================================
2025-07-31 20:12:02,307 - INFO - 📊 每日数据更新统计
2025-07-31 20:12:02,307 - INFO - ============================================================
2025-07-31 20:12:02,307 - INFO - ⏱️  更新耗时: 0:01:11.806468
2025-07-31 20:12:02,307 - INFO - 📈 实时行情: 0 条
2025-07-31 20:12:02,307 - INFO - 📊 今日K线: 0 条
2025-07-31 20:12:02,307 - INFO - 📅 交易日历: 0 条
2025-07-31 20:12:02,307 - INFO - ✅ 无错误
2025-07-31 20:12:02,308 - INFO - ============================================================
2025-07-31 20:12:02,316 - INFO - 🎉 每日数据更新完成！
2025-07-31 20:12:02,316 - INFO - 数据库连接已关闭
2025-07-31 20:12:02,316 - INFO - ✅ 每日数据更新成功完成
2025-07-31 20:12:28,313 - INFO - 🌟 每日数据更新程序启动
2025-07-31 20:12:28,313 - INFO - 🚀 开始每日数据更新...
2025-07-31 20:12:28,314 - INFO - ============================================================
2025-07-31 20:12:28,335 - INFO - ✅ 成功连接到MySQL数据库
2025-07-31 20:12:28,335 - INFO - 📊 开始更新今日K线数据（前200只股票）...
2025-07-31 20:12:28,339 - INFO - 📊 准备更新 200 只股票的今日K线数据
2025-07-31 20:13:15,514 - INFO - ✅ 今日K线更新完成: 0 条记录
2025-07-31 20:13:15,514 - INFO - ============================================================
2025-07-31 20:13:15,515 - INFO - 📊 每日数据更新统计
2025-07-31 20:13:15,515 - INFO - ============================================================
2025-07-31 20:13:15,515 - INFO - ⏱️  更新耗时: 0:00:47.201108
2025-07-31 20:13:15,515 - INFO - 📈 实时行情: 0 条
2025-07-31 20:13:15,516 - INFO - 📊 今日K线: 0 条
2025-07-31 20:13:15,516 - INFO - 📅 交易日历: 0 条
2025-07-31 20:13:15,516 - INFO - ✅ 无错误
2025-07-31 20:13:15,516 - INFO - ============================================================
2025-07-31 20:13:15,523 - INFO - 🎉 每日数据更新完成！
2025-07-31 20:13:15,523 - INFO - 数据库连接已关闭
2025-07-31 20:13:15,523 - INFO - ✅ 每日数据更新成功完成
2025-07-31 20:13:18,973 - INFO - 🌟 每日数据更新程序启动
2025-07-31 20:13:18,974 - INFO - 🚀 开始每日数据更新...
2025-07-31 20:13:18,974 - INFO - ============================================================
2025-07-31 20:13:18,977 - INFO - ✅ 成功连接到MySQL数据库
2025-07-31 20:13:18,977 - INFO - 📊 开始更新今日K线数据（前200只股票）...
2025-07-31 20:13:18,982 - INFO - 📊 准备更新 200 只股票的今日K线数据
2025-07-31 20:14:01,414 - INFO - 数据库连接已关闭
2025-07-31 20:14:04,103 - INFO - 🌟 每日数据更新程序启动
2025-07-31 20:14:04,104 - INFO - 🚀 开始每日数据更新...
2025-07-31 20:14:04,104 - INFO - ============================================================
2025-07-31 20:14:04,107 - INFO - ✅ 成功连接到MySQL数据库
2025-07-31 20:14:04,107 - INFO - 📊 开始更新今日K线数据（前200只股票）...
2025-07-31 20:14:04,113 - INFO - 📊 准备更新 200 只股票的今日K线数据
2025-07-31 20:14:12,531 - INFO - 数据库连接已关闭
2025-07-31 20:14:51,449 - INFO - 🌟 每日数据更新程序启动
2025-07-31 20:14:51,449 - INFO - 🚀 开始每日数据更新...
2025-07-31 20:14:51,449 - INFO - ============================================================
2025-07-31 20:14:51,453 - INFO - ✅ 成功连接到MySQL数据库
2025-07-31 20:14:51,453 - INFO - 📊 开始更新今日K线数据（前200只股票）...
2025-07-31 20:14:51,456 - INFO - 📊 准备更新 200 只股票的今日K线数据
2025-07-31 20:15:10,743 - INFO - 📈 已处理 50/200 只股票，成功 38 只
2025-07-31 20:15:27,846 - INFO - 📈 已处理 100/200 只股票，成功 81 只
2025-07-31 20:15:48,359 - INFO - 📈 已处理 150/200 只股票，成功 122 只
2025-07-31 20:16:04,396 - INFO - 📈 已处理 200/200 只股票，成功 161 只
2025-07-31 20:16:04,503 - INFO - ✅ 今日K线更新完成: 161 条记录
2025-07-31 20:16:04,505 - INFO - ============================================================
2025-07-31 20:16:04,506 - INFO - 📊 每日数据更新统计
2025-07-31 20:16:04,506 - INFO - ============================================================
2025-07-31 20:16:04,507 - INFO - ⏱️  更新耗时: 0:01:13.054589
2025-07-31 20:16:04,507 - INFO - 📈 实时行情: 0 条
2025-07-31 20:16:04,508 - INFO - 📊 今日K线: 161 条
2025-07-31 20:16:04,508 - INFO - 📅 交易日历: 0 条
2025-07-31 20:16:04,509 - INFO - ✅ 无错误
2025-07-31 20:16:04,509 - INFO - ============================================================
2025-07-31 20:16:04,518 - INFO - 🎉 每日数据更新完成！
2025-07-31 20:16:04,518 - INFO - 数据库连接已关闭
2025-07-31 20:16:04,519 - INFO - ✅ 每日数据更新成功完成
2025-07-31 20:24:26,386 - INFO - 🌟 每日数据更新程序启动
2025-07-31 20:24:26,386 - INFO - 🚀 开始每日数据更新...
2025-07-31 20:24:26,387 - INFO - ============================================================
2025-07-31 20:24:26,391 - INFO - ✅ 成功连接到MySQL数据库
2025-07-31 20:24:26,391 - INFO - 📊 开始更新近7个自然日K线数据）...
2025-07-31 20:24:26,435 - INFO - 📊 准备更新 5839 只股票的近7个自然日K线数据
2025-07-31 20:24:43,666 - INFO - 📈 已处理 50/5839 只股票，成功 38 只
2025-07-31 20:24:59,723 - INFO - 📈 已处理 100/5839 只股票，成功 81 只
2025-07-31 20:25:19,645 - INFO - 📈 已处理 150/5839 只股票，成功 122 只
2025-07-31 20:25:34,562 - INFO - 📈 已处理 200/5839 只股票，成功 161 只
2025-07-31 20:25:51,581 - INFO - 📈 已处理 250/5839 只股票，成功 199 只
2025-07-31 20:26:07,999 - INFO - 📈 已处理 300/5839 只股票，成功 240 只
2025-07-31 20:26:27,442 - INFO - 📈 已处理 350/5839 只股票，成功 281 只
2025-07-31 20:27:03,771 - INFO - 📈 已处理 450/5839 只股票，成功 370 只
2025-07-31 20:27:21,330 - INFO - 📈 已处理 500/5839 只股票，成功 413 只
2025-07-31 20:27:39,357 - INFO - 📈 已处理 550/5839 只股票，成功 462 只
2025-07-31 20:27:56,235 - INFO - 📈 已处理 600/5839 只股票，成功 512 只
2025-07-31 20:28:13,305 - INFO - 📈 已处理 650/5839 只股票，成功 559 只
2025-07-31 20:28:31,548 - INFO - 📈 已处理 700/5839 只股票，成功 605 只
2025-07-31 20:28:50,609 - INFO - 📈 已处理 750/5839 只股票，成功 653 只
2025-07-31 20:29:12,363 - INFO - 📈 已处理 800/5839 只股票，成功 701 只
2025-07-31 20:29:31,038 - INFO - 📈 已处理 850/5839 只股票，成功 750 只
2025-07-31 20:29:48,337 - INFO - 📈 已处理 900/5839 只股票，成功 797 只
2025-07-31 20:30:07,006 - INFO - 📈 已处理 950/5839 只股票，成功 843 只
2025-07-31 20:30:25,626 - INFO - 📈 已处理 1000/5839 只股票，成功 892 只
2025-07-31 20:30:42,618 - INFO - 📈 已处理 1050/5839 只股票，成功 938 只
2025-07-31 20:30:59,147 - INFO - 📈 已处理 1100/5839 只股票，成功 983 只
2025-07-31 20:31:16,715 - INFO - 📈 已处理 1150/5839 只股票，成功 1027 只
2025-07-31 20:31:36,426 - INFO - 📈 已处理 1200/5839 只股票，成功 1077 只
2025-07-31 20:31:52,870 - INFO - 📈 已处理 1250/5839 只股票，成功 1122 只
2025-07-31 20:32:11,362 - INFO - 📈 已处理 1300/5839 只股票，成功 1169 只
2025-07-31 20:32:28,312 - INFO - 📈 已处理 1350/5839 只股票，成功 1216 只
2025-07-31 20:32:45,451 - INFO - 📈 已处理 1400/5839 只股票，成功 1261 只
2025-07-31 20:33:03,344 - INFO - 📈 已处理 1450/5839 只股票，成功 1311 只
2025-07-31 20:33:20,798 - INFO - 📈 已处理 1500/5839 只股票，成功 1361 只
2025-07-31 20:33:38,411 - INFO - 📈 已处理 1550/5839 只股票，成功 1411 只
2025-07-31 20:33:57,870 - INFO - 📈 已处理 1600/5839 只股票，成功 1461 只
2025-07-31 20:34:27,839 - INFO - 📈 已处理 1700/5839 只股票，成功 1502 只
2025-07-31 20:34:45,584 - INFO - 📈 已处理 1750/5839 只股票，成功 1548 只
2025-07-31 20:35:01,585 - INFO - 📈 已处理 1800/5839 只股票，成功 1592 只
2025-07-31 20:35:22,658 - INFO - 📈 已处理 1850/5839 只股票，成功 1641 只
2025-07-31 20:35:43,063 - INFO - 📈 已处理 1900/5839 只股票，成功 1686 只
2025-07-31 20:36:02,460 - INFO - 📈 已处理 1950/5839 只股票，成功 1735 只
2025-07-31 20:36:24,927 - INFO - 📈 已处理 2000/5839 只股票，成功 1779 只
2025-07-31 20:36:42,559 - INFO - 📈 已处理 2050/5839 只股票，成功 1823 只
2025-07-31 20:37:01,304 - INFO - 📈 已处理 2100/5839 只股票，成功 1871 只
2025-07-31 20:37:19,241 - INFO - 📈 已处理 2150/5839 只股票，成功 1920 只
2025-07-31 20:37:35,928 - INFO - 📈 已处理 2200/5839 只股票，成功 1969 只
2025-07-31 20:37:55,351 - INFO - 📈 已处理 2250/5839 只股票，成功 2018 只
2025-07-31 20:38:14,122 - INFO - 📈 已处理 2300/5839 只股票，成功 2068 只
2025-07-31 20:38:33,528 - INFO - 📈 已处理 2350/5839 只股票，成功 2117 只
2025-07-31 20:38:57,464 - INFO - 📈 已处理 2400/5839 只股票，成功 2167 只
2025-07-31 20:39:17,997 - INFO - 📈 已处理 2450/5839 只股票，成功 2216 只
2025-07-31 20:39:37,077 - INFO - 📈 已处理 2500/5839 只股票，成功 2265 只
2025-07-31 20:39:56,390 - INFO - 📈 已处理 2550/5839 只股票，成功 2315 只
2025-07-31 20:40:14,316 - INFO - 📈 已处理 2600/5839 只股票，成功 2365 只
2025-07-31 20:40:34,483 - INFO - 📈 已处理 2650/5839 只股票，成功 2415 只
2025-07-31 20:40:52,734 - INFO - 📈 已处理 2700/5839 只股票，成功 2465 只
2025-07-31 20:41:11,208 - INFO - 📈 已处理 2750/5839 只股票，成功 2515 只
2025-07-31 20:41:31,598 - INFO - 📈 已处理 2800/5839 只股票，成功 2565 只
2025-07-31 20:41:53,193 - INFO - 📈 已处理 2850/5839 只股票，成功 2615 只
2025-07-31 20:42:13,116 - INFO - 📈 已处理 2900/5839 只股票，成功 2665 只
2025-07-31 20:42:33,111 - INFO - 📈 已处理 2950/5839 只股票，成功 2715 只
2025-07-31 20:42:53,181 - INFO - 📈 已处理 3000/5839 只股票，成功 2765 只
2025-07-31 20:43:13,573 - INFO - 📈 已处理 3050/5839 只股票，成功 2815 只
2025-07-31 20:43:31,918 - INFO - 📈 已处理 3100/5839 只股票，成功 2865 只
2025-07-31 20:43:53,806 - INFO - 📈 已处理 3150/5839 只股票，成功 2911 只
2025-07-31 20:44:13,051 - INFO - 📈 已处理 3200/5839 只股票，成功 2948 只
2025-07-31 20:44:32,143 - INFO - 📈 已处理 3250/5839 只股票，成功 2992 只
2025-07-31 20:44:51,810 - INFO - 📈 已处理 3300/5839 只股票，成功 3038 只
2025-07-31 20:45:08,260 - INFO - 📈 已处理 3350/5839 只股票，成功 3079 只
2025-07-31 20:45:27,662 - INFO - 📈 已处理 3400/5839 只股票，成功 3118 只
2025-07-31 20:45:46,690 - INFO - 📈 已处理 3450/5839 只股票，成功 3165 只
2025-07-31 20:46:06,792 - INFO - 📈 已处理 3500/5839 只股票，成功 3210 只
2025-07-31 20:46:25,076 - INFO - 📈 已处理 3550/5839 只股票，成功 3256 只
2025-07-31 20:46:46,222 - INFO - 📈 已处理 3600/5839 只股票，成功 3302 只
2025-07-31 20:47:05,700 - INFO - 📈 已处理 3650/5839 只股票，成功 3349 只
2025-07-31 20:47:39,954 - INFO - 📈 已处理 3750/5839 只股票，成功 3428 只
2025-07-31 20:47:59,730 - INFO - 📈 已处理 3800/5839 只股票，成功 3472 只
2025-07-31 20:48:20,643 - INFO - 📈 已处理 3850/5839 只股票，成功 3513 只
2025-07-31 20:48:37,740 - INFO - 📈 已处理 3900/5839 只股票，成功 3554 只
2025-07-31 20:48:54,707 - INFO - 📈 已处理 3950/5839 只股票，成功 3598 只
2025-07-31 20:49:15,876 - INFO - 📈 已处理 4000/5839 只股票，成功 3646 只
2025-07-31 20:49:35,285 - INFO - 📈 已处理 4050/5839 只股票，成功 3695 只
2025-07-31 20:49:56,987 - INFO - 📈 已处理 4100/5839 只股票，成功 3742 只
2025-07-31 20:50:18,036 - INFO - 📈 已处理 4150/5839 只股票，成功 3791 只
2025-07-31 20:50:40,391 - INFO - 📈 已处理 4200/5839 只股票，成功 3841 只
2025-07-31 20:50:58,970 - INFO - 📈 已处理 4250/5839 只股票，成功 3890 只
2025-07-31 20:51:19,841 - INFO - 📈 已处理 4300/5839 只股票，成功 3940 只
2025-07-31 20:51:40,410 - INFO - 📈 已处理 4350/5839 只股票，成功 3989 只
2025-07-31 20:51:57,891 - INFO - 📈 已处理 4400/5839 只股票，成功 4038 只
2025-07-31 20:52:17,046 - INFO - 📈 已处理 4450/5839 只股票，成功 4088 只
2025-07-31 20:52:36,383 - INFO - 📈 已处理 4500/5839 只股票，成功 4138 只
2025-07-31 20:52:53,156 - INFO - 📈 已处理 4550/5839 只股票，成功 4187 只
2025-07-31 20:53:11,804 - INFO - 📈 已处理 4600/5839 只股票，成功 4236 只
2025-07-31 20:53:28,708 - INFO - 📈 已处理 4650/5839 只股票，成功 4285 只
2025-07-31 20:53:46,098 - INFO - 📈 已处理 4700/5839 只股票，成功 4335 只
2025-07-31 20:54:05,318 - INFO - 📈 已处理 4750/5839 只股票，成功 4385 只
2025-07-31 20:54:23,187 - INFO - 📈 已处理 4800/5839 只股票，成功 4435 只
2025-07-31 20:54:42,215 - INFO - 📈 已处理 4850/5839 只股票，成功 4483 只
2025-07-31 20:55:04,378 - INFO - 📈 已处理 4900/5839 只股票，成功 4533 只
2025-07-31 20:55:22,948 - INFO - 📈 已处理 4950/5839 只股票，成功 4583 只
2025-07-31 20:55:40,140 - INFO - 📈 已处理 5000/5839 只股票，成功 4633 只
2025-07-31 20:56:00,849 - INFO - 📈 已处理 5050/5839 只股票，成功 4683 只
2025-07-31 20:56:20,199 - INFO - 📈 已处理 5100/5839 只股票，成功 4733 只
2025-07-31 20:56:36,503 - INFO - 📈 已处理 5150/5839 只股票，成功 4783 只
2025-07-31 20:56:54,359 - INFO - 📈 已处理 5200/5839 只股票，成功 4833 只
2025-07-31 20:57:11,914 - INFO - 📈 已处理 5250/5839 只股票，成功 4883 只
2025-07-31 20:57:31,266 - INFO - 📈 已处理 5300/5839 只股票，成功 4933 只
2025-07-31 20:57:49,863 - INFO - 📈 已处理 5350/5839 只股票，成功 4983 只
2025-07-31 20:58:10,856 - INFO - 📈 已处理 5400/5839 只股票，成功 5033 只
2025-07-31 20:58:28,279 - INFO - 📈 已处理 5450/5839 只股票，成功 5083 只
2025-07-31 20:58:48,441 - INFO - 📈 已处理 5500/5839 只股票，成功 5133 只
2025-07-31 20:59:05,010 - INFO - 📈 已处理 5550/5839 只股票，成功 5183 只
2025-07-31 20:59:21,715 - INFO - 📈 已处理 5600/5839 只股票，成功 5233 只
2025-07-31 20:59:41,969 - INFO - 📈 已处理 5650/5839 只股票，成功 5283 只
2025-07-31 21:00:01,374 - INFO - 📈 已处理 5700/5839 只股票，成功 5333 只
2025-07-31 21:00:42,332 - INFO - 📈 已处理 5750/5839 只股票，成功 5383 只
2025-07-31 21:01:06,433 - INFO - ✅ 今日K线更新完成: 5417 条记录
2025-07-31 21:01:06,434 - INFO - ============================================================
2025-07-31 21:01:06,434 - INFO - 📊 每日数据更新统计
2025-07-31 21:01:06,434 - INFO - ============================================================
2025-07-31 21:01:06,434 - INFO - ⏱️  更新耗时: 0:36:40.047176
2025-07-31 21:01:06,435 - INFO - 📈 实时行情: 0 条
2025-07-31 21:01:06,435 - INFO - 📊 今日K线: 5,417 条
2025-07-31 21:01:06,435 - INFO - 📅 交易日历: 0 条
2025-07-31 21:01:06,435 - INFO - ✅ 无错误
2025-07-31 21:01:06,436 - INFO - ============================================================
2025-07-31 21:01:06,442 - INFO - 🎉 每日数据更新完成！
2025-07-31 21:01:06,442 - INFO - 数据库连接已关闭
2025-07-31 21:01:06,443 - INFO - ✅ 每日数据更新成功完成
2025-07-31 21:03:37,534 - INFO - 🌟 每日数据更新程序启动
2025-07-31 21:03:37,535 - INFO - 🚀 开始每日数据更新...
2025-07-31 21:03:37,535 - INFO - ============================================================
2025-07-31 21:03:37,541 - INFO - ✅ 成功连接到MySQL数据库
2025-07-31 21:03:37,541 - INFO - 📊 开始更新近7个自然日K线数据）...
2025-07-31 21:03:37,586 - INFO - 📊 准备更新 5839 只股票的近7个自然日K线数据
2025-07-31 21:03:56,579 - INFO - 📈 已处理 50/5839 只股票，成功 39 只
2025-07-31 21:04:17,388 - INFO - 📈 已处理 100/5839 只股票，成功 82 只
2025-07-31 21:04:36,317 - INFO - 📈 已处理 150/5839 只股票，成功 123 只
2025-07-31 21:04:56,425 - INFO - 📈 已处理 200/5839 只股票，成功 163 只
2025-07-31 21:05:14,379 - INFO - 📈 已处理 250/5839 只股票，成功 202 只
2025-07-31 21:05:32,749 - INFO - 📈 已处理 300/5839 只股票，成功 243 只
2025-07-31 21:05:50,587 - INFO - 📈 已处理 350/5839 只股票，成功 284 只
2025-07-31 21:06:31,190 - INFO - 📈 已处理 450/5839 只股票，成功 373 只
2025-07-31 21:06:55,212 - INFO - 📈 已处理 500/5839 只股票，成功 416 只
2025-07-31 21:07:17,628 - INFO - 📈 已处理 550/5839 只股票，成功 464 只
2025-07-31 21:07:37,335 - INFO - 📈 已处理 600/5839 只股票，成功 514 只
2025-07-31 21:07:57,430 - INFO - 📈 已处理 650/5839 只股票，成功 561 只
2025-07-31 21:08:16,713 - INFO - 📈 已处理 700/5839 只股票，成功 607 只
2025-07-31 21:08:39,140 - INFO - 📈 已处理 750/5839 只股票，成功 655 只
2025-07-31 21:09:08,233 - INFO - 📈 已处理 800/5839 只股票，成功 703 只
2025-07-31 21:09:30,280 - INFO - 📈 已处理 850/5839 只股票，成功 752 只
2025-07-31 21:09:50,905 - INFO - 📈 已处理 900/5839 只股票，成功 799 只
2025-07-31 21:10:12,027 - INFO - 📈 已处理 950/5839 只股票，成功 846 只
2025-07-31 21:10:30,920 - INFO - 📈 已处理 1000/5839 只股票，成功 895 只
2025-07-31 21:10:51,347 - INFO - 📈 已处理 1050/5839 只股票，成功 941 只
2025-07-31 21:11:11,257 - INFO - 📈 已处理 1100/5839 只股票，成功 986 只
2025-07-31 21:11:34,528 - INFO - 📈 已处理 1150/5839 只股票，成功 1030 只
2025-07-31 21:11:55,707 - INFO - 📈 已处理 1200/5839 只股票，成功 1080 只
2025-07-31 21:12:18,339 - INFO - 📈 已处理 1250/5839 只股票，成功 1125 只
2025-07-31 21:12:39,594 - INFO - 📈 已处理 1300/5839 只股票，成功 1172 只
2025-07-31 21:12:59,712 - INFO - 📈 已处理 1350/5839 只股票，成功 1219 只
2025-07-31 21:13:22,684 - INFO - 📈 已处理 1400/5839 只股票，成功 1265 只
2025-07-31 21:13:43,259 - INFO - 📈 已处理 1450/5839 只股票，成功 1315 只
2025-07-31 21:14:03,567 - INFO - 📈 已处理 1500/5839 只股票，成功 1365 只
2025-07-31 21:14:25,520 - INFO - 📈 已处理 1550/5839 只股票，成功 1415 只
2025-07-31 21:14:47,876 - INFO - 📈 已处理 1600/5839 只股票，成功 1465 只
2025-07-31 21:15:22,068 - INFO - 📈 已处理 1700/5839 只股票，成功 1506 只
2025-07-31 21:15:43,862 - INFO - 📈 已处理 1750/5839 只股票，成功 1552 只
2025-07-31 21:16:04,991 - INFO - 📈 已处理 1800/5839 只股票，成功 1598 只
2025-07-31 21:16:27,782 - INFO - 📈 已处理 1850/5839 只股票，成功 1647 只
2025-07-31 21:16:48,134 - INFO - 📈 已处理 1900/5839 只股票，成功 1693 只
2025-07-31 21:17:09,349 - INFO - 📈 已处理 1950/5839 只股票，成功 1742 只
2025-07-31 21:17:27,044 - INFO - 📈 已处理 2000/5839 只股票，成功 1787 只
2025-07-31 21:17:47,589 - INFO - 📈 已处理 2050/5839 只股票，成功 1831 只
2025-07-31 21:18:11,008 - INFO - 📈 已处理 2100/5839 只股票，成功 1879 只
2025-07-31 21:18:33,390 - INFO - 📈 已处理 2150/5839 只股票，成功 1928 只
2025-07-31 21:18:53,903 - INFO - 📈 已处理 2200/5839 只股票，成功 1977 只
2025-07-31 21:19:16,130 - INFO - 📈 已处理 2250/5839 只股票，成功 2026 只
2025-07-31 21:19:36,720 - INFO - 📈 已处理 2300/5839 只股票，成功 2076 只
2025-07-31 21:19:58,610 - INFO - 📈 已处理 2350/5839 只股票，成功 2126 只
2025-07-31 21:20:17,975 - INFO - 📈 已处理 2400/5839 只股票，成功 2176 只
2025-07-31 21:20:40,447 - INFO - 📈 已处理 2450/5839 只股票，成功 2225 只
2025-07-31 21:21:00,783 - INFO - 📈 已处理 2500/5839 只股票，成功 2274 只
2025-07-31 21:21:20,786 - INFO - 📈 已处理 2550/5839 只股票，成功 2324 只
2025-07-31 21:21:40,243 - INFO - 📈 已处理 2600/5839 只股票，成功 2374 只
2025-07-31 21:22:02,257 - INFO - 📈 已处理 2650/5839 只股票，成功 2424 只
2025-07-31 21:22:24,637 - INFO - 📈 已处理 2700/5839 只股票，成功 2474 只
2025-07-31 21:22:45,473 - INFO - 📈 已处理 2750/5839 只股票，成功 2524 只
2025-07-31 21:23:05,740 - INFO - 📈 已处理 2800/5839 只股票，成功 2574 只
2025-07-31 21:23:30,669 - INFO - 📈 已处理 2850/5839 只股票，成功 2624 只
2025-07-31 21:23:56,191 - INFO - 📈 已处理 2900/5839 只股票，成功 2674 只
2025-07-31 21:24:16,288 - INFO - 📈 已处理 2950/5839 只股票，成功 2724 只
2025-07-31 21:24:38,222 - INFO - 📈 已处理 3000/5839 只股票，成功 2774 只
2025-07-31 21:24:58,854 - INFO - 📈 已处理 3050/5839 只股票，成功 2824 只
2025-07-31 21:25:22,300 - INFO - 📈 已处理 3100/5839 只股票，成功 2874 只
2025-07-31 21:25:42,308 - INFO - 📈 已处理 3150/5839 只股票，成功 2920 只
2025-07-31 21:26:05,163 - INFO - 📈 已处理 3200/5839 只股票，成功 2959 只
2025-07-31 21:26:24,539 - INFO - 📈 已处理 3250/5839 只股票，成功 3003 只
2025-07-31 21:26:46,630 - INFO - 📈 已处理 3300/5839 只股票，成功 3050 只
2025-07-31 21:27:07,639 - INFO - 📈 已处理 3350/5839 只股票，成功 3092 只
2025-07-31 21:27:29,827 - INFO - 📈 已处理 3400/5839 只股票，成功 3131 只
2025-07-31 21:27:51,425 - INFO - 📈 已处理 3450/5839 只股票，成功 3178 只
2025-07-31 21:28:13,236 - INFO - 📈 已处理 3500/5839 只股票，成功 3224 只
2025-07-31 21:28:33,247 - INFO - 📈 已处理 3550/5839 只股票，成功 3271 只
2025-07-31 21:28:53,964 - INFO - 📈 已处理 3600/5839 只股票，成功 3317 只
2025-07-31 21:29:15,051 - INFO - 📈 已处理 3650/5839 只股票，成功 3364 只
2025-07-31 21:29:58,821 - INFO - 📈 已处理 3750/5839 只股票，成功 3444 只
2025-07-31 21:30:19,764 - INFO - 📈 已处理 3800/5839 只股票，成功 3488 只
2025-07-31 21:30:40,230 - INFO - 📈 已处理 3850/5839 只股票，成功 3531 只
2025-07-31 21:31:06,213 - INFO - 📈 已处理 3900/5839 只股票，成功 3573 只
2025-07-31 21:31:27,207 - INFO - 📈 已处理 3950/5839 只股票，成功 3618 只
2025-07-31 21:31:48,549 - INFO - 📈 已处理 4000/5839 只股票，成功 3666 只
2025-07-31 21:32:12,068 - INFO - 📈 已处理 4050/5839 只股票，成功 3716 只
2025-07-31 21:32:33,632 - INFO - 📈 已处理 4100/5839 只股票，成功 3763 只
2025-07-31 21:32:55,317 - INFO - 📈 已处理 4150/5839 只股票，成功 3812 只
2025-07-31 21:33:18,753 - INFO - 📈 已处理 4200/5839 只股票，成功 3862 只
2025-07-31 21:33:43,184 - INFO - 📈 已处理 4250/5839 只股票，成功 3912 只
2025-07-31 21:34:04,638 - INFO - 📈 已处理 4300/5839 只股票，成功 3962 只
2025-07-31 21:34:23,510 - INFO - 📈 已处理 4350/5839 只股票，成功 4011 只
2025-07-31 21:34:45,057 - INFO - 📈 已处理 4400/5839 只股票，成功 4060 只
2025-07-31 21:35:07,487 - INFO - 📈 已处理 4450/5839 只股票，成功 4110 只
2025-07-31 21:35:27,318 - INFO - 📈 已处理 4500/5839 只股票，成功 4160 只
2025-07-31 21:35:50,802 - INFO - 📈 已处理 4550/5839 只股票，成功 4210 只
2025-07-31 21:36:13,121 - INFO - 📈 已处理 4600/5839 只股票，成功 4259 只
2025-07-31 21:36:32,544 - INFO - 📈 已处理 4650/5839 只股票，成功 4308 只
2025-07-31 21:36:52,260 - INFO - 📈 已处理 4700/5839 只股票，成功 4358 只
2025-07-31 21:37:11,456 - INFO - 📈 已处理 4750/5839 只股票，成功 4408 只
2025-07-31 21:37:30,900 - INFO - 📈 已处理 4800/5839 只股票，成功 4458 只
2025-07-31 21:37:54,264 - INFO - 📈 已处理 4850/5839 只股票，成功 4507 只
2025-07-31 21:38:14,010 - INFO - 📈 已处理 4900/5839 只股票，成功 4557 只
2025-07-31 21:38:33,706 - INFO - 📈 已处理 4950/5839 只股票，成功 4607 只
2025-07-31 21:38:54,846 - INFO - 📈 已处理 5000/5839 只股票，成功 4657 只
2025-07-31 21:39:15,735 - INFO - 📈 已处理 5050/5839 只股票，成功 4707 只
2025-07-31 21:39:34,149 - INFO - 📈 已处理 5100/5839 只股票，成功 4757 只
2025-07-31 21:39:54,966 - INFO - 📈 已处理 5150/5839 只股票，成功 4807 只
2025-07-31 21:40:15,223 - INFO - 📈 已处理 5200/5839 只股票，成功 4857 只
2025-07-31 21:40:36,146 - INFO - 📈 已处理 5250/5839 只股票，成功 4907 只
2025-07-31 21:40:59,714 - INFO - 📈 已处理 5300/5839 只股票，成功 4957 只
2025-07-31 21:41:22,415 - INFO - 📈 已处理 5350/5839 只股票，成功 5007 只
2025-07-31 21:41:42,690 - INFO - 📈 已处理 5400/5839 只股票，成功 5057 只
2025-07-31 21:42:01,041 - INFO - 📈 已处理 5450/5839 只股票，成功 5107 只
2025-07-31 21:42:21,523 - INFO - 📈 已处理 5500/5839 只股票，成功 5157 只
2025-07-31 21:42:46,235 - INFO - 📈 已处理 5550/5839 只股票，成功 5207 只
2025-07-31 21:43:07,286 - INFO - 📈 已处理 5600/5839 只股票，成功 5257 只
2025-07-31 21:43:26,634 - INFO - 📈 已处理 5650/5839 只股票，成功 5307 只
2025-07-31 21:43:45,825 - INFO - 📈 已处理 5700/5839 只股票，成功 5357 只
2025-07-31 21:44:06,945 - INFO - 📈 已处理 5750/5839 只股票，成功 5407 只
2025-07-31 21:44:31,120 - INFO - ✅ 今日K线更新完成: 5440 条记录
2025-07-31 21:44:31,121 - INFO - ============================================================
2025-07-31 21:44:31,121 - INFO - 📊 每日数据更新统计
2025-07-31 21:44:31,121 - INFO - ============================================================
2025-07-31 21:44:31,121 - INFO - ⏱️  更新耗时: 0:40:53.585530
2025-07-31 21:44:31,122 - INFO - 📈 实时行情: 0 条
2025-07-31 21:44:31,122 - INFO - 📊 今日K线: 5,440 条
2025-07-31 21:44:31,122 - INFO - 📅 交易日历: 0 条
2025-07-31 21:44:31,122 - INFO - ✅ 无错误
2025-07-31 21:44:31,122 - INFO - ============================================================
2025-07-31 21:44:31,130 - INFO - 🎉 每日数据更新完成！
2025-07-31 21:44:31,131 - INFO - 数据库连接已关闭
2025-07-31 21:44:31,131 - INFO - ✅ 每日数据更新成功完成
