2025-08-11 19:27:28,756 - INFO - 🌟 每周数据更新程序启动
2025-08-11 19:27:28,762 - INFO - 🚀 开始每周数据更新...
2025-08-11 19:27:28,762 - INFO - ============================================================
2025-08-11 19:27:28,791 - INFO - ✅ 成功连接到MySQL数据库
2025-08-11 19:27:28,791 - INFO - 清空股票基本信息...
2025-08-11 19:27:28,915 - INFO - 🚀 开始获取ADATA所有股票基本信息...
2025-08-11 19:28:00,623 - INFO - 📊 获取到 5737 只股票信息
2025-08-11 19:28:00,644 - INFO - 📈 已插入 100 只股票信息
2025-08-11 19:28:00,660 - INFO - 📈 已插入 200 只股票信息
2025-08-11 19:28:00,687 - INFO - 📈 已插入 300 只股票信息
2025-08-11 19:28:00,708 - INFO - 📈 已插入 400 只股票信息
2025-08-11 19:28:00,721 - INFO - 📈 已插入 500 只股票信息
2025-08-11 19:28:00,732 - INFO - 📈 已插入 600 只股票信息
2025-08-11 19:28:00,746 - INFO - 📈 已插入 700 只股票信息
2025-08-11 19:28:00,759 - INFO - 📈 已插入 800 只股票信息
2025-08-11 19:28:00,774 - INFO - 📈 已插入 900 只股票信息
2025-08-11 19:28:00,801 - INFO - 📈 已插入 1000 只股票信息
2025-08-11 19:28:00,812 - INFO - 📈 已插入 1100 只股票信息
2025-08-11 19:28:00,828 - INFO - 📈 已插入 1200 只股票信息
2025-08-11 19:28:00,848 - INFO - 📈 已插入 1300 只股票信息
2025-08-11 19:28:00,877 - INFO - 📈 已插入 1400 只股票信息
2025-08-11 19:28:00,893 - INFO - 📈 已插入 1500 只股票信息
2025-08-11 19:28:00,916 - INFO - 📈 已插入 1600 只股票信息
2025-08-11 19:28:00,927 - INFO - 📈 已插入 1700 只股票信息
2025-08-11 19:28:00,949 - INFO - 📈 已插入 1800 只股票信息
2025-08-11 19:28:00,963 - INFO - 📈 已插入 1900 只股票信息
2025-08-11 19:28:00,973 - INFO - 📈 已插入 2000 只股票信息
2025-08-11 19:28:00,982 - INFO - 📈 已插入 2100 只股票信息
2025-08-11 19:28:00,995 - INFO - 📈 已插入 2200 只股票信息
2025-08-11 19:28:01,009 - INFO - 📈 已插入 2300 只股票信息
2025-08-11 19:28:01,016 - INFO - 📈 已插入 2400 只股票信息
2025-08-11 19:28:01,027 - INFO - 📈 已插入 2500 只股票信息
2025-08-11 19:28:01,045 - INFO - 📈 已插入 2600 只股票信息
2025-08-11 19:28:01,066 - INFO - 📈 已插入 2700 只股票信息
2025-08-11 19:28:01,083 - INFO - 📈 已插入 2800 只股票信息
2025-08-11 19:28:01,096 - INFO - 📈 已插入 2900 只股票信息
2025-08-11 19:28:01,108 - INFO - 📈 已插入 3000 只股票信息
2025-08-11 19:28:01,123 - INFO - 📈 已插入 3100 只股票信息
2025-08-11 19:28:01,128 - INFO - 📈 已插入 3200 只股票信息
2025-08-11 19:28:01,162 - INFO - 📈 已插入 3300 只股票信息
2025-08-11 19:28:01,179 - INFO - 📈 已插入 3400 只股票信息
2025-08-11 19:28:01,206 - INFO - 📈 已插入 3500 只股票信息
2025-08-11 19:28:01,216 - INFO - 📈 已插入 3600 只股票信息
2025-08-11 19:28:01,229 - INFO - 📈 已插入 3700 只股票信息
2025-08-11 19:28:01,244 - INFO - 📈 已插入 3800 只股票信息
2025-08-11 19:28:01,262 - INFO - 📈 已插入 3900 只股票信息
2025-08-11 19:28:01,273 - INFO - 📈 已插入 4000 只股票信息
2025-08-11 19:28:01,289 - INFO - 📈 已插入 4100 只股票信息
2025-08-11 19:28:01,303 - INFO - 📈 已插入 4200 只股票信息
2025-08-11 19:28:01,317 - INFO - 📈 已插入 4300 只股票信息
2025-08-11 19:28:01,327 - INFO - 📈 已插入 4400 只股票信息
2025-08-11 19:28:01,334 - INFO - 📈 已插入 4500 只股票信息
2025-08-11 19:28:01,344 - INFO - 📈 已插入 4600 只股票信息
2025-08-11 19:28:01,360 - INFO - 📈 已插入 4700 只股票信息
2025-08-11 19:28:01,376 - INFO - 📈 已插入 4800 只股票信息
2025-08-11 19:28:01,393 - INFO - 📈 已插入 4900 只股票信息
2025-08-11 19:28:01,403 - INFO - 📈 已插入 5000 只股票信息
2025-08-11 19:28:01,414 - INFO - 📈 已插入 5100 只股票信息
2025-08-11 19:28:01,428 - INFO - 📈 已插入 5200 只股票信息
2025-08-11 19:28:01,444 - INFO - 📈 已插入 5300 只股票信息
2025-08-11 19:28:01,449 - INFO - 📈 已插入 5400 只股票信息
2025-08-11 19:28:01,472 - INFO - 📈 已插入 5500 只股票信息
2025-08-11 19:28:01,488 - INFO - 📈 已插入 5600 只股票信息
2025-08-11 19:28:01,502 - INFO - 📈 已插入 5700 只股票信息
2025-08-11 19:28:01,509 - INFO - ✅ 成功插入 5737 只股票基本信息
2025-08-11 19:28:01,510 - INFO - 📊 开始更新近7个自然日K线数据）...
2025-08-11 19:28:01,544 - INFO - 📊 准备更新 5737 只股票的近7个自然日K线数据
2025-08-11 19:28:18,009 - INFO - 📈 已处理 50/5737 只股票，成功 38 只
2025-08-11 19:28:38,157 - INFO - 📈 已处理 100/5737 只股票，成功 81 只
2025-08-11 19:28:55,055 - INFO - 📈 已处理 150/5737 只股票，成功 122 只
2025-08-11 19:29:10,440 - INFO - 📈 已处理 200/5737 只股票，成功 161 只
2025-08-11 19:29:26,494 - INFO - 📈 已处理 250/5737 只股票，成功 199 只
2025-08-11 19:29:44,350 - INFO - 📈 已处理 300/5737 只股票，成功 240 只
2025-08-11 19:30:01,412 - INFO - 📈 已处理 350/5737 只股票，成功 281 只
2025-08-11 19:30:57,305 - INFO - 📈 已处理 450/5737 只股票，成功 370 只
2025-08-11 19:31:34,941 - INFO - 📈 已处理 500/5737 只股票，成功 413 只
2025-08-11 19:32:12,814 - INFO - 📈 已处理 550/5737 只股票，成功 462 只
2025-08-11 19:32:30,958 - INFO - 📈 已处理 600/5737 只股票，成功 512 只
2025-08-11 19:32:46,380 - INFO - 📈 已处理 650/5737 只股票，成功 559 只
2025-08-11 19:33:03,829 - INFO - 📈 已处理 700/5737 只股票，成功 605 只
2025-08-11 19:33:24,985 - INFO - 📈 已处理 750/5737 只股票，成功 653 只
2025-08-11 19:33:43,613 - INFO - 📈 已处理 800/5737 只股票，成功 701 只
2025-08-11 19:34:02,414 - INFO - 📈 已处理 850/5737 只股票，成功 750 只
2025-08-11 19:34:20,091 - INFO - 📈 已处理 900/5737 只股票，成功 797 只
2025-08-11 19:34:58,807 - INFO - 📈 已处理 950/5737 只股票，成功 843 只
2025-08-11 19:35:16,232 - INFO - 📈 已处理 1000/5737 只股票，成功 892 只
2025-08-11 19:35:38,378 - INFO - 📈 已处理 1050/5737 只股票，成功 938 只
2025-08-11 19:35:58,227 - INFO - 📈 已处理 1100/5737 只股票，成功 983 只
2025-08-11 19:36:16,320 - INFO - 📈 已处理 1150/5737 只股票，成功 1027 只
2025-08-11 19:36:39,839 - INFO - 📈 已处理 1200/5737 只股票，成功 1077 只
2025-08-11 19:36:57,883 - INFO - 📈 已处理 1250/5737 只股票，成功 1122 只
2025-08-11 19:37:16,281 - INFO - 📈 已处理 1300/5737 只股票，成功 1169 只
2025-08-11 19:37:37,211 - INFO - 📈 已处理 1350/5737 只股票，成功 1216 只
2025-08-11 19:37:56,170 - INFO - 📈 已处理 1400/5737 只股票，成功 1261 只
2025-08-11 19:38:15,799 - INFO - 📈 已处理 1450/5737 只股票，成功 1311 只
2025-08-11 19:38:35,552 - INFO - 📈 已处理 1500/5737 只股票，成功 1361 只
2025-08-11 19:38:54,015 - INFO - 📈 已处理 1550/5737 只股票，成功 1411 只
2025-08-11 19:39:13,829 - INFO - 📈 已处理 1600/5737 只股票，成功 1461 只
2025-08-11 19:39:32,239 - INFO - 📈 已处理 1650/5737 只股票，成功 1510 只
2025-08-11 19:39:50,603 - INFO - 📈 已处理 1700/5737 只股票，成功 1557 只
2025-08-11 19:40:07,787 - INFO - 📈 已处理 1750/5737 只股票，成功 1601 只
2025-08-11 19:40:57,924 - INFO - 📈 已处理 1850/5737 只股票，成功 1695 只
2025-08-11 19:41:22,664 - INFO - 📈 已处理 1900/5737 只股票，成功 1743 只
2025-08-11 19:41:43,353 - INFO - 📈 已处理 1950/5737 只股票，成功 1787 只
2025-08-11 19:41:59,272 - INFO - 📈 已处理 2000/5737 只股票，成功 1831 只
2025-08-11 19:42:17,009 - INFO - 📈 已处理 2050/5737 只股票，成功 1880 只
2025-08-11 19:42:35,734 - INFO - 📈 已处理 2100/5737 只股票，成功 1929 只
2025-08-11 19:42:53,880 - INFO - 📈 已处理 2150/5737 只股票，成功 1977 只
2025-08-11 19:43:12,513 - INFO - 📈 已处理 2200/5737 只股票，成功 2027 只
2025-08-11 19:43:36,596 - INFO - 📈 已处理 2250/5737 只股票，成功 2075 只
2025-08-11 19:44:06,732 - INFO - 📈 已处理 2300/5737 只股票，成功 2125 只
2025-08-11 19:44:26,253 - INFO - 📈 已处理 2350/5737 只股票，成功 2175 只
2025-08-11 19:44:44,731 - INFO - 📈 已处理 2400/5737 只股票，成功 2224 只
2025-08-11 19:45:03,359 - INFO - 📈 已处理 2450/5737 只股票，成功 2273 只
2025-08-11 19:45:20,920 - INFO - 📈 已处理 2500/5737 只股票，成功 2323 只
2025-08-11 19:45:39,564 - INFO - 📈 已处理 2550/5737 只股票，成功 2373 只
2025-08-11 19:45:56,503 - INFO - 📈 已处理 2600/5737 只股票，成功 2423 只
2025-08-11 19:46:15,929 - INFO - 📈 已处理 2650/5737 只股票，成功 2473 只
2025-08-11 19:46:34,840 - INFO - 📈 已处理 2700/5737 只股票，成功 2523 只
2025-08-11 19:46:50,938 - INFO - 📈 已处理 2750/5737 只股票，成功 2573 只
2025-08-11 19:47:08,182 - INFO - 📈 已处理 2800/5737 只股票，成功 2623 只
2025-08-11 19:47:26,308 - INFO - 📈 已处理 2850/5737 只股票，成功 2673 只
2025-08-11 19:47:44,553 - INFO - 📈 已处理 2900/5737 只股票，成功 2723 只
2025-08-11 19:48:04,822 - INFO - 📈 已处理 2950/5737 只股票，成功 2773 只
2025-08-11 19:48:26,322 - INFO - 📈 已处理 3000/5737 只股票，成功 2823 只
2025-08-11 19:48:44,692 - INFO - 📈 已处理 3050/5737 只股票，成功 2872 只
2025-08-11 19:49:00,826 - INFO - 📈 已处理 3100/5737 只股票，成功 2918 只
2025-08-11 19:49:33,524 - INFO - 📈 已处理 3200/5737 只股票，成功 2999 只
2025-08-11 19:50:08,887 - INFO - 📈 已处理 3300/5737 只股票，成功 3084 只
2025-08-11 19:50:23,692 - INFO - 📈 已处理 3350/5737 只股票，成功 3122 只
2025-08-11 19:50:40,957 - INFO - 📈 已处理 3400/5737 只股票，成功 3171 只
2025-08-11 19:50:58,120 - INFO - 📈 已处理 3450/5737 只股票，成功 3216 只
2025-08-11 19:51:14,408 - INFO - 📈 已处理 3500/5737 只股票，成功 3262 只
2025-08-11 19:51:31,662 - INFO - 📈 已处理 3550/5737 只股票，成功 3308 只
2025-08-11 19:52:19,183 - INFO - 📈 已处理 3700/5737 只股票，成功 3433 只
2025-08-11 19:52:36,159 - INFO - 📈 已处理 3750/5737 只股票，成功 3477 只
2025-08-11 19:52:52,032 - INFO - 📈 已处理 3800/5737 只股票，成功 3518 只
2025-08-11 19:53:10,673 - INFO - 📈 已处理 3850/5737 只股票，成功 3559 只
2025-08-11 19:53:28,048 - INFO - 📈 已处理 3900/5737 只股票，成功 3603 只
2025-08-11 19:53:44,898 - INFO - 📈 已处理 3950/5737 只股票，成功 3651 只
2025-08-11 19:54:00,127 - INFO - 📈 已处理 4000/5737 只股票，成功 3699 只
2025-08-11 19:54:16,069 - INFO - 📈 已处理 4050/5737 只股票，成功 3746 只
2025-08-11 19:54:32,969 - INFO - 📈 已处理 4100/5737 只股票，成功 3795 只
2025-08-11 19:54:51,500 - INFO - 📈 已处理 4150/5737 只股票，成功 3845 只
2025-08-11 19:55:29,561 - INFO - 📈 已处理 4200/5737 只股票，成功 3894 只
2025-08-11 19:55:47,053 - INFO - 📈 已处理 4250/5737 只股票，成功 3944 只
2025-08-11 19:56:05,583 - INFO - 📈 已处理 4300/5737 只股票，成功 3992 只
2025-08-11 19:56:23,399 - INFO - 📈 已处理 4350/5737 只股票，成功 4042 只
2025-08-11 19:56:42,421 - INFO - 📈 已处理 4400/5737 只股票，成功 4092 只
2025-08-11 19:56:59,229 - INFO - 📈 已处理 4450/5737 只股票，成功 4142 只
2025-08-11 19:57:17,627 - INFO - 📈 已处理 4500/5737 只股票，成功 4191 只
2025-08-11 19:57:35,066 - INFO - 📈 已处理 4550/5737 只股票，成功 4240 只
2025-08-11 19:57:54,315 - INFO - 📈 已处理 4600/5737 只股票，成功 4289 只
2025-08-11 19:58:13,763 - INFO - 📈 已处理 4650/5737 只股票，成功 4339 只
2025-08-11 19:58:32,479 - INFO - 📈 已处理 4700/5737 只股票，成功 4389 只
2025-08-11 19:58:51,007 - INFO - 📈 已处理 4750/5737 只股票，成功 4438 只
2025-08-11 19:59:09,101 - INFO - 📈 已处理 4800/5737 只股票，成功 4487 只
2025-08-11 19:59:26,250 - INFO - 📈 已处理 4850/5737 只股票，成功 4537 只
2025-08-11 19:59:41,784 - INFO - 📈 已处理 4900/5737 只股票，成功 4587 只
2025-08-11 19:59:58,835 - INFO - 📈 已处理 4950/5737 只股票，成功 4637 只
2025-08-11 20:00:18,643 - INFO - 📈 已处理 5000/5737 只股票，成功 4686 只
2025-08-11 20:00:34,866 - INFO - 📈 已处理 5050/5737 只股票，成功 4736 只
2025-08-11 20:00:52,394 - INFO - 📈 已处理 5100/5737 只股票，成功 4786 只
2025-08-11 20:01:09,724 - INFO - 📈 已处理 5150/5737 只股票，成功 4835 只
2025-08-11 20:01:29,345 - INFO - 📈 已处理 5200/5737 只股票，成功 4885 只
2025-08-11 20:01:45,787 - INFO - 📈 已处理 5250/5737 只股票，成功 4935 只
2025-08-11 20:02:03,863 - INFO - 📈 已处理 5300/5737 只股票，成功 4985 只
2025-08-11 20:02:19,919 - INFO - 📈 已处理 5350/5737 只股票，成功 5034 只
2025-08-11 20:02:36,546 - INFO - 📈 已处理 5400/5737 只股票，成功 5084 只
2025-08-11 20:02:56,566 - INFO - 📈 已处理 5450/5737 只股票，成功 5134 只
2025-08-11 20:03:14,016 - INFO - 📈 已处理 5500/5737 只股票，成功 5184 只
2025-08-11 20:03:29,808 - INFO - 📈 已处理 5550/5737 只股票，成功 5233 只
2025-08-11 20:03:47,802 - INFO - 📈 已处理 5600/5737 只股票，成功 5281 只
2025-08-11 20:04:07,825 - INFO - 📈 已处理 5650/5737 只股票，成功 5331 只
2025-08-11 20:04:23,640 - INFO - 📈 已处理 5700/5737 只股票，成功 5381 只
2025-08-11 20:04:35,763 - INFO - ✅ 本周K线更新完成: 5416 条记录
2025-08-11 20:04:35,764 - INFO - 清空同花顺的概念代码信息...
2025-08-11 20:04:35,837 - INFO - 🚀 开始获取ADATA所有同花顺的概念代码信息...
2025-08-11 20:04:36,886 - INFO - 📊 获取到 395 只概念代码信息
2025-08-11 20:04:36,907 - INFO - 📈 已插入 100 只概念代码信息
2025-08-11 20:04:36,918 - INFO - 📈 已插入 200 只概念代码信息
2025-08-11 20:04:36,928 - INFO - 📈 已插入 300 只概念代码信息
2025-08-11 20:04:36,945 - INFO - ✅ 成功插入 395 只概念代码信息
2025-08-11 20:04:36,945 - INFO - 清空同花顺股票概念关系...
2025-08-11 20:04:37,018 - INFO - 🚀 开始获取ADATA同花顺股票概念关系...
2025-08-11 20:04:37,021 - INFO - 获取概念代码，开始处理
2025-08-11 20:04:37,641 - INFO - 获取ADATA概念相关股票，开始处理
2025-08-11 20:04:38,542 - INFO - 获取ADATA概念相关股票，开始处理
2025-08-11 20:04:39,292 - INFO - 获取ADATA概念相关股票，开始处理
2025-08-11 20:04:41,928 - INFO - 获取ADATA概念相关股票，开始处理
2025-08-11 20:04:43,896 - INFO - 获取ADATA概念相关股票，开始处理
2025-08-11 20:04:48,616 - INFO - 获取ADATA概念相关股票，开始处理
2025-08-11 20:04:49,308 - INFO - 获取ADATA概念相关股票，开始处理
2025-08-11 20:04:50,042 - INFO - 获取ADATA概念相关股票，开始处理
2025-08-11 20:04:50,740 - INFO - 获取ADATA概念相关股票，开始处理
2025-08-11 20:04:51,426 - INFO - 获取ADATA概念相关股票，开始处理
2025-08-11 20:04:53,299 - INFO - 获取ADATA概念相关股票，开始处理
2025-08-11 20:04:55,083 - INFO - 获取ADATA概念相关股票，开始处理
2025-08-11 20:04:55,791 - INFO - 获取ADATA概念相关股票，开始处理
2025-08-11 20:04:56,535 - INFO - 获取ADATA概念相关股票，开始处理
2025-08-11 20:04:57,224 - INFO - 获取ADATA概念相关股票，开始处理
2025-08-11 20:04:57,977 - INFO - 获取ADATA概念相关股票，开始处理
2025-08-11 20:04:58,727 - INFO - 获取ADATA概念相关股票，开始处理
2025-08-11 20:04:59,585 - INFO - 获取ADATA概念相关股票，开始处理
2025-08-11 20:05:00,406 - INFO - 获取ADATA概念相关股票，开始处理
2025-08-11 20:05:01,384 - INFO - 获取ADATA概念相关股票，开始处理
2025-08-11 20:05:02,239 - INFO - 获取ADATA概念相关股票，开始处理
2025-08-11 20:05:02,940 - INFO - 获取ADATA概念相关股票，开始处理
2025-08-11 20:05:03,689 - INFO - 获取ADATA概念相关股票，开始处理
2025-08-11 20:05:04,442 - INFO - 获取ADATA概念相关股票，开始处理
2025-08-11 20:05:05,166 - INFO - 获取ADATA概念相关股票，开始处理
2025-08-11 20:05:05,871 - INFO - 获取ADATA概念相关股票，开始处理
2025-08-11 20:05:09,060 - INFO - 获取ADATA概念相关股票，开始处理
2025-08-11 20:05:09,927 - INFO - 获取ADATA概念相关股票，开始处理
2025-08-11 20:05:10,680 - INFO - 获取ADATA概念相关股票，开始处理
2025-08-11 20:05:11,447 - INFO - 获取ADATA概念相关股票，开始处理
2025-08-11 20:05:12,182 - INFO - 获取ADATA概念相关股票，开始处理
2025-08-11 20:05:13,079 - INFO - 获取ADATA概念相关股票，开始处理
2025-08-11 20:05:13,854 - INFO - 获取ADATA概念相关股票，开始处理
2025-08-11 20:05:14,570 - INFO - 获取ADATA概念相关股票，开始处理
2025-08-11 20:05:15,297 - INFO - 获取ADATA概念相关股票，开始处理
2025-08-11 20:05:16,032 - INFO - 获取ADATA概念相关股票，开始处理
2025-08-11 20:05:17,872 - INFO - 获取ADATA概念相关股票，开始处理
2025-08-11 20:05:18,629 - INFO - 获取ADATA概念相关股票，开始处理
2025-08-11 20:05:19,815 - INFO - 获取ADATA概念相关股票，开始处理
2025-08-11 20:05:20,505 - INFO - 获取ADATA概念相关股票，开始处理
2025-08-11 20:05:21,214 - INFO - 获取ADATA概念相关股票，开始处理
2025-08-11 20:05:23,341 - INFO - 获取ADATA概念相关股票，开始处理
2025-08-11 20:05:24,178 - INFO - 获取ADATA概念相关股票，开始处理
2025-08-11 20:05:24,892 - INFO - 获取ADATA概念相关股票，开始处理
2025-08-11 20:05:25,581 - INFO - 获取ADATA概念相关股票，开始处理
2025-08-11 20:05:26,249 - INFO - 获取ADATA概念相关股票，开始处理
2025-08-11 20:05:27,015 - INFO - 获取ADATA概念相关股票，开始处理
2025-08-11 20:05:28,127 - INFO - 获取ADATA概念相关股票，开始处理
2025-08-11 20:05:29,598 - INFO - 获取ADATA概念相关股票，开始处理
2025-08-11 20:05:30,657 - INFO - 获取ADATA概念相关股票，开始处理
2025-08-11 20:05:30,740 - INFO - 📈 已处理 50/6 只概念，成功 50 只
2025-08-11 20:05:31,482 - INFO - 获取ADATA概念相关股票，开始处理
2025-08-11 20:05:32,180 - INFO - 获取ADATA概念相关股票，开始处理
2025-08-11 20:05:32,839 - INFO - 获取ADATA概念相关股票，开始处理
2025-08-11 20:05:33,815 - INFO - 获取ADATA概念相关股票，开始处理
2025-08-11 20:05:34,585 - INFO - 获取ADATA概念相关股票，开始处理
2025-08-11 20:05:35,440 - INFO - 获取ADATA概念相关股票，开始处理
2025-08-11 20:05:36,287 - INFO - 获取ADATA概念相关股票，开始处理
2025-08-11 20:05:37,079 - INFO - 获取ADATA概念相关股票，开始处理
2025-08-11 20:05:37,897 - INFO - 获取ADATA概念相关股票，开始处理
2025-08-11 20:05:38,645 - INFO - 获取ADATA概念相关股票，开始处理
2025-08-11 20:05:39,401 - INFO - 获取ADATA概念相关股票，开始处理
2025-08-11 20:05:40,076 - INFO - 获取ADATA概念相关股票，开始处理
2025-08-11 20:05:40,936 - INFO - 获取ADATA概念相关股票，开始处理
2025-08-11 20:05:41,741 - INFO - 获取ADATA概念相关股票，开始处理
2025-08-11 20:05:42,572 - INFO - 获取ADATA概念相关股票，开始处理
2025-08-11 20:05:43,447 - INFO - 获取ADATA概念相关股票，开始处理
2025-08-11 20:05:44,215 - INFO - 获取ADATA概念相关股票，开始处理
2025-08-11 20:05:44,913 - INFO - 获取ADATA概念相关股票，开始处理
2025-08-11 20:05:45,701 - INFO - 获取ADATA概念相关股票，开始处理
2025-08-11 20:05:46,504 - INFO - 获取ADATA概念相关股票，开始处理
2025-08-11 20:05:47,231 - INFO - 获取ADATA概念相关股票，开始处理
2025-08-11 20:05:47,977 - INFO - 获取ADATA概念相关股票，开始处理
2025-08-11 20:05:48,703 - INFO - 获取ADATA概念相关股票，开始处理
2025-08-11 20:05:49,410 - INFO - 获取ADATA概念相关股票，开始处理
2025-08-11 20:05:50,159 - INFO - 获取ADATA概念相关股票，开始处理
2025-08-11 20:05:50,825 - INFO - 获取ADATA概念相关股票，开始处理
2025-08-11 20:05:51,379 - INFO - 获取ADATA概念相关股票，开始处理
2025-08-11 20:05:52,216 - INFO - 获取ADATA概念相关股票，开始处理
2025-08-11 20:05:53,008 - INFO - 获取ADATA概念相关股票，开始处理
2025-08-11 20:05:53,679 - INFO - 获取ADATA概念相关股票，开始处理
2025-08-11 20:05:54,482 - INFO - 获取ADATA概念相关股票，开始处理
2025-08-11 20:05:55,916 - INFO - 获取ADATA概念相关股票，开始处理
2025-08-11 20:05:56,656 - INFO - 获取ADATA概念相关股票，开始处理
2025-08-11 20:05:57,436 - INFO - 获取ADATA概念相关股票，开始处理
2025-08-11 20:05:58,100 - INFO - 获取ADATA概念相关股票，开始处理
2025-08-11 20:05:58,761 - INFO - 获取ADATA概念相关股票，开始处理
2025-08-11 20:05:59,411 - INFO - 获取ADATA概念相关股票，开始处理
2025-08-11 20:06:00,048 - INFO - 获取ADATA概念相关股票，开始处理
2025-08-11 20:06:00,872 - INFO - 获取ADATA概念相关股票，开始处理
2025-08-11 20:06:03,815 - INFO - 获取ADATA概念相关股票，开始处理
2025-08-11 20:06:04,521 - INFO - 获取ADATA概念相关股票，开始处理
2025-08-11 20:06:05,048 - INFO - 获取ADATA概念相关股票，开始处理
2025-08-11 20:06:05,742 - INFO - 获取ADATA概念相关股票，开始处理
2025-08-11 20:06:06,561 - INFO - 获取ADATA概念相关股票，开始处理
2025-08-11 20:06:07,363 - INFO - 获取ADATA概念相关股票，开始处理
2025-08-11 20:06:08,167 - INFO - 获取ADATA概念相关股票，开始处理
2025-08-11 20:06:08,877 - INFO - 获取ADATA概念相关股票，开始处理
2025-08-11 20:06:10,252 - INFO - 获取ADATA概念相关股票，开始处理
2025-08-11 20:06:11,215 - INFO - 获取ADATA概念相关股票，开始处理
2025-08-11 20:06:11,987 - INFO - 获取ADATA概念相关股票，开始处理
2025-08-11 20:06:12,015 - INFO - 📈 已处理 100/6 只概念，成功 100 只
2025-08-11 20:06:12,897 - INFO - 获取ADATA概念相关股票，开始处理
2025-08-11 20:06:13,885 - INFO - 获取ADATA概念相关股票，开始处理
2025-08-11 20:06:14,622 - INFO - 获取ADATA概念相关股票，开始处理
2025-08-11 20:06:15,369 - INFO - 获取ADATA概念相关股票，开始处理
2025-08-11 20:06:16,313 - INFO - 获取ADATA概念相关股票，开始处理
2025-08-11 20:06:18,661 - INFO - 获取ADATA概念相关股票，开始处理
2025-08-11 20:06:19,502 - INFO - 获取ADATA概念相关股票，开始处理
2025-08-11 20:06:20,246 - INFO - 获取ADATA概念相关股票，开始处理
2025-08-11 20:06:20,926 - INFO - 获取ADATA概念相关股票，开始处理
2025-08-11 20:06:21,743 - INFO - 获取ADATA概念相关股票，开始处理
2025-08-11 20:06:22,476 - INFO - 获取ADATA概念相关股票，开始处理
2025-08-11 20:06:23,205 - INFO - 获取ADATA概念相关股票，开始处理
2025-08-11 20:06:24,095 - INFO - 获取ADATA概念相关股票，开始处理
2025-08-11 20:06:24,820 - INFO - 获取ADATA概念相关股票，开始处理
2025-08-11 20:06:25,558 - INFO - 获取ADATA概念相关股票，开始处理
2025-08-11 20:06:26,243 - INFO - 获取ADATA概念相关股票，开始处理
2025-08-11 20:06:27,096 - INFO - 获取ADATA概念相关股票，开始处理
2025-08-11 20:06:27,863 - INFO - 获取ADATA概念相关股票，开始处理
2025-08-11 20:06:28,447 - INFO - 获取ADATA概念相关股票，开始处理
2025-08-11 20:06:29,015 - INFO - 获取ADATA概念相关股票，开始处理
2025-08-11 20:06:31,486 - INFO - 获取ADATA概念相关股票，开始处理
2025-08-11 20:06:32,141 - INFO - 获取ADATA概念相关股票，开始处理
2025-08-11 20:06:32,808 - INFO - 获取ADATA概念相关股票，开始处理
2025-08-11 20:06:33,855 - INFO - 获取ADATA概念相关股票，开始处理
2025-08-11 20:06:34,787 - INFO - 获取ADATA概念相关股票，开始处理
2025-08-11 20:06:35,468 - INFO - 获取ADATA概念相关股票，开始处理
2025-08-11 20:06:36,164 - INFO - 获取ADATA概念相关股票，开始处理
2025-08-11 20:06:36,905 - INFO - 获取ADATA概念相关股票，开始处理
2025-08-11 20:06:37,587 - INFO - 获取ADATA概念相关股票，开始处理
2025-08-11 20:06:38,237 - INFO - 获取ADATA概念相关股票，开始处理
2025-08-11 20:06:39,015 - INFO - 获取ADATA概念相关股票，开始处理
2025-08-11 20:06:39,809 - INFO - 获取ADATA概念相关股票，开始处理
2025-08-11 20:06:40,493 - INFO - 获取ADATA概念相关股票，开始处理
2025-08-11 20:06:41,126 - INFO - 获取ADATA概念相关股票，开始处理
2025-08-11 20:06:41,809 - INFO - 获取ADATA概念相关股票，开始处理
2025-08-11 20:06:42,508 - INFO - 获取ADATA概念相关股票，开始处理
2025-08-11 20:06:43,231 - INFO - 获取ADATA概念相关股票，开始处理
2025-08-11 20:06:43,867 - INFO - 获取ADATA概念相关股票，开始处理
2025-08-11 20:06:44,526 - INFO - 获取ADATA概念相关股票，开始处理
2025-08-11 20:06:45,304 - INFO - 获取ADATA概念相关股票，开始处理
2025-08-11 20:06:46,106 - INFO - 获取ADATA概念相关股票，开始处理
2025-08-11 20:06:46,835 - INFO - 获取ADATA概念相关股票，开始处理
2025-08-11 20:06:47,462 - INFO - 获取ADATA概念相关股票，开始处理
2025-08-11 20:06:48,145 - INFO - 获取ADATA概念相关股票，开始处理
2025-08-11 20:06:49,023 - INFO - 获取ADATA概念相关股票，开始处理
2025-08-11 20:06:49,920 - INFO - 获取ADATA概念相关股票，开始处理
2025-08-11 20:06:50,681 - INFO - 获取ADATA概念相关股票，开始处理
2025-08-11 20:06:51,364 - INFO - 获取ADATA概念相关股票，开始处理
2025-08-11 20:06:52,163 - INFO - 获取ADATA概念相关股票，开始处理
2025-08-11 20:06:53,003 - INFO - 获取ADATA概念相关股票，开始处理
2025-08-11 20:06:53,057 - INFO - 📈 已处理 150/6 只概念，成功 150 只
2025-08-11 20:06:53,784 - INFO - 获取ADATA概念相关股票，开始处理
2025-08-11 20:06:54,329 - INFO - 获取ADATA概念相关股票，开始处理
2025-08-11 20:06:54,962 - INFO - 获取ADATA概念相关股票，开始处理
2025-08-11 20:06:55,692 - INFO - 获取ADATA概念相关股票，开始处理
2025-08-11 20:06:57,646 - INFO - 获取ADATA概念相关股票，开始处理
2025-08-11 20:06:58,278 - INFO - 获取ADATA概念相关股票，开始处理
2025-08-11 20:06:59,507 - INFO - 获取ADATA概念相关股票，开始处理
2025-08-11 20:07:00,462 - INFO - 获取ADATA概念相关股票，开始处理
2025-08-11 20:07:01,199 - INFO - 获取ADATA概念相关股票，开始处理
2025-08-11 20:07:01,800 - INFO - 获取ADATA概念相关股票，开始处理
2025-08-11 20:07:02,471 - INFO - 获取ADATA概念相关股票，开始处理
2025-08-11 20:07:03,134 - INFO - 获取ADATA概念相关股票，开始处理
2025-08-11 20:07:03,815 - INFO - 获取ADATA概念相关股票，开始处理
2025-08-11 20:07:04,487 - INFO - 获取ADATA概念相关股票，开始处理
2025-08-11 20:07:05,149 - INFO - 获取ADATA概念相关股票，开始处理
2025-08-11 20:07:05,941 - INFO - 获取ADATA概念相关股票，开始处理
2025-08-11 20:07:06,758 - INFO - 获取ADATA概念相关股票，开始处理
2025-08-11 20:07:07,920 - INFO - 获取ADATA概念相关股票，开始处理
2025-08-11 20:07:08,587 - INFO - 获取ADATA概念相关股票，开始处理
2025-08-11 20:07:09,135 - INFO - 获取ADATA概念相关股票，开始处理
2025-08-11 20:07:09,857 - INFO - 获取ADATA概念相关股票，开始处理
2025-08-11 20:07:10,624 - INFO - 获取ADATA概念相关股票，开始处理
2025-08-11 20:07:11,405 - INFO - 获取ADATA概念相关股票，开始处理
2025-08-11 20:07:12,108 - INFO - 获取ADATA概念相关股票，开始处理
2025-08-11 20:07:13,066 - INFO - 获取ADATA概念相关股票，开始处理
2025-08-11 20:07:14,031 - INFO - 获取ADATA概念相关股票，开始处理
2025-08-11 20:07:15,839 - INFO - 获取ADATA概念相关股票，开始处理
2025-08-11 20:07:16,519 - INFO - 获取ADATA概念相关股票，开始处理
2025-08-11 20:07:17,203 - INFO - 获取ADATA概念相关股票，开始处理
2025-08-11 20:07:17,860 - INFO - 获取ADATA概念相关股票，开始处理
2025-08-11 20:07:18,509 - INFO - 获取ADATA概念相关股票，开始处理
2025-08-11 20:07:19,166 - INFO - 获取ADATA概念相关股票，开始处理
2025-08-11 20:07:19,806 - INFO - 获取ADATA概念相关股票，开始处理
2025-08-11 20:07:20,393 - INFO - 获取ADATA概念相关股票，开始处理
2025-08-11 20:07:21,069 - INFO - 获取ADATA概念相关股票，开始处理
2025-08-11 20:07:21,796 - INFO - 获取ADATA概念相关股票，开始处理
2025-08-11 20:07:22,360 - INFO - 获取ADATA概念相关股票，开始处理
2025-08-11 20:07:23,006 - INFO - 获取ADATA概念相关股票，开始处理
2025-08-11 20:07:23,668 - INFO - 获取ADATA概念相关股票，开始处理
2025-08-11 20:07:24,342 - INFO - 获取ADATA概念相关股票，开始处理
2025-08-11 20:07:25,004 - INFO - 获取ADATA概念相关股票，开始处理
2025-08-11 20:07:25,698 - INFO - 获取ADATA概念相关股票，开始处理
2025-08-11 20:07:26,389 - INFO - 获取ADATA概念相关股票，开始处理
2025-08-11 20:07:27,074 - INFO - 获取ADATA概念相关股票，开始处理
2025-08-11 20:07:27,748 - INFO - 获取ADATA概念相关股票，开始处理
2025-08-11 20:07:28,450 - INFO - 获取ADATA概念相关股票，开始处理
2025-08-11 20:07:29,112 - INFO - 获取ADATA概念相关股票，开始处理
2025-08-11 20:07:29,775 - INFO - 获取ADATA概念相关股票，开始处理
2025-08-11 20:07:30,504 - INFO - 获取ADATA概念相关股票，开始处理
2025-08-11 20:07:31,165 - INFO - 获取ADATA概念相关股票，开始处理
2025-08-11 20:07:31,189 - INFO - 📈 已处理 200/6 只概念，成功 200 只
2025-08-11 20:07:31,822 - INFO - 获取ADATA概念相关股票，开始处理
2025-08-11 20:07:32,495 - INFO - 获取ADATA概念相关股票，开始处理
2025-08-11 20:07:33,177 - INFO - 获取ADATA概念相关股票，开始处理
2025-08-11 20:07:33,874 - INFO - 获取ADATA概念相关股票，开始处理
2025-08-11 20:07:36,841 - INFO - 获取ADATA概念相关股票，开始处理
2025-08-11 20:07:37,611 - INFO - 获取ADATA概念相关股票，开始处理
2025-08-11 20:07:38,354 - INFO - 获取ADATA概念相关股票，开始处理
2025-08-11 20:07:39,100 - INFO - 获取ADATA概念相关股票，开始处理
2025-08-11 20:07:39,748 - INFO - 获取ADATA概念相关股票，开始处理
2025-08-11 20:07:40,388 - INFO - 获取ADATA概念相关股票，开始处理
2025-08-11 20:07:41,030 - INFO - 获取ADATA概念相关股票，开始处理
2025-08-11 20:07:41,672 - INFO - 获取ADATA概念相关股票，开始处理
2025-08-11 20:07:42,316 - INFO - 获取ADATA概念相关股票，开始处理
2025-08-11 20:07:43,700 - INFO - 获取ADATA概念相关股票，开始处理
2025-08-11 20:07:44,368 - INFO - 获取ADATA概念相关股票，开始处理
2025-08-11 20:07:45,022 - INFO - 获取ADATA概念相关股票，开始处理
2025-08-11 20:07:45,684 - INFO - 获取ADATA概念相关股票，开始处理
2025-08-11 20:07:46,343 - INFO - 获取ADATA概念相关股票，开始处理
2025-08-11 20:07:46,904 - INFO - 获取ADATA概念相关股票，开始处理
2025-08-11 20:07:47,619 - INFO - 获取ADATA概念相关股票，开始处理
2025-08-11 20:07:48,310 - INFO - 获取ADATA概念相关股票，开始处理
2025-08-11 20:07:48,967 - INFO - 获取ADATA概念相关股票，开始处理
2025-08-11 20:07:49,614 - INFO - 获取ADATA概念相关股票，开始处理
2025-08-11 20:07:50,292 - INFO - 获取ADATA概念相关股票，开始处理
2025-08-11 20:07:50,989 - INFO - 获取ADATA概念相关股票，开始处理
2025-08-11 20:07:51,733 - INFO - 获取ADATA概念相关股票，开始处理
2025-08-11 20:07:52,426 - INFO - 获取ADATA概念相关股票，开始处理
2025-08-11 20:07:53,103 - INFO - 获取ADATA概念相关股票，开始处理
2025-08-11 20:07:53,907 - INFO - 获取ADATA概念相关股票，开始处理
2025-08-11 20:07:54,709 - INFO - 获取ADATA概念相关股票，开始处理
2025-08-11 20:07:55,690 - INFO - 获取ADATA概念相关股票，开始处理
2025-08-11 20:07:56,467 - INFO - 获取ADATA概念相关股票，开始处理
2025-08-11 20:07:57,306 - INFO - 获取ADATA概念相关股票，开始处理
2025-08-11 20:07:58,071 - INFO - 获取ADATA概念相关股票，开始处理
2025-08-11 20:07:58,774 - INFO - 获取ADATA概念相关股票，开始处理
2025-08-11 20:07:59,429 - INFO - 获取ADATA概念相关股票，开始处理
2025-08-11 20:08:00,214 - INFO - 获取ADATA概念相关股票，开始处理
2025-08-11 20:08:00,947 - INFO - 获取ADATA概念相关股票，开始处理
2025-08-11 20:08:02,143 - INFO - 获取ADATA概念相关股票，开始处理
2025-08-11 20:08:03,022 - INFO - 获取ADATA概念相关股票，开始处理
2025-08-11 20:08:03,718 - INFO - 获取ADATA概念相关股票，开始处理
2025-08-11 20:08:04,382 - INFO - 获取ADATA概念相关股票，开始处理
2025-08-11 20:08:05,152 - INFO - 获取ADATA概念相关股票，开始处理
2025-08-11 20:08:05,856 - INFO - 获取ADATA概念相关股票，开始处理
2025-08-11 20:08:06,668 - INFO - 获取ADATA概念相关股票，开始处理
2025-08-11 20:08:07,354 - INFO - 获取ADATA概念相关股票，开始处理
2025-08-11 20:08:08,038 - INFO - 获取ADATA概念相关股票，开始处理
2025-08-11 20:08:09,768 - INFO - 获取ADATA概念相关股票，开始处理
2025-08-11 20:08:10,451 - INFO - 获取ADATA概念相关股票，开始处理
2025-08-11 20:08:11,185 - INFO - 获取ADATA概念相关股票，开始处理
2025-08-11 20:08:11,227 - INFO - 📈 已处理 250/6 只概念，成功 250 只
2025-08-11 20:08:11,854 - INFO - 获取ADATA概念相关股票，开始处理
2025-08-11 20:08:12,533 - INFO - 获取ADATA概念相关股票，开始处理
2025-08-11 20:08:13,266 - INFO - 获取ADATA概念相关股票，开始处理
2025-08-11 20:08:14,049 - INFO - 获取ADATA概念相关股票，开始处理
2025-08-11 20:08:14,725 - INFO - 获取ADATA概念相关股票，开始处理
2025-08-11 20:08:15,380 - INFO - 获取ADATA概念相关股票，开始处理
2025-08-11 20:08:16,125 - INFO - 获取ADATA概念相关股票，开始处理
2025-08-11 20:08:16,836 - INFO - 获取ADATA概念相关股票，开始处理
2025-08-11 20:08:17,525 - INFO - 获取ADATA概念相关股票，开始处理
2025-08-11 20:08:18,194 - INFO - 获取ADATA概念相关股票，开始处理
2025-08-11 20:08:19,601 - INFO - 获取ADATA概念相关股票，开始处理
2025-08-11 20:08:20,357 - INFO - 获取ADATA概念相关股票，开始处理
2025-08-11 20:08:21,214 - INFO - 获取ADATA概念相关股票，开始处理
2025-08-11 20:08:22,221 - INFO - 获取ADATA概念相关股票，开始处理
2025-08-11 20:08:22,965 - INFO - 获取ADATA概念相关股票，开始处理
2025-08-11 20:08:23,631 - INFO - 获取ADATA概念相关股票，开始处理
2025-08-11 20:08:24,329 - INFO - 获取ADATA概念相关股票，开始处理
2025-08-11 20:08:25,022 - INFO - 获取ADATA概念相关股票，开始处理
2025-08-11 20:08:25,743 - INFO - 获取ADATA概念相关股票，开始处理
2025-08-11 20:08:26,479 - INFO - 获取ADATA概念相关股票，开始处理
2025-08-11 20:08:27,212 - INFO - 获取ADATA概念相关股票，开始处理
2025-08-11 20:08:27,900 - INFO - 获取ADATA概念相关股票，开始处理
2025-08-11 20:08:28,557 - INFO - 获取ADATA概念相关股票，开始处理
2025-08-11 20:08:29,229 - INFO - 获取ADATA概念相关股票，开始处理
2025-08-11 20:08:29,917 - INFO - 获取ADATA概念相关股票，开始处理
2025-08-11 20:08:30,580 - INFO - 获取ADATA概念相关股票，开始处理
2025-08-11 20:08:31,258 - INFO - 获取ADATA概念相关股票，开始处理
2025-08-11 20:08:31,937 - INFO - 获取ADATA概念相关股票，开始处理
2025-08-11 20:08:32,659 - INFO - 获取ADATA概念相关股票，开始处理
2025-08-11 20:08:33,378 - INFO - 获取ADATA概念相关股票，开始处理
2025-08-11 20:08:34,053 - INFO - 获取ADATA概念相关股票，开始处理
2025-08-11 20:08:34,937 - INFO - 获取ADATA概念相关股票，开始处理
2025-08-11 20:08:35,674 - INFO - 获取ADATA概念相关股票，开始处理
2025-08-11 20:08:36,384 - INFO - 获取ADATA概念相关股票，开始处理
2025-08-11 20:08:37,062 - INFO - 获取ADATA概念相关股票，开始处理
2025-08-11 20:08:37,708 - INFO - 获取ADATA概念相关股票，开始处理
2025-08-11 20:08:38,376 - INFO - 获取ADATA概念相关股票，开始处理
2025-08-11 20:08:39,083 - INFO - 获取ADATA概念相关股票，开始处理
2025-08-11 20:08:39,736 - INFO - 获取ADATA概念相关股票，开始处理
2025-08-11 20:08:40,409 - INFO - 获取ADATA概念相关股票，开始处理
2025-08-11 20:08:41,133 - INFO - 获取ADATA概念相关股票，开始处理
2025-08-11 20:08:41,827 - INFO - 获取ADATA概念相关股票，开始处理
2025-08-11 20:08:42,664 - INFO - 获取ADATA概念相关股票，开始处理
2025-08-11 20:08:43,351 - INFO - 获取ADATA概念相关股票，开始处理
2025-08-11 20:08:44,025 - INFO - 获取ADATA概念相关股票，开始处理
2025-08-11 20:08:44,725 - INFO - 获取ADATA概念相关股票，开始处理
2025-08-11 20:08:45,691 - INFO - 获取ADATA概念相关股票，开始处理
2025-08-11 20:08:46,434 - INFO - 获取ADATA概念相关股票，开始处理
2025-08-11 20:08:47,152 - INFO - 获取ADATA概念相关股票，开始处理
2025-08-11 20:08:47,835 - INFO - 获取ADATA概念相关股票，开始处理
2025-08-11 20:08:47,851 - INFO - 📈 已处理 300/6 只概念，成功 300 只
2025-08-11 20:08:48,566 - INFO - 获取ADATA概念相关股票，开始处理
2025-08-11 20:08:49,369 - INFO - 获取ADATA概念相关股票，开始处理
2025-08-11 20:08:50,067 - INFO - 获取ADATA概念相关股票，开始处理
2025-08-11 20:08:50,778 - INFO - 获取ADATA概念相关股票，开始处理
2025-08-11 20:08:51,510 - INFO - 获取ADATA概念相关股票，开始处理
2025-08-11 20:08:52,190 - INFO - 获取ADATA概念相关股票，开始处理
2025-08-11 20:08:52,919 - INFO - 获取ADATA概念相关股票，开始处理
2025-08-11 20:08:53,645 - INFO - 获取ADATA概念相关股票，开始处理
2025-08-11 20:08:54,377 - INFO - 获取ADATA概念相关股票，开始处理
2025-08-11 20:08:55,849 - INFO - 获取ADATA概念相关股票，开始处理
2025-08-11 20:08:56,505 - INFO - 获取ADATA概念相关股票，开始处理
2025-08-11 20:08:57,178 - INFO - 获取ADATA概念相关股票，开始处理
2025-08-11 20:08:58,007 - INFO - 获取ADATA概念相关股票，开始处理
2025-08-11 20:08:58,828 - INFO - 获取ADATA概念相关股票，开始处理
2025-08-11 20:08:59,425 - INFO - 获取ADATA概念相关股票，开始处理
2025-08-11 20:09:00,053 - INFO - 获取ADATA概念相关股票，开始处理
2025-08-11 20:09:00,627 - INFO - 获取ADATA概念相关股票，开始处理
2025-08-11 20:09:01,400 - INFO - 获取ADATA概念相关股票，开始处理
2025-08-11 20:09:02,088 - INFO - 获取ADATA概念相关股票，开始处理
2025-08-11 20:09:08,084 - INFO - 获取ADATA概念相关股票，开始处理
2025-08-11 20:09:09,029 - INFO - 获取ADATA概念相关股票，开始处理
2025-08-11 20:09:09,787 - INFO - 获取ADATA概念相关股票，开始处理
2025-08-11 20:09:10,434 - INFO - 获取ADATA概念相关股票，开始处理
2025-08-11 20:09:11,100 - INFO - 获取ADATA概念相关股票，开始处理
2025-08-11 20:09:11,808 - INFO - 获取ADATA概念相关股票，开始处理
2025-08-11 20:09:12,573 - INFO - 获取ADATA概念相关股票，开始处理
2025-08-11 20:09:13,275 - INFO - 获取ADATA概念相关股票，开始处理
2025-08-11 20:09:13,943 - INFO - 获取ADATA概念相关股票，开始处理
2025-08-11 20:09:14,685 - INFO - 获取ADATA概念相关股票，开始处理
2025-08-11 20:09:15,362 - INFO - 获取ADATA概念相关股票，开始处理
2025-08-11 20:09:16,056 - INFO - 获取ADATA概念相关股票，开始处理
2025-08-11 20:09:16,738 - INFO - 获取ADATA概念相关股票，开始处理
2025-08-11 20:09:17,375 - INFO - 获取ADATA概念相关股票，开始处理
2025-08-11 20:09:18,031 - INFO - 获取ADATA概念相关股票，开始处理
2025-08-11 20:09:18,851 - INFO - 获取ADATA概念相关股票，开始处理
2025-08-11 20:09:19,693 - INFO - 获取ADATA概念相关股票，开始处理
2025-08-11 20:09:20,362 - INFO - 获取ADATA概念相关股票，开始处理
2025-08-11 20:09:21,088 - INFO - 获取ADATA概念相关股票，开始处理
2025-08-11 20:09:21,782 - INFO - 获取ADATA概念相关股票，开始处理
2025-08-11 20:09:22,432 - INFO - 获取ADATA概念相关股票，开始处理
2025-08-11 20:09:23,096 - INFO - 获取ADATA概念相关股票，开始处理
2025-08-11 20:09:23,751 - INFO - 获取ADATA概念相关股票，开始处理
2025-08-11 20:09:24,427 - INFO - 获取ADATA概念相关股票，开始处理
2025-08-11 20:09:25,172 - INFO - 获取ADATA概念相关股票，开始处理
2025-08-11 20:09:25,837 - INFO - 获取ADATA概念相关股票，开始处理
2025-08-11 20:09:26,500 - INFO - 获取ADATA概念相关股票，开始处理
2025-08-11 20:09:27,166 - INFO - 获取ADATA概念相关股票，开始处理
2025-08-11 20:09:27,812 - INFO - 获取ADATA概念相关股票，开始处理
2025-08-11 20:09:28,525 - INFO - 获取ADATA概念相关股票，开始处理
2025-08-11 20:09:29,245 - INFO - 获取ADATA概念相关股票，开始处理
2025-08-11 20:09:29,261 - INFO - 📈 已处理 350/6 只概念，成功 350 只
2025-08-11 20:09:30,055 - INFO - 获取ADATA概念相关股票，开始处理
2025-08-11 20:09:31,524 - INFO - 获取ADATA概念相关股票，开始处理
2025-08-11 20:09:34,332 - INFO - 获取ADATA概念相关股票，开始处理
2025-08-11 20:09:35,039 - INFO - 获取ADATA概念相关股票，开始处理
2025-08-11 20:09:35,775 - INFO - 获取ADATA概念相关股票，开始处理
2025-08-11 20:09:36,523 - INFO - 获取ADATA概念相关股票，开始处理
2025-08-11 20:09:37,211 - INFO - 获取ADATA概念相关股票，开始处理
2025-08-11 20:09:38,010 - INFO - 获取ADATA概念相关股票，开始处理
2025-08-11 20:09:38,712 - INFO - 获取ADATA概念相关股票，开始处理
2025-08-11 20:09:43,445 - INFO - 获取ADATA概念相关股票，开始处理
2025-08-11 20:09:46,149 - INFO - 获取ADATA概念相关股票，开始处理
2025-08-11 20:09:46,887 - INFO - 获取ADATA概念相关股票，开始处理
2025-08-11 20:09:47,673 - INFO - 获取ADATA概念相关股票，开始处理
2025-08-11 20:09:48,365 - INFO - 获取ADATA概念相关股票，开始处理
2025-08-11 20:09:49,005 - INFO - 获取ADATA概念相关股票，开始处理
2025-08-11 20:09:49,788 - INFO - 获取ADATA概念相关股票，开始处理
2025-08-11 20:09:50,492 - INFO - 获取ADATA概念相关股票，开始处理
2025-08-11 20:09:51,187 - INFO - 获取ADATA概念相关股票，开始处理
2025-08-11 20:09:51,885 - INFO - 获取ADATA概念相关股票，开始处理
2025-08-11 20:09:53,595 - INFO - 获取ADATA概念相关股票，开始处理
2025-08-11 20:09:54,312 - INFO - 获取ADATA概念相关股票，开始处理
2025-08-11 20:09:58,187 - INFO - 获取ADATA概念相关股票，开始处理
2025-08-11 20:09:58,897 - INFO - 获取ADATA概念相关股票，开始处理
2025-08-11 20:09:59,578 - INFO - 获取ADATA概念相关股票，开始处理
2025-08-11 20:10:00,235 - INFO - 获取ADATA概念相关股票，开始处理
2025-08-11 20:10:00,894 - INFO - 获取ADATA概念相关股票，开始处理
2025-08-11 20:10:01,675 - INFO - 获取ADATA概念相关股票，开始处理
2025-08-11 20:10:02,644 - INFO - 获取ADATA概念相关股票，开始处理
2025-08-11 20:10:03,421 - INFO - 获取ADATA概念相关股票，开始处理
2025-08-11 20:10:04,298 - INFO - 获取ADATA概念相关股票，开始处理
2025-08-11 20:10:05,044 - INFO - 获取ADATA概念相关股票，开始处理
2025-08-11 20:10:05,727 - INFO - 获取ADATA概念相关股票，开始处理
2025-08-11 20:10:06,431 - INFO - 获取ADATA概念相关股票，开始处理
2025-08-11 20:10:07,793 - INFO - 获取ADATA概念相关股票，开始处理
2025-08-11 20:10:08,539 - INFO - 获取ADATA概念相关股票，开始处理
2025-08-11 20:10:09,628 - INFO - 获取ADATA概念相关股票，开始处理
2025-08-11 20:10:10,311 - INFO - 获取ADATA概念相关股票，开始处理
2025-08-11 20:10:11,110 - INFO - 获取ADATA概念相关股票，开始处理
2025-08-11 20:10:12,244 - INFO - 获取ADATA概念相关股票，开始处理
2025-08-11 20:10:12,896 - INFO - 获取ADATA概念相关股票，开始处理
2025-08-11 20:10:13,549 - INFO - 获取ADATA概念相关股票，开始处理
2025-08-11 20:10:14,285 - INFO - 获取ADATA概念相关股票，开始处理
2025-08-11 20:10:15,146 - INFO - 获取ADATA概念相关股票，开始处理
2025-08-11 20:10:15,861 - INFO - 获取ADATA概念相关股票，开始处理
2025-08-11 20:10:16,158 - WARNING - ⚠️ nan WiFi 6同花顺股票概念关系: substring not found
2025-08-11 20:10:16,159 - INFO - ✅ 本周同花顺股票概念关系更新完成: 394 条记录
2025-08-11 20:10:16,159 - INFO - 📊 开始更新近7个自然日日度资金流）...
2025-08-11 20:10:16,191 - INFO - 📊 准备更新 5737 只股票的近7个自然日日度资金流
2025-08-11 20:10:26,384 - INFO - 📈 已处理 50/5737 只股票，成功 38 只
2025-08-11 20:10:37,379 - INFO - 📈 已处理 100/5737 只股票，成功 81 只
2025-08-11 20:10:54,354 - INFO - 📈 已处理 150/5737 只股票，成功 122 只
2025-08-11 20:11:13,587 - INFO - 📈 已处理 200/5737 只股票，成功 161 只
2025-08-11 20:11:24,397 - INFO - 📈 已处理 250/5737 只股票，成功 199 只
2025-08-11 20:11:36,344 - INFO - 📈 已处理 300/5737 只股票，成功 240 只
2025-08-11 20:11:46,973 - INFO - 📈 已处理 350/5737 只股票，成功 281 只
2025-08-11 20:12:08,962 - INFO - 📈 已处理 450/5737 只股票，成功 370 只
2025-08-11 20:12:19,822 - INFO - 📈 已处理 500/5737 只股票，成功 413 只
2025-08-11 20:12:31,538 - INFO - 📈 已处理 550/5737 只股票，成功 462 只
2025-08-11 20:12:43,171 - INFO - 📈 已处理 600/5737 只股票，成功 512 只
2025-08-11 20:12:54,464 - INFO - 📈 已处理 650/5737 只股票，成功 559 只
2025-08-11 20:13:06,313 - INFO - 📈 已处理 700/5737 只股票，成功 605 只
2025-08-11 20:13:17,886 - INFO - 📈 已处理 750/5737 只股票，成功 653 只
2025-08-11 20:13:56,870 - INFO - 📈 已处理 800/5737 只股票，成功 701 只
2025-08-11 20:14:08,565 - INFO - 📈 已处理 850/5737 只股票，成功 750 只
2025-08-11 20:14:25,527 - INFO - 📈 已处理 900/5737 只股票，成功 797 只
2025-08-11 20:14:40,192 - INFO - 📈 已处理 950/5737 只股票，成功 843 只
2025-08-11 20:14:52,050 - INFO - 📈 已处理 1000/5737 只股票，成功 892 只
2025-08-11 20:15:03,607 - INFO - 📈 已处理 1050/5737 只股票，成功 938 只
2025-08-11 20:15:14,711 - INFO - 📈 已处理 1100/5737 只股票，成功 983 只
2025-08-11 20:15:25,730 - INFO - 📈 已处理 1150/5737 只股票，成功 1027 只
2025-08-11 20:15:37,758 - INFO - 📈 已处理 1200/5737 只股票，成功 1077 只
2025-08-11 20:15:49,124 - INFO - 📈 已处理 1250/5737 只股票，成功 1122 只
2025-08-11 20:16:00,597 - INFO - 📈 已处理 1300/5737 只股票，成功 1169 只
2025-08-11 20:16:11,983 - INFO - 📈 已处理 1350/5737 只股票，成功 1216 只
2025-08-11 20:16:23,209 - INFO - 📈 已处理 1400/5737 只股票，成功 1261 只
2025-08-11 20:16:35,040 - INFO - 📈 已处理 1450/5737 只股票，成功 1311 只
2025-08-11 20:16:46,663 - INFO - 📈 已处理 1500/5737 只股票，成功 1361 只
2025-08-11 20:16:58,338 - INFO - 📈 已处理 1550/5737 只股票，成功 1411 只
2025-08-11 20:17:10,089 - INFO - 📈 已处理 1600/5737 只股票，成功 1461 只
2025-08-11 20:17:21,809 - INFO - 📈 已处理 1650/5737 只股票，成功 1510 只
2025-08-11 20:17:33,039 - INFO - 📈 已处理 1700/5737 只股票，成功 1557 只
2025-08-11 20:17:44,081 - INFO - 📈 已处理 1750/5737 只股票，成功 1601 只
2025-08-11 20:18:06,833 - INFO - 📈 已处理 1850/5737 只股票，成功 1695 只
2025-08-11 20:18:18,661 - INFO - 📈 已处理 1900/5737 只股票，成功 1743 只
2025-08-11 20:18:32,827 - INFO - 📈 已处理 1950/5737 只股票，成功 1787 只
2025-08-11 20:18:45,347 - INFO - 📈 已处理 2000/5737 只股票，成功 1831 只
2025-08-11 20:18:56,829 - INFO - 📈 已处理 2050/5737 只股票，成功 1880 只
2025-08-11 20:19:08,470 - INFO - 📈 已处理 2100/5737 只股票，成功 1929 只
2025-08-11 20:19:20,073 - INFO - 📈 已处理 2150/5737 只股票，成功 1977 只
2025-08-11 20:19:31,806 - INFO - 📈 已处理 2200/5737 只股票，成功 2027 只
2025-08-11 20:19:43,318 - INFO - 📈 已处理 2250/5737 只股票，成功 2075 只
2025-08-11 20:19:55,092 - INFO - 📈 已处理 2300/5737 只股票，成功 2125 只
2025-08-11 20:20:06,918 - INFO - 📈 已处理 2350/5737 只股票，成功 2175 只
2025-08-11 20:20:18,693 - INFO - 📈 已处理 2400/5737 只股票，成功 2224 只
2025-08-11 20:20:30,986 - INFO - 📈 已处理 2450/5737 只股票，成功 2273 只
2025-08-11 20:20:50,399 - INFO - 📈 已处理 2500/5737 只股票，成功 2323 只
2025-08-11 20:21:10,087 - INFO - 📈 已处理 2550/5737 只股票，成功 2373 只
2025-08-11 20:21:30,304 - INFO - 📈 已处理 2600/5737 只股票，成功 2423 只
2025-08-11 20:21:52,837 - INFO - 📈 已处理 2650/5737 只股票，成功 2473 只
2025-08-11 20:22:12,788 - INFO - 📈 已处理 2700/5737 只股票，成功 2523 只
2025-08-11 20:22:34,217 - INFO - 📈 已处理 2750/5737 只股票，成功 2573 只
2025-08-11 20:22:53,673 - INFO - 📈 已处理 2800/5737 只股票，成功 2623 只
2025-08-11 20:23:15,182 - INFO - 📈 已处理 2850/5737 只股票，成功 2673 只
2025-08-11 20:23:35,947 - INFO - 📈 已处理 2900/5737 只股票，成功 2723 只
2025-08-11 20:23:55,587 - INFO - 📈 已处理 2950/5737 只股票，成功 2773 只
2025-08-11 20:24:18,199 - INFO - 📈 已处理 3000/5737 只股票，成功 2823 只
2025-08-11 20:24:37,508 - INFO - 📈 已处理 3050/5737 只股票，成功 2872 只
2025-08-11 20:25:50,841 - INFO - 📈 已处理 3100/5737 只股票，成功 2918 只
2025-08-11 20:26:30,366 - INFO - 📈 已处理 3200/5737 只股票，成功 2999 只
2025-08-11 20:27:07,501 - INFO - 📈 已处理 3300/5737 只股票，成功 3084 只
2025-08-11 20:27:24,904 - INFO - 📈 已处理 3350/5737 只股票，成功 3122 只
2025-08-11 20:27:41,240 - INFO - 📈 已处理 3400/5737 只股票，成功 3171 只
2025-08-11 20:27:59,570 - INFO - 📈 已处理 3450/5737 只股票，成功 3216 只
2025-08-11 20:28:18,040 - INFO - 📈 已处理 3500/5737 只股票，成功 3262 只
2025-08-11 20:28:35,681 - INFO - 📈 已处理 3550/5737 只股票，成功 3308 只
2025-08-11 20:29:35,579 - INFO - 📈 已处理 3700/5737 只股票，成功 3433 只
2025-08-11 20:29:55,405 - INFO - 📈 已处理 3750/5737 只股票，成功 3477 只
2025-08-11 20:30:18,199 - INFO - 📈 已处理 3800/5737 只股票，成功 3518 只
2025-08-11 20:30:38,488 - INFO - 📈 已处理 3850/5737 只股票，成功 3559 只
2025-08-11 20:30:56,342 - INFO - 📈 已处理 3900/5737 只股票，成功 3603 只
2025-08-11 20:31:24,665 - INFO - 📈 已处理 3950/5737 只股票，成功 3651 只
2025-08-11 20:31:47,222 - INFO - 📈 已处理 4000/5737 只股票，成功 3699 只
2025-08-11 20:32:06,315 - INFO - 📈 已处理 4050/5737 只股票，成功 3746 只
2025-08-11 20:32:25,142 - INFO - 📈 已处理 4100/5737 只股票，成功 3795 只
2025-08-11 20:32:45,222 - INFO - 📈 已处理 4150/5737 只股票，成功 3845 只
2025-08-11 20:33:06,386 - INFO - 📈 已处理 4200/5737 只股票，成功 3894 只
2025-08-11 20:33:24,663 - INFO - 📈 已处理 4250/5737 只股票，成功 3944 只
2025-08-11 20:33:42,430 - INFO - 📈 已处理 4300/5737 只股票，成功 3992 只
2025-08-11 20:34:05,082 - INFO - 📈 已处理 4350/5737 只股票，成功 4042 只
2025-08-11 20:34:26,250 - INFO - 📈 已处理 4400/5737 只股票，成功 4092 只
2025-08-11 20:34:46,259 - INFO - 📈 已处理 4450/5737 只股票，成功 4142 只
2025-08-11 20:35:08,414 - INFO - 📈 已处理 4500/5737 只股票，成功 4191 只
2025-08-11 20:35:31,725 - INFO - 📈 已处理 4550/5737 只股票，成功 4240 只
2025-08-11 20:35:51,435 - INFO - 📈 已处理 4600/5737 只股票，成功 4289 只
2025-08-11 20:37:03,198 - INFO - 📈 已处理 4650/5737 只股票，成功 4339 只
2025-08-11 20:37:24,144 - INFO - 📈 已处理 4700/5737 只股票，成功 4389 只
2025-08-11 20:37:41,547 - INFO - 📈 已处理 4750/5737 只股票，成功 4438 只
2025-08-11 20:38:04,221 - INFO - 📈 已处理 4800/5737 只股票，成功 4487 只
2025-08-11 20:38:26,103 - INFO - 📈 已处理 4850/5737 只股票，成功 4537 只
2025-08-11 20:38:45,652 - INFO - 📈 已处理 4900/5737 只股票，成功 4587 只
2025-08-11 20:39:04,162 - INFO - 📈 已处理 4950/5737 只股票，成功 4637 只
2025-08-11 20:39:27,503 - INFO - 📈 已处理 5000/5737 只股票，成功 4686 只
2025-08-11 20:39:46,777 - INFO - 📈 已处理 5050/5737 只股票，成功 4736 只
2025-08-11 20:40:06,992 - INFO - 📈 已处理 5100/5737 只股票，成功 4786 只
2025-08-11 20:40:26,464 - INFO - 📈 已处理 5150/5737 只股票，成功 4835 只
2025-08-11 20:40:46,927 - INFO - 📈 已处理 5200/5737 只股票，成功 4885 只
2025-08-11 20:41:08,706 - INFO - 📈 已处理 5250/5737 只股票，成功 4935 只
2025-08-11 20:41:28,789 - INFO - 📈 已处理 5300/5737 只股票，成功 4985 只
2025-08-11 20:42:29,097 - WARNING - ⚠️ 688580 伟思医疗 日度资金流向更新失败: ('Connection broken: IncompleteRead(1182 bytes read, 3663 more expected)', IncompleteRead(1182 bytes read, 3663 more expected))
2025-08-11 20:42:46,573 - INFO - 📈 已处理 5350/5737 只股票，成功 5033 只
2025-08-11 20:43:05,818 - INFO - 📈 已处理 5400/5737 只股票，成功 5083 只
2025-08-11 20:43:32,815 - INFO - 📈 已处理 5450/5737 只股票，成功 5133 只
2025-08-11 20:43:53,089 - INFO - 📈 已处理 5500/5737 只股票，成功 5183 只
2025-08-11 20:44:24,325 - INFO - 📈 已处理 5550/5737 只股票，成功 5232 只
2025-08-11 20:45:12,913 - INFO - 📈 已处理 5600/5737 只股票，成功 5280 只
2025-08-11 20:45:34,564 - INFO - 📈 已处理 5650/5737 只股票，成功 5330 只
2025-08-11 20:45:55,378 - INFO - 📈 已处理 5700/5737 只股票，成功 5380 只
2025-08-11 20:46:11,088 - INFO - ✅ 本周日度资金更新完成: 5415 条记录
2025-08-11 20:46:11,089 - INFO - 📊 开始初始化概念行情数据...
2025-08-11 20:46:11,166 - INFO - 📊 准备初始化 395 只概念行情数据
2025-08-11 20:46:13,878 - WARNING - ⚠️ 885338 融资融券 概念行情更新失败: 7 columns passed, passed data had 1 columns
2025-08-11 20:47:18,845 - INFO - 📈 已处理 50/6 只概念，成功 49 只
2025-08-11 20:47:28,129 - WARNING - ⚠️ 885552 小金属概念 概念行情更新失败: 7 columns passed, passed data had 1 columns
2025-08-11 20:47:59,054 - WARNING - ⚠️ 885615 体育产业 概念行情更新失败: substring not found
2025-08-11 20:48:12,631 - INFO - 📈 已处理 100/6 只概念，成功 97 只
2025-08-11 20:49:41,173 - INFO - 📈 已处理 150/6 只概念，成功 147 只
2025-08-11 20:50:31,874 - INFO - 📈 已处理 200/6 只概念，成功 197 只
2025-08-11 20:51:14,554 - INFO - 📈 已处理 250/6 只概念，成功 247 只
2025-08-11 20:51:37,324 - INFO - 📈 已处理 300/6 只概念，成功 297 只
2025-08-11 20:51:57,536 - INFO - 📈 已处理 350/6 只概念，成功 347 只
2025-08-11 20:52:11,622 - WARNING - ⚠️ nan WiFi 6 概念行情更新失败: index_code错误，是8开头的指数代码,
2025-08-11 20:52:11,622 - INFO - ✅ 本周概念行情更新完成: 391 条记录
2025-08-11 20:52:11,622 - INFO - 📊 开始更新近7个自然日融资融券余额数据...
2025-08-11 20:52:11,810 - INFO - ✅ 本周融资融券余额数据更新完成
2025-08-11 20:52:11,810 - INFO - ============================================================
2025-08-11 20:52:11,810 - INFO - 📊 本周数据更新统计
2025-08-11 20:52:11,810 - INFO - ============================================================
2025-08-11 20:52:11,810 - INFO - ⏱️  更新耗时: 1:24:43.047711
2025-08-11 20:52:11,810 - INFO - 📈 实时行情: 0 条
2025-08-11 20:52:11,810 - INFO - 📊 本周K线: 391 条
2025-08-11 20:52:11,810 - INFO - 📅 交易日历: 0 条
2025-08-11 20:52:11,810 - INFO - ✅ 无错误
2025-08-11 20:52:11,810 - INFO - ============================================================
2025-08-11 20:52:11,818 - INFO - 🎉 本周数据更新完成！
2025-08-11 20:52:11,818 - INFO - 数据库连接已关闭
2025-08-11 20:52:11,818 - INFO - ✅ 每周数据更新成功完成
