2025-08-26 21:03:36,141 - INFO - 🌟 每周数据更新程序启动
2025-08-26 21:03:36,156 - INFO - 🚀 开始每周数据更新...
2025-08-26 21:03:36,156 - INFO - ============================================================
2025-08-26 21:03:36,163 - INFO - ✅ 成功连接到MySQL数据库
2025-08-26 21:03:36,163 - INFO - 📊 开始更新近7个自然日K线指数行情数据）...
2025-08-26 21:03:36,164 - INFO - 📊 准备更新 12 关键指数的近7个自然日K线数据
2025-08-26 21:03:47,201 - WARNING - ⚠️ sh000001 上证指数 K线更新失败: 'NoneType' object is not subscriptable
2025-08-26 21:03:47,871 - WARNING - ⚠️ sz399001 深证成指 K线更新失败: 'NoneType' object is not subscriptable
2025-08-26 21:03:48,571 - WARNING - ⚠️ sz399006 创业板 K线更新失败: 'NoneType' object is not subscriptable
2025-08-26 21:03:49,326 - WARNING - ⚠️ bj899050 北证50 K线更新失败: 'NoneType' object is not subscriptable
2025-08-26 21:03:50,002 - WARNING - ⚠️ sh000688 科创50 K线更新失败: 'NoneType' object is not subscriptable
2025-08-26 21:03:50,684 - WARNING - ⚠️ sh000300 沪深300 K线更新失败: 'NoneType' object is not subscriptable
2025-08-26 21:03:51,371 - WARNING - ⚠️ sh000852 中证1000 K线更新失败: 'NoneType' object is not subscriptable
2025-08-26 21:03:51,716 - INFO - 数据库连接已关闭
2025-08-26 21:06:03,492 - INFO - 🌟 每周数据更新程序启动
2025-08-26 21:06:03,492 - INFO - 🚀 开始每周数据更新...
2025-08-26 21:06:03,492 - INFO - ============================================================
2025-08-26 21:06:03,503 - INFO - ✅ 成功连接到MySQL数据库
2025-08-26 21:06:03,504 - INFO - 📊 开始更新近7个自然日K线指数行情数据）...
2025-08-26 21:06:03,504 - INFO - 📊 准备更新 12 关键指数的近7个自然日K线数据
2025-08-26 21:06:08,822 - INFO - 📈 已处理000001 上证指数 
2025-08-26 21:06:11,652 - INFO - 📈 已处理399001 深证成指 
2025-08-26 21:06:12,962 - INFO - 📈 已处理399006 创业板 
2025-08-26 21:06:13,442 - INFO - 📈 已处理899050 北证50 
2025-08-26 21:06:14,123 - INFO - 📈 已处理000688 科创50 
2025-08-26 21:06:15,834 - INFO - 📈 已处理000300 沪深300 
2025-08-26 21:06:17,534 - INFO - 📈 已处理000852 中证1000 
2025-08-26 21:06:19,403 - INFO - 📈 已处理000016 上证50 
2025-08-26 21:06:21,155 - INFO - 📈 已处理000905 中证500 
2025-08-26 21:06:22,882 - INFO - 📈 已处理399330 深证100 
2025-08-26 21:06:23,535 - INFO - 📈 已处理000698 科创100 
2025-08-26 21:06:25,401 - INFO - 📈 已处理399673 创业板50 
2025-08-26 21:06:25,401 - INFO - ✅ 本周指数K线更新完成: 12 条记录
2025-08-26 21:06:25,402 - INFO - ============================================================
2025-08-26 21:06:25,402 - INFO - 📊 本周数据更新统计
2025-08-26 21:06:25,402 - INFO - ============================================================
2025-08-26 21:06:25,402 - INFO - ⏱️  更新耗时: 0:00:21.910204
2025-08-26 21:06:25,402 - INFO - 📈 实时行情: 0 条
2025-08-26 21:06:25,403 - INFO - 📊 本周K线: 12 条
2025-08-26 21:06:25,403 - INFO - 📅 交易日历: 0 条
2025-08-26 21:06:25,403 - INFO - ✅ 无错误
2025-08-26 21:06:25,403 - INFO - ============================================================
2025-08-26 21:06:25,410 - INFO - 🎉 本周数据更新完成！
2025-08-26 21:06:25,410 - INFO - 数据库连接已关闭
2025-08-26 21:06:25,410 - INFO - ✅ 每周数据更新成功完成
2025-08-26 21:24:54,068 - INFO - 🌟 每周数据更新程序启动
2025-08-26 21:24:54,070 - INFO - 🚀 开始每周数据更新...
2025-08-26 21:24:54,070 - INFO - ============================================================
2025-08-26 21:24:54,077 - INFO - ✅ 成功连接到MySQL数据库
2025-08-26 21:24:54,077 - INFO - 清空同花顺的概念代码信息...
2025-08-26 21:24:54,175 - INFO - 🚀 开始获取ADATA所有同花顺的概念代码信息...
2025-08-26 21:24:55,738 - INFO - 📊 获取到 390 只概念代码信息
2025-08-26 21:24:55,758 - INFO - 📈 已插入 100 只概念代码信息
2025-08-26 21:24:55,774 - INFO - 📈 已插入 200 只概念代码信息
2025-08-26 21:24:55,799 - INFO - 📈 已插入 300 只概念代码信息
2025-08-26 21:24:55,817 - INFO - ✅ 成功插入 390 只概念代码信息
2025-08-26 21:24:55,817 - INFO - 清空同花顺股票概念关系...
2025-08-26 21:24:55,901 - INFO - 🚀 开始获取ADATA同花顺股票概念关系...
2025-08-26 21:24:55,907 - INFO - 获取概念代码，开始处理
2025-08-26 21:25:50,078 - INFO - 📈 已处理 50/6 只概念，成功 50 只
2025-08-26 21:26:44,565 - INFO - 📈 已处理 100/6 只概念，成功 100 只
2025-08-26 21:28:11,052 - WARNING - ⚠️ 885865 金属钴同花顺股票概念关系: substring not found
2025-08-26 21:28:28,625 - INFO - 📈 已处理 200/6 只概念，成功 196 只
2025-08-26 21:29:18,798 - INFO - 📈 已处理 250/6 只概念，成功 244 只
2025-08-26 21:30:06,227 - INFO - 📈 已处理 300/6 只概念，成功 294 只
2025-08-26 21:30:57,770 - INFO - 📈 已处理 350/6 只概念，成功 344 只
2025-08-26 21:31:46,289 - WARNING - ⚠️ nan WiFi 6同花顺股票概念关系: substring not found
2025-08-26 21:31:46,290 - INFO - ✅ 本周同花顺股票概念关系更新完成: 383 条记录
2025-08-26 21:31:46,290 - INFO - 📊 开始初始化概念行情数据...
2025-08-26 21:31:46,370 - INFO - 📊 准备初始化 390 只概念行情数据
2025-08-26 21:32:04,472 - WARNING - ⚠️ 885427 高端装备 概念行情更新失败: 7 columns passed, passed data had 1 columns
2025-08-26 21:32:04,562 - WARNING - ⚠️ 885428 特钢概念 概念行情更新失败: 7 columns passed, passed data had 1 columns
2025-08-26 21:32:26,860 - INFO - 📈 已处理 50/6 只概念，成功 48 只
2025-08-26 21:32:29,356 - WARNING - ⚠️ 885537 3D打印 概念行情更新失败: 7 columns passed, passed data had 1 columns
2025-08-26 21:33:04,809 - INFO - 📈 已处理 100/6 只概念，成功 97 只
2025-08-26 21:33:30,899 - WARNING - ⚠️ 885774 无线充电 概念行情更新失败: 7 columns passed, passed data had 1 columns
2025-08-26 21:33:42,334 - INFO - 📈 已处理 150/6 只概念，成功 146 只
2025-08-26 21:34:16,583 - INFO - 📈 已处理 200/6 只概念，成功 196 只
2025-08-26 21:34:45,426 - INFO - 📈 已处理 250/6 只概念，成功 246 只
2025-08-26 21:34:51,899 - WARNING - ⚠️ 885963 智慧灯杆 概念行情更新失败: 7 columns passed, passed data had 1 columns
2025-08-26 21:35:09,342 - INFO - 📈 已处理 300/6 只概念，成功 295 只
2025-08-26 21:35:31,598 - INFO - 📈 已处理 350/6 只概念，成功 345 只
2025-08-26 21:35:34,881 - WARNING - ⚠️ 886072 高股息精选 概念行情更新失败: 7 columns passed, passed data had 1 columns
2025-08-26 21:35:39,701 - WARNING - ⚠️ 886093 华为数字能源 概念行情更新失败: 7 columns passed, passed data had 1 columns
2025-08-26 21:35:41,901 - WARNING - ⚠️ 886102 中国AI 50 概念行情更新失败: 7 columns passed, passed data had 1 columns
2025-08-26 21:35:42,559 - WARNING - ⚠️ nan WiFi 6 概念行情更新失败: index_code错误，是8开头的指数代码,
2025-08-26 21:35:42,561 - INFO - ✅ 本周概念行情更新完成: 381 条记录
2025-08-26 21:35:42,561 - INFO - ============================================================
2025-08-26 21:35:42,561 - INFO - 📊 本周数据更新统计
2025-08-26 21:35:42,561 - INFO - ============================================================
2025-08-26 21:35:42,561 - INFO - ⏱️  更新耗时: 0:10:48.490944
2025-08-26 21:35:42,561 - INFO - 📈 实时行情: 0 条
2025-08-26 21:35:42,561 - INFO - 📊 本周K线: 381 条
2025-08-26 21:35:42,561 - INFO - 📅 交易日历: 0 条
2025-08-26 21:35:42,561 - INFO - ✅ 无错误
2025-08-26 21:35:42,561 - INFO - ============================================================
2025-08-26 21:35:42,571 - INFO - 🎉 本周数据更新完成！
2025-08-26 21:35:42,571 - INFO - 数据库连接已关闭
2025-08-26 21:35:42,571 - INFO - ✅ 每周数据更新成功完成
